=== Experiment row a: baseline_infonce ===
  description: LoRA + standard InfoNCE (binary 1-hop positives), no GPE
  output dir:  /home/work/dl/dl_project/eval/results/experiments/a_baseline_infonce
  checkpoint:  ckpt/a_baseline_infonce.pt

--- Training ---
$ /usr/bin/python -m pipeline.trainer --config a --out /home/work/dl/dl_project/eval/results/experiments/a_baseline_infonce/train.json --save_ckpt ckpt/a_baseline_infonce.pt
device: cuda
args: {'config': 'a', 'train_sample': 0, 'steps': 8000, 'batch': 16, 'pool': 12, 'lr': 3e-05, 'lora_rank': 8, 'tau': 0.07, 'lambda_cov': 0.0, 'lambda_cons': 0.0, 'use_gpe': 0, 'loss_type': 'infonce', 'infonce_threshold': 0.5, 'anchor_kind': 'mixed', 'warmup_steps': 200, 'weight_decay': 0.01, 'eval_every': 500, 'eval_cf_pairs': 200, 'eval_recall_n': 200, 'seed': 42, 'out': '/home/work/dl/dl_project/eval/results/experiments/a_baseline_infonce/train.json', 'save_ckpt': 'ckpt/a_baseline_infonce.pt', 'gamma': 0.5, 'gpe_facets': 'type,role,depth,pos', 'lora_alpha': 16, 'hf_id': 'google/siglip2-base-patch16-224', 'edge_types_only': None, 'query_pe_dropout': 0.5, 'section_role_mode': 'normal', 'tokens_per_visual': 0}

[1/3] loading SPIQA test-A (held-out eval)...
  loading element_graph_v2.json
    118 papers kept
  loading elements_v2.jsonl
    9,039 element records kept
  loading SPIQA_testA.json
    666 QA pairs kept
    caption_of: 1,115  refer_to: 1,191  (skipped 0 due to missing image)

[2/3] loading SPIQA train (sample N=0)...
  loading element_graph_v2.json
    25,459 papers kept
  loading elements_v2.jsonl
    1,873,124 element records kept
  loading SPIQA_train.json
    262,524 QA pairs kept
    caption_of: 262,524  refer_to: 231,101  (skipped 0 due to missing image)

[3/3] building encoder...
[ElementTokenEncoder] loading google/siglip2-base-patch16-224
Using a slow image processor as `use_fast` is unset and a slow processor was saved with this model. `use_fast=True` will be the default behavior in v4.52, even if the model was saved with a slow processor. This will result in minor differences in outputs. You'll still be able to use a slow processor with `use_fast=False`.
[ElementTokenEncoder] LoRA r=8 α=16 targets=['q_proj', 'k_proj', 'v_proj', 'out_proj'] applied (d_text=768, d_vision=768, cls=False)
trainable params: 1,191,936 || all params: 376,379,906 || trainable%: 0.3167

[eval 0] held-out test-A baseline...
  caption-figure cos: +0.1147
  Recall@1/5/10 (n=200): 0.0% / 0.0% / 0.0%
/home/work/dl/dl_project/pipeline/graph_pe.py:112: UserWarning: Converting a tensor with requires_grad=True to a scalar may lead to unexpected behavior.
Consider using tensor.detach() first. (Triggered internally at /opt/pytorch/pytorch/aten/src/ATen/native/Scalar.cpp:22.)
  "type": torch.sigmoid(self.raw_alpha_type).item(),
step    20  L_grcl=253.29  L_cov=55.49  L_cons=0.000  L_tot=253.29  diag=+0.116  mix=[cap:104/ref:110/nl:106]  β=0.047  α_t=0.047  (14s)
step    40  L_grcl=252.20  L_cov=55.03  L_cons=0.000  L_tot=252.20  diag=+0.136  mix=[cap:120/ref:109/nl:91]  β=0.047  α_t=0.047  (29s)
step    60  L_grcl=227.66  L_cov=50.00  L_cons=0.000  L_tot=227.66  diag=+0.176  mix=[cap:85/ref:117/nl:118]  β=0.047  α_t=0.047  (44s)
step    80  L_grcl=217.57  L_cov=44.77  L_cons=0.000  L_tot=217.57  diag=+0.240  mix=[cap:105/ref:113/nl:102]  β=0.047  α_t=0.047  (58s)
step   100  L_grcl=186.32  L_cov=38.60  L_cons=0.000  L_tot=186.32  diag=+0.342  mix=[cap:108/ref:109/nl:103]  β=0.047  α_t=0.047  (72s)
step   120  L_grcl=156.18  L_cov=29.33  L_cons=0.000  L_tot=156.18  diag=+0.466  mix=[cap:117/ref:113/nl:90]  β=0.047  α_t=0.047  (86s)
step   140  L_grcl=108.54  L_cov=18.50  L_cons=0.000  L_tot=108.54  diag=+0.570  mix=[cap:99/ref:118/nl:103]  β=0.047  α_t=0.047  (101s)
step   160  L_grcl= 76.83  L_cov=10.52  L_cons=0.000  L_tot= 76.83  diag=+0.646  mix=[cap:106/ref:117/nl:97]  β=0.047  α_t=0.047  (114s)
step   180  L_grcl= 51.83  L_cov= 5.21  L_cons=0.000  L_tot= 51.83  diag=+0.682  mix=[cap:107/ref:99/nl:114]  β=0.047  α_t=0.047  (128s)
step   200  L_grcl= 34.68  L_cov= 2.41  L_cons=0.000  L_tot= 34.68  diag=+0.739  mix=[cap:112/ref:109/nl:99]  β=0.047  α_t=0.047  (142s)
step   220  L_grcl= 18.15  L_cov= 0.58  L_cons=0.000  L_tot= 18.15  diag=+0.787  mix=[cap:129/ref:113/nl:78]  β=0.047  α_t=0.047  (156s)
step   240  L_grcl= 10.08  L_cov= 0.16  L_cons=0.000  L_tot= 10.08  diag=+0.821  mix=[cap:124/ref:109/nl:87]  β=0.047  α_t=0.047  (170s)
step   260  L_grcl=  6.87  L_cov= 0.13  L_cons=0.000  L_tot=  6.87  diag=+0.860  mix=[cap:106/ref:114/nl:100]  β=0.047  α_t=0.047  (184s)
step   280  L_grcl=  4.98  L_cov= 0.12  L_cons=0.000  L_tot=  4.98  diag=+0.889  mix=[cap:96/ref:129/nl:95]  β=0.047  α_t=0.047  (198s)
step   300  L_grcl=  3.28  L_cov= 0.15  L_cons=0.000  L_tot=  3.28  diag=+0.907  mix=[cap:116/ref:99/nl:105]  β=0.047  α_t=0.047  (212s)
step   320  L_grcl=  2.42  L_cov= 0.16  L_cons=0.000  L_tot=  2.42  diag=+0.927  mix=[cap:88/ref:126/nl:106]  β=0.047  α_t=0.047  (226s)
step   340  L_grcl=  2.29  L_cov= 0.22  L_cons=0.000  L_tot=  2.29  diag=+0.939  mix=[cap:120/ref:105/nl:95]  β=0.047  α_t=0.047  (240s)
step   360  L_grcl=  2.14  L_cov= 0.20  L_cons=0.000  L_tot=  2.14  diag=+0.952  mix=[cap:88/ref:120/nl:112]  β=0.047  α_t=0.047  (254s)
step   380  L_grcl=  1.73  L_cov= 0.22  L_cons=0.000  L_tot=  1.73  diag=+0.959  mix=[cap:92/ref:113/nl:115]  β=0.047  α_t=0.047  (268s)
step   400  L_grcl=  2.29  L_cov= 0.18  L_cons=0.000  L_tot=  2.29  diag=+0.964  mix=[cap:108/ref:127/nl:85]  β=0.047  α_t=0.047  (282s)
step   420  L_grcl=  1.77  L_cov= 0.17  L_cons=0.000  L_tot=  1.77  diag=+0.970  mix=[cap:115/ref:111/nl:94]  β=0.047  α_t=0.047  (296s)
step   440  L_grcl=  1.58  L_cov= 0.17  L_cons=0.000  L_tot=  1.58  diag=+0.974  mix=[cap:113/ref:108/nl:99]  β=0.047  α_t=0.047  (310s)
step   460  L_grcl=  1.80  L_cov= 0.23  L_cons=0.000  L_tot=  1.80  diag=+0.974  mix=[cap:109/ref:104/nl:107]  β=0.047  α_t=0.047  (324s)
step   480  L_grcl=  1.59  L_cov= 0.22  L_cons=0.000  L_tot=  1.59  diag=+0.979  mix=[cap:93/ref:121/nl:106]  β=0.047  α_t=0.047  (339s)
step   500  L_grcl=  1.57  L_cov= 0.21  L_cons=0.000  L_tot=  1.57  diag=+0.981  mix=[cap:131/ref:97/nl:92]  β=0.047  α_t=0.047  (354s)

  [eval @ step 500] held-out test-A...
    cap-fig cos: +0.9837  (Δ +0.8690)
    R@1/5/10: 6.0% / 35.5% / 66.0%  (Δ +6.0 / +35.5 / +66.0)
    [ckpt saved @ step 500 R@10=66.0%]

step   520  L_grcl=  1.60  L_cov= 0.23  L_cons=0.000  L_tot=  1.60  diag=+0.982  mix=[cap:105/ref:103/nl:112]  β=0.047  α_t=0.047  (390s)
step   540  L_grcl=  1.61  L_cov= 0.19  L_cons=0.000  L_tot=  1.61  diag=+0.983  mix=[cap:103/ref:125/nl:92]  β=0.047  α_t=0.047  (404s)
step   560  L_grcl=  1.63  L_cov= 0.21  L_cons=0.000  L_tot=  1.63  diag=+0.985  mix=[cap:102/ref:121/nl:97]  β=0.047  α_t=0.047  (419s)
step   580  L_grcl=  1.44  L_cov= 0.22  L_cons=0.000  L_tot=  1.44  diag=+0.985  mix=[cap:111/ref:111/nl:98]  β=0.047  α_t=0.047  (434s)
step   600  L_grcl=  1.60  L_cov= 0.22  L_cons=0.000  L_tot=  1.60  diag=+0.986  mix=[cap:98/ref:120/nl:102]  β=0.047  α_t=0.047  (449s)
step   620  L_grcl=  1.43  L_cov= 0.22  L_cons=0.000  L_tot=  1.43  diag=+0.986  mix=[cap:108/ref:114/nl:98]  β=0.047  α_t=0.047  (464s)
step   640  L_grcl=  1.53  L_cov= 0.22  L_cons=0.000  L_tot=  1.53  diag=+0.985  mix=[cap:108/ref:106/nl:106]  β=0.047  α_t=0.047  (478s)
step   660  L_grcl=  1.55  L_cov= 0.21  L_cons=0.000  L_tot=  1.55  diag=+0.985  mix=[cap:100/ref:115/nl:105]  β=0.047  α_t=0.047  (493s)
step   680  L_grcl=  1.55  L_cov= 0.24  L_cons=0.000  L_tot=  1.55  diag=+0.985  mix=[cap:99/ref:113/nl:108]  β=0.047  α_t=0.047  (507s)
step   700  L_grcl=  1.64  L_cov= 0.22  L_cons=0.000  L_tot=  1.64  diag=+0.985  mix=[cap:94/ref:116/nl:110]  β=0.047  α_t=0.047  (521s)
step   720  L_grcl=  1.58  L_cov= 0.23  L_cons=0.000  L_tot=  1.58  diag=+0.986  mix=[cap:100/ref:116/nl:104]  β=0.047  α_t=0.047  (535s)
step   740  L_grcl=  1.49  L_cov= 0.23  L_cons=0.000  L_tot=  1.49  diag=+0.987  mix=[cap:106/ref:104/nl:110]  β=0.047  α_t=0.047  (549s)
step   760  L_grcl=  1.60  L_cov= 0.26  L_cons=0.000  L_tot=  1.60  diag=+0.987  mix=[cap:97/ref:102/nl:121]  β=0.047  α_t=0.047  (563s)
step   780  L_grcl=  1.48  L_cov= 0.26  L_cons=0.000  L_tot=  1.48  diag=+0.985  mix=[cap:93/ref:107/nl:120]  β=0.047  α_t=0.047  (578s)
step   800  L_grcl=  1.44  L_cov= 0.22  L_cons=0.000  L_tot=  1.44  diag=+0.985  mix=[cap:98/ref:102/nl:120]  β=0.047  α_t=0.047  (592s)
step   820  L_grcl=  1.50  L_cov= 0.20  L_cons=0.000  L_tot=  1.50  diag=+0.986  mix=[cap:108/ref:107/nl:105]  β=0.047  α_t=0.047  (606s)
step   840  L_grcl=  1.50  L_cov= 0.21  L_cons=0.000  L_tot=  1.50  diag=+0.986  mix=[cap:106/ref:117/nl:97]  β=0.047  α_t=0.047  (620s)
step   860  L_grcl=  1.42  L_cov= 0.23  L_cons=0.000  L_tot=  1.42  diag=+0.987  mix=[cap:92/ref:117/nl:111]  β=0.047  α_t=0.047  (635s)
step   880  L_grcl=  1.46  L_cov= 0.20  L_cons=0.000  L_tot=  1.46  diag=+0.988  mix=[cap:99/ref:112/nl:109]  β=0.047  α_t=0.047  (649s)
step   900  L_grcl=  1.59  L_cov= 0.23  L_cons=0.000  L_tot=  1.59  diag=+0.988  mix=[cap:108/ref:106/nl:106]  β=0.047  α_t=0.047  (663s)
step   920  L_grcl=  1.38  L_cov= 0.22  L_cons=0.000  L_tot=  1.38  diag=+0.988  mix=[cap:91/ref:123/nl:106]  β=0.047  α_t=0.047  (677s)
step   940  L_grcl=  1.45  L_cov= 0.22  L_cons=0.000  L_tot=  1.45  diag=+0.988  mix=[cap:104/ref:108/nl:108]  β=0.047  α_t=0.047  (691s)
step   960  L_grcl=  1.43  L_cov= 0.22  L_cons=0.000  L_tot=  1.43  diag=+0.988  mix=[cap:101/ref:101/nl:118]  β=0.047  α_t=0.047  (706s)
step   980  L_grcl=  1.45  L_cov= 0.23  L_cons=0.000  L_tot=  1.45  diag=+0.987  mix=[cap:85/ref:117/nl:118]  β=0.047  α_t=0.047  (720s)
step  1000  L_grcl=  1.26  L_cov= 0.20  L_cons=0.000  L_tot=  1.26  diag=+0.987  mix=[cap:118/ref:118/nl:84]  β=0.047  α_t=0.047  (734s)

  [eval @ step 1000] held-out test-A...
    cap-fig cos: +0.9886  (Δ +0.8739)
    R@1/5/10: 9.0% / 42.5% / 72.5%  (Δ +9.0 / +42.5 / +72.5)
    [ckpt saved @ step 1000 R@10=72.5%]

step  1020  L_grcl=  1.52  L_cov= 0.21  L_cons=0.000  L_tot=  1.52  diag=+0.987  mix=[cap:119/ref:113/nl:88]  β=0.047  α_t=0.047  (769s)
step  1040  L_grcl=  1.41  L_cov= 0.22  L_cons=0.000  L_tot=  1.41  diag=+0.987  mix=[cap:106/ref:107/nl:107]  β=0.047  α_t=0.047  (783s)
step  1060  L_grcl=  1.58  L_cov= 0.21  L_cons=0.000  L_tot=  1.58  diag=+0.986  mix=[cap:107/ref:110/nl:103]  β=0.047  α_t=0.047  (797s)
step  1080  L_grcl=  1.32  L_cov= 0.19  L_cons=0.000  L_tot=  1.32  diag=+0.987  mix=[cap:112/ref:112/nl:96]  β=0.047  α_t=0.047  (812s)
step  1100  L_grcl=  1.50  L_cov= 0.21  L_cons=0.000  L_tot=  1.50  diag=+0.985  mix=[cap:105/ref:116/nl:99]  β=0.047  α_t=0.047  (826s)
step  1120  L_grcl=  1.55  L_cov= 0.24  L_cons=0.000  L_tot=  1.55  diag=+0.985  mix=[cap:121/ref:89/nl:110]  β=0.047  α_t=0.047  (841s)
step  1140  L_grcl=  1.51  L_cov= 0.23  L_cons=0.000  L_tot=  1.51  diag=+0.986  mix=[cap:111/ref:98/nl:111]  β=0.047  α_t=0.047  (855s)
step  1160  L_grcl=  1.33  L_cov= 0.24  L_cons=0.000  L_tot=  1.33  diag=+0.986  mix=[cap:121/ref:95/nl:104]  β=0.047  α_t=0.047  (869s)
step  1180  L_grcl=  1.29  L_cov= 0.18  L_cons=0.000  L_tot=  1.29  diag=+0.986  mix=[cap:121/ref:113/nl:86]  β=0.047  α_t=0.047  (883s)
step  1200  L_grcl=  1.38  L_cov= 0.22  L_cons=0.000  L_tot=  1.38  diag=+0.984  mix=[cap:112/ref:99/nl:109]  β=0.047  α_t=0.047  (897s)
step  1220  L_grcl=  1.37  L_cov= 0.20  L_cons=0.000  L_tot=  1.37  diag=+0.985  mix=[cap:105/ref:109/nl:106]  β=0.047  α_t=0.047  (911s)
step  1240  L_grcl=  1.45  L_cov= 0.21  L_cons=0.000  L_tot=  1.45  diag=+0.985  mix=[cap:111/ref:102/nl:107]  β=0.047  α_t=0.047  (925s)
step  1260  L_grcl=  1.71  L_cov= 0.19  L_cons=0.000  L_tot=  1.71  diag=+0.986  mix=[cap:104/ref:121/nl:95]  β=0.047  α_t=0.047  (939s)
step  1280  L_grcl=  1.42  L_cov= 0.21  L_cons=0.000  L_tot=  1.42  diag=+0.986  mix=[cap:110/ref:105/nl:105]  β=0.047  α_t=0.047  (954s)
step  1300  L_grcl=  1.34  L_cov= 0.17  L_cons=0.000  L_tot=  1.34  diag=+0.987  mix=[cap:107/ref:132/nl:81]  β=0.047  α_t=0.047  (968s)
step  1320  L_grcl=  1.33  L_cov= 0.20  L_cons=0.000  L_tot=  1.33  diag=+0.987  mix=[cap:104/ref:125/nl:91]  β=0.047  α_t=0.047  (982s)
step  1340  L_grcl=  1.44  L_cov= 0.22  L_cons=0.000  L_tot=  1.44  diag=+0.986  mix=[cap:110/ref:103/nl:107]  β=0.047  α_t=0.047  (1000s)
step  1360  L_grcl=  1.44  L_cov= 0.24  L_cons=0.000  L_tot=  1.44  diag=+0.986  mix=[cap:90/ref:108/nl:122]  β=0.047  α_t=0.047  (1014s)
step  1380  L_grcl=  1.44  L_cov= 0.22  L_cons=0.000  L_tot=  1.44  diag=+0.986  mix=[cap:111/ref:104/nl:105]  β=0.047  α_t=0.047  (1029s)
step  1400  L_grcl=  1.38  L_cov= 0.21  L_cons=0.000  L_tot=  1.38  diag=+0.985  mix=[cap:110/ref:99/nl:111]  β=0.047  α_t=0.047  (1043s)
step  1420  L_grcl=  1.45  L_cov= 0.17  L_cons=0.000  L_tot=  1.45  diag=+0.986  mix=[cap:106/ref:120/nl:94]  β=0.047  α_t=0.047  (1058s)
step  1440  L_grcl=  1.36  L_cov= 0.22  L_cons=0.000  L_tot=  1.36  diag=+0.985  mix=[cap:102/ref:107/nl:111]  β=0.047  α_t=0.047  (1072s)
step  1460  L_grcl=  1.37  L_cov= 0.22  L_cons=0.000  L_tot=  1.37  diag=+0.986  mix=[cap:99/ref:114/nl:107]  β=0.047  α_t=0.047  (1086s)
step  1480  L_grcl=  1.43  L_cov= 0.23  L_cons=0.000  L_tot=  1.43  diag=+0.985  mix=[cap:104/ref:88/nl:128]  β=0.047  α_t=0.047  (1101s)
step  1500  L_grcl=  1.39  L_cov= 0.19  L_cons=0.000  L_tot=  1.39  diag=+0.985  mix=[cap:97/ref:108/nl:115]  β=0.047  α_t=0.047  (1115s)

  [eval @ step 1500] held-out test-A...
    cap-fig cos: +0.9887  (Δ +0.8740)
    R@1/5/10: 6.5% / 42.0% / 72.0%  (Δ +6.5 / +42.0 / +72.0)

step  1520  L_grcl=  1.54  L_cov= 0.20  L_cons=0.000  L_tot=  1.54  diag=+0.986  mix=[cap:101/ref:112/nl:107]  β=0.047  α_t=0.047  (1141s)
step  1540  L_grcl=  1.34  L_cov= 0.22  L_cons=0.000  L_tot=  1.34  diag=+0.986  mix=[cap:108/ref:108/nl:104]  β=0.047  α_t=0.047  (1155s)
step  1560  L_grcl=  1.40  L_cov= 0.21  L_cons=0.000  L_tot=  1.40  diag=+0.985  mix=[cap:102/ref:104/nl:114]  β=0.047  α_t=0.047  (1169s)
step  1580  L_grcl=  1.44  L_cov= 0.20  L_cons=0.000  L_tot=  1.44  diag=+0.986  mix=[cap:78/ref:129/nl:113]  β=0.047  α_t=0.047  (1184s)
step  1600  L_grcl=  1.39  L_cov= 0.20  L_cons=0.000  L_tot=  1.39  diag=+0.987  mix=[cap:113/ref:109/nl:98]  β=0.047  α_t=0.047  (1198s)
step  1620  L_grcl=  1.49  L_cov= 0.21  L_cons=0.000  L_tot=  1.49  diag=+0.987  mix=[cap:95/ref:110/nl:115]  β=0.047  α_t=0.047  (1213s)
step  1640  L_grcl=  1.34  L_cov= 0.22  L_cons=0.000  L_tot=  1.34  diag=+0.987  mix=[cap:105/ref:103/nl:112]  β=0.047  α_t=0.047  (1227s)
step  1660  L_grcl=  1.43  L_cov= 0.23  L_cons=0.000  L_tot=  1.43  diag=+0.986  mix=[cap:99/ref:102/nl:119]  β=0.047  α_t=0.047  (1241s)
step  1680  L_grcl=  1.41  L_cov= 0.22  L_cons=0.000  L_tot=  1.41  diag=+0.985  mix=[cap:115/ref:98/nl:107]  β=0.047  α_t=0.047  (1257s)
step  1700  L_grcl=  1.38  L_cov= 0.21  L_cons=0.000  L_tot=  1.38  diag=+0.986  mix=[cap:94/ref:118/nl:108]  β=0.047  α_t=0.047  (1273s)
step  1720  L_grcl=  1.51  L_cov= 0.22  L_cons=0.000  L_tot=  1.51  diag=+0.988  mix=[cap:102/ref:105/nl:113]  β=0.047  α_t=0.047  (1289s)
step  1740  L_grcl=  1.36  L_cov= 0.21  L_cons=0.000  L_tot=  1.36  diag=+0.987  mix=[cap:108/ref:111/nl:101]  β=0.047  α_t=0.047  (1304s)
step  1760  L_grcl=  1.58  L_cov= 0.22  L_cons=0.000  L_tot=  1.58  diag=+0.986  mix=[cap:114/ref:98/nl:108]  β=0.047  α_t=0.047  (1321s)
step  1780  L_grcl=  1.40  L_cov= 0.21  L_cons=0.000  L_tot=  1.40  diag=+0.987  mix=[cap:115/ref:92/nl:113]  β=0.047  α_t=0.047  (1337s)
step  1800  L_grcl=  1.34  L_cov= 0.20  L_cons=0.000  L_tot=  1.34  diag=+0.987  mix=[cap:115/ref:97/nl:108]  β=0.047  α_t=0.047  (1352s)
step  1820  L_grcl=  1.40  L_cov= 0.20  L_cons=0.000  L_tot=  1.40  diag=+0.985  mix=[cap:116/ref:109/nl:95]  β=0.047  α_t=0.047  (1368s)
step  1840  L_grcl=  1.39  L_cov= 0.21  L_cons=0.000  L_tot=  1.39  diag=+0.985  mix=[cap:90/ref:115/nl:115]  β=0.047  α_t=0.047  (1383s)
step  1860  L_grcl=  1.47  L_cov= 0.19  L_cons=0.000  L_tot=  1.47  diag=+0.985  mix=[cap:97/ref:120/nl:103]  β=0.047  α_t=0.047  (1399s)
step  1880  L_grcl=  1.30  L_cov= 0.19  L_cons=0.000  L_tot=  1.30  diag=+0.986  mix=[cap:108/ref:116/nl:96]  β=0.047  α_t=0.047  (1414s)
step  1900  L_grcl=  1.33  L_cov= 0.19  L_cons=0.000  L_tot=  1.33  diag=+0.985  mix=[cap:106/ref:111/nl:103]  β=0.047  α_t=0.047  (1430s)
step  1920  L_grcl=  1.33  L_cov= 0.20  L_cons=0.000  L_tot=  1.33  diag=+0.984  mix=[cap:94/ref:115/nl:111]  β=0.047  α_t=0.047  (1446s)
step  1940  L_grcl=  1.30  L_cov= 0.18  L_cons=0.000  L_tot=  1.30  diag=+0.985  mix=[cap:117/ref:98/nl:105]  β=0.047  α_t=0.047  (1462s)
step  1960  L_grcl=  1.31  L_cov= 0.20  L_cons=0.000  L_tot=  1.31  diag=+0.983  mix=[cap:99/ref:112/nl:109]  β=0.047  α_t=0.047  (1478s)
step  1980  L_grcl=  1.46  L_cov= 0.21  L_cons=0.000  L_tot=  1.46  diag=+0.983  mix=[cap:104/ref:98/nl:118]  β=0.047  α_t=0.047  (1493s)
step  2000  L_grcl=  1.38  L_cov= 0.21  L_cons=0.000  L_tot=  1.38  diag=+0.984  mix=[cap:107/ref:95/nl:118]  β=0.047  α_t=0.047  (1508s)

  [eval @ step 2000] held-out test-A...
    cap-fig cos: +0.9892  (Δ +0.8745)
    R@1/5/10: 10.0% / 49.0% / 73.0%  (Δ +10.0 / +49.0 / +73.0)
    [ckpt saved @ step 2000 R@10=73.0%]

step  2020  L_grcl=  1.37  L_cov= 0.21  L_cons=0.000  L_tot=  1.37  diag=+0.985  mix=[cap:120/ref:91/nl:109]  β=0.047  α_t=0.047  (1540s)
step  2040  L_grcl=  1.34  L_cov= 0.18  L_cons=0.000  L_tot=  1.34  diag=+0.985  mix=[cap:104/ref:117/nl:99]  β=0.047  α_t=0.047  (1554s)
step  2060  L_grcl=  1.22  L_cov= 0.16  L_cons=0.000  L_tot=  1.22  diag=+0.985  mix=[cap:112/ref:110/nl:98]  β=0.047  α_t=0.047  (1568s)
step  2080  L_grcl=  1.37  L_cov= 0.21  L_cons=0.000  L_tot=  1.37  diag=+0.984  mix=[cap:112/ref:99/nl:109]  β=0.047  α_t=0.047  (1584s)
step  2100  L_grcl=  1.36  L_cov= 0.18  L_cons=0.000  L_tot=  1.36  diag=+0.984  mix=[cap:109/ref:108/nl:103]  β=0.047  α_t=0.047  (1599s)
step  2120  L_grcl=  1.22  L_cov= 0.16  L_cons=0.000  L_tot=  1.22  diag=+0.984  mix=[cap:119/ref:115/nl:86]  β=0.047  α_t=0.047  (1615s)
step  2140  L_grcl=  1.34  L_cov= 0.17  L_cons=0.000  L_tot=  1.34  diag=+0.982  mix=[cap:102/ref:111/nl:107]  β=0.047  α_t=0.047  (1630s)
step  2160  L_grcl=  1.44  L_cov= 0.20  L_cons=0.000  L_tot=  1.44  diag=+0.983  mix=[cap:96/ref:111/nl:113]  β=0.047  α_t=0.047  (1646s)
step  2180  L_grcl=  1.29  L_cov= 0.19  L_cons=0.000  L_tot=  1.29  diag=+0.984  mix=[cap:96/ref:114/nl:110]  β=0.047  α_t=0.047  (1661s)
step  2200  L_grcl=  1.34  L_cov= 0.19  L_cons=0.000  L_tot=  1.34  diag=+0.983  mix=[cap:92/ref:116/nl:112]  β=0.047  α_t=0.047  (1677s)
step  2220  L_grcl=  1.38  L_cov= 0.19  L_cons=0.000  L_tot=  1.38  diag=+0.986  mix=[cap:97/ref:110/nl:113]  β=0.047  α_t=0.047  (1692s)
step  2240  L_grcl=  1.37  L_cov= 0.20  L_cons=0.000  L_tot=  1.37  diag=+0.985  mix=[cap:95/ref:116/nl:109]  β=0.047  α_t=0.047  (1708s)
step  2260  L_grcl=  1.53  L_cov= 0.21  L_cons=0.000  L_tot=  1.53  diag=+0.985  mix=[cap:111/ref:94/nl:115]  β=0.047  α_t=0.047  (1723s)
step  2280  L_grcl=  1.33  L_cov= 0.18  L_cons=0.000  L_tot=  1.33  diag=+0.986  mix=[cap:93/ref:119/nl:108]  β=0.047  α_t=0.047  (1739s)
step  2300  L_grcl=  1.35  L_cov= 0.19  L_cons=0.000  L_tot=  1.35  diag=+0.985  mix=[cap:117/ref:102/nl:101]  β=0.047  α_t=0.047  (1754s)
step  2320  L_grcl=  1.35  L_cov= 0.17  L_cons=0.000  L_tot=  1.35  diag=+0.985  mix=[cap:113/ref:100/nl:107]  β=0.047  α_t=0.047  (1770s)
step  2340  L_grcl=  1.40  L_cov= 0.19  L_cons=0.000  L_tot=  1.40  diag=+0.984  mix=[cap:100/ref:105/nl:115]  β=0.047  α_t=0.047  (1785s)
step  2360  L_grcl=  1.36  L_cov= 0.19  L_cons=0.000  L_tot=  1.36  diag=+0.985  mix=[cap:108/ref:111/nl:101]  β=0.047  α_t=0.047  (1800s)
step  2380  L_grcl=  1.51  L_cov= 0.20  L_cons=0.000  L_tot=  1.51  diag=+0.986  mix=[cap:100/ref:110/nl:110]  β=0.047  α_t=0.047  (1816s)
step  2400  L_grcl=  1.37  L_cov= 0.21  L_cons=0.000  L_tot=  1.37  diag=+0.987  mix=[cap:103/ref:100/nl:117]  β=0.047  α_t=0.047  (1831s)
step  2420  L_grcl=  1.29  L_cov= 0.19  L_cons=0.000  L_tot=  1.29  diag=+0.986  mix=[cap:131/ref:95/nl:94]  β=0.047  α_t=0.047  (1846s)
step  2440  L_grcl=  1.40  L_cov= 0.18  L_cons=0.000  L_tot=  1.40  diag=+0.984  mix=[cap:112/ref:106/nl:102]  β=0.047  α_t=0.047  (1862s)
step  2460  L_grcl=  1.42  L_cov= 0.18  L_cons=0.000  L_tot=  1.42  diag=+0.986  mix=[cap:97/ref:114/nl:109]  β=0.047  α_t=0.047  (1877s)
step  2480  L_grcl=  1.36  L_cov= 0.19  L_cons=0.000  L_tot=  1.36  diag=+0.987  mix=[cap:119/ref:101/nl:100]  β=0.047  α_t=0.047  (1892s)
step  2500  L_grcl=  1.31  L_cov= 0.18  L_cons=0.000  L_tot=  1.31  diag=+0.985  mix=[cap:103/ref:115/nl:102]  β=0.047  α_t=0.047  (1908s)

  [eval @ step 2500] held-out test-A...
    cap-fig cos: +0.9895  (Δ +0.8748)
    R@1/5/10: 8.5% / 39.5% / 69.5%  (Δ +8.5 / +39.5 / +69.5)

step  2520  L_grcl=  1.36  L_cov= 0.18  L_cons=0.000  L_tot=  1.36  diag=+0.985  mix=[cap:115/ref:108/nl:97]  β=0.047  α_t=0.047  (1936s)
step  2540  L_grcl=  1.36  L_cov= 0.20  L_cons=0.000  L_tot=  1.36  diag=+0.985  mix=[cap:97/ref:114/nl:109]  β=0.047  α_t=0.047  (1952s)
step  2560  L_grcl=  1.37  L_cov= 0.20  L_cons=0.000  L_tot=  1.37  diag=+0.984  mix=[cap:109/ref:93/nl:118]  β=0.047  α_t=0.047  (1967s)
step  2580  L_grcl=  1.26  L_cov= 0.18  L_cons=0.000  L_tot=  1.26  diag=+0.985  mix=[cap:108/ref:104/nl:108]  β=0.047  α_t=0.047  (1982s)
step  2600  L_grcl=  1.20  L_cov= 0.17  L_cons=0.000  L_tot=  1.20  diag=+0.984  mix=[cap:102/ref:121/nl:97]  β=0.047  α_t=0.047  (1997s)
step  2620  L_grcl=  1.34  L_cov= 0.19  L_cons=0.000  L_tot=  1.34  diag=+0.982  mix=[cap:102/ref:101/nl:117]  β=0.047  α_t=0.047  (2012s)
step  2640  L_grcl=  1.35  L_cov= 0.18  L_cons=0.000  L_tot=  1.35  diag=+0.985  mix=[cap:106/ref:104/nl:110]  β=0.047  α_t=0.047  (2027s)
step  2660  L_grcl=  1.36  L_cov= 0.20  L_cons=0.000  L_tot=  1.36  diag=+0.984  mix=[cap:105/ref:95/nl:120]  β=0.047  α_t=0.047  (2043s)
step  2680  L_grcl=  1.35  L_cov= 0.20  L_cons=0.000  L_tot=  1.35  diag=+0.984  mix=[cap:116/ref:100/nl:104]  β=0.047  α_t=0.047  (2058s)
step  2700  L_grcl=  1.27  L_cov= 0.17  L_cons=0.000  L_tot=  1.27  diag=+0.984  mix=[cap:103/ref:114/nl:103]  β=0.047  α_t=0.047  (2073s)
step  2720  L_grcl=  1.34  L_cov= 0.19  L_cons=0.000  L_tot=  1.34  diag=+0.983  mix=[cap:101/ref:96/nl:123]  β=0.047  α_t=0.047  (2089s)
step  2740  L_grcl=  1.27  L_cov= 0.18  L_cons=0.000  L_tot=  1.27  diag=+0.984  mix=[cap:112/ref:95/nl:113]  β=0.047  α_t=0.047  (2104s)
step  2760  L_grcl=  1.32  L_cov= 0.15  L_cons=0.000  L_tot=  1.32  diag=+0.984  mix=[cap:99/ref:129/nl:92]  β=0.047  α_t=0.047  (2119s)
step  2780  L_grcl=  1.31  L_cov= 0.17  L_cons=0.000  L_tot=  1.31  diag=+0.984  mix=[cap:106/ref:112/nl:102]  β=0.047  α_t=0.047  (2135s)
step  2800  L_grcl=  1.28  L_cov= 0.16  L_cons=0.000  L_tot=  1.28  diag=+0.985  mix=[cap:108/ref:114/nl:98]  β=0.047  α_t=0.047  (2150s)
step  2820  L_grcl=  1.33  L_cov= 0.16  L_cons=0.000  L_tot=  1.33  diag=+0.985  mix=[cap:116/ref:97/nl:107]  β=0.047  α_t=0.047  (2166s)
step  2840  L_grcl=  1.33  L_cov= 0.19  L_cons=0.000  L_tot=  1.33  diag=+0.986  mix=[cap:101/ref:103/nl:116]  β=0.047  α_t=0.047  (2181s)
step  2860  L_grcl=  1.38  L_cov= 0.17  L_cons=0.000  L_tot=  1.38  diag=+0.985  mix=[cap:112/ref:102/nl:106]  β=0.047  α_t=0.047  (2196s)
step  2880  L_grcl=  1.34  L_cov= 0.17  L_cons=0.000  L_tot=  1.34  diag=+0.987  mix=[cap:113/ref:117/nl:90]  β=0.047  α_t=0.047  (2211s)
step  2900  L_grcl=  1.40  L_cov= 0.18  L_cons=0.000  L_tot=  1.40  diag=+0.986  mix=[cap:106/ref:110/nl:104]  β=0.047  α_t=0.047  (2226s)
step  2920  L_grcl=  1.24  L_cov= 0.17  L_cons=0.000  L_tot=  1.24  diag=+0.985  mix=[cap:119/ref:102/nl:99]  β=0.047  α_t=0.047  (2241s)
step  2940  L_grcl=  1.24  L_cov= 0.17  L_cons=0.000  L_tot=  1.24  diag=+0.984  mix=[cap:106/ref:98/nl:116]  β=0.047  α_t=0.047  (2256s)
step  2960  L_grcl=  1.44  L_cov= 0.19  L_cons=0.000  L_tot=  1.44  diag=+0.985  mix=[cap:110/ref:106/nl:104]  β=0.047  α_t=0.047  (2272s)
step  2980  L_grcl=  1.28  L_cov= 0.17  L_cons=0.000  L_tot=  1.28  diag=+0.986  mix=[cap:111/ref:109/nl:100]  β=0.047  α_t=0.047  (2287s)
step  3000  L_grcl=  1.27  L_cov= 0.16  L_cons=0.000  L_tot=  1.27  diag=+0.984  mix=[cap:111/ref:110/nl:99]  β=0.047  α_t=0.047  (2302s)

  [eval @ step 3000] held-out test-A...
    cap-fig cos: +0.9889  (Δ +0.8742)
    R@1/5/10: 7.5% / 44.0% / 73.5%  (Δ +7.5 / +44.0 / +73.5)
    [ckpt saved @ step 3000 R@10=73.5%]

step  3020  L_grcl=  1.39  L_cov= 0.18  L_cons=0.000  L_tot=  1.39  diag=+0.984  mix=[cap:96/ref:109/nl:115]  β=0.047  α_t=0.047  (2333s)
step  3040  L_grcl=  1.27  L_cov= 0.20  L_cons=0.000  L_tot=  1.27  diag=+0.985  mix=[cap:104/ref:104/nl:112]  β=0.047  α_t=0.047  (2347s)
step  3060  L_grcl=  1.27  L_cov= 0.15  L_cons=0.000  L_tot=  1.27  diag=+0.984  mix=[cap:101/ref:121/nl:98]  β=0.047  α_t=0.047  (2362s)
step  3080  L_grcl=  1.39  L_cov= 0.17  L_cons=0.000  L_tot=  1.39  diag=+0.985  mix=[cap:96/ref:116/nl:108]  β=0.047  α_t=0.047  (2378s)
step  3100  L_grcl=  1.30  L_cov= 0.17  L_cons=0.000  L_tot=  1.30  diag=+0.986  mix=[cap:106/ref:108/nl:106]  β=0.047  α_t=0.047  (2393s)
step  3120  L_grcl=  1.25  L_cov= 0.16  L_cons=0.000  L_tot=  1.25  diag=+0.985  mix=[cap:106/ref:119/nl:95]  β=0.047  α_t=0.047  (2408s)
step  3140  L_grcl=  1.30  L_cov= 0.17  L_cons=0.000  L_tot=  1.30  diag=+0.984  mix=[cap:115/ref:108/nl:97]  β=0.047  α_t=0.047  (2423s)
step  3160  L_grcl=  1.25  L_cov= 0.16  L_cons=0.000  L_tot=  1.25  diag=+0.983  mix=[cap:110/ref:105/nl:105]  β=0.047  α_t=0.047  (2438s)
step  3180  L_grcl=  1.26  L_cov= 0.16  L_cons=0.000  L_tot=  1.26  diag=+0.983  mix=[cap:92/ref:113/nl:115]  β=0.047  α_t=0.047  (2454s)
step  3200  L_grcl=  1.27  L_cov= 0.15  L_cons=0.000  L_tot=  1.27  diag=+0.983  mix=[cap:102/ref:118/nl:100]  β=0.047  α_t=0.047  (2469s)
step  3220  L_grcl=  1.28  L_cov= 0.15  L_cons=0.000  L_tot=  1.28  diag=+0.983  mix=[cap:111/ref:108/nl:101]  β=0.047  α_t=0.047  (2484s)
step  3240  L_grcl=  1.33  L_cov= 0.16  L_cons=0.000  L_tot=  1.33  diag=+0.986  mix=[cap:109/ref:100/nl:111]  β=0.047  α_t=0.047  (2500s)
step  3260  L_grcl=  1.31  L_cov= 0.17  L_cons=0.000  L_tot=  1.31  diag=+0.986  mix=[cap:115/ref:114/nl:91]  β=0.047  α_t=0.047  (2515s)
step  3280  L_grcl=  1.34  L_cov= 0.17  L_cons=0.000  L_tot=  1.34  diag=+0.985  mix=[cap:97/ref:115/nl:108]  β=0.047  α_t=0.047  (2530s)
step  3300  L_grcl=  1.29  L_cov= 0.17  L_cons=0.000  L_tot=  1.29  diag=+0.983  mix=[cap:98/ref:110/nl:112]  β=0.047  α_t=0.047  (2546s)
step  3320  L_grcl=  1.23  L_cov= 0.14  L_cons=0.000  L_tot=  1.23  diag=+0.984  mix=[cap:108/ref:116/nl:96]  β=0.047  α_t=0.047  (2562s)
step  3340  L_grcl=  1.27  L_cov= 0.15  L_cons=0.000  L_tot=  1.27  diag=+0.983  mix=[cap:102/ref:105/nl:113]  β=0.047  α_t=0.047  (2577s)
step  3360  L_grcl=  1.29  L_cov= 0.18  L_cons=0.000  L_tot=  1.29  diag=+0.986  mix=[cap:101/ref:115/nl:104]  β=0.047  α_t=0.047  (2592s)
step  3380  L_grcl=  1.28  L_cov= 0.16  L_cons=0.000  L_tot=  1.28  diag=+0.985  mix=[cap:113/ref:109/nl:98]  β=0.047  α_t=0.047  (2607s)
step  3400  L_grcl=  1.30  L_cov= 0.15  L_cons=0.000  L_tot=  1.30  diag=+0.986  mix=[cap:107/ref:126/nl:87]  β=0.047  α_t=0.047  (2622s)
step  3420  L_grcl=  1.27  L_cov= 0.18  L_cons=0.000  L_tot=  1.27  diag=+0.985  mix=[cap:103/ref:107/nl:110]  β=0.047  α_t=0.047  (2637s)
step  3440  L_grcl=  1.28  L_cov= 0.19  L_cons=0.000  L_tot=  1.28  diag=+0.985  mix=[cap:99/ref:104/nl:117]  β=0.047  α_t=0.047  (2652s)
step  3460  L_grcl=  1.21  L_cov= 0.15  L_cons=0.000  L_tot=  1.21  diag=+0.985  mix=[cap:106/ref:116/nl:98]  β=0.047  α_t=0.047  (2668s)
step  3480  L_grcl=  1.22  L_cov= 0.16  L_cons=0.000  L_tot=  1.22  diag=+0.983  mix=[cap:105/ref:110/nl:105]  β=0.047  α_t=0.047  (2683s)
step  3500  L_grcl=  1.24  L_cov= 0.14  L_cons=0.000  L_tot=  1.24  diag=+0.982  mix=[cap:106/ref:113/nl:101]  β=0.047  α_t=0.047  (2699s)

  [eval @ step 3500] held-out test-A...
    cap-fig cos: +0.9889  (Δ +0.8742)
    R@1/5/10: 8.0% / 43.5% / 71.5%  (Δ +8.0 / +43.5 / +71.5)

step  3520  L_grcl=  1.25  L_cov= 0.14  L_cons=0.000  L_tot=  1.25  diag=+0.983  mix=[cap:98/ref:122/nl:100]  β=0.047  α_t=0.047  (2726s)
step  3540  L_grcl=  1.42  L_cov= 0.15  L_cons=0.000  L_tot=  1.42  diag=+0.983  mix=[cap:100/ref:117/nl:103]  β=0.047  α_t=0.047  (2741s)
step  3560  L_grcl=  1.27  L_cov= 0.16  L_cons=0.000  L_tot=  1.27  diag=+0.986  mix=[cap:107/ref:113/nl:100]  β=0.047  α_t=0.047  (2757s)
step  3580  L_grcl=  1.32  L_cov= 0.17  L_cons=0.000  L_tot=  1.32  diag=+0.983  mix=[cap:111/ref:91/nl:118]  β=0.047  α_t=0.047  (2772s)
step  3600  L_grcl=  1.21  L_cov= 0.16  L_cons=0.000  L_tot=  1.21  diag=+0.982  mix=[cap:104/ref:102/nl:114]  β=0.047  α_t=0.047  (2787s)
step  3620  L_grcl=  1.35  L_cov= 0.15  L_cons=0.000  L_tot=  1.35  diag=+0.983  mix=[cap:114/ref:96/nl:110]  β=0.047  α_t=0.047  (2802s)
step  3640  L_grcl=  1.29  L_cov= 0.17  L_cons=0.000  L_tot=  1.29  diag=+0.983  mix=[cap:87/ref:112/nl:121]  β=0.047  α_t=0.047  (2818s)
step  3660  L_grcl=  1.29  L_cov= 0.15  L_cons=0.000  L_tot=  1.29  diag=+0.982  mix=[cap:111/ref:101/nl:108]  β=0.047  α_t=0.047  (2833s)
step  3680  L_grcl=  1.34  L_cov= 0.15  L_cons=0.000  L_tot=  1.34  diag=+0.983  mix=[cap:114/ref:105/nl:101]  β=0.047  α_t=0.047  (2848s)
step  3700  L_grcl=  1.20  L_cov= 0.15  L_cons=0.000  L_tot=  1.20  diag=+0.985  mix=[cap:90/ref:134/nl:96]  β=0.047  α_t=0.047  (2863s)
step  3720  L_grcl=  1.32  L_cov= 0.17  L_cons=0.000  L_tot=  1.32  diag=+0.982  mix=[cap:112/ref:97/nl:111]  β=0.047  α_t=0.047  (2878s)
step  3740  L_grcl=  1.27  L_cov= 0.16  L_cons=0.000  L_tot=  1.27  diag=+0.984  mix=[cap:107/ref:97/nl:116]  β=0.047  α_t=0.047  (2894s)
step  3760  L_grcl=  1.31  L_cov= 0.16  L_cons=0.000  L_tot=  1.31  diag=+0.984  mix=[cap:110/ref:108/nl:102]  β=0.047  α_t=0.047  (2910s)
step  3780  L_grcl=  1.23  L_cov= 0.15  L_cons=0.000  L_tot=  1.23  diag=+0.983  mix=[cap:101/ref:114/nl:105]  β=0.047  α_t=0.047  (2924s)
step  3800  L_grcl=  1.27  L_cov= 0.16  L_cons=0.000  L_tot=  1.27  diag=+0.983  mix=[cap:95/ref:112/nl:113]  β=0.047  α_t=0.047  (2940s)
step  3820  L_grcl=  1.28  L_cov= 0.15  L_cons=0.000  L_tot=  1.28  diag=+0.985  mix=[cap:107/ref:109/nl:104]  β=0.047  α_t=0.047  (2955s)
step  3840  L_grcl=  1.29  L_cov= 0.15  L_cons=0.000  L_tot=  1.29  diag=+0.983  mix=[cap:113/ref:108/nl:99]  β=0.047  α_t=0.047  (2970s)
step  3860  L_grcl=  1.27  L_cov= 0.14  L_cons=0.000  L_tot=  1.27  diag=+0.984  mix=[cap:107/ref:121/nl:92]  β=0.047  α_t=0.047  (2985s)
step  3880  L_grcl=  1.28  L_cov= 0.15  L_cons=0.000  L_tot=  1.28  diag=+0.985  mix=[cap:100/ref:120/nl:100]  β=0.047  α_t=0.047  (3001s)
step  3900  L_grcl=  1.21  L_cov= 0.14  L_cons=0.000  L_tot=  1.21  diag=+0.984  mix=[cap:117/ref:104/nl:99]  β=0.047  α_t=0.047  (3016s)
step  3920  L_grcl=  1.20  L_cov= 0.15  L_cons=0.000  L_tot=  1.20  diag=+0.983  mix=[cap:113/ref:104/nl:103]  β=0.047  α_t=0.047  (3031s)
step  3940  L_grcl=  1.13  L_cov= 0.14  L_cons=0.000  L_tot=  1.13  diag=+0.983  mix=[cap:107/ref:116/nl:97]  β=0.047  α_t=0.047  (3046s)
step  3960  L_grcl=  1.21  L_cov= 0.14  L_cons=0.000  L_tot=  1.21  diag=+0.983  mix=[cap:103/ref:112/nl:105]  β=0.047  α_t=0.047  (3061s)
step  3980  L_grcl=  1.24  L_cov= 0.15  L_cons=0.000  L_tot=  1.24  diag=+0.985  mix=[cap:117/ref:112/nl:91]  β=0.047  α_t=0.047  (3076s)
step  4000  L_grcl=  1.29  L_cov= 0.16  L_cons=0.000  L_tot=  1.29  diag=+0.984  mix=[cap:104/ref:100/nl:116]  β=0.047  α_t=0.047  (3091s)

  [eval @ step 4000] held-out test-A...
    cap-fig cos: +0.9911  (Δ +0.8764)
    R@1/5/10: 13.0% / 52.5% / 83.0%  (Δ +13.0 / +52.5 / +83.0)
    [ckpt saved @ step 4000 R@10=83.0%]

step  4020  L_grcl=  1.27  L_cov= 0.17  L_cons=0.000  L_tot=  1.27  diag=+0.985  mix=[cap:109/ref:103/nl:108]  β=0.047  α_t=0.047  (3126s)
step  4040  L_grcl=  1.29  L_cov= 0.15  L_cons=0.000  L_tot=  1.29  diag=+0.984  mix=[cap:108/ref:111/nl:101]  β=0.047  α_t=0.047  (3142s)
step  4060  L_grcl=  1.22  L_cov= 0.16  L_cons=0.000  L_tot=  1.22  diag=+0.984  mix=[cap:113/ref:97/nl:110]  β=0.047  α_t=0.047  (3157s)
step  4080  L_grcl=  1.24  L_cov= 0.15  L_cons=0.000  L_tot=  1.24  diag=+0.983  mix=[cap:102/ref:106/nl:112]  β=0.047  α_t=0.047  (3172s)
step  4100  L_grcl=  1.24  L_cov= 0.12  L_cons=0.000  L_tot=  1.24  diag=+0.983  mix=[cap:100/ref:120/nl:100]  β=0.047  α_t=0.047  (3187s)
step  4120  L_grcl=  1.33  L_cov= 0.15  L_cons=0.000  L_tot=  1.33  diag=+0.984  mix=[cap:104/ref:101/nl:115]  β=0.047  α_t=0.047  (3202s)
step  4140  L_grcl=  1.28  L_cov= 0.15  L_cons=0.000  L_tot=  1.28  diag=+0.986  mix=[cap:97/ref:117/nl:106]  β=0.047  α_t=0.047  (3217s)
step  4160  L_grcl=  1.24  L_cov= 0.16  L_cons=0.000  L_tot=  1.24  diag=+0.987  mix=[cap:109/ref:109/nl:102]  β=0.047  α_t=0.047  (3233s)
step  4180  L_grcl=  1.24  L_cov= 0.15  L_cons=0.000  L_tot=  1.24  diag=+0.985  mix=[cap:109/ref:109/nl:102]  β=0.047  α_t=0.047  (3249s)
step  4200  L_grcl=  1.20  L_cov= 0.15  L_cons=0.000  L_tot=  1.20  diag=+0.983  mix=[cap:105/ref:111/nl:104]  β=0.047  α_t=0.047  (3264s)
step  4220  L_grcl=  1.30  L_cov= 0.14  L_cons=0.000  L_tot=  1.30  diag=+0.984  mix=[cap:94/ref:122/nl:104]  β=0.047  α_t=0.047  (3279s)
step  4240  L_grcl=  1.32  L_cov= 0.17  L_cons=0.000  L_tot=  1.32  diag=+0.985  mix=[cap:99/ref:108/nl:113]  β=0.047  α_t=0.047  (3294s)
step  4260  L_grcl=  1.31  L_cov= 0.15  L_cons=0.000  L_tot=  1.31  diag=+0.984  mix=[cap:116/ref:99/nl:105]  β=0.047  α_t=0.047  (3309s)
step  4280  L_grcl=  1.26  L_cov= 0.17  L_cons=0.000  L_tot=  1.26  diag=+0.985  mix=[cap:114/ref:84/nl:122]  β=0.047  α_t=0.047  (3325s)
step  4300  L_grcl=  1.31  L_cov= 0.16  L_cons=0.000  L_tot=  1.31  diag=+0.985  mix=[cap:100/ref:105/nl:115]  β=0.047  α_t=0.047  (3340s)
step  4320  L_grcl=  1.21  L_cov= 0.15  L_cons=0.000  L_tot=  1.21  diag=+0.983  mix=[cap:96/ref:116/nl:108]  β=0.047  α_t=0.047  (3355s)
step  4340  L_grcl=  1.23  L_cov= 0.15  L_cons=0.000  L_tot=  1.23  diag=+0.983  mix=[cap:114/ref:99/nl:107]  β=0.047  α_t=0.047  (3370s)
step  4360  L_grcl=  1.37  L_cov= 0.15  L_cons=0.000  L_tot=  1.37  diag=+0.984  mix=[cap:92/ref:116/nl:112]  β=0.047  α_t=0.047  (3385s)
step  4380  L_grcl=  1.27  L_cov= 0.18  L_cons=0.000  L_tot=  1.27  diag=+0.985  mix=[cap:102/ref:92/nl:126]  β=0.047  α_t=0.047  (3400s)
step  4400  L_grcl=  1.22  L_cov= 0.14  L_cons=0.000  L_tot=  1.22  diag=+0.986  mix=[cap:115/ref:106/nl:99]  β=0.047  α_t=0.047  (3415s)
step  4420  L_grcl=  1.19  L_cov= 0.12  L_cons=0.000  L_tot=  1.19  diag=+0.984  mix=[cap:97/ref:114/nl:109]  β=0.047  α_t=0.047  (3430s)
step  4440  L_grcl=  1.30  L_cov= 0.16  L_cons=0.000  L_tot=  1.30  diag=+0.983  mix=[cap:117/ref:95/nl:108]  β=0.047  α_t=0.047  (3445s)
step  4460  L_grcl=  1.22  L_cov= 0.15  L_cons=0.000  L_tot=  1.22  diag=+0.984  mix=[cap:80/ref:124/nl:116]  β=0.047  α_t=0.047  (3460s)
step  4480  L_grcl=  1.20  L_cov= 0.15  L_cons=0.000  L_tot=  1.20  diag=+0.984  mix=[cap:97/ref:113/nl:110]  β=0.047  α_t=0.047  (3475s)
step  4500  L_grcl=  1.21  L_cov= 0.12  L_cons=0.000  L_tot=  1.21  diag=+0.983  mix=[cap:119/ref:104/nl:97]  β=0.047  α_t=0.047  (3490s)

  [eval @ step 4500] held-out test-A...
    cap-fig cos: +0.9905  (Δ +0.8758)
    R@1/5/10: 12.0% / 48.0% / 79.0%  (Δ +12.0 / +48.0 / +79.0)

step  4520  L_grcl=  1.20  L_cov= 0.14  L_cons=0.000  L_tot=  1.20  diag=+0.984  mix=[cap:107/ref:114/nl:99]  β=0.047  α_t=0.047  (3517s)
step  4540  L_grcl=  1.21  L_cov= 0.14  L_cons=0.000  L_tot=  1.21  diag=+0.984  mix=[cap:103/ref:109/nl:108]  β=0.047  α_t=0.047  (3532s)
step  4560  L_grcl=  1.20  L_cov= 0.14  L_cons=0.000  L_tot=  1.20  diag=+0.983  mix=[cap:96/ref:109/nl:115]  β=0.047  α_t=0.047  (3547s)
step  4580  L_grcl=  1.22  L_cov= 0.14  L_cons=0.000  L_tot=  1.22  diag=+0.983  mix=[cap:110/ref:100/nl:110]  β=0.047  α_t=0.047  (3561s)
step  4600  L_grcl=  1.28  L_cov= 0.14  L_cons=0.000  L_tot=  1.28  diag=+0.981  mix=[cap:117/ref:100/nl:103]  β=0.047  α_t=0.047  (3576s)
step  4620  L_grcl=  1.21  L_cov= 0.13  L_cons=0.000  L_tot=  1.21  diag=+0.984  mix=[cap:111/ref:114/nl:95]  β=0.047  α_t=0.047  (3591s)
step  4640  L_grcl=  1.19  L_cov= 0.14  L_cons=0.000  L_tot=  1.19  diag=+0.984  mix=[cap:117/ref:105/nl:98]  β=0.047  α_t=0.047  (3606s)
step  4660  L_grcl=  1.23  L_cov= 0.14  L_cons=0.000  L_tot=  1.23  diag=+0.985  mix=[cap:93/ref:121/nl:106]  β=0.047  α_t=0.047  (3621s)
step  4680  L_grcl=  1.28  L_cov= 0.13  L_cons=0.000  L_tot=  1.28  diag=+0.985  mix=[cap:121/ref:101/nl:98]  β=0.047  α_t=0.047  (3636s)
step  4700  L_grcl=  1.20  L_cov= 0.13  L_cons=0.000  L_tot=  1.20  diag=+0.985  mix=[cap:105/ref:125/nl:90]  β=0.047  α_t=0.047  (3652s)
step  4720  L_grcl=  1.30  L_cov= 0.13  L_cons=0.000  L_tot=  1.30  diag=+0.984  mix=[cap:97/ref:114/nl:109]  β=0.047  α_t=0.047  (3667s)
step  4740  L_grcl=  1.23  L_cov= 0.16  L_cons=0.000  L_tot=  1.23  diag=+0.985  mix=[cap:105/ref:98/nl:117]  β=0.047  α_t=0.047  (3682s)
step  4760  L_grcl=  1.28  L_cov= 0.15  L_cons=0.000  L_tot=  1.28  diag=+0.985  mix=[cap:108/ref:114/nl:98]  β=0.047  α_t=0.047  (3697s)
step  4780  L_grcl=  1.16  L_cov= 0.14  L_cons=0.000  L_tot=  1.16  diag=+0.985  mix=[cap:102/ref:118/nl:100]  β=0.047  α_t=0.047  (3712s)
step  4800  L_grcl=  1.17  L_cov= 0.14  L_cons=0.000  L_tot=  1.17  diag=+0.985  mix=[cap:101/ref:111/nl:108]  β=0.047  α_t=0.047  (3727s)
step  4820  L_grcl=  1.22  L_cov= 0.15  L_cons=0.000  L_tot=  1.22  diag=+0.984  mix=[cap:121/ref:97/nl:102]  β=0.047  α_t=0.047  (3742s)
step  4840  L_grcl=  1.27  L_cov= 0.14  L_cons=0.000  L_tot=  1.27  diag=+0.983  mix=[cap:102/ref:109/nl:109]  β=0.047  α_t=0.047  (3758s)
step  4860  L_grcl=  1.29  L_cov= 0.13  L_cons=0.000  L_tot=  1.29  diag=+0.984  mix=[cap:99/ref:121/nl:100]  β=0.047  α_t=0.047  (3773s)
step  4880  L_grcl=  1.25  L_cov= 0.15  L_cons=0.000  L_tot=  1.25  diag=+0.985  mix=[cap:109/ref:108/nl:103]  β=0.047  α_t=0.047  (3789s)
step  4900  L_grcl=  1.24  L_cov= 0.15  L_cons=0.000  L_tot=  1.24  diag=+0.986  mix=[cap:114/ref:114/nl:92]  β=0.047  α_t=0.047  (3804s)
step  4920  L_grcl=  1.22  L_cov= 0.15  L_cons=0.000  L_tot=  1.22  diag=+0.985  mix=[cap:114/ref:108/nl:98]  β=0.047  α_t=0.047  (3819s)
step  4940  L_grcl=  1.27  L_cov= 0.15  L_cons=0.000  L_tot=  1.27  diag=+0.984  mix=[cap:114/ref:104/nl:102]  β=0.047  α_t=0.047  (3834s)
step  4960  L_grcl=  1.24  L_cov= 0.12  L_cons=0.000  L_tot=  1.24  diag=+0.984  mix=[cap:116/ref:114/nl:90]  β=0.047  α_t=0.047  (3849s)
step  4980  L_grcl=  1.27  L_cov= 0.15  L_cons=0.000  L_tot=  1.27  diag=+0.984  mix=[cap:106/ref:96/nl:118]  β=0.047  α_t=0.047  (3864s)
step  5000  L_grcl=  1.25  L_cov= 0.14  L_cons=0.000  L_tot=  1.25  diag=+0.985  mix=[cap:102/ref:117/nl:101]  β=0.047  α_t=0.047  (3880s)

  [eval @ step 5000] held-out test-A...
    cap-fig cos: +0.9919  (Δ +0.8771)
    R@1/5/10: 14.5% / 54.0% / 79.5%  (Δ +14.5 / +54.0 / +79.5)

step  5020  L_grcl=  1.25  L_cov= 0.14  L_cons=0.000  L_tot=  1.25  diag=+0.983  mix=[cap:117/ref:95/nl:108]  β=0.047  α_t=0.047  (3907s)
step  5040  L_grcl=  1.27  L_cov= 0.16  L_cons=0.000  L_tot=  1.27  diag=+0.983  mix=[cap:78/ref:118/nl:124]  β=0.047  α_t=0.047  (3922s)
step  5060  L_grcl=  1.24  L_cov= 0.15  L_cons=0.000  L_tot=  1.24  diag=+0.985  mix=[cap:115/ref:100/nl:105]  β=0.047  α_t=0.047  (3938s)
step  5080  L_grcl=  1.19  L_cov= 0.15  L_cons=0.000  L_tot=  1.19  diag=+0.983  mix=[cap:88/ref:125/nl:107]  β=0.047  α_t=0.047  (3952s)
step  5100  L_grcl=  1.15  L_cov= 0.14  L_cons=0.000  L_tot=  1.15  diag=+0.985  mix=[cap:105/ref:106/nl:109]  β=0.047  α_t=0.047  (3967s)
step  5120  L_grcl=  1.18  L_cov= 0.14  L_cons=0.000  L_tot=  1.18  diag=+0.984  mix=[cap:104/ref:113/nl:103]  β=0.047  α_t=0.047  (3983s)
step  5140  L_grcl=  1.18  L_cov= 0.12  L_cons=0.000  L_tot=  1.18  diag=+0.983  mix=[cap:125/ref:105/nl:90]  β=0.047  α_t=0.047  (3998s)
step  5160  L_grcl=  1.20  L_cov= 0.13  L_cons=0.000  L_tot=  1.20  diag=+0.982  mix=[cap:111/ref:102/nl:107]  β=0.047  α_t=0.047  (4014s)
step  5180  L_grcl=  1.15  L_cov= 0.12  L_cons=0.000  L_tot=  1.15  diag=+0.982  mix=[cap:101/ref:116/nl:103]  β=0.047  α_t=0.047  (4028s)
step  5200  L_grcl=  1.21  L_cov= 0.12  L_cons=0.000  L_tot=  1.21  diag=+0.983  mix=[cap:114/ref:110/nl:96]  β=0.047  α_t=0.047  (4043s)
step  5220  L_grcl=  1.21  L_cov= 0.11  L_cons=0.000  L_tot=  1.21  diag=+0.981  mix=[cap:104/ref:110/nl:106]  β=0.047  α_t=0.047  (4059s)
step  5240  L_grcl=  1.18  L_cov= 0.12  L_cons=0.000  L_tot=  1.18  diag=+0.984  mix=[cap:112/ref:118/nl:90]  β=0.047  α_t=0.047  (4074s)
step  5260  L_grcl=  1.10  L_cov= 0.13  L_cons=0.000  L_tot=  1.10  diag=+0.984  mix=[cap:109/ref:120/nl:91]  β=0.047  α_t=0.047  (4089s)
step  5280  L_grcl=  1.17  L_cov= 0.13  L_cons=0.000  L_tot=  1.17  diag=+0.982  mix=[cap:107/ref:103/nl:110]  β=0.047  α_t=0.047  (4103s)
step  5300  L_grcl=  1.20  L_cov= 0.14  L_cons=0.000  L_tot=  1.20  diag=+0.981  mix=[cap:124/ref:86/nl:110]  β=0.047  α_t=0.047  (4118s)
step  5320  L_grcl=  1.18  L_cov= 0.12  L_cons=0.000  L_tot=  1.18  diag=+0.985  mix=[cap:107/ref:118/nl:95]  β=0.047  α_t=0.047  (4134s)
step  5340  L_grcl=  1.24  L_cov= 0.16  L_cons=0.000  L_tot=  1.24  diag=+0.984  mix=[cap:117/ref:95/nl:108]  β=0.047  α_t=0.047  (4149s)
step  5360  L_grcl=  1.13  L_cov= 0.13  L_cons=0.000  L_tot=  1.13  diag=+0.983  mix=[cap:124/ref:102/nl:94]  β=0.047  α_t=0.047  (4164s)
step  5380  L_grcl=  1.15  L_cov= 0.12  L_cons=0.000  L_tot=  1.15  diag=+0.986  mix=[cap:127/ref:109/nl:84]  β=0.047  α_t=0.047  (4179s)
step  5400  L_grcl=  1.17  L_cov= 0.14  L_cons=0.000  L_tot=  1.17  diag=+0.986  mix=[cap:99/ref:113/nl:108]  β=0.047  α_t=0.047  (4194s)
step  5420  L_grcl=  1.24  L_cov= 0.15  L_cons=0.000  L_tot=  1.24  diag=+0.983  mix=[cap:102/ref:90/nl:128]  β=0.047  α_t=0.047  (4209s)
step  5440  L_grcl=  1.20  L_cov= 0.14  L_cons=0.000  L_tot=  1.20  diag=+0.984  mix=[cap:93/ref:117/nl:110]  β=0.047  α_t=0.047  (4224s)
step  5460  L_grcl=  1.19  L_cov= 0.12  L_cons=0.000  L_tot=  1.19  diag=+0.983  mix=[cap:106/ref:115/nl:99]  β=0.047  α_t=0.047  (4239s)
step  5480  L_grcl=  1.20  L_cov= 0.14  L_cons=0.000  L_tot=  1.20  diag=+0.984  mix=[cap:106/ref:99/nl:115]  β=0.047  α_t=0.047  (4254s)
step  5500  L_grcl=  1.12  L_cov= 0.13  L_cons=0.000  L_tot=  1.12  diag=+0.986  mix=[cap:125/ref:112/nl:83]  β=0.047  α_t=0.047  (4268s)

  [eval @ step 5500] held-out test-A...
    cap-fig cos: +0.9903  (Δ +0.8755)
    R@1/5/10: 13.0% / 54.0% / 80.5%  (Δ +13.0 / +54.0 / +80.5)

step  5520  L_grcl=  1.20  L_cov= 0.12  L_cons=0.000  L_tot=  1.20  diag=+0.984  mix=[cap:104/ref:109/nl:107]  β=0.047  α_t=0.047  (4295s)
step  5540  L_grcl=  1.26  L_cov= 0.15  L_cons=0.000  L_tot=  1.26  diag=+0.985  mix=[cap:100/ref:103/nl:117]  β=0.047  α_t=0.047  (4310s)
step  5560  L_grcl=  1.24  L_cov= 0.14  L_cons=0.000  L_tot=  1.24  diag=+0.986  mix=[cap:124/ref:102/nl:94]  β=0.047  α_t=0.047  (4325s)
step  5580  L_grcl=  1.22  L_cov= 0.13  L_cons=0.000  L_tot=  1.22  diag=+0.985  mix=[cap:104/ref:114/nl:102]  β=0.047  α_t=0.047  (4340s)
step  5600  L_grcl=  1.28  L_cov= 0.13  L_cons=0.000  L_tot=  1.28  diag=+0.983  mix=[cap:102/ref:115/nl:103]  β=0.047  α_t=0.047  (4355s)
step  5620  L_grcl=  1.16  L_cov= 0.13  L_cons=0.000  L_tot=  1.16  diag=+0.984  mix=[cap:88/ref:125/nl:107]  β=0.047  α_t=0.047  (4370s)
step  5640  L_grcl=  1.18  L_cov= 0.14  L_cons=0.000  L_tot=  1.18  diag=+0.984  mix=[cap:119/ref:103/nl:98]  β=0.047  α_t=0.047  (4385s)
step  5660  L_grcl=  1.12  L_cov= 0.12  L_cons=0.000  L_tot=  1.12  diag=+0.985  mix=[cap:105/ref:112/nl:103]  β=0.047  α_t=0.047  (4399s)
step  5680  L_grcl=  1.17  L_cov= 0.12  L_cons=0.000  L_tot=  1.17  diag=+0.983  mix=[cap:94/ref:123/nl:103]  β=0.047  α_t=0.047  (4414s)
step  5700  L_grcl=  1.14  L_cov= 0.13  L_cons=0.000  L_tot=  1.14  diag=+0.985  mix=[cap:112/ref:104/nl:104]  β=0.047  α_t=0.047  (4428s)
step  5720  L_grcl=  1.32  L_cov= 0.14  L_cons=0.000  L_tot=  1.32  diag=+0.983  mix=[cap:106/ref:108/nl:106]  β=0.047  α_t=0.047  (4443s)
step  5740  L_grcl=  1.23  L_cov= 0.14  L_cons=0.000  L_tot=  1.23  diag=+0.983  mix=[cap:111/ref:100/nl:109]  β=0.047  α_t=0.047  (4458s)
step  5760  L_grcl=  1.17  L_cov= 0.13  L_cons=0.000  L_tot=  1.17  diag=+0.982  mix=[cap:90/ref:113/nl:117]  β=0.047  α_t=0.047  (4473s)
step  5780  L_grcl=  1.17  L_cov= 0.11  L_cons=0.000  L_tot=  1.17  diag=+0.984  mix=[cap:109/ref:102/nl:109]  β=0.047  α_t=0.047  (4488s)
step  5800  L_grcl=  1.13  L_cov= 0.14  L_cons=0.000  L_tot=  1.13  diag=+0.985  mix=[cap:116/ref:98/nl:106]  β=0.047  α_t=0.047  (4503s)
step  5820  L_grcl=  1.23  L_cov= 0.13  L_cons=0.000  L_tot=  1.23  diag=+0.983  mix=[cap:101/ref:114/nl:105]  β=0.047  α_t=0.047  (4519s)
step  5840  L_grcl=  1.22  L_cov= 0.13  L_cons=0.000  L_tot=  1.22  diag=+0.984  mix=[cap:113/ref:101/nl:106]  β=0.047  α_t=0.047  (4533s)
step  5860  L_grcl=  1.17  L_cov= 0.12  L_cons=0.000  L_tot=  1.17  diag=+0.984  mix=[cap:103/ref:122/nl:95]  β=0.047  α_t=0.047  (4548s)
step  5880  L_grcl=  1.22  L_cov= 0.12  L_cons=0.000  L_tot=  1.22  diag=+0.985  mix=[cap:102/ref:119/nl:99]  β=0.047  α_t=0.047  (4564s)
step  5900  L_grcl=  1.20  L_cov= 0.15  L_cons=0.000  L_tot=  1.20  diag=+0.984  mix=[cap:101/ref:109/nl:110]  β=0.047  α_t=0.047  (4579s)
step  5920  L_grcl=  1.14  L_cov= 0.11  L_cons=0.000  L_tot=  1.14  diag=+0.984  mix=[cap:116/ref:112/nl:92]  β=0.047  α_t=0.047  (4593s)
step  5940  L_grcl=  1.19  L_cov= 0.12  L_cons=0.000  L_tot=  1.19  diag=+0.986  mix=[cap:109/ref:109/nl:102]  β=0.047  α_t=0.047  (4608s)
step  5960  L_grcl=  1.15  L_cov= 0.12  L_cons=0.000  L_tot=  1.15  diag=+0.985  mix=[cap:106/ref:107/nl:107]  β=0.047  α_t=0.047  (4623s)
step  5980  L_grcl=  1.16  L_cov= 0.13  L_cons=0.000  L_tot=  1.16  diag=+0.982  mix=[cap:105/ref:121/nl:94]  β=0.047  α_t=0.047  (4638s)
step  6000  L_grcl=  1.23  L_cov= 0.13  L_cons=0.000  L_tot=  1.23  diag=+0.984  mix=[cap:99/ref:111/nl:110]  β=0.047  α_t=0.047  (4653s)

  [eval @ step 6000] held-out test-A...
    cap-fig cos: +0.9912  (Δ +0.8765)
    R@1/5/10: 10.5% / 59.0% / 82.0%  (Δ +10.5 / +59.0 / +82.0)

step  6020  L_grcl=  1.18  L_cov= 0.13  L_cons=0.000  L_tot=  1.18  diag=+0.985  mix=[cap:105/ref:115/nl:100]  β=0.047  α_t=0.047  (4683s)
step  6040  L_grcl=  1.21  L_cov= 0.13  L_cons=0.000  L_tot=  1.21  diag=+0.984  mix=[cap:94/ref:108/nl:118]  β=0.047  α_t=0.047  (4698s)
step  6060  L_grcl=  1.17  L_cov= 0.13  L_cons=0.000  L_tot=  1.17  diag=+0.986  mix=[cap:102/ref:117/nl:101]  β=0.047  α_t=0.047  (4713s)
step  6080  L_grcl=  1.17  L_cov= 0.13  L_cons=0.000  L_tot=  1.17  diag=+0.986  mix=[cap:116/ref:103/nl:101]  β=0.047  α_t=0.047  (4728s)
step  6100  L_grcl=  1.14  L_cov= 0.11  L_cons=0.000  L_tot=  1.14  diag=+0.983  mix=[cap:100/ref:115/nl:105]  β=0.047  α_t=0.047  (4743s)
step  6120  L_grcl=  1.26  L_cov= 0.15  L_cons=0.000  L_tot=  1.26  diag=+0.985  mix=[cap:107/ref:99/nl:114]  β=0.047  α_t=0.047  (4758s)
step  6140  L_grcl=  1.22  L_cov= 0.14  L_cons=0.000  L_tot=  1.22  diag=+0.985  mix=[cap:100/ref:109/nl:111]  β=0.047  α_t=0.047  (4773s)
step  6160  L_grcl=  1.27  L_cov= 0.16  L_cons=0.000  L_tot=  1.27  diag=+0.985  mix=[cap:100/ref:113/nl:107]  β=0.047  α_t=0.047  (4788s)
step  6180  L_grcl=  1.16  L_cov= 0.13  L_cons=0.000  L_tot=  1.16  diag=+0.986  mix=[cap:104/ref:114/nl:102]  β=0.047  α_t=0.047  (4803s)
step  6200  L_grcl=  1.17  L_cov= 0.13  L_cons=0.000  L_tot=  1.17  diag=+0.983  mix=[cap:97/ref:119/nl:104]  β=0.047  α_t=0.047  (4820s)
step  6220  L_grcl=  1.28  L_cov= 0.13  L_cons=0.000  L_tot=  1.28  diag=+0.985  mix=[cap:117/ref:112/nl:91]  β=0.047  α_t=0.047  (4834s)
step  6240  L_grcl=  1.15  L_cov= 0.13  L_cons=0.000  L_tot=  1.15  diag=+0.986  mix=[cap:105/ref:107/nl:108]  β=0.047  α_t=0.047  (4848s)
step  6260  L_grcl=  1.28  L_cov= 0.13  L_cons=0.000  L_tot=  1.28  diag=+0.985  mix=[cap:108/ref:115/nl:97]  β=0.047  α_t=0.047  (4863s)
step  6280  L_grcl=  1.29  L_cov= 0.14  L_cons=0.000  L_tot=  1.29  diag=+0.985  mix=[cap:114/ref:110/nl:96]  β=0.047  α_t=0.047  (4878s)
step  6300  L_grcl=  1.21  L_cov= 0.14  L_cons=0.000  L_tot=  1.21  diag=+0.985  mix=[cap:99/ref:109/nl:112]  β=0.047  α_t=0.047  (4893s)
step  6320  L_grcl=  1.21  L_cov= 0.14  L_cons=0.000  L_tot=  1.21  diag=+0.986  mix=[cap:127/ref:97/nl:96]  β=0.047  α_t=0.047  (4908s)
step  6340  L_grcl=  1.15  L_cov= 0.13  L_cons=0.000  L_tot=  1.15  diag=+0.987  mix=[cap:110/ref:117/nl:93]  β=0.047  α_t=0.047  (4923s)
step  6360  L_grcl=  1.23  L_cov= 0.15  L_cons=0.000  L_tot=  1.23  diag=+0.986  mix=[cap:111/ref:105/nl:104]  β=0.047  α_t=0.047  (4938s)
step  6380  L_grcl=  1.16  L_cov= 0.13  L_cons=0.000  L_tot=  1.16  diag=+0.987  mix=[cap:101/ref:112/nl:107]  β=0.047  α_t=0.047  (4952s)
step  6400  L_grcl=  1.21  L_cov= 0.14  L_cons=0.000  L_tot=  1.21  diag=+0.986  mix=[cap:103/ref:107/nl:110]  β=0.047  α_t=0.047  (4968s)
step  6420  L_grcl=  1.19  L_cov= 0.13  L_cons=0.000  L_tot=  1.19  diag=+0.985  mix=[cap:97/ref:111/nl:112]  β=0.047  α_t=0.047  (4982s)
step  6440  L_grcl=  1.11  L_cov= 0.13  L_cons=0.000  L_tot=  1.11  diag=+0.984  mix=[cap:102/ref:118/nl:100]  β=0.047  α_t=0.047  (4997s)
step  6460  L_grcl=  1.21  L_cov= 0.11  L_cons=0.000  L_tot=  1.21  diag=+0.983  mix=[cap:103/ref:117/nl:100]  β=0.047  α_t=0.047  (5012s)
step  6480  L_grcl=  1.19  L_cov= 0.14  L_cons=0.000  L_tot=  1.19  diag=+0.986  mix=[cap:109/ref:112/nl:99]  β=0.047  α_t=0.047  (5027s)
step  6500  L_grcl=  1.10  L_cov= 0.12  L_cons=0.000  L_tot=  1.10  diag=+0.984  mix=[cap:91/ref:124/nl:105]  β=0.047  α_t=0.047  (5042s)

  [eval @ step 6500] held-out test-A...
    cap-fig cos: +0.9912  (Δ +0.8765)
    R@1/5/10: 10.0% / 51.5% / 82.0%  (Δ +10.0 / +51.5 / +82.0)

step  6520  L_grcl=  1.07  L_cov= 0.11  L_cons=0.000  L_tot=  1.07  diag=+0.984  mix=[cap:98/ref:118/nl:104]  β=0.047  α_t=0.047  (5069s)
step  6540  L_grcl=  1.15  L_cov= 0.12  L_cons=0.000  L_tot=  1.15  diag=+0.984  mix=[cap:109/ref:111/nl:100]  β=0.047  α_t=0.047  (5083s)
step  6560  L_grcl=  1.13  L_cov= 0.10  L_cons=0.000  L_tot=  1.13  diag=+0.985  mix=[cap:115/ref:114/nl:91]  β=0.047  α_t=0.047  (5098s)
step  6580  L_grcl=  1.13  L_cov= 0.12  L_cons=0.000  L_tot=  1.13  diag=+0.983  mix=[cap:98/ref:115/nl:107]  β=0.047  α_t=0.047  (5113s)
step  6600  L_grcl=  1.12  L_cov= 0.13  L_cons=0.000  L_tot=  1.12  diag=+0.983  mix=[cap:112/ref:111/nl:97]  β=0.047  α_t=0.047  (5128s)
step  6620  L_grcl=  1.24  L_cov= 0.12  L_cons=0.000  L_tot=  1.24  diag=+0.983  mix=[cap:99/ref:107/nl:114]  β=0.047  α_t=0.047  (5143s)
step  6640  L_grcl=  1.10  L_cov= 0.12  L_cons=0.000  L_tot=  1.10  diag=+0.985  mix=[cap:103/ref:114/nl:103]  β=0.047  α_t=0.047  (5158s)
step  6660  L_grcl=  1.27  L_cov= 0.14  L_cons=0.000  L_tot=  1.27  diag=+0.985  mix=[cap:101/ref:107/nl:112]  β=0.047  α_t=0.047  (5173s)
step  6680  L_grcl=  1.18  L_cov= 0.13  L_cons=0.000  L_tot=  1.18  diag=+0.985  mix=[cap:88/ref:113/nl:119]  β=0.047  α_t=0.047  (5188s)
step  6700  L_grcl=  1.14  L_cov= 0.12  L_cons=0.000  L_tot=  1.14  diag=+0.984  mix=[cap:99/ref:114/nl:107]  β=0.047  α_t=0.047  (5203s)
step  6720  L_grcl=  1.12  L_cov= 0.12  L_cons=0.000  L_tot=  1.12  diag=+0.983  mix=[cap:101/ref:114/nl:105]  β=0.047  α_t=0.047  (5218s)
step  6740  L_grcl=  1.22  L_cov= 0.14  L_cons=0.000  L_tot=  1.22  diag=+0.983  mix=[cap:94/ref:112/nl:114]  β=0.047  α_t=0.047  (5233s)
step  6760  L_grcl=  1.13  L_cov= 0.13  L_cons=0.000  L_tot=  1.13  diag=+0.984  mix=[cap:110/ref:111/nl:99]  β=0.047  α_t=0.047  (5248s)
step  6780  L_grcl=  1.13  L_cov= 0.12  L_cons=0.000  L_tot=  1.13  diag=+0.984  mix=[cap:102/ref:120/nl:98]  β=0.047  α_t=0.047  (5263s)
step  6800  L_grcl=  1.15  L_cov= 0.12  L_cons=0.000  L_tot=  1.15  diag=+0.984  mix=[cap:110/ref:105/nl:105]  β=0.047  α_t=0.047  (5278s)
step  6820  L_grcl=  1.22  L_cov= 0.13  L_cons=0.000  L_tot=  1.22  diag=+0.983  mix=[cap:99/ref:109/nl:112]  β=0.047  α_t=0.047  (5293s)
step  6840  L_grcl=  1.15  L_cov= 0.13  L_cons=0.000  L_tot=  1.15  diag=+0.984  mix=[cap:109/ref:109/nl:102]  β=0.047  α_t=0.047  (5308s)
step  6860  L_grcl=  1.17  L_cov= 0.12  L_cons=0.000  L_tot=  1.17  diag=+0.981  mix=[cap:91/ref:114/nl:115]  β=0.047  α_t=0.047  (5323s)
step  6880  L_grcl=  1.10  L_cov= 0.11  L_cons=0.000  L_tot=  1.10  diag=+0.984  mix=[cap:111/ref:113/nl:96]  β=0.047  α_t=0.047  (5337s)
step  6900  L_grcl=  1.23  L_cov= 0.14  L_cons=0.000  L_tot=  1.23  diag=+0.984  mix=[cap:102/ref:99/nl:119]  β=0.047  α_t=0.047  (5352s)
step  6920  L_grcl=  1.22  L_cov= 0.13  L_cons=0.000  L_tot=  1.22  diag=+0.984  mix=[cap:119/ref:94/nl:107]  β=0.047  α_t=0.047  (5367s)
step  6940  L_grcl=  1.22  L_cov= 0.12  L_cons=0.000  L_tot=  1.22  diag=+0.985  mix=[cap:109/ref:119/nl:92]  β=0.047  α_t=0.047  (5382s)
step  6960  L_grcl=  1.17  L_cov= 0.12  L_cons=0.000  L_tot=  1.17  diag=+0.984  mix=[cap:116/ref:103/nl:101]  β=0.047  α_t=0.047  (5397s)
step  6980  L_grcl=  1.13  L_cov= 0.12  L_cons=0.000  L_tot=  1.13  diag=+0.985  mix=[cap:102/ref:111/nl:107]  β=0.047  α_t=0.047  (5412s)
step  7000  L_grcl=  1.13  L_cov= 0.13  L_cons=0.000  L_tot=  1.13  diag=+0.984  mix=[cap:110/ref:100/nl:110]  β=0.047  α_t=0.047  (5427s)

  [eval @ step 7000] held-out test-A...
    cap-fig cos: +0.9901  (Δ +0.8754)
    R@1/5/10: 11.0% / 54.0% / 82.0%  (Δ +11.0 / +54.0 / +82.0)

step  7020  L_grcl=  1.11  L_cov= 0.12  L_cons=0.000  L_tot=  1.11  diag=+0.981  mix=[cap:98/ref:110/nl:112]  β=0.047  α_t=0.047  (5457s)
step  7040  L_grcl=  1.11  L_cov= 0.12  L_cons=0.000  L_tot=  1.11  diag=+0.981  mix=[cap:111/ref:103/nl:106]  β=0.047  α_t=0.047  (5472s)
step  7060  L_grcl=  1.37  L_cov= 0.12  L_cons=0.000  L_tot=  1.37  diag=+0.983  mix=[cap:96/ref:112/nl:112]  β=0.047  α_t=0.047  (5487s)
step  7080  L_grcl=  1.16  L_cov= 0.13  L_cons=0.000  L_tot=  1.16  diag=+0.986  mix=[cap:108/ref:110/nl:102]  β=0.047  α_t=0.047  (5502s)
step  7100  L_grcl=  1.19  L_cov= 0.13  L_cons=0.000  L_tot=  1.19  diag=+0.983  mix=[cap:97/ref:103/nl:120]  β=0.047  α_t=0.047  (5517s)
step  7120  L_grcl=  1.12  L_cov= 0.10  L_cons=0.000  L_tot=  1.12  diag=+0.982  mix=[cap:100/ref:119/nl:101]  β=0.047  α_t=0.047  (5531s)
step  7140  L_grcl=  1.22  L_cov= 0.12  L_cons=0.000  L_tot=  1.22  diag=+0.980  mix=[cap:111/ref:100/nl:109]  β=0.047  α_t=0.047  (5546s)
step  7160  L_grcl=  1.13  L_cov= 0.11  L_cons=0.000  L_tot=  1.13  diag=+0.981  mix=[cap:108/ref:118/nl:94]  β=0.047  α_t=0.047  (5561s)
step  7180  L_grcl=  1.19  L_cov= 0.12  L_cons=0.000  L_tot=  1.19  diag=+0.982  mix=[cap:115/ref:104/nl:101]  β=0.047  α_t=0.047  (5576s)
step  7200  L_grcl=  1.18  L_cov= 0.13  L_cons=0.000  L_tot=  1.18  diag=+0.982  mix=[cap:105/ref:106/nl:109]  β=0.047  α_t=0.047  (5591s)
step  7220  L_grcl=  1.23  L_cov= 0.14  L_cons=0.000  L_tot=  1.23  diag=+0.983  mix=[cap:116/ref:100/nl:104]  β=0.047  α_t=0.047  (5606s)
step  7240  L_grcl=  1.12  L_cov= 0.10  L_cons=0.000  L_tot=  1.12  diag=+0.983  mix=[cap:114/ref:106/nl:100]  β=0.047  α_t=0.047  (5621s)
step  7260  L_grcl=  1.20  L_cov= 0.14  L_cons=0.000  L_tot=  1.20  diag=+0.984  mix=[cap:101/ref:101/nl:118]  β=0.047  α_t=0.047  (5636s)
step  7280  L_grcl=  1.07  L_cov= 0.13  L_cons=0.000  L_tot=  1.07  diag=+0.983  mix=[cap:117/ref:94/nl:109]  β=0.047  α_t=0.047  (5651s)
step  7300  L_grcl=  1.17  L_cov= 0.10  L_cons=0.000  L_tot=  1.17  diag=+0.981  mix=[cap:107/ref:120/nl:93]  β=0.047  α_t=0.047  (5666s)
step  7320  L_grcl=  1.24  L_cov= 0.13  L_cons=0.000  L_tot=  1.24  diag=+0.985  mix=[cap:106/ref:103/nl:111]  β=0.047  α_t=0.047  (5681s)
step  7340  L_grcl=  1.16  L_cov= 0.13  L_cons=0.000  L_tot=  1.16  diag=+0.986  mix=[cap:109/ref:110/nl:101]  β=0.047  α_t=0.047  (5696s)
step  7360  L_grcl=  1.11  L_cov= 0.12  L_cons=0.000  L_tot=  1.11  diag=+0.985  mix=[cap:104/ref:115/nl:101]  β=0.047  α_t=0.047  (5711s)
step  7380  L_grcl=  1.21  L_cov= 0.12  L_cons=0.000  L_tot=  1.21  diag=+0.985  mix=[cap:106/ref:104/nl:110]  β=0.047  α_t=0.047  (5726s)
step  7400  L_grcl=  1.18  L_cov= 0.13  L_cons=0.000  L_tot=  1.18  diag=+0.984  mix=[cap:99/ref:97/nl:124]  β=0.047  α_t=0.047  (5741s)
step  7420  L_grcl=  1.14  L_cov= 0.13  L_cons=0.000  L_tot=  1.14  diag=+0.983  mix=[cap:89/ref:114/nl:117]  β=0.047  α_t=0.047  (5755s)
step  7440  L_grcl=  1.09  L_cov= 0.12  L_cons=0.000  L_tot=  1.09  diag=+0.982  mix=[cap:116/ref:103/nl:101]  β=0.047  α_t=0.047  (5770s)
step  7460  L_grcl=  1.20  L_cov= 0.11  L_cons=0.000  L_tot=  1.20  diag=+0.983  mix=[cap:100/ref:108/nl:112]  β=0.047  α_t=0.047  (5785s)
step  7480  L_grcl=  1.09  L_cov= 0.10  L_cons=0.000  L_tot=  1.09  diag=+0.984  mix=[cap:110/ref:117/nl:93]  β=0.047  α_t=0.047  (5800s)
step  7500  L_grcl=  1.01  L_cov= 0.11  L_cons=0.000  L_tot=  1.01  diag=+0.983  mix=[cap:115/ref:111/nl:94]  β=0.047  α_t=0.047  (5814s)

  [eval @ step 7500] held-out test-A...
    cap-fig cos: +0.9906  (Δ +0.8759)
    R@1/5/10: 14.5% / 59.5% / 87.5%  (Δ +14.5 / +59.5 / +87.5)
    [ckpt saved @ step 7500 R@10=87.5%]

step  7520  L_grcl=  1.17  L_cov= 0.12  L_cons=0.000  L_tot=  1.17  diag=+0.983  mix=[cap:113/ref:102/nl:105]  β=0.047  α_t=0.047  (5848s)
step  7540  L_grcl=  1.17  L_cov= 0.12  L_cons=0.000  L_tot=  1.17  diag=+0.985  mix=[cap:120/ref:110/nl:90]  β=0.047  α_t=0.047  (5863s)
step  7560  L_grcl=  1.20  L_cov= 0.12  L_cons=0.000  L_tot=  1.20  diag=+0.983  mix=[cap:101/ref:115/nl:104]  β=0.047  α_t=0.047  (5878s)
step  7580  L_grcl=  1.19  L_cov= 0.14  L_cons=0.000  L_tot=  1.19  diag=+0.983  mix=[cap:114/ref:102/nl:104]  β=0.047  α_t=0.047  (5893s)
step  7600  L_grcl=  1.19  L_cov= 0.13  L_cons=0.000  L_tot=  1.19  diag=+0.983  mix=[cap:108/ref:103/nl:109]  β=0.047  α_t=0.047  (5908s)
step  7620  L_grcl=  1.16  L_cov= 0.12  L_cons=0.000  L_tot=  1.16  diag=+0.984  mix=[cap:117/ref:97/nl:106]  β=0.047  α_t=0.047  (5922s)
step  7640  L_grcl=  1.18  L_cov= 0.13  L_cons=0.000  L_tot=  1.18  diag=+0.985  mix=[cap:104/ref:107/nl:109]  β=0.047  α_t=0.047  (5938s)
step  7660  L_grcl=  1.16  L_cov= 0.13  L_cons=0.000  L_tot=  1.16  diag=+0.986  mix=[cap:107/ref:109/nl:104]  β=0.047  α_t=0.047  (5953s)
step  7680  L_grcl=  1.24  L_cov= 0.12  L_cons=0.000  L_tot=  1.24  diag=+0.983  mix=[cap:97/ref:106/nl:117]  β=0.047  α_t=0.047  (5968s)
step  7700  L_grcl=  1.15  L_cov= 0.11  L_cons=0.000  L_tot=  1.15  diag=+0.984  mix=[cap:122/ref:112/nl:86]  β=0.047  α_t=0.047  (5983s)
step  7720  L_grcl=  1.19  L_cov= 0.12  L_cons=0.000  L_tot=  1.19  diag=+0.984  mix=[cap:93/ref:101/nl:126]  β=0.047  α_t=0.047  (5998s)
step  7740  L_grcl=  1.16  L_cov= 0.12  L_cons=0.000  L_tot=  1.16  diag=+0.984  mix=[cap:99/ref:111/nl:110]  β=0.047  α_t=0.047  (6013s)
step  7760  L_grcl=  1.07  L_cov= 0.13  L_cons=0.000  L_tot=  1.07  diag=+0.984  mix=[cap:111/ref:103/nl:106]  β=0.047  α_t=0.047  (6028s)
step  7780  L_grcl=  1.15  L_cov= 0.13  L_cons=0.000  L_tot=  1.15  diag=+0.985  mix=[cap:130/ref:93/nl:97]  β=0.047  α_t=0.047  (6043s)
step  7800  L_grcl=  1.10  L_cov= 0.12  L_cons=0.000  L_tot=  1.10  diag=+0.984  mix=[cap:118/ref:113/nl:89]  β=0.047  α_t=0.047  (6058s)
step  7820  L_grcl=  1.20  L_cov= 0.13  L_cons=0.000  L_tot=  1.20  diag=+0.983  mix=[cap:100/ref:109/nl:111]  β=0.047  α_t=0.047  (6073s)
step  7840  L_grcl=  1.07  L_cov= 0.11  L_cons=0.000  L_tot=  1.07  diag=+0.985  mix=[cap:125/ref:97/nl:98]  β=0.047  α_t=0.047  (6088s)
step  7860  L_grcl=  1.13  L_cov= 0.10  L_cons=0.000  L_tot=  1.13  diag=+0.983  mix=[cap:108/ref:110/nl:102]  β=0.047  α_t=0.047  (6102s)
step  7880  L_grcl=  1.13  L_cov= 0.11  L_cons=0.000  L_tot=  1.13  diag=+0.983  mix=[cap:108/ref:105/nl:107]  β=0.047  α_t=0.047  (6117s)
step  7900  L_grcl=  1.21  L_cov= 0.12  L_cons=0.000  L_tot=  1.21  diag=+0.984  mix=[cap:109/ref:105/nl:106]  β=0.047  α_t=0.047  (6132s)
step  7920  L_grcl=  1.10  L_cov= 0.11  L_cons=0.000  L_tot=  1.10  diag=+0.985  mix=[cap:107/ref:119/nl:94]  β=0.047  α_t=0.047  (6147s)
step  7940  L_grcl=  1.16  L_cov= 0.13  L_cons=0.000  L_tot=  1.16  diag=+0.984  mix=[cap:103/ref:104/nl:113]  β=0.047  α_t=0.047  (6162s)
step  7960  L_grcl=  1.12  L_cov= 0.13  L_cons=0.000  L_tot=  1.12  diag=+0.983  mix=[cap:100/ref:116/nl:104]  β=0.047  α_t=0.047  (6177s)
step  7980  L_grcl=  1.14  L_cov= 0.11  L_cons=0.000  L_tot=  1.14  diag=+0.983  mix=[cap:102/ref:121/nl:97]  β=0.047  α_t=0.047  (6192s)
step  8000  L_grcl=  1.19  L_cov= 0.11  L_cons=0.000  L_tot=  1.19  diag=+0.982  mix=[cap:100/ref:113/nl:107]  β=0.047  α_t=0.047  (6207s)

  [eval @ step 8000] held-out test-A...
    cap-fig cos: +0.9905  (Δ +0.8758)
    R@1/5/10: 12.0% / 51.0% / 80.0%  (Δ +12.0 / +51.0 / +80.0)


[final] test-A:
  cap-fig cos: +0.9905  (init +0.1147, Δ +0.8758)
  R@1/5/10: 12.0% / 51.0% / 80.0%
  init R@1/5/10: 0.0% / 0.0% / 0.0%

saved → /home/work/dl/dl_project/eval/results/experiments/a_baseline_infonce/train.json
[main1:70483:0:70483] Caught signal 11 (Segmentation fault: address not mapped to object at address 0x7f0352fadec0)
==== backtrace (tid:  70483) ====
 0  /opt/hpcx/ucx/lib/libucs.so.0(ucs_handle_error+0x2e4) [0x7f02dc707774]
 1  /opt/hpcx/ucx/lib/libucs.so.0(+0x3796a) [0x7f02dc70796a]
 2  /opt/hpcx/ucx/lib/libucs.so.0(+0x37ba8) [0x7f02dc707ba8]
 3  /usr/lib/x86_64-linux-gnu/libc.so.6(+0x45330) [0x7f0353233330]
 4  /usr/lib/x86_64-linux-gnu/libnvidia-ml.so.575.51.03(+0x336c1) [0x7f034c8336c1]
 5  /usr/lib/x86_64-linux-gnu/libnvidia-ml.so.575.51.03(nvmlShutdown+0xe) [0x7f034c81cfae]
 6  /opt/kernel/libcudahook.ubuntu18.04.x86_64.so(+0xc3caf) [0x7f03534c3caf]
 7  /opt/kernel/libcudahook.ubuntu18.04.x86_64.so(+0xc3d48) [0x7f03534c3d48]
 8  /opt/kernel/libcudahook.ubuntu18.04.x86_64.so(+0xc3a2d) [0x7f03534c3a2d]
 9  /lib64/ld-linux-x86-64.so.2(+0x10f2) [0x7f035405e0f2]
10  /lib64/ld-linux-x86-64.so.2(+0x5578) [0x7f0354062578]
11  /usr/lib/x86_64-linux-gnu/libc.so.6(+0x47a76) [0x7f0353235a76]
12  /usr/lib/x86_64-linux-gnu/libc.so.6(+0x47bbe) [0x7f0353235bbe]
13  /usr/lib/x86_64-linux-gnu/libc.so.6(+0x2a1d1) [0x7f03532181d1]
14  /usr/lib/x86_64-linux-gnu/libc.so.6(__libc_start_main+0x8b) [0x7f035321828b]
15  /usr/bin/python(_start+0x25) [0x657ce5]
=================================
  training exited with code -11 but train.json + ckpt look complete — treating as success
  training done in 105.9 min

--- Evaluation ---
$ /usr/bin/python -m pipeline.eval_full --out /home/work/dl/dl_project/eval/results/experiments/a_baseline_infonce/eval.json --device cuda --ckpt ckpt/a_baseline_infonce.pt --lora_rank 8 --lora_alpha 16 --hf_id google/siglip2-base-patch16-224 --gpe_facets type,role,depth,pos --datasets spiqa_testA sciegqa mmdocir
device: cuda
[ElementTokenEncoder] loading google/siglip2-base-patch16-224
Using a slow image processor as `use_fast` is unset and a slow processor was saved with this model. `use_fast=True` will be the default behavior in v4.52, even if the model was saved with a slow processor. This will result in minor differences in outputs. You'll still be able to use a slow processor with `use_fast=False`.
[ElementTokenEncoder] LoRA r=8 α=16 targets=['q_proj', 'k_proj', 'v_proj', 'out_proj'] applied (d_text=768, d_vision=768, cls=False)
trainable params: 1,191,936 || all params: 376,379,906 || trainable%: 0.3167
[eval_full] loaded checkpoint: ckpt/a_baseline_infonce.pt

[eval] SPIQA test-A
  graph: 118 docs, elements: 9039, queries: 666
  [5/118 docs, 26/666 queries] 3s
  [10/118 docs, 59/666 queries] 5s
  [15/118 docs, 82/666 queries] 7s
  [20/118 docs, 105/666 queries] 9s
  [25/118 docs, 132/666 queries] 11s
  [30/118 docs, 161/666 queries] 14s
  [35/118 docs, 181/666 queries] 15s
  [40/118 docs, 217/666 queries] 18s
  [45/118 docs, 242/666 queries] 20s
  [50/118 docs, 269/666 queries] 23s
  [55/118 docs, 285/666 queries] 24s
  [60/118 docs, 313/666 queries] 26s
  [65/118 docs, 352/666 queries] 29s
  [70/118 docs, 396/666 queries] 33s
  [75/118 docs, 445/666 queries] 36s
  [80/118 docs, 481/666 queries] 39s
  [85/118 docs, 514/666 queries] 42s
  [90/118 docs, 535/666 queries] 44s
  [95/118 docs, 560/666 queries] 46s
  [100/118 docs, 590/666 queries] 48s
  [105/118 docs, 616/666 queries] 50s
  [110/118 docs, 640/666 queries] 52s
  [115/118 docs, 663/666 queries] 54s
  done in 55s

[eval] SciEGQA
  graph: 80 docs, elements: 29412, queries: 1623
  [5/80 docs, 108/1623 queries] 11s
  [10/80 docs, 218/1623 queries] 26s
  [15/80 docs, 325/1623 queries] 37s
  [20/80 docs, 427/1623 queries] 60s
  [25/80 docs, 532/1623 queries] 73s
  [30/80 docs, 630/1623 queries] 89s
  [35/80 docs, 733/1623 queries] 105s
  [40/80 docs, 818/1623 queries] 113s
  [45/80 docs, 927/1623 queries] 126s
  [50/80 docs, 1031/1623 queries] 137s
  [55/80 docs, 1102/1623 queries] 148s
  [60/80 docs, 1207/1623 queries] 159s
  [65/80 docs, 1314/1623 queries] 178s
  [70/80 docs, 1423/1623 queries] 195s
  [75/80 docs, 1513/1623 queries] 205s
  [80/80 docs, 1623/1623 queries] 221s
  done in 221s

[eval] MMDocIR
  graph: 75 docs, elements: 15032, queries: 389
  [5/75 docs, 31/389 queries] 5s
  [10/75 docs, 58/389 queries] 8s
  [15/75 docs, 87/389 queries] 14s
  [20/75 docs, 116/389 queries] 17s
  [25/75 docs, 137/389 queries] 19s
  [30/75 docs, 162/389 queries] 21s
  [35/75 docs, 187/389 queries] 23s
  [40/75 docs, 212/389 queries] 25s
  [45/75 docs, 243/389 queries] 28s
  [50/75 docs, 267/389 queries] 30s
  [55/75 docs, 288/389 queries] 31s
  [60/75 docs, 306/389 queries] 33s
  [65/75 docs, 332/389 queries] 35s
  [70/75 docs, 364/389 queries] 37s
  [75/75 docs, 389/389 queries] 39s
  done in 39s

saved → /home/work/dl/dl_project/eval/results/experiments/a_baseline_infonce/eval.json

=== Summary ===

SPIQA test-A:
  [no_prop] mrr=0.3283  recall@10=0.8438  hit@10=0.8438  coverage@10=0.8438  perfect@10=0.8438
  [uniform_a01_T2] mrr=0.2758  recall@10=0.7102  hit@10=0.7102  coverage@10=0.7102  perfect@10=0.7102
  [uniform_a03_T1] mrr=0.2749  recall@10=0.7057  hit@10=0.7057  coverage@10=0.7057  perfect@10=0.7057
  [uniform_a03_T2] mrr=0.2705  recall@10=0.6471  hit@10=0.6471  coverage@10=0.6471  perfect@10=0.6471
  [uniform_a03_T3] mrr=0.2812  recall@10=0.6712  hit@10=0.6712  coverage@10=0.6712  perfect@10=0.6712
  [uniform_a05_T2] mrr=0.2780  recall@10=0.6547  hit@10=0.6547  coverage@10=0.6547  perfect@10=0.6547
  [wbase_a03_T2] mrr=0.2923  recall@10=0.6922  hit@10=0.6922  coverage@10=0.6922  perfect@10=0.6922
  [wbase_role_a03_T2] mrr=0.2923  recall@10=0.6922  hit@10=0.6922  coverage@10=0.6922  perfect@10=0.6922
  [wbase_vis_a03_T2] mrr=0.2933  recall@10=0.6982  hit@10=0.6982  coverage@10=0.6982  perfect@10=0.6982
  [wfull_a03_T2] mrr=0.2933  recall@10=0.6982  hit@10=0.6982  coverage@10=0.6982  perfect@10=0.6982
  [wfull_a01_T2] mrr=0.2986  recall@10=0.7342  hit@10=0.7342  coverage@10=0.7342  perfect@10=0.7342
  [wfull_a05_T2] mrr=0.2998  recall@10=0.6787  hit@10=0.6787  coverage@10=0.6787  perfect@10=0.6787
  [wfull_a07_T2] mrr=0.2761  recall@10=0.6381  hit@10=0.6381  coverage@10=0.6381  perfect@10=0.6381
  [wfull_a03_T1] mrr=0.3041  recall@10=0.7568  hit@10=0.7568  coverage@10=0.7568  perfect@10=0.7568
  [wfull_a03_T3] mrr=0.2996  recall@10=0.6817  hit@10=0.6817  coverage@10=0.6817  perfect@10=0.6817
  [ppr_a015] mrr=0.2737  recall@10=0.6231  hit@10=0.6231  coverage@10=0.6231  perfect@10=0.6231
  [ppr_a030] mrr=0.2832  recall@10=0.6411  hit@10=0.6411  coverage@10=0.6411  perfect@10=0.6411
  [ppr_a050] mrr=0.3042  recall@10=0.6787  hit@10=0.6787  coverage@10=0.6787  perfect@10=0.6787
  [ppr_a070] mrr=0.3008  recall@10=0.7087  hit@10=0.7087  coverage@10=0.7087  perfect@10=0.7087
  [ppr_a085] mrr=0.3018  recall@10=0.7222  hit@10=0.7222  coverage@10=0.7222  perfect@10=0.7222
  [ppr_unif_a030] mrr=0.2902  recall@10=0.6306  hit@10=0.6306  coverage@10=0.6306  perfect@10=0.6306
  [ppr_unif_a050] mrr=0.2835  recall@10=0.6742  hit@10=0.6742  coverage@10=0.6742  perfect@10=0.6742
  [prop_a03_T2] mrr=0.2933  recall@10=0.6982  hit@10=0.6982  coverage@10=0.6982  perfect@10=0.6982
  [prop_a01_T2] mrr=0.2986  recall@10=0.7342  hit@10=0.7342  coverage@10=0.7342  perfect@10=0.7342
  [prop_a05_T2] mrr=0.2998  recall@10=0.6787  hit@10=0.6787  coverage@10=0.6787  perfect@10=0.6787
  [prop_a07_T2] mrr=0.2761  recall@10=0.6381  hit@10=0.6381  coverage@10=0.6381  perfect@10=0.6381
  [prop_a03_T1] mrr=0.3041  recall@10=0.7568  hit@10=0.7568  coverage@10=0.7568  perfect@10=0.7568
  [prop_a03_T3] mrr=0.2996  recall@10=0.6817  hit@10=0.6817  coverage@10=0.6817  perfect@10=0.6817

SciEGQA:
  [no_prop] mrr=0.0287  recall@10=0.0090  hit@10=0.0616  coverage@10=0.0090  perfect@10=0.0092  cross_page_hit=0.2405
  [uniform_a01_T2] mrr=0.0295  recall@10=0.0124  hit@10=0.0591  coverage@10=0.0124  perfect@10=0.0117  cross_page_hit=0.1646
  [uniform_a03_T1] mrr=0.0287  recall@10=0.0126  hit@10=0.0591  coverage@10=0.0126  perfect@10=0.0117  cross_page_hit=0.1677
  [uniform_a03_T2] mrr=0.0311  recall@10=0.0130  hit@10=0.0579  coverage@10=0.0130  perfect@10=0.0123  cross_page_hit=0.1614
  [uniform_a03_T3] mrr=0.0311  recall@10=0.0128  hit@10=0.0573  coverage@10=0.0128  perfect@10=0.0123  cross_page_hit=0.1487
  [uniform_a05_T2] mrr=0.0311  recall@10=0.0128  hit@10=0.0573  coverage@10=0.0128  perfect@10=0.0123  cross_page_hit=0.1551
  [wbase_a03_T2] mrr=0.0319  recall@10=0.0130  hit@10=0.0579  coverage@10=0.0130  perfect@10=0.0123  cross_page_hit=0.1614
  [wbase_role_a03_T2] mrr=0.0319  recall@10=0.0130  hit@10=0.0579  coverage@10=0.0130  perfect@10=0.0123  cross_page_hit=0.1614
  [wbase_vis_a03_T2] mrr=0.0319  recall@10=0.0130  hit@10=0.0579  coverage@10=0.0130  perfect@10=0.0123  cross_page_hit=0.1614
  [wfull_a03_T2] mrr=0.0319  recall@10=0.0130  hit@10=0.0579  coverage@10=0.0130  perfect@10=0.0123  cross_page_hit=0.1614
  [wfull_a01_T2] mrr=0.0300  recall@10=0.0126  hit@10=0.0591  coverage@10=0.0126  perfect@10=0.0117  cross_page_hit=0.1646
  [wfull_a05_T2] mrr=0.0319  recall@10=0.0128  hit@10=0.0573  coverage@10=0.0128  perfect@10=0.0123  cross_page_hit=0.1551
  [wfull_a07_T2] mrr=0.0318  recall@10=0.0134  hit@10=0.0579  coverage@10=0.0134  perfect@10=0.0129  cross_page_hit=0.1582
  [wfull_a03_T1] mrr=0.0300  recall@10=0.0126  hit@10=0.0591  coverage@10=0.0126  perfect@10=0.0117  cross_page_hit=0.1677
  [wfull_a03_T3] mrr=0.0318  recall@10=0.0128  hit@10=0.0573  coverage@10=0.0128  perfect@10=0.0123  cross_page_hit=0.1487
  [ppr_a015] mrr=0.0317  recall@10=0.0136  hit@10=0.0555  coverage@10=0.0136  perfect@10=0.0129  cross_page_hit=0.1424
  [ppr_a030] mrr=0.0318  recall@10=0.0133  hit@10=0.0561  coverage@10=0.0133  perfect@10=0.0123  cross_page_hit=0.1551
  [ppr_a050] mrr=0.0313  recall@10=0.0134  hit@10=0.0567  coverage@10=0.0134  perfect@10=0.0123  cross_page_hit=0.1582
  [ppr_a070] mrr=0.0314  recall@10=0.0133  hit@10=0.0579  coverage@10=0.0133  perfect@10=0.0123  cross_page_hit=0.1582
  [ppr_a085] mrr=0.0313  recall@10=0.0126  hit@10=0.0591  coverage@10=0.0126  perfect@10=0.0117  cross_page_hit=0.1614
  [ppr_unif_a030] mrr=0.0310  recall@10=0.0133  hit@10=0.0561  coverage@10=0.0133  perfect@10=0.0123  cross_page_hit=0.1551
  [ppr_unif_a050] mrr=0.0305  recall@10=0.0134  hit@10=0.0567  coverage@10=0.0134  perfect@10=0.0123  cross_page_hit=0.1582
  [prop_a03_T2] mrr=0.0319  recall@10=0.0130  hit@10=0.0579  coverage@10=0.0130  perfect@10=0.0123  cross_page_hit=0.1614
  [prop_a01_T2] mrr=0.0300  recall@10=0.0126  hit@10=0.0591  coverage@10=0.0126  perfect@10=0.0117  cross_page_hit=0.1646
  [prop_a05_T2] mrr=0.0319  recall@10=0.0128  hit@10=0.0573  coverage@10=0.0128  perfect@10=0.0123  cross_page_hit=0.1551
  [prop_a07_T2] mrr=0.0318  recall@10=0.0134  hit@10=0.0579  coverage@10=0.0134  perfect@10=0.0129  cross_page_hit=0.1582
  [prop_a03_T1] mrr=0.0300  recall@10=0.0126  hit@10=0.0591  coverage@10=0.0126  perfect@10=0.0117  cross_page_hit=0.1677
  [prop_a03_T3] mrr=0.0318  recall@10=0.0128  hit@10=0.0573  coverage@10=0.0128  perfect@10=0.0123  cross_page_hit=0.1487

MMDocIR:
  [no_prop] mrr=0.0274  recall@10=0.0200  hit@10=0.0334  coverage@10=0.0200  perfect@10=0.0257  cross_page_hit=0.1864
  [uniform_a01_T2] mrr=0.0251  recall@10=0.0375  hit@10=0.0514  coverage@10=0.0375  perfect@10=0.0386  cross_page_hit=0.0678
  [uniform_a03_T1] mrr=0.0261  recall@10=0.0349  hit@10=0.0488  coverage@10=0.0349  perfect@10=0.0360  cross_page_hit=0.0678
  [uniform_a03_T2] mrr=0.0279  recall@10=0.0375  hit@10=0.0514  coverage@10=0.0375  perfect@10=0.0386  cross_page_hit=0.0678
  [uniform_a03_T3] mrr=0.0276  recall@10=0.0366  hit@10=0.0488  coverage@10=0.0366  perfect@10=0.0386  cross_page_hit=0.0508
  [uniform_a05_T2] mrr=0.0278  recall@10=0.0401  hit@10=0.0540  coverage@10=0.0401  perfect@10=0.0411  cross_page_hit=0.0508
  [wbase_a03_T2] mrr=0.0279  recall@10=0.0375  hit@10=0.0514  coverage@10=0.0375  perfect@10=0.0386  cross_page_hit=0.0678
  [wbase_role_a03_T2] mrr=0.0279  recall@10=0.0375  hit@10=0.0514  coverage@10=0.0375  perfect@10=0.0386  cross_page_hit=0.0678
  [wbase_vis_a03_T2] mrr=0.0279  recall@10=0.0375  hit@10=0.0514  coverage@10=0.0375  perfect@10=0.0386  cross_page_hit=0.0678
  [wfull_a03_T2] mrr=0.0279  recall@10=0.0375  hit@10=0.0514  coverage@10=0.0375  perfect@10=0.0386  cross_page_hit=0.0678
  [wfull_a01_T2] mrr=0.0251  recall@10=0.0375  hit@10=0.0514  coverage@10=0.0375  perfect@10=0.0386  cross_page_hit=0.0678
  [wfull_a05_T2] mrr=0.0278  recall@10=0.0401  hit@10=0.0540  coverage@10=0.0401  perfect@10=0.0411  cross_page_hit=0.0508
  [wfull_a07_T2] mrr=0.0279  recall@10=0.0405  hit@10=0.0514  coverage@10=0.0405  perfect@10=0.0437  cross_page_hit=0.0678
  [wfull_a03_T1] mrr=0.0261  recall@10=0.0349  hit@10=0.0488  coverage@10=0.0349  perfect@10=0.0360  cross_page_hit=0.0678
  [wfull_a03_T3] mrr=0.0276  recall@10=0.0366  hit@10=0.0488  coverage@10=0.0366  perfect@10=0.0386  cross_page_hit=0.0508
  [ppr_a015] mrr=0.0274  recall@10=0.0366  hit@10=0.0488  coverage@10=0.0366  perfect@10=0.0386  cross_page_hit=0.0508
  [ppr_a030] mrr=0.0278  recall@10=0.0341  hit@10=0.0463  coverage@10=0.0341  perfect@10=0.0360  cross_page_hit=0.0678
  [ppr_a050] mrr=0.0251  recall@10=0.0341  hit@10=0.0463  coverage@10=0.0341  perfect@10=0.0360  cross_page_hit=0.0678
  [ppr_a070] mrr=0.0246  recall@10=0.0366  hit@10=0.0488  coverage@10=0.0366  perfect@10=0.0386  cross_page_hit=0.0678
  [ppr_a085] mrr=0.0247  recall@10=0.0375  hit@10=0.0514  coverage@10=0.0375  perfect@10=0.0386  cross_page_hit=0.0678
  [ppr_unif_a030] mrr=0.0278  recall@10=0.0341  hit@10=0.0463  coverage@10=0.0341  perfect@10=0.0360  cross_page_hit=0.0678
  [ppr_unif_a050] mrr=0.0251  recall@10=0.0341  hit@10=0.0463  coverage@10=0.0341  perfect@10=0.0360  cross_page_hit=0.0678
  [prop_a03_T2] mrr=0.0279  recall@10=0.0375  hit@10=0.0514  coverage@10=0.0375  perfect@10=0.0386  cross_page_hit=0.0678
  [prop_a01_T2] mrr=0.0251  recall@10=0.0375  hit@10=0.0514  coverage@10=0.0375  perfect@10=0.0386  cross_page_hit=0.0678
  [prop_a05_T2] mrr=0.0278  recall@10=0.0401  hit@10=0.0540  coverage@10=0.0401  perfect@10=0.0411  cross_page_hit=0.0508
  [prop_a07_T2] mrr=0.0279  recall@10=0.0405  hit@10=0.0514  coverage@10=0.0405  perfect@10=0.0437  cross_page_hit=0.0678
  [prop_a03_T1] mrr=0.0261  recall@10=0.0349  hit@10=0.0488  coverage@10=0.0349  perfect@10=0.0360  cross_page_hit=0.0678
  [prop_a03_T3] mrr=0.0276  recall@10=0.0366  hit@10=0.0488  coverage@10=0.0366  perfect@10=0.0386  cross_page_hit=0.0508
[main1:100219:0:100219] Caught signal 11 (Segmentation fault: address not mapped to object at address 0x7f94d2dadec0)
==== backtrace (tid: 100219) ====
 0  /opt/hpcx/ucx/lib/libucs.so.0(ucs_handle_error+0x2e4) [0x7f94c1106774]
 1  /opt/hpcx/ucx/lib/libucs.so.0(+0x3796a) [0x7f94c110696a]
 2  /opt/hpcx/ucx/lib/libucs.so.0(+0x37ba8) [0x7f94c1106ba8]
 3  /usr/lib/x86_64-linux-gnu/libc.so.6(+0x45330) [0x7f94d3033330]
 4  /usr/lib/x86_64-linux-gnu/libnvidia-ml.so.575.51.03(+0x336c1) [0x7f94cc6336c1]
 5  /usr/lib/x86_64-linux-gnu/libnvidia-ml.so.575.51.03(nvmlShutdown+0xe) [0x7f94cc61cfae]
 6  /opt/kernel/libcudahook.ubuntu18.04.x86_64.so(+0xc3caf) [0x7f94d32c3caf]
 7  /opt/kernel/libcudahook.ubuntu18.04.x86_64.so(+0xc3d48) [0x7f94d32c3d48]
 8  /opt/kernel/libcudahook.ubuntu18.04.x86_64.so(+0xc3a2d) [0x7f94d32c3a2d]
 9  /lib64/ld-linux-x86-64.so.2(+0x10f2) [0x7f94d3db30f2]
10  /lib64/ld-linux-x86-64.so.2(+0x5578) [0x7f94d3db7578]
11  /usr/lib/x86_64-linux-gnu/libc.so.6(+0x47a76) [0x7f94d3035a76]
12  /usr/lib/x86_64-linux-gnu/libc.so.6(+0x47bbe) [0x7f94d3035bbe]
13  /usr/lib/x86_64-linux-gnu/libc.so.6(+0x2a1d1) [0x7f94d30181d1]
14  /usr/lib/x86_64-linux-gnu/libc.so.6(__libc_start_main+0x8b) [0x7f94d301828b]
15  /usr/bin/python(_start+0x25) [0x657ce5]
=================================
  eval exited with code -11 but eval.json looks complete — treating as success
  eval done in 6.5 min

=== Experiment a complete → /home/work/dl/dl_project/eval/results/experiments/a_baseline_infonce/summary.json ===
