=== Experiment row c: gpe_type_role_infonce ===
  description: LoRA + InfoNCE + GPE (type + role)
  output dir:  /home/work/dl/dl_project/eval/results/experiments/c_gpe_type_role_infonce
  checkpoint:  ckpt/c_gpe_type_role_infonce.pt

--- Training ---
$ /usr/bin/python -m pipeline.trainer --config c --out /home/work/dl/dl_project/eval/results/experiments/c_gpe_type_role_infonce/train.json --save_ckpt ckpt/c_gpe_type_role_infonce.pt
device: cuda
args: {'config': 'c', 'train_sample': 0, 'steps': 8000, 'batch': 16, 'pool': 12, 'lr': 3e-05, 'lora_rank': 8, 'tau': 0.07, 'lambda_cov': 0.0, 'lambda_cons': 0.0, 'use_gpe': 1, 'loss_type': 'infonce', 'infonce_threshold': 0.5, 'anchor_kind': 'mixed', 'warmup_steps': 200, 'weight_decay': 0.01, 'eval_every': 500, 'eval_cf_pairs': 200, 'eval_recall_n': 200, 'seed': 42, 'out': '/home/work/dl/dl_project/eval/results/experiments/c_gpe_type_role_infonce/train.json', 'save_ckpt': 'ckpt/c_gpe_type_role_infonce.pt', 'gamma': 0.5, 'gpe_facets': 'type,role', 'lora_alpha': 16, 'hf_id': 'google/siglip2-base-patch16-224', 'edge_types_only': None, 'query_pe_dropout': 0.5, 'section_role_mode': 'normal', 'tokens_per_visual': 0}

[1/3] loading SPIQA test-A (held-out eval)...
  loading element_graph_v2.json
    118 papers kept
  loading elements_v2.jsonl
    9,039 element records kept
  loading SPIQA_testA.json
    666 QA pairs kept
    caption_of: 1,115  refer_to: 1,191  (skipped 0 due to missing image)

[2/3] loading SPIQA train (sample N=0)...
  loading element_graph_v2.json
    25,459 papers kept
  loading elements_v2.jsonl
    1,873,124 element records kept
  loading SPIQA_train.json
    262,524 QA pairs kept
    caption_of: 262,524  refer_to: 231,101  (skipped 0 due to missing image)

[3/3] building encoder...
[ElementTokenEncoder] loading google/siglip2-base-patch16-224
Using a slow image processor as `use_fast` is unset and a slow processor was saved with this model. `use_fast=True` will be the default behavior in v4.52, even if the model was saved with a slow processor. This will result in minor differences in outputs. You'll still be able to use a slow processor with `use_fast=False`.
[ElementTokenEncoder] LoRA r=8 α=16 targets=['q_proj', 'k_proj', 'v_proj', 'out_proj'] applied (d_text=768, d_vision=768, cls=False)
trainable params: 1,191,936 || all params: 376,379,906 || trainable%: 0.3167

[eval 0] held-out test-A baseline...
  caption-figure cos: +0.1147
  Recall@1/5/10 (n=200): 0.0% / 0.0% / 0.0%
/home/work/dl/dl_project/pipeline/graph_pe.py:112: UserWarning: Converting a tensor with requires_grad=True to a scalar may lead to unexpected behavior.
Consider using tensor.detach() first. (Triggered internally at /opt/pytorch/pytorch/aten/src/ATen/native/Scalar.cpp:22.)
  "type": torch.sigmoid(self.raw_alpha_type).item(),
step    20  L_grcl=253.29  L_cov=55.49  L_cons=0.000  L_tot=253.29  diag=+0.116  mix=[cap:104/ref:110/nl:106]  β=0.047  α_t=0.047  (15s)
step    40  L_grcl=252.20  L_cov=55.03  L_cons=0.000  L_tot=252.20  diag=+0.136  mix=[cap:120/ref:109/nl:91]  β=0.047  α_t=0.047  (30s)
step    60  L_grcl=227.85  L_cov=50.06  L_cons=0.000  L_tot=227.85  diag=+0.175  mix=[cap:85/ref:117/nl:118]  β=0.047  α_t=0.047  (45s)
step    80  L_grcl=218.34  L_cov=45.00  L_cons=0.000  L_tot=218.34  diag=+0.238  mix=[cap:105/ref:113/nl:102]  β=0.047  α_t=0.047  (60s)
step   100  L_grcl=187.49  L_cov=38.94  L_cons=0.000  L_tot=187.49  diag=+0.339  mix=[cap:108/ref:109/nl:103]  β=0.047  α_t=0.047  (75s)
step   120  L_grcl=156.76  L_cov=29.49  L_cons=0.000  L_tot=156.76  diag=+0.465  mix=[cap:117/ref:113/nl:90]  β=0.047  α_t=0.047  (89s)
step   140  L_grcl=108.47  L_cov=18.50  L_cons=0.000  L_tot=108.47  diag=+0.570  mix=[cap:99/ref:118/nl:103]  β=0.047  α_t=0.047  (103s)
step   160  L_grcl= 76.98  L_cov=10.56  L_cons=0.000  L_tot= 76.98  diag=+0.646  mix=[cap:106/ref:117/nl:97]  β=0.047  α_t=0.047  (117s)
step   180  L_grcl= 51.49  L_cov= 5.15  L_cons=0.000  L_tot= 51.49  diag=+0.683  mix=[cap:107/ref:99/nl:114]  β=0.047  α_t=0.047  (132s)
step   200  L_grcl= 34.20  L_cov= 2.36  L_cons=0.000  L_tot= 34.20  diag=+0.742  mix=[cap:112/ref:109/nl:99]  β=0.047  α_t=0.047  (146s)
step   220  L_grcl= 17.94  L_cov= 0.58  L_cons=0.000  L_tot= 17.94  diag=+0.791  mix=[cap:129/ref:113/nl:78]  β=0.047  α_t=0.047  (160s)
step   240  L_grcl= 10.03  L_cov= 0.16  L_cons=0.000  L_tot= 10.03  diag=+0.825  mix=[cap:124/ref:109/nl:87]  β=0.047  α_t=0.047  (175s)
step   260  L_grcl=  6.90  L_cov= 0.13  L_cons=0.000  L_tot=  6.90  diag=+0.862  mix=[cap:106/ref:114/nl:100]  β=0.047  α_t=0.047  (189s)
step   280  L_grcl=  5.05  L_cov= 0.11  L_cons=0.000  L_tot=  5.05  diag=+0.890  mix=[cap:96/ref:129/nl:95]  β=0.047  α_t=0.047  (203s)
step   300  L_grcl=  3.32  L_cov= 0.14  L_cons=0.000  L_tot=  3.32  diag=+0.907  mix=[cap:116/ref:99/nl:105]  β=0.048  α_t=0.047  (218s)
step   320  L_grcl=  2.47  L_cov= 0.15  L_cons=0.000  L_tot=  2.47  diag=+0.927  mix=[cap:88/ref:126/nl:106]  β=0.048  α_t=0.047  (232s)
step   340  L_grcl=  2.28  L_cov= 0.22  L_cons=0.000  L_tot=  2.28  diag=+0.939  mix=[cap:120/ref:105/nl:95]  β=0.048  α_t=0.047  (247s)
step   360  L_grcl=  2.16  L_cov= 0.19  L_cons=0.000  L_tot=  2.16  diag=+0.952  mix=[cap:88/ref:120/nl:112]  β=0.048  α_t=0.047  (261s)
step   380  L_grcl=  1.75  L_cov= 0.22  L_cons=0.000  L_tot=  1.75  diag=+0.959  mix=[cap:92/ref:113/nl:115]  β=0.048  α_t=0.047  (276s)
step   400  L_grcl=  2.31  L_cov= 0.18  L_cons=0.000  L_tot=  2.31  diag=+0.964  mix=[cap:108/ref:127/nl:85]  β=0.048  α_t=0.048  (290s)
step   420  L_grcl=  1.78  L_cov= 0.16  L_cons=0.000  L_tot=  1.78  diag=+0.970  mix=[cap:115/ref:111/nl:94]  β=0.048  α_t=0.048  (304s)
step   440  L_grcl=  1.59  L_cov= 0.17  L_cons=0.000  L_tot=  1.59  diag=+0.974  mix=[cap:113/ref:108/nl:99]  β=0.048  α_t=0.048  (319s)
step   460  L_grcl=  1.80  L_cov= 0.23  L_cons=0.000  L_tot=  1.80  diag=+0.975  mix=[cap:109/ref:104/nl:107]  β=0.048  α_t=0.048  (333s)
step   480  L_grcl=  1.59  L_cov= 0.22  L_cons=0.000  L_tot=  1.59  diag=+0.979  mix=[cap:93/ref:121/nl:106]  β=0.048  α_t=0.048  (347s)
step   500  L_grcl=  1.57  L_cov= 0.21  L_cons=0.000  L_tot=  1.57  diag=+0.981  mix=[cap:131/ref:97/nl:92]  β=0.048  α_t=0.048  (362s)

  [eval @ step 500] held-out test-A...
    cap-fig cos: +0.9838  (Δ +0.8691)
    R@1/5/10: 6.0% / 38.0% / 70.5%  (Δ +6.0 / +38.0 / +70.5)
    [ckpt saved @ step 500 R@10=70.5%]

step   520  L_grcl=  1.60  L_cov= 0.23  L_cons=0.000  L_tot=  1.60  diag=+0.982  mix=[cap:105/ref:103/nl:112]  β=0.048  α_t=0.048  (396s)
step   540  L_grcl=  1.63  L_cov= 0.19  L_cons=0.000  L_tot=  1.63  diag=+0.983  mix=[cap:103/ref:125/nl:92]  β=0.048  α_t=0.048  (411s)
step   560  L_grcl=  1.63  L_cov= 0.20  L_cons=0.000  L_tot=  1.63  diag=+0.985  mix=[cap:102/ref:121/nl:97]  β=0.048  α_t=0.048  (425s)
step   580  L_grcl=  1.45  L_cov= 0.22  L_cons=0.000  L_tot=  1.45  diag=+0.985  mix=[cap:111/ref:111/nl:98]  β=0.048  α_t=0.048  (440s)
step   600  L_grcl=  1.60  L_cov= 0.22  L_cons=0.000  L_tot=  1.60  diag=+0.986  mix=[cap:98/ref:120/nl:102]  β=0.048  α_t=0.048  (454s)
step   620  L_grcl=  1.43  L_cov= 0.22  L_cons=0.000  L_tot=  1.43  diag=+0.986  mix=[cap:108/ref:114/nl:98]  β=0.048  α_t=0.048  (469s)
step   640  L_grcl=  1.53  L_cov= 0.22  L_cons=0.000  L_tot=  1.53  diag=+0.985  mix=[cap:108/ref:106/nl:106]  β=0.048  α_t=0.048  (484s)
step   660  L_grcl=  1.56  L_cov= 0.22  L_cons=0.000  L_tot=  1.56  diag=+0.984  mix=[cap:100/ref:115/nl:105]  β=0.048  α_t=0.048  (498s)
step   680  L_grcl=  1.56  L_cov= 0.24  L_cons=0.000  L_tot=  1.56  diag=+0.985  mix=[cap:99/ref:113/nl:108]  β=0.048  α_t=0.048  (513s)
step   700  L_grcl=  1.64  L_cov= 0.22  L_cons=0.000  L_tot=  1.64  diag=+0.985  mix=[cap:94/ref:116/nl:110]  β=0.048  α_t=0.048  (527s)
step   720  L_grcl=  1.58  L_cov= 0.23  L_cons=0.000  L_tot=  1.58  diag=+0.986  mix=[cap:100/ref:116/nl:104]  β=0.048  α_t=0.048  (541s)
step   740  L_grcl=  1.49  L_cov= 0.23  L_cons=0.000  L_tot=  1.49  diag=+0.987  mix=[cap:106/ref:104/nl:110]  β=0.048  α_t=0.048  (555s)
step   760  L_grcl=  1.60  L_cov= 0.25  L_cons=0.000  L_tot=  1.60  diag=+0.987  mix=[cap:97/ref:102/nl:121]  β=0.048  α_t=0.048  (570s)
step   780  L_grcl=  1.48  L_cov= 0.25  L_cons=0.000  L_tot=  1.48  diag=+0.986  mix=[cap:93/ref:107/nl:120]  β=0.049  α_t=0.048  (585s)
step   800  L_grcl=  1.45  L_cov= 0.22  L_cons=0.000  L_tot=  1.45  diag=+0.986  mix=[cap:98/ref:102/nl:120]  β=0.049  α_t=0.048  (599s)
step   820  L_grcl=  1.50  L_cov= 0.20  L_cons=0.000  L_tot=  1.50  diag=+0.987  mix=[cap:108/ref:107/nl:105]  β=0.049  α_t=0.049  (613s)
step   840  L_grcl=  1.50  L_cov= 0.21  L_cons=0.000  L_tot=  1.50  diag=+0.986  mix=[cap:106/ref:117/nl:97]  β=0.049  α_t=0.049  (628s)
step   860  L_grcl=  1.43  L_cov= 0.23  L_cons=0.000  L_tot=  1.43  diag=+0.987  mix=[cap:92/ref:117/nl:111]  β=0.049  α_t=0.049  (642s)
step   880  L_grcl=  1.47  L_cov= 0.20  L_cons=0.000  L_tot=  1.47  diag=+0.988  mix=[cap:99/ref:112/nl:109]  β=0.049  α_t=0.049  (657s)
step   900  L_grcl=  1.58  L_cov= 0.23  L_cons=0.000  L_tot=  1.58  diag=+0.988  mix=[cap:108/ref:106/nl:106]  β=0.049  α_t=0.049  (672s)
step   920  L_grcl=  1.38  L_cov= 0.22  L_cons=0.000  L_tot=  1.38  diag=+0.988  mix=[cap:91/ref:123/nl:106]  β=0.049  α_t=0.049  (686s)
step   940  L_grcl=  1.45  L_cov= 0.22  L_cons=0.000  L_tot=  1.45  diag=+0.988  mix=[cap:104/ref:108/nl:108]  β=0.049  α_t=0.049  (700s)
step   960  L_grcl=  1.44  L_cov= 0.22  L_cons=0.000  L_tot=  1.44  diag=+0.988  mix=[cap:101/ref:101/nl:118]  β=0.049  α_t=0.049  (715s)
step   980  L_grcl=  1.45  L_cov= 0.23  L_cons=0.000  L_tot=  1.45  diag=+0.987  mix=[cap:85/ref:117/nl:118]  β=0.049  α_t=0.049  (729s)
step  1000  L_grcl=  1.27  L_cov= 0.20  L_cons=0.000  L_tot=  1.27  diag=+0.987  mix=[cap:118/ref:118/nl:84]  β=0.049  α_t=0.049  (744s)

  [eval @ step 1000] held-out test-A...
    cap-fig cos: +0.9887  (Δ +0.8740)
    R@1/5/10: 5.5% / 42.0% / 72.5%  (Δ +5.5 / +42.0 / +72.5)
    [ckpt saved @ step 1000 R@10=72.5%]

step  1020  L_grcl=  1.52  L_cov= 0.21  L_cons=0.000  L_tot=  1.52  diag=+0.987  mix=[cap:119/ref:113/nl:88]  β=0.049  α_t=0.049  (776s)
step  1040  L_grcl=  1.41  L_cov= 0.22  L_cons=0.000  L_tot=  1.41  diag=+0.987  mix=[cap:106/ref:107/nl:107]  β=0.049  α_t=0.049  (791s)
step  1060  L_grcl=  1.58  L_cov= 0.21  L_cons=0.000  L_tot=  1.58  diag=+0.987  mix=[cap:107/ref:110/nl:103]  β=0.049  α_t=0.049  (806s)
step  1080  L_grcl=  1.33  L_cov= 0.19  L_cons=0.000  L_tot=  1.33  diag=+0.988  mix=[cap:112/ref:112/nl:96]  β=0.049  α_t=0.049  (820s)
step  1100  L_grcl=  1.49  L_cov= 0.21  L_cons=0.000  L_tot=  1.49  diag=+0.986  mix=[cap:105/ref:116/nl:99]  β=0.049  α_t=0.049  (835s)
step  1120  L_grcl=  1.56  L_cov= 0.24  L_cons=0.000  L_tot=  1.56  diag=+0.986  mix=[cap:121/ref:89/nl:110]  β=0.049  α_t=0.049  (849s)
step  1140  L_grcl=  1.52  L_cov= 0.23  L_cons=0.000  L_tot=  1.52  diag=+0.987  mix=[cap:111/ref:98/nl:111]  β=0.049  α_t=0.049  (864s)
step  1160  L_grcl=  1.32  L_cov= 0.24  L_cons=0.000  L_tot=  1.32  diag=+0.987  mix=[cap:121/ref:95/nl:104]  β=0.049  α_t=0.049  (878s)
step  1180  L_grcl=  1.29  L_cov= 0.18  L_cons=0.000  L_tot=  1.29  diag=+0.986  mix=[cap:121/ref:113/nl:86]  β=0.049  α_t=0.049  (892s)
step  1200  L_grcl=  1.38  L_cov= 0.22  L_cons=0.000  L_tot=  1.38  diag=+0.984  mix=[cap:112/ref:99/nl:109]  β=0.049  α_t=0.049  (907s)
step  1220  L_grcl=  1.37  L_cov= 0.20  L_cons=0.000  L_tot=  1.37  diag=+0.985  mix=[cap:105/ref:109/nl:106]  β=0.049  α_t=0.049  (921s)
step  1240  L_grcl=  1.45  L_cov= 0.21  L_cons=0.000  L_tot=  1.45  diag=+0.985  mix=[cap:111/ref:102/nl:107]  β=0.050  α_t=0.049  (936s)
step  1260  L_grcl=  1.70  L_cov= 0.19  L_cons=0.000  L_tot=  1.70  diag=+0.986  mix=[cap:104/ref:121/nl:95]  β=0.050  α_t=0.049  (950s)
step  1280  L_grcl=  1.42  L_cov= 0.21  L_cons=0.000  L_tot=  1.42  diag=+0.987  mix=[cap:110/ref:105/nl:105]  β=0.050  α_t=0.050  (964s)
step  1300  L_grcl=  1.34  L_cov= 0.17  L_cons=0.000  L_tot=  1.34  diag=+0.987  mix=[cap:107/ref:132/nl:81]  β=0.050  α_t=0.050  (979s)
step  1320  L_grcl=  1.33  L_cov= 0.19  L_cons=0.000  L_tot=  1.33  diag=+0.987  mix=[cap:104/ref:125/nl:91]  β=0.050  α_t=0.050  (993s)
step  1340  L_grcl=  1.43  L_cov= 0.22  L_cons=0.000  L_tot=  1.43  diag=+0.986  mix=[cap:110/ref:103/nl:107]  β=0.050  α_t=0.050  (1010s)
step  1360  L_grcl=  1.43  L_cov= 0.24  L_cons=0.000  L_tot=  1.43  diag=+0.986  mix=[cap:90/ref:108/nl:122]  β=0.050  α_t=0.050  (1025s)
step  1380  L_grcl=  1.44  L_cov= 0.22  L_cons=0.000  L_tot=  1.44  diag=+0.986  mix=[cap:111/ref:104/nl:105]  β=0.050  α_t=0.050  (1040s)
step  1400  L_grcl=  1.38  L_cov= 0.21  L_cons=0.000  L_tot=  1.38  diag=+0.985  mix=[cap:110/ref:99/nl:111]  β=0.050  α_t=0.050  (1054s)
step  1420  L_grcl=  1.45  L_cov= 0.17  L_cons=0.000  L_tot=  1.45  diag=+0.985  mix=[cap:106/ref:120/nl:94]  β=0.050  α_t=0.050  (1069s)
step  1440  L_grcl=  1.36  L_cov= 0.22  L_cons=0.000  L_tot=  1.36  diag=+0.984  mix=[cap:102/ref:107/nl:111]  β=0.050  α_t=0.050  (1083s)
step  1460  L_grcl=  1.37  L_cov= 0.22  L_cons=0.000  L_tot=  1.37  diag=+0.985  mix=[cap:99/ref:114/nl:107]  β=0.050  α_t=0.050  (1098s)
step  1480  L_grcl=  1.44  L_cov= 0.23  L_cons=0.000  L_tot=  1.44  diag=+0.985  mix=[cap:104/ref:88/nl:128]  β=0.050  α_t=0.050  (1112s)
step  1500  L_grcl=  1.39  L_cov= 0.19  L_cons=0.000  L_tot=  1.39  diag=+0.985  mix=[cap:97/ref:108/nl:115]  β=0.050  α_t=0.050  (1127s)

  [eval @ step 1500] held-out test-A...
    cap-fig cos: +0.9884  (Δ +0.8736)
    R@1/5/10: 6.5% / 44.5% / 71.5%  (Δ +6.5 / +44.5 / +71.5)

step  1520  L_grcl=  1.54  L_cov= 0.21  L_cons=0.000  L_tot=  1.54  diag=+0.985  mix=[cap:101/ref:112/nl:107]  β=0.050  α_t=0.050  (1153s)
step  1540  L_grcl=  1.34  L_cov= 0.22  L_cons=0.000  L_tot=  1.34  diag=+0.985  mix=[cap:108/ref:108/nl:104]  β=0.050  α_t=0.050  (1167s)
step  1560  L_grcl=  1.40  L_cov= 0.21  L_cons=0.000  L_tot=  1.40  diag=+0.985  mix=[cap:102/ref:104/nl:114]  β=0.050  α_t=0.050  (1182s)
step  1580  L_grcl=  1.46  L_cov= 0.20  L_cons=0.000  L_tot=  1.46  diag=+0.986  mix=[cap:78/ref:129/nl:113]  β=0.050  α_t=0.050  (1197s)
step  1600  L_grcl=  1.39  L_cov= 0.20  L_cons=0.000  L_tot=  1.39  diag=+0.987  mix=[cap:113/ref:109/nl:98]  β=0.050  α_t=0.050  (1211s)
step  1620  L_grcl=  1.50  L_cov= 0.22  L_cons=0.000  L_tot=  1.50  diag=+0.987  mix=[cap:95/ref:110/nl:115]  β=0.050  α_t=0.050  (1226s)
step  1640  L_grcl=  1.34  L_cov= 0.22  L_cons=0.000  L_tot=  1.34  diag=+0.988  mix=[cap:105/ref:103/nl:112]  β=0.050  α_t=0.050  (1241s)
step  1660  L_grcl=  1.43  L_cov= 0.23  L_cons=0.000  L_tot=  1.43  diag=+0.986  mix=[cap:99/ref:102/nl:119]  β=0.050  α_t=0.050  (1256s)
step  1680  L_grcl=  1.41  L_cov= 0.22  L_cons=0.000  L_tot=  1.41  diag=+0.986  mix=[cap:115/ref:98/nl:107]  β=0.050  α_t=0.050  (1270s)
step  1700  L_grcl=  1.38  L_cov= 0.21  L_cons=0.000  L_tot=  1.38  diag=+0.986  mix=[cap:94/ref:118/nl:108]  β=0.050  α_t=0.050  (1285s)
step  1720  L_grcl=  1.50  L_cov= 0.22  L_cons=0.000  L_tot=  1.50  diag=+0.988  mix=[cap:102/ref:105/nl:113]  β=0.051  α_t=0.050  (1299s)
step  1740  L_grcl=  1.37  L_cov= 0.21  L_cons=0.000  L_tot=  1.37  diag=+0.987  mix=[cap:108/ref:111/nl:101]  β=0.051  α_t=0.050  (1314s)
step  1760  L_grcl=  1.60  L_cov= 0.22  L_cons=0.000  L_tot=  1.60  diag=+0.987  mix=[cap:114/ref:98/nl:108]  β=0.051  α_t=0.050  (1329s)
step  1780  L_grcl=  1.41  L_cov= 0.21  L_cons=0.000  L_tot=  1.41  diag=+0.988  mix=[cap:115/ref:92/nl:113]  β=0.051  α_t=0.051  (1343s)
step  1800  L_grcl=  1.35  L_cov= 0.21  L_cons=0.000  L_tot=  1.35  diag=+0.987  mix=[cap:115/ref:97/nl:108]  β=0.051  α_t=0.051  (1357s)
step  1820  L_grcl=  1.41  L_cov= 0.20  L_cons=0.000  L_tot=  1.41  diag=+0.986  mix=[cap:116/ref:109/nl:95]  β=0.051  α_t=0.051  (1372s)
step  1840  L_grcl=  1.37  L_cov= 0.21  L_cons=0.000  L_tot=  1.37  diag=+0.985  mix=[cap:90/ref:115/nl:115]  β=0.051  α_t=0.051  (1386s)
step  1860  L_grcl=  1.47  L_cov= 0.19  L_cons=0.000  L_tot=  1.47  diag=+0.985  mix=[cap:97/ref:120/nl:103]  β=0.051  α_t=0.051  (1400s)
step  1880  L_grcl=  1.31  L_cov= 0.19  L_cons=0.000  L_tot=  1.31  diag=+0.986  mix=[cap:108/ref:116/nl:96]  β=0.051  α_t=0.051  (1415s)
step  1900  L_grcl=  1.33  L_cov= 0.19  L_cons=0.000  L_tot=  1.33  diag=+0.985  mix=[cap:106/ref:111/nl:103]  β=0.051  α_t=0.051  (1430s)
step  1920  L_grcl=  1.33  L_cov= 0.20  L_cons=0.000  L_tot=  1.33  diag=+0.984  mix=[cap:94/ref:115/nl:111]  β=0.051  α_t=0.051  (1444s)
step  1940  L_grcl=  1.30  L_cov= 0.18  L_cons=0.000  L_tot=  1.30  diag=+0.985  mix=[cap:117/ref:98/nl:105]  β=0.051  α_t=0.051  (1459s)
step  1960  L_grcl=  1.32  L_cov= 0.19  L_cons=0.000  L_tot=  1.32  diag=+0.983  mix=[cap:99/ref:112/nl:109]  β=0.051  α_t=0.051  (1473s)
step  1980  L_grcl=  1.45  L_cov= 0.21  L_cons=0.000  L_tot=  1.45  diag=+0.984  mix=[cap:104/ref:98/nl:118]  β=0.051  α_t=0.051  (1488s)
step  2000  L_grcl=  1.38  L_cov= 0.21  L_cons=0.000  L_tot=  1.38  diag=+0.984  mix=[cap:107/ref:95/nl:118]  β=0.051  α_t=0.051  (1502s)

  [eval @ step 2000] held-out test-A...
    cap-fig cos: +0.9890  (Δ +0.8743)
    R@1/5/10: 10.5% / 47.5% / 74.5%  (Δ +10.5 / +47.5 / +74.5)
    [ckpt saved @ step 2000 R@10=74.5%]

step  2020  L_grcl=  1.37  L_cov= 0.20  L_cons=0.000  L_tot=  1.37  diag=+0.985  mix=[cap:120/ref:91/nl:109]  β=0.051  α_t=0.051  (1535s)
step  2040  L_grcl=  1.34  L_cov= 0.18  L_cons=0.000  L_tot=  1.34  diag=+0.986  mix=[cap:104/ref:117/nl:99]  β=0.051  α_t=0.051  (1550s)
step  2060  L_grcl=  1.22  L_cov= 0.16  L_cons=0.000  L_tot=  1.22  diag=+0.985  mix=[cap:112/ref:110/nl:98]  β=0.051  α_t=0.051  (1564s)
step  2080  L_grcl=  1.37  L_cov= 0.21  L_cons=0.000  L_tot=  1.37  diag=+0.984  mix=[cap:112/ref:99/nl:109]  β=0.051  α_t=0.051  (1578s)
step  2100  L_grcl=  1.35  L_cov= 0.18  L_cons=0.000  L_tot=  1.35  diag=+0.985  mix=[cap:109/ref:108/nl:103]  β=0.051  α_t=0.051  (1593s)
step  2120  L_grcl=  1.22  L_cov= 0.15  L_cons=0.000  L_tot=  1.22  diag=+0.984  mix=[cap:119/ref:115/nl:86]  β=0.051  α_t=0.051  (1607s)
step  2140  L_grcl=  1.33  L_cov= 0.18  L_cons=0.000  L_tot=  1.33  diag=+0.982  mix=[cap:102/ref:111/nl:107]  β=0.051  α_t=0.051  (1621s)
step  2160  L_grcl=  1.43  L_cov= 0.19  L_cons=0.000  L_tot=  1.43  diag=+0.983  mix=[cap:96/ref:111/nl:113]  β=0.051  α_t=0.051  (1636s)
step  2180  L_grcl=  1.28  L_cov= 0.19  L_cons=0.000  L_tot=  1.28  diag=+0.984  mix=[cap:96/ref:114/nl:110]  β=0.051  α_t=0.051  (1650s)
step  2200  L_grcl=  1.34  L_cov= 0.19  L_cons=0.000  L_tot=  1.34  diag=+0.983  mix=[cap:92/ref:116/nl:112]  β=0.051  α_t=0.051  (1665s)
step  2220  L_grcl=  1.38  L_cov= 0.19  L_cons=0.000  L_tot=  1.38  diag=+0.985  mix=[cap:97/ref:110/nl:113]  β=0.051  α_t=0.051  (1679s)
step  2240  L_grcl=  1.37  L_cov= 0.20  L_cons=0.000  L_tot=  1.37  diag=+0.985  mix=[cap:95/ref:116/nl:109]  β=0.051  α_t=0.051  (1694s)
step  2260  L_grcl=  1.53  L_cov= 0.21  L_cons=0.000  L_tot=  1.53  diag=+0.985  mix=[cap:111/ref:94/nl:115]  β=0.051  α_t=0.051  (1708s)
step  2280  L_grcl=  1.34  L_cov= 0.18  L_cons=0.000  L_tot=  1.34  diag=+0.986  mix=[cap:93/ref:119/nl:108]  β=0.051  α_t=0.051  (1723s)
step  2300  L_grcl=  1.35  L_cov= 0.19  L_cons=0.000  L_tot=  1.35  diag=+0.986  mix=[cap:117/ref:102/nl:101]  β=0.051  α_t=0.051  (1737s)
step  2320  L_grcl=  1.34  L_cov= 0.17  L_cons=0.000  L_tot=  1.34  diag=+0.985  mix=[cap:113/ref:100/nl:107]  β=0.052  α_t=0.051  (1752s)
step  2340  L_grcl=  1.39  L_cov= 0.19  L_cons=0.000  L_tot=  1.39  diag=+0.984  mix=[cap:100/ref:105/nl:115]  β=0.052  α_t=0.051  (1766s)
step  2360  L_grcl=  1.34  L_cov= 0.19  L_cons=0.000  L_tot=  1.34  diag=+0.985  mix=[cap:108/ref:111/nl:101]  β=0.052  α_t=0.051  (1780s)
step  2380  L_grcl=  1.50  L_cov= 0.19  L_cons=0.000  L_tot=  1.50  diag=+0.985  mix=[cap:100/ref:110/nl:110]  β=0.052  α_t=0.051  (1795s)
step  2400  L_grcl=  1.37  L_cov= 0.21  L_cons=0.000  L_tot=  1.37  diag=+0.986  mix=[cap:103/ref:100/nl:117]  β=0.052  α_t=0.052  (1809s)
step  2420  L_grcl=  1.29  L_cov= 0.19  L_cons=0.000  L_tot=  1.29  diag=+0.985  mix=[cap:131/ref:95/nl:94]  β=0.052  α_t=0.052  (1823s)
step  2440  L_grcl=  1.41  L_cov= 0.19  L_cons=0.000  L_tot=  1.41  diag=+0.984  mix=[cap:112/ref:106/nl:102]  β=0.052  α_t=0.052  (1838s)
step  2460  L_grcl=  1.42  L_cov= 0.18  L_cons=0.000  L_tot=  1.42  diag=+0.986  mix=[cap:97/ref:114/nl:109]  β=0.052  α_t=0.052  (1852s)
step  2480  L_grcl=  1.37  L_cov= 0.19  L_cons=0.000  L_tot=  1.37  diag=+0.988  mix=[cap:119/ref:101/nl:100]  β=0.052  α_t=0.052  (1866s)
step  2500  L_grcl=  1.30  L_cov= 0.18  L_cons=0.000  L_tot=  1.30  diag=+0.985  mix=[cap:103/ref:115/nl:102]  β=0.052  α_t=0.052  (1881s)

  [eval @ step 2500] held-out test-A...
    cap-fig cos: +0.9887  (Δ +0.8740)
    R@1/5/10: 7.0% / 40.5% / 69.0%  (Δ +7.0 / +40.5 / +69.0)

step  2520  L_grcl=  1.37  L_cov= 0.18  L_cons=0.000  L_tot=  1.37  diag=+0.985  mix=[cap:115/ref:108/nl:97]  β=0.052  α_t=0.052  (1908s)
step  2540  L_grcl=  1.37  L_cov= 0.20  L_cons=0.000  L_tot=  1.37  diag=+0.984  mix=[cap:97/ref:114/nl:109]  β=0.052  α_t=0.052  (1923s)
step  2560  L_grcl=  1.37  L_cov= 0.20  L_cons=0.000  L_tot=  1.37  diag=+0.984  mix=[cap:109/ref:93/nl:118]  β=0.052  α_t=0.052  (1937s)
step  2580  L_grcl=  1.25  L_cov= 0.18  L_cons=0.000  L_tot=  1.25  diag=+0.985  mix=[cap:108/ref:104/nl:108]  β=0.052  α_t=0.052  (1951s)
step  2600  L_grcl=  1.19  L_cov= 0.17  L_cons=0.000  L_tot=  1.19  diag=+0.984  mix=[cap:102/ref:121/nl:97]  β=0.052  α_t=0.052  (1965s)
step  2620  L_grcl=  1.34  L_cov= 0.20  L_cons=0.000  L_tot=  1.34  diag=+0.982  mix=[cap:102/ref:101/nl:117]  β=0.052  α_t=0.052  (1979s)
step  2640  L_grcl=  1.34  L_cov= 0.18  L_cons=0.000  L_tot=  1.34  diag=+0.985  mix=[cap:106/ref:104/nl:110]  β=0.052  α_t=0.052  (1994s)
step  2660  L_grcl=  1.36  L_cov= 0.20  L_cons=0.000  L_tot=  1.36  diag=+0.984  mix=[cap:105/ref:95/nl:120]  β=0.052  α_t=0.052  (2008s)
step  2680  L_grcl=  1.35  L_cov= 0.20  L_cons=0.000  L_tot=  1.35  diag=+0.984  mix=[cap:116/ref:100/nl:104]  β=0.052  α_t=0.052  (2023s)
step  2700  L_grcl=  1.26  L_cov= 0.17  L_cons=0.000  L_tot=  1.26  diag=+0.984  mix=[cap:103/ref:114/nl:103]  β=0.052  α_t=0.052  (2037s)
step  2720  L_grcl=  1.34  L_cov= 0.19  L_cons=0.000  L_tot=  1.34  diag=+0.983  mix=[cap:101/ref:96/nl:123]  β=0.052  α_t=0.052  (2052s)
step  2740  L_grcl=  1.27  L_cov= 0.18  L_cons=0.000  L_tot=  1.27  diag=+0.984  mix=[cap:112/ref:95/nl:113]  β=0.052  α_t=0.052  (2066s)
step  2760  L_grcl=  1.32  L_cov= 0.15  L_cons=0.000  L_tot=  1.32  diag=+0.984  mix=[cap:99/ref:129/nl:92]  β=0.052  α_t=0.052  (2081s)
step  2780  L_grcl=  1.33  L_cov= 0.17  L_cons=0.000  L_tot=  1.33  diag=+0.984  mix=[cap:106/ref:112/nl:102]  β=0.052  α_t=0.052  (2095s)
step  2800  L_grcl=  1.30  L_cov= 0.16  L_cons=0.000  L_tot=  1.30  diag=+0.986  mix=[cap:108/ref:114/nl:98]  β=0.052  α_t=0.052  (2110s)
step  2820  L_grcl=  1.34  L_cov= 0.16  L_cons=0.000  L_tot=  1.34  diag=+0.985  mix=[cap:116/ref:97/nl:107]  β=0.052  α_t=0.052  (2124s)
step  2840  L_grcl=  1.34  L_cov= 0.18  L_cons=0.000  L_tot=  1.34  diag=+0.985  mix=[cap:101/ref:103/nl:116]  β=0.052  α_t=0.052  (2138s)
step  2860  L_grcl=  1.38  L_cov= 0.17  L_cons=0.000  L_tot=  1.38  diag=+0.985  mix=[cap:112/ref:102/nl:106]  β=0.052  α_t=0.052  (2153s)
step  2880  L_grcl=  1.35  L_cov= 0.17  L_cons=0.000  L_tot=  1.35  diag=+0.987  mix=[cap:113/ref:117/nl:90]  β=0.052  α_t=0.052  (2167s)
step  2900  L_grcl=  1.40  L_cov= 0.18  L_cons=0.000  L_tot=  1.40  diag=+0.986  mix=[cap:106/ref:110/nl:104]  β=0.052  α_t=0.052  (2181s)
step  2920  L_grcl=  1.24  L_cov= 0.17  L_cons=0.000  L_tot=  1.24  diag=+0.985  mix=[cap:119/ref:102/nl:99]  β=0.052  α_t=0.052  (2196s)
step  2940  L_grcl=  1.24  L_cov= 0.18  L_cons=0.000  L_tot=  1.24  diag=+0.984  mix=[cap:106/ref:98/nl:116]  β=0.052  α_t=0.052  (2210s)
step  2960  L_grcl=  1.44  L_cov= 0.18  L_cons=0.000  L_tot=  1.44  diag=+0.985  mix=[cap:110/ref:106/nl:104]  β=0.052  α_t=0.052  (2224s)
step  2980  L_grcl=  1.28  L_cov= 0.17  L_cons=0.000  L_tot=  1.28  diag=+0.986  mix=[cap:111/ref:109/nl:100]  β=0.052  α_t=0.052  (2239s)
step  3000  L_grcl=  1.26  L_cov= 0.16  L_cons=0.000  L_tot=  1.26  diag=+0.985  mix=[cap:111/ref:110/nl:99]  β=0.052  α_t=0.052  (2253s)

  [eval @ step 3000] held-out test-A...
    cap-fig cos: +0.9891  (Δ +0.8744)
    R@1/5/10: 6.0% / 39.5% / 70.0%  (Δ +6.0 / +39.5 / +70.0)

step  3020  L_grcl=  1.38  L_cov= 0.18  L_cons=0.000  L_tot=  1.38  diag=+0.985  mix=[cap:96/ref:109/nl:115]  β=0.052  α_t=0.052  (2279s)
step  3040  L_grcl=  1.28  L_cov= 0.20  L_cons=0.000  L_tot=  1.28  diag=+0.985  mix=[cap:104/ref:104/nl:112]  β=0.052  α_t=0.052  (2294s)
step  3060  L_grcl=  1.28  L_cov= 0.15  L_cons=0.000  L_tot=  1.28  diag=+0.985  mix=[cap:101/ref:121/nl:98]  β=0.052  α_t=0.052  (2308s)
step  3080  L_grcl=  1.39  L_cov= 0.18  L_cons=0.000  L_tot=  1.39  diag=+0.985  mix=[cap:96/ref:116/nl:108]  β=0.052  α_t=0.052  (2323s)
step  3100  L_grcl=  1.29  L_cov= 0.17  L_cons=0.000  L_tot=  1.29  diag=+0.986  mix=[cap:106/ref:108/nl:106]  β=0.052  α_t=0.052  (2337s)
step  3120  L_grcl=  1.25  L_cov= 0.16  L_cons=0.000  L_tot=  1.25  diag=+0.985  mix=[cap:106/ref:119/nl:95]  β=0.052  α_t=0.052  (2352s)
step  3140  L_grcl=  1.30  L_cov= 0.17  L_cons=0.000  L_tot=  1.30  diag=+0.985  mix=[cap:115/ref:108/nl:97]  β=0.053  α_t=0.052  (2366s)
step  3160  L_grcl=  1.24  L_cov= 0.16  L_cons=0.000  L_tot=  1.24  diag=+0.983  mix=[cap:110/ref:105/nl:105]  β=0.053  α_t=0.052  (2380s)
step  3180  L_grcl=  1.28  L_cov= 0.16  L_cons=0.000  L_tot=  1.28  diag=+0.983  mix=[cap:92/ref:113/nl:115]  β=0.053  α_t=0.052  (2395s)
step  3200  L_grcl=  1.25  L_cov= 0.14  L_cons=0.000  L_tot=  1.25  diag=+0.983  mix=[cap:102/ref:118/nl:100]  β=0.053  α_t=0.052  (2409s)
step  3220  L_grcl=  1.29  L_cov= 0.15  L_cons=0.000  L_tot=  1.29  diag=+0.983  mix=[cap:111/ref:108/nl:101]  β=0.053  α_t=0.052  (2424s)
step  3240  L_grcl=  1.32  L_cov= 0.16  L_cons=0.000  L_tot=  1.32  diag=+0.985  mix=[cap:109/ref:100/nl:111]  β=0.053  α_t=0.052  (2438s)
step  3260  L_grcl=  1.30  L_cov= 0.17  L_cons=0.000  L_tot=  1.30  diag=+0.986  mix=[cap:115/ref:114/nl:91]  β=0.053  α_t=0.052  (2453s)
step  3280  L_grcl=  1.34  L_cov= 0.17  L_cons=0.000  L_tot=  1.34  diag=+0.984  mix=[cap:97/ref:115/nl:108]  β=0.053  α_t=0.052  (2467s)
step  3300  L_grcl=  1.29  L_cov= 0.17  L_cons=0.000  L_tot=  1.29  diag=+0.984  mix=[cap:98/ref:110/nl:112]  β=0.053  α_t=0.052  (2482s)
step  3320  L_grcl=  1.23  L_cov= 0.14  L_cons=0.000  L_tot=  1.23  diag=+0.984  mix=[cap:108/ref:116/nl:96]  β=0.053  α_t=0.052  (2497s)
step  3340  L_grcl=  1.28  L_cov= 0.15  L_cons=0.000  L_tot=  1.28  diag=+0.983  mix=[cap:102/ref:105/nl:113]  β=0.053  α_t=0.053  (2511s)
step  3360  L_grcl=  1.29  L_cov= 0.18  L_cons=0.000  L_tot=  1.29  diag=+0.986  mix=[cap:101/ref:115/nl:104]  β=0.053  α_t=0.053  (2525s)
step  3380  L_grcl=  1.26  L_cov= 0.15  L_cons=0.000  L_tot=  1.26  diag=+0.985  mix=[cap:113/ref:109/nl:98]  β=0.053  α_t=0.053  (2540s)
step  3400  L_grcl=  1.29  L_cov= 0.15  L_cons=0.000  L_tot=  1.29  diag=+0.986  mix=[cap:107/ref:126/nl:87]  β=0.053  α_t=0.053  (2554s)
step  3420  L_grcl=  1.26  L_cov= 0.17  L_cons=0.000  L_tot=  1.26  diag=+0.985  mix=[cap:103/ref:107/nl:110]  β=0.053  α_t=0.053  (2568s)
step  3440  L_grcl=  1.28  L_cov= 0.18  L_cons=0.000  L_tot=  1.28  diag=+0.985  mix=[cap:99/ref:104/nl:117]  β=0.053  α_t=0.053  (2583s)
step  3460  L_grcl=  1.22  L_cov= 0.15  L_cons=0.000  L_tot=  1.22  diag=+0.985  mix=[cap:106/ref:116/nl:98]  β=0.053  α_t=0.053  (2597s)
step  3480  L_grcl=  1.23  L_cov= 0.16  L_cons=0.000  L_tot=  1.23  diag=+0.983  mix=[cap:105/ref:110/nl:105]  β=0.053  α_t=0.053  (2612s)
step  3500  L_grcl=  1.24  L_cov= 0.14  L_cons=0.000  L_tot=  1.24  diag=+0.982  mix=[cap:106/ref:113/nl:101]  β=0.053  α_t=0.053  (2626s)

  [eval @ step 3500] held-out test-A...
    cap-fig cos: +0.9888  (Δ +0.8741)
    R@1/5/10: 7.0% / 43.5% / 70.0%  (Δ +7.0 / +43.5 / +70.0)

step  3520  L_grcl=  1.25  L_cov= 0.14  L_cons=0.000  L_tot=  1.25  diag=+0.983  mix=[cap:98/ref:122/nl:100]  β=0.053  α_t=0.053  (2653s)
step  3540  L_grcl=  1.41  L_cov= 0.15  L_cons=0.000  L_tot=  1.41  diag=+0.982  mix=[cap:100/ref:117/nl:103]  β=0.053  α_t=0.053  (2667s)
step  3560  L_grcl=  1.27  L_cov= 0.16  L_cons=0.000  L_tot=  1.27  diag=+0.985  mix=[cap:107/ref:113/nl:100]  β=0.053  α_t=0.053  (2682s)
step  3580  L_grcl=  1.31  L_cov= 0.17  L_cons=0.000  L_tot=  1.31  diag=+0.983  mix=[cap:111/ref:91/nl:118]  β=0.053  α_t=0.053  (2696s)
step  3600  L_grcl=  1.22  L_cov= 0.16  L_cons=0.000  L_tot=  1.22  diag=+0.983  mix=[cap:104/ref:102/nl:114]  β=0.053  α_t=0.053  (2710s)
step  3620  L_grcl=  1.35  L_cov= 0.15  L_cons=0.000  L_tot=  1.35  diag=+0.983  mix=[cap:114/ref:96/nl:110]  β=0.053  α_t=0.053  (2725s)
step  3640  L_grcl=  1.28  L_cov= 0.17  L_cons=0.000  L_tot=  1.28  diag=+0.983  mix=[cap:87/ref:112/nl:121]  β=0.053  α_t=0.053  (2739s)
step  3660  L_grcl=  1.28  L_cov= 0.15  L_cons=0.000  L_tot=  1.28  diag=+0.982  mix=[cap:111/ref:101/nl:108]  β=0.053  α_t=0.053  (2754s)
step  3680  L_grcl=  1.35  L_cov= 0.15  L_cons=0.000  L_tot=  1.35  diag=+0.983  mix=[cap:114/ref:105/nl:101]  β=0.053  α_t=0.053  (2768s)
step  3700  L_grcl=  1.20  L_cov= 0.15  L_cons=0.000  L_tot=  1.20  diag=+0.985  mix=[cap:90/ref:134/nl:96]  β=0.053  α_t=0.053  (2782s)
step  3720  L_grcl=  1.33  L_cov= 0.17  L_cons=0.000  L_tot=  1.33  diag=+0.982  mix=[cap:112/ref:97/nl:111]  β=0.053  α_t=0.053  (2797s)
step  3740  L_grcl=  1.28  L_cov= 0.16  L_cons=0.000  L_tot=  1.28  diag=+0.984  mix=[cap:107/ref:97/nl:116]  β=0.053  α_t=0.053  (2812s)
step  3760  L_grcl=  1.31  L_cov= 0.16  L_cons=0.000  L_tot=  1.31  diag=+0.985  mix=[cap:110/ref:108/nl:102]  β=0.053  α_t=0.053  (2827s)
step  3780  L_grcl=  1.23  L_cov= 0.15  L_cons=0.000  L_tot=  1.23  diag=+0.983  mix=[cap:101/ref:114/nl:105]  β=0.053  α_t=0.053  (2841s)
step  3800  L_grcl=  1.28  L_cov= 0.16  L_cons=0.000  L_tot=  1.28  diag=+0.983  mix=[cap:95/ref:112/nl:113]  β=0.053  α_t=0.053  (2856s)
step  3820  L_grcl=  1.29  L_cov= 0.15  L_cons=0.000  L_tot=  1.29  diag=+0.985  mix=[cap:107/ref:109/nl:104]  β=0.053  α_t=0.053  (2870s)
step  3840  L_grcl=  1.30  L_cov= 0.15  L_cons=0.000  L_tot=  1.30  diag=+0.983  mix=[cap:113/ref:108/nl:99]  β=0.053  α_t=0.053  (2884s)
step  3860  L_grcl=  1.26  L_cov= 0.15  L_cons=0.000  L_tot=  1.26  diag=+0.984  mix=[cap:107/ref:121/nl:92]  β=0.053  α_t=0.053  (2899s)
step  3880  L_grcl=  1.27  L_cov= 0.15  L_cons=0.000  L_tot=  1.27  diag=+0.984  mix=[cap:100/ref:120/nl:100]  β=0.053  α_t=0.053  (2914s)
step  3900  L_grcl=  1.20  L_cov= 0.14  L_cons=0.000  L_tot=  1.20  diag=+0.984  mix=[cap:117/ref:104/nl:99]  β=0.053  α_t=0.053  (2928s)
step  3920  L_grcl=  1.20  L_cov= 0.14  L_cons=0.000  L_tot=  1.20  diag=+0.983  mix=[cap:113/ref:104/nl:103]  β=0.053  α_t=0.053  (2943s)
step  3940  L_grcl=  1.12  L_cov= 0.13  L_cons=0.000  L_tot=  1.12  diag=+0.983  mix=[cap:107/ref:116/nl:97]  β=0.053  α_t=0.053  (2957s)
step  3960  L_grcl=  1.21  L_cov= 0.14  L_cons=0.000  L_tot=  1.21  diag=+0.983  mix=[cap:103/ref:112/nl:105]  β=0.053  α_t=0.053  (2971s)
step  3980  L_grcl=  1.24  L_cov= 0.15  L_cons=0.000  L_tot=  1.24  diag=+0.985  mix=[cap:117/ref:112/nl:91]  β=0.054  α_t=0.053  (2986s)
step  4000  L_grcl=  1.30  L_cov= 0.16  L_cons=0.000  L_tot=  1.30  diag=+0.984  mix=[cap:104/ref:100/nl:116]  β=0.054  α_t=0.053  (3000s)

  [eval @ step 4000] held-out test-A...
    cap-fig cos: +0.9916  (Δ +0.8769)
    R@1/5/10: 10.0% / 55.0% / 79.0%  (Δ +10.0 / +55.0 / +79.0)
    [ckpt saved @ step 4000 R@10=79.0%]

step  4020  L_grcl=  1.27  L_cov= 0.17  L_cons=0.000  L_tot=  1.27  diag=+0.985  mix=[cap:109/ref:103/nl:108]  β=0.054  α_t=0.053  (3034s)
step  4040  L_grcl=  1.28  L_cov= 0.15  L_cons=0.000  L_tot=  1.28  diag=+0.984  mix=[cap:108/ref:111/nl:101]  β=0.054  α_t=0.053  (3049s)
step  4060  L_grcl=  1.21  L_cov= 0.16  L_cons=0.000  L_tot=  1.21  diag=+0.984  mix=[cap:113/ref:97/nl:110]  β=0.054  α_t=0.053  (3064s)
step  4080  L_grcl=  1.24  L_cov= 0.15  L_cons=0.000  L_tot=  1.24  diag=+0.984  mix=[cap:102/ref:106/nl:112]  β=0.054  α_t=0.053  (3078s)
step  4100  L_grcl=  1.23  L_cov= 0.12  L_cons=0.000  L_tot=  1.23  diag=+0.983  mix=[cap:100/ref:120/nl:100]  β=0.054  α_t=0.053  (3093s)
step  4120  L_grcl=  1.33  L_cov= 0.14  L_cons=0.000  L_tot=  1.33  diag=+0.984  mix=[cap:104/ref:101/nl:115]  β=0.054  α_t=0.053  (3108s)
step  4140  L_grcl=  1.28  L_cov= 0.15  L_cons=0.000  L_tot=  1.28  diag=+0.987  mix=[cap:97/ref:117/nl:106]  β=0.054  α_t=0.053  (3122s)
step  4160  L_grcl=  1.24  L_cov= 0.16  L_cons=0.000  L_tot=  1.24  diag=+0.987  mix=[cap:109/ref:109/nl:102]  β=0.054  α_t=0.053  (3137s)
step  4180  L_grcl=  1.23  L_cov= 0.16  L_cons=0.000  L_tot=  1.23  diag=+0.985  mix=[cap:109/ref:109/nl:102]  β=0.054  α_t=0.053  (3152s)
step  4200  L_grcl=  1.20  L_cov= 0.15  L_cons=0.000  L_tot=  1.20  diag=+0.982  mix=[cap:105/ref:111/nl:104]  β=0.054  α_t=0.053  (3167s)
step  4220  L_grcl=  1.31  L_cov= 0.14  L_cons=0.000  L_tot=  1.31  diag=+0.984  mix=[cap:94/ref:122/nl:104]  β=0.054  α_t=0.053  (3182s)
step  4240  L_grcl=  1.31  L_cov= 0.17  L_cons=0.000  L_tot=  1.31  diag=+0.985  mix=[cap:99/ref:108/nl:113]  β=0.054  α_t=0.053  (3196s)
step  4260  L_grcl=  1.32  L_cov= 0.15  L_cons=0.000  L_tot=  1.32  diag=+0.985  mix=[cap:116/ref:99/nl:105]  β=0.054  α_t=0.054  (3211s)
step  4280  L_grcl=  1.26  L_cov= 0.17  L_cons=0.000  L_tot=  1.26  diag=+0.985  mix=[cap:114/ref:84/nl:122]  β=0.054  α_t=0.054  (3226s)
step  4300  L_grcl=  1.30  L_cov= 0.16  L_cons=0.000  L_tot=  1.30  diag=+0.984  mix=[cap:100/ref:105/nl:115]  β=0.054  α_t=0.054  (3240s)
step  4320  L_grcl=  1.22  L_cov= 0.15  L_cons=0.000  L_tot=  1.22  diag=+0.983  mix=[cap:96/ref:116/nl:108]  β=0.054  α_t=0.054  (3255s)
step  4340  L_grcl=  1.23  L_cov= 0.15  L_cons=0.000  L_tot=  1.23  diag=+0.983  mix=[cap:114/ref:99/nl:107]  β=0.054  α_t=0.054  (3270s)
step  4360  L_grcl=  1.36  L_cov= 0.15  L_cons=0.000  L_tot=  1.36  diag=+0.985  mix=[cap:92/ref:116/nl:112]  β=0.054  α_t=0.054  (3284s)
step  4380  L_grcl=  1.27  L_cov= 0.18  L_cons=0.000  L_tot=  1.27  diag=+0.985  mix=[cap:102/ref:92/nl:126]  β=0.054  α_t=0.054  (3299s)
step  4400  L_grcl=  1.22  L_cov= 0.14  L_cons=0.000  L_tot=  1.22  diag=+0.986  mix=[cap:115/ref:106/nl:99]  β=0.054  α_t=0.054  (3313s)
step  4420  L_grcl=  1.19  L_cov= 0.12  L_cons=0.000  L_tot=  1.19  diag=+0.984  mix=[cap:97/ref:114/nl:109]  β=0.054  α_t=0.054  (3327s)
step  4440  L_grcl=  1.30  L_cov= 0.16  L_cons=0.000  L_tot=  1.30  diag=+0.983  mix=[cap:117/ref:95/nl:108]  β=0.054  α_t=0.054  (3342s)
step  4460  L_grcl=  1.22  L_cov= 0.15  L_cons=0.000  L_tot=  1.22  diag=+0.984  mix=[cap:80/ref:124/nl:116]  β=0.054  α_t=0.054  (3356s)
step  4480  L_grcl=  1.20  L_cov= 0.15  L_cons=0.000  L_tot=  1.20  diag=+0.984  mix=[cap:97/ref:113/nl:110]  β=0.054  α_t=0.054  (3371s)
step  4500  L_grcl=  1.22  L_cov= 0.12  L_cons=0.000  L_tot=  1.22  diag=+0.984  mix=[cap:119/ref:104/nl:97]  β=0.054  α_t=0.054  (3385s)

  [eval @ step 4500] held-out test-A...
    cap-fig cos: +0.9908  (Δ +0.8761)
    R@1/5/10: 10.5% / 51.5% / 77.0%  (Δ +10.5 / +51.5 / +77.0)

step  4520  L_grcl=  1.19  L_cov= 0.14  L_cons=0.000  L_tot=  1.19  diag=+0.984  mix=[cap:107/ref:114/nl:99]  β=0.054  α_t=0.054  (3415s)
step  4540  L_grcl=  1.21  L_cov= 0.14  L_cons=0.000  L_tot=  1.21  diag=+0.984  mix=[cap:103/ref:109/nl:108]  β=0.054  α_t=0.054  (3429s)
step  4560  L_grcl=  1.20  L_cov= 0.14  L_cons=0.000  L_tot=  1.20  diag=+0.984  mix=[cap:96/ref:109/nl:115]  β=0.054  α_t=0.054  (3444s)
step  4580  L_grcl=  1.23  L_cov= 0.13  L_cons=0.000  L_tot=  1.23  diag=+0.983  mix=[cap:110/ref:100/nl:110]  β=0.054  α_t=0.054  (3458s)
step  4600  L_grcl=  1.28  L_cov= 0.14  L_cons=0.000  L_tot=  1.28  diag=+0.981  mix=[cap:117/ref:100/nl:103]  β=0.054  α_t=0.054  (3473s)
step  4620  L_grcl=  1.22  L_cov= 0.14  L_cons=0.000  L_tot=  1.22  diag=+0.984  mix=[cap:111/ref:114/nl:95]  β=0.054  α_t=0.054  (3487s)
step  4640  L_grcl=  1.19  L_cov= 0.14  L_cons=0.000  L_tot=  1.19  diag=+0.984  mix=[cap:117/ref:105/nl:98]  β=0.054  α_t=0.054  (3502s)
step  4660  L_grcl=  1.23  L_cov= 0.14  L_cons=0.000  L_tot=  1.23  diag=+0.984  mix=[cap:93/ref:121/nl:106]  β=0.054  α_t=0.054  (3517s)
step  4680  L_grcl=  1.27  L_cov= 0.14  L_cons=0.000  L_tot=  1.27  diag=+0.984  mix=[cap:121/ref:101/nl:98]  β=0.054  α_t=0.054  (3531s)
step  4700  L_grcl=  1.20  L_cov= 0.13  L_cons=0.000  L_tot=  1.20  diag=+0.984  mix=[cap:105/ref:125/nl:90]  β=0.054  α_t=0.054  (3547s)
step  4720  L_grcl=  1.29  L_cov= 0.13  L_cons=0.000  L_tot=  1.29  diag=+0.985  mix=[cap:97/ref:114/nl:109]  β=0.054  α_t=0.054  (3562s)
step  4740  L_grcl=  1.23  L_cov= 0.16  L_cons=0.000  L_tot=  1.23  diag=+0.984  mix=[cap:105/ref:98/nl:117]  β=0.054  α_t=0.054  (3577s)
step  4760  L_grcl=  1.28  L_cov= 0.14  L_cons=0.000  L_tot=  1.28  diag=+0.984  mix=[cap:108/ref:114/nl:98]  β=0.055  α_t=0.054  (3591s)
step  4780  L_grcl=  1.17  L_cov= 0.14  L_cons=0.000  L_tot=  1.17  diag=+0.985  mix=[cap:102/ref:118/nl:100]  β=0.055  α_t=0.054  (3606s)
step  4800  L_grcl=  1.17  L_cov= 0.14  L_cons=0.000  L_tot=  1.17  diag=+0.985  mix=[cap:101/ref:111/nl:108]  β=0.055  α_t=0.054  (3620s)
step  4820  L_grcl=  1.22  L_cov= 0.15  L_cons=0.000  L_tot=  1.22  diag=+0.983  mix=[cap:121/ref:97/nl:102]  β=0.055  α_t=0.054  (3635s)
step  4840  L_grcl=  1.28  L_cov= 0.14  L_cons=0.000  L_tot=  1.28  diag=+0.982  mix=[cap:102/ref:109/nl:109]  β=0.055  α_t=0.054  (3650s)
step  4860  L_grcl=  1.29  L_cov= 0.13  L_cons=0.000  L_tot=  1.29  diag=+0.983  mix=[cap:99/ref:121/nl:100]  β=0.055  α_t=0.054  (3665s)
step  4880  L_grcl=  1.25  L_cov= 0.15  L_cons=0.000  L_tot=  1.25  diag=+0.985  mix=[cap:109/ref:108/nl:103]  β=0.055  α_t=0.054  (3680s)
step  4900  L_grcl=  1.24  L_cov= 0.15  L_cons=0.000  L_tot=  1.24  diag=+0.986  mix=[cap:114/ref:114/nl:92]  β=0.055  α_t=0.054  (3695s)
step  4920  L_grcl=  1.22  L_cov= 0.15  L_cons=0.000  L_tot=  1.22  diag=+0.985  mix=[cap:114/ref:108/nl:98]  β=0.055  α_t=0.054  (3710s)
step  4940  L_grcl=  1.28  L_cov= 0.15  L_cons=0.000  L_tot=  1.28  diag=+0.984  mix=[cap:114/ref:104/nl:102]  β=0.055  α_t=0.054  (3725s)
step  4960  L_grcl=  1.25  L_cov= 0.12  L_cons=0.000  L_tot=  1.25  diag=+0.985  mix=[cap:116/ref:114/nl:90]  β=0.055  α_t=0.054  (3739s)
step  4980  L_grcl=  1.26  L_cov= 0.15  L_cons=0.000  L_tot=  1.26  diag=+0.984  mix=[cap:106/ref:96/nl:118]  β=0.055  α_t=0.054  (3754s)
step  5000  L_grcl=  1.25  L_cov= 0.14  L_cons=0.000  L_tot=  1.25  diag=+0.985  mix=[cap:102/ref:117/nl:101]  β=0.055  α_t=0.054  (3769s)

  [eval @ step 5000] held-out test-A...
    cap-fig cos: +0.9922  (Δ +0.8775)
    R@1/5/10: 13.0% / 56.0% / 78.5%  (Δ +13.0 / +56.0 / +78.5)

step  5020  L_grcl=  1.25  L_cov= 0.15  L_cons=0.000  L_tot=  1.25  diag=+0.984  mix=[cap:117/ref:95/nl:108]  β=0.055  α_t=0.054  (3796s)
step  5040  L_grcl=  1.28  L_cov= 0.16  L_cons=0.000  L_tot=  1.28  diag=+0.984  mix=[cap:78/ref:118/nl:124]  β=0.055  α_t=0.054  (3811s)
step  5060  L_grcl=  1.24  L_cov= 0.15  L_cons=0.000  L_tot=  1.24  diag=+0.985  mix=[cap:115/ref:100/nl:105]  β=0.055  α_t=0.054  (3825s)
step  5080  L_grcl=  1.19  L_cov= 0.14  L_cons=0.000  L_tot=  1.19  diag=+0.983  mix=[cap:88/ref:125/nl:107]  β=0.055  α_t=0.054  (3840s)
step  5100  L_grcl=  1.16  L_cov= 0.14  L_cons=0.000  L_tot=  1.16  diag=+0.985  mix=[cap:105/ref:106/nl:109]  β=0.055  α_t=0.054  (3854s)
step  5120  L_grcl=  1.18  L_cov= 0.14  L_cons=0.000  L_tot=  1.18  diag=+0.984  mix=[cap:104/ref:113/nl:103]  β=0.055  α_t=0.054  (3869s)
step  5140  L_grcl=  1.17  L_cov= 0.12  L_cons=0.000  L_tot=  1.17  diag=+0.982  mix=[cap:125/ref:105/nl:90]  β=0.055  α_t=0.054  (3884s)
step  5160  L_grcl=  1.20  L_cov= 0.14  L_cons=0.000  L_tot=  1.20  diag=+0.981  mix=[cap:111/ref:102/nl:107]  β=0.055  α_t=0.054  (3899s)
step  5180  L_grcl=  1.16  L_cov= 0.12  L_cons=0.000  L_tot=  1.16  diag=+0.982  mix=[cap:101/ref:116/nl:103]  β=0.055  α_t=0.055  (3914s)
step  5200  L_grcl=  1.20  L_cov= 0.12  L_cons=0.000  L_tot=  1.20  diag=+0.983  mix=[cap:114/ref:110/nl:96]  β=0.055  α_t=0.055  (3928s)
step  5220  L_grcl=  1.19  L_cov= 0.12  L_cons=0.000  L_tot=  1.19  diag=+0.982  mix=[cap:104/ref:110/nl:106]  β=0.055  α_t=0.055  (3943s)
step  5240  L_grcl=  1.20  L_cov= 0.12  L_cons=0.000  L_tot=  1.20  diag=+0.983  mix=[cap:112/ref:118/nl:90]  β=0.055  α_t=0.055  (3958s)
step  5260  L_grcl=  1.10  L_cov= 0.13  L_cons=0.000  L_tot=  1.10  diag=+0.984  mix=[cap:109/ref:120/nl:91]  β=0.055  α_t=0.055  (3973s)
step  5280  L_grcl=  1.15  L_cov= 0.12  L_cons=0.000  L_tot=  1.15  diag=+0.981  mix=[cap:107/ref:103/nl:110]  β=0.055  α_t=0.055  (3987s)
step  5300  L_grcl=  1.20  L_cov= 0.14  L_cons=0.000  L_tot=  1.20  diag=+0.981  mix=[cap:124/ref:86/nl:110]  β=0.055  α_t=0.055  (4002s)
step  5320  L_grcl=  1.19  L_cov= 0.12  L_cons=0.000  L_tot=  1.19  diag=+0.985  mix=[cap:107/ref:118/nl:95]  β=0.055  α_t=0.055  (4017s)
step  5340  L_grcl=  1.23  L_cov= 0.16  L_cons=0.000  L_tot=  1.23  diag=+0.985  mix=[cap:117/ref:95/nl:108]  β=0.055  α_t=0.055  (4032s)
step  5360  L_grcl=  1.13  L_cov= 0.13  L_cons=0.000  L_tot=  1.13  diag=+0.984  mix=[cap:124/ref:102/nl:94]  β=0.055  α_t=0.055  (4047s)
step  5380  L_grcl=  1.15  L_cov= 0.12  L_cons=0.000  L_tot=  1.15  diag=+0.985  mix=[cap:127/ref:109/nl:84]  β=0.055  α_t=0.055  (4061s)
step  5400  L_grcl=  1.17  L_cov= 0.14  L_cons=0.000  L_tot=  1.17  diag=+0.985  mix=[cap:99/ref:113/nl:108]  β=0.055  α_t=0.055  (4076s)
step  5420  L_grcl=  1.25  L_cov= 0.15  L_cons=0.000  L_tot=  1.25  diag=+0.983  mix=[cap:102/ref:90/nl:128]  β=0.055  α_t=0.055  (4090s)
step  5440  L_grcl=  1.19  L_cov= 0.14  L_cons=0.000  L_tot=  1.19  diag=+0.984  mix=[cap:93/ref:117/nl:110]  β=0.055  α_t=0.055  (4105s)
step  5460  L_grcl=  1.18  L_cov= 0.12  L_cons=0.000  L_tot=  1.18  diag=+0.983  mix=[cap:106/ref:115/nl:99]  β=0.055  α_t=0.055  (4120s)
step  5480  L_grcl=  1.20  L_cov= 0.14  L_cons=0.000  L_tot=  1.20  diag=+0.985  mix=[cap:106/ref:99/nl:115]  β=0.055  α_t=0.055  (4134s)
step  5500  L_grcl=  1.11  L_cov= 0.12  L_cons=0.000  L_tot=  1.11  diag=+0.987  mix=[cap:125/ref:112/nl:83]  β=0.055  α_t=0.055  (4149s)

  [eval @ step 5500] held-out test-A...
    cap-fig cos: +0.9908  (Δ +0.8760)
    R@1/5/10: 13.5% / 53.0% / 80.0%  (Δ +13.5 / +53.0 / +80.0)
    [ckpt saved @ step 5500 R@10=80.0%]

step  5520  L_grcl=  1.20  L_cov= 0.13  L_cons=0.000  L_tot=  1.20  diag=+0.984  mix=[cap:104/ref:109/nl:107]  β=0.056  α_t=0.055  (4179s)
step  5540  L_grcl=  1.25  L_cov= 0.15  L_cons=0.000  L_tot=  1.25  diag=+0.985  mix=[cap:100/ref:103/nl:117]  β=0.056  α_t=0.055  (4194s)
step  5560  L_grcl=  1.24  L_cov= 0.14  L_cons=0.000  L_tot=  1.24  diag=+0.984  mix=[cap:124/ref:102/nl:94]  β=0.056  α_t=0.055  (4208s)
step  5580  L_grcl=  1.22  L_cov= 0.13  L_cons=0.000  L_tot=  1.22  diag=+0.983  mix=[cap:104/ref:114/nl:102]  β=0.056  α_t=0.055  (4222s)
step  5600  L_grcl=  1.28  L_cov= 0.13  L_cons=0.000  L_tot=  1.28  diag=+0.982  mix=[cap:102/ref:115/nl:103]  β=0.056  α_t=0.055  (4236s)
step  5620  L_grcl=  1.17  L_cov= 0.13  L_cons=0.000  L_tot=  1.17  diag=+0.983  mix=[cap:88/ref:125/nl:107]  β=0.056  α_t=0.055  (4250s)
step  5640  L_grcl=  1.18  L_cov= 0.14  L_cons=0.000  L_tot=  1.18  diag=+0.983  mix=[cap:119/ref:103/nl:98]  β=0.056  α_t=0.055  (4264s)
step  5660  L_grcl=  1.11  L_cov= 0.12  L_cons=0.000  L_tot=  1.11  diag=+0.985  mix=[cap:105/ref:112/nl:103]  β=0.056  α_t=0.055  (4277s)
step  5680  L_grcl=  1.15  L_cov= 0.12  L_cons=0.000  L_tot=  1.15  diag=+0.983  mix=[cap:94/ref:123/nl:103]  β=0.056  α_t=0.055  (4291s)
step  5700  L_grcl=  1.14  L_cov= 0.13  L_cons=0.000  L_tot=  1.14  diag=+0.983  mix=[cap:112/ref:104/nl:104]  β=0.056  α_t=0.055  (4305s)
step  5720  L_grcl=  1.34  L_cov= 0.14  L_cons=0.000  L_tot=  1.34  diag=+0.983  mix=[cap:106/ref:108/nl:106]  β=0.056  α_t=0.055  (4320s)
step  5740  L_grcl=  1.23  L_cov= 0.14  L_cons=0.000  L_tot=  1.23  diag=+0.983  mix=[cap:111/ref:100/nl:109]  β=0.056  α_t=0.055  (4335s)
step  5760  L_grcl=  1.17  L_cov= 0.13  L_cons=0.000  L_tot=  1.17  diag=+0.982  mix=[cap:90/ref:113/nl:117]  β=0.056  α_t=0.055  (4350s)
step  5780  L_grcl=  1.16  L_cov= 0.11  L_cons=0.000  L_tot=  1.16  diag=+0.984  mix=[cap:109/ref:102/nl:109]  β=0.056  α_t=0.055  (4364s)
step  5800  L_grcl=  1.12  L_cov= 0.13  L_cons=0.000  L_tot=  1.12  diag=+0.984  mix=[cap:116/ref:98/nl:106]  β=0.056  α_t=0.055  (4379s)
step  5820  L_grcl=  1.22  L_cov= 0.13  L_cons=0.000  L_tot=  1.22  diag=+0.982  mix=[cap:101/ref:114/nl:105]  β=0.056  α_t=0.055  (4394s)
step  5840  L_grcl=  1.22  L_cov= 0.13  L_cons=0.000  L_tot=  1.22  diag=+0.984  mix=[cap:113/ref:101/nl:106]  β=0.056  α_t=0.055  (4408s)
step  5860  L_grcl=  1.17  L_cov= 0.12  L_cons=0.000  L_tot=  1.17  diag=+0.984  mix=[cap:103/ref:122/nl:95]  β=0.056  α_t=0.055  (4423s)
step  5880  L_grcl=  1.23  L_cov= 0.11  L_cons=0.000  L_tot=  1.23  diag=+0.985  mix=[cap:102/ref:119/nl:99]  β=0.056  α_t=0.055  (4438s)
step  5900  L_grcl=  1.20  L_cov= 0.15  L_cons=0.000  L_tot=  1.20  diag=+0.984  mix=[cap:101/ref:109/nl:110]  β=0.056  α_t=0.055  (4453s)
step  5920  L_grcl=  1.15  L_cov= 0.11  L_cons=0.000  L_tot=  1.15  diag=+0.984  mix=[cap:116/ref:112/nl:92]  β=0.056  α_t=0.055  (4467s)
step  5940  L_grcl=  1.18  L_cov= 0.12  L_cons=0.000  L_tot=  1.18  diag=+0.986  mix=[cap:109/ref:109/nl:102]  β=0.056  α_t=0.055  (4482s)
step  5960  L_grcl=  1.15  L_cov= 0.12  L_cons=0.000  L_tot=  1.15  diag=+0.984  mix=[cap:106/ref:107/nl:107]  β=0.056  α_t=0.055  (4496s)
step  5980  L_grcl=  1.16  L_cov= 0.13  L_cons=0.000  L_tot=  1.16  diag=+0.982  mix=[cap:105/ref:121/nl:94]  β=0.056  α_t=0.055  (4511s)
step  6000  L_grcl=  1.23  L_cov= 0.13  L_cons=0.000  L_tot=  1.23  diag=+0.983  mix=[cap:99/ref:111/nl:110]  β=0.056  α_t=0.055  (4526s)

  [eval @ step 6000] held-out test-A...
    cap-fig cos: +0.9912  (Δ +0.8765)
    R@1/5/10: 13.5% / 58.5% / 81.0%  (Δ +13.5 / +58.5 / +81.0)
    [ckpt saved @ step 6000 R@10=81.0%]

step  6020  L_grcl=  1.18  L_cov= 0.13  L_cons=0.000  L_tot=  1.18  diag=+0.985  mix=[cap:105/ref:115/nl:100]  β=0.056  α_t=0.055  (4560s)
step  6040  L_grcl=  1.20  L_cov= 0.13  L_cons=0.000  L_tot=  1.20  diag=+0.983  mix=[cap:94/ref:108/nl:118]  β=0.056  α_t=0.056  (4575s)
step  6060  L_grcl=  1.17  L_cov= 0.13  L_cons=0.000  L_tot=  1.17  diag=+0.985  mix=[cap:102/ref:117/nl:101]  β=0.056  α_t=0.056  (4590s)
step  6080  L_grcl=  1.16  L_cov= 0.13  L_cons=0.000  L_tot=  1.16  diag=+0.985  mix=[cap:116/ref:103/nl:101]  β=0.056  α_t=0.056  (4605s)
step  6100  L_grcl=  1.15  L_cov= 0.12  L_cons=0.000  L_tot=  1.15  diag=+0.983  mix=[cap:100/ref:115/nl:105]  β=0.056  α_t=0.056  (4620s)
step  6120  L_grcl=  1.27  L_cov= 0.14  L_cons=0.000  L_tot=  1.27  diag=+0.984  mix=[cap:107/ref:99/nl:114]  β=0.056  α_t=0.056  (4634s)
step  6140  L_grcl=  1.23  L_cov= 0.14  L_cons=0.000  L_tot=  1.23  diag=+0.984  mix=[cap:100/ref:109/nl:111]  β=0.056  α_t=0.056  (4649s)
step  6160  L_grcl=  1.26  L_cov= 0.16  L_cons=0.000  L_tot=  1.26  diag=+0.985  mix=[cap:100/ref:113/nl:107]  β=0.056  α_t=0.056  (4664s)
step  6180  L_grcl=  1.16  L_cov= 0.13  L_cons=0.000  L_tot=  1.16  diag=+0.985  mix=[cap:104/ref:114/nl:102]  β=0.057  α_t=0.056  (4679s)
step  6200  L_grcl=  1.16  L_cov= 0.13  L_cons=0.000  L_tot=  1.16  diag=+0.983  mix=[cap:97/ref:119/nl:104]  β=0.057  α_t=0.056  (4694s)
step  6220  L_grcl=  1.27  L_cov= 0.13  L_cons=0.000  L_tot=  1.27  diag=+0.984  mix=[cap:117/ref:112/nl:91]  β=0.057  α_t=0.056  (4710s)
step  6240  L_grcl=  1.14  L_cov= 0.13  L_cons=0.000  L_tot=  1.14  diag=+0.985  mix=[cap:105/ref:107/nl:108]  β=0.057  α_t=0.056  (4724s)
step  6260  L_grcl=  1.31  L_cov= 0.12  L_cons=0.000  L_tot=  1.31  diag=+0.984  mix=[cap:108/ref:115/nl:97]  β=0.057  α_t=0.056  (4739s)
step  6280  L_grcl=  1.29  L_cov= 0.14  L_cons=0.000  L_tot=  1.29  diag=+0.984  mix=[cap:114/ref:110/nl:96]  β=0.057  α_t=0.056  (4753s)
step  6300  L_grcl=  1.22  L_cov= 0.14  L_cons=0.000  L_tot=  1.22  diag=+0.984  mix=[cap:99/ref:109/nl:112]  β=0.057  α_t=0.056  (4767s)
step  6320  L_grcl=  1.22  L_cov= 0.14  L_cons=0.000  L_tot=  1.22  diag=+0.986  mix=[cap:127/ref:97/nl:96]  β=0.057  α_t=0.056  (4781s)
step  6340  L_grcl=  1.14  L_cov= 0.13  L_cons=0.000  L_tot=  1.14  diag=+0.986  mix=[cap:110/ref:117/nl:93]  β=0.057  α_t=0.056  (4796s)
step  6360  L_grcl=  1.22  L_cov= 0.15  L_cons=0.000  L_tot=  1.22  diag=+0.985  mix=[cap:111/ref:105/nl:104]  β=0.057  α_t=0.056  (4810s)
step  6380  L_grcl=  1.15  L_cov= 0.14  L_cons=0.000  L_tot=  1.15  diag=+0.986  mix=[cap:101/ref:112/nl:107]  β=0.057  α_t=0.056  (4825s)
step  6400  L_grcl=  1.20  L_cov= 0.14  L_cons=0.000  L_tot=  1.20  diag=+0.986  mix=[cap:103/ref:107/nl:110]  β=0.057  α_t=0.056  (4840s)
step  6420  L_grcl=  1.20  L_cov= 0.13  L_cons=0.000  L_tot=  1.20  diag=+0.984  mix=[cap:97/ref:111/nl:112]  β=0.057  α_t=0.056  (4854s)
step  6440  L_grcl=  1.11  L_cov= 0.12  L_cons=0.000  L_tot=  1.11  diag=+0.982  mix=[cap:102/ref:118/nl:100]  β=0.057  α_t=0.056  (4869s)
step  6460  L_grcl=  1.21  L_cov= 0.11  L_cons=0.000  L_tot=  1.21  diag=+0.982  mix=[cap:103/ref:117/nl:100]  β=0.057  α_t=0.056  (4884s)
step  6480  L_grcl=  1.18  L_cov= 0.14  L_cons=0.000  L_tot=  1.18  diag=+0.984  mix=[cap:109/ref:112/nl:99]  β=0.057  α_t=0.056  (4899s)
step  6500  L_grcl=  1.09  L_cov= 0.12  L_cons=0.000  L_tot=  1.09  diag=+0.983  mix=[cap:91/ref:124/nl:105]  β=0.057  α_t=0.056  (4913s)

  [eval @ step 6500] held-out test-A...
    cap-fig cos: +0.9905  (Δ +0.8758)
    R@1/5/10: 11.5% / 50.5% / 79.5%  (Δ +11.5 / +50.5 / +79.5)

step  6520  L_grcl=  1.06  L_cov= 0.11  L_cons=0.000  L_tot=  1.06  diag=+0.982  mix=[cap:98/ref:118/nl:104]  β=0.057  α_t=0.056  (4944s)
step  6540  L_grcl=  1.15  L_cov= 0.12  L_cons=0.000  L_tot=  1.15  diag=+0.983  mix=[cap:109/ref:111/nl:100]  β=0.057  α_t=0.056  (4958s)
step  6560  L_grcl=  1.12  L_cov= 0.10  L_cons=0.000  L_tot=  1.12  diag=+0.984  mix=[cap:115/ref:114/nl:91]  β=0.057  α_t=0.056  (4973s)
step  6580  L_grcl=  1.14  L_cov= 0.12  L_cons=0.000  L_tot=  1.14  diag=+0.983  mix=[cap:98/ref:115/nl:107]  β=0.057  α_t=0.056  (4987s)
step  6600  L_grcl=  1.11  L_cov= 0.12  L_cons=0.000  L_tot=  1.11  diag=+0.983  mix=[cap:112/ref:111/nl:97]  β=0.057  α_t=0.056  (5002s)
step  6620  L_grcl=  1.25  L_cov= 0.12  L_cons=0.000  L_tot=  1.25  diag=+0.983  mix=[cap:99/ref:107/nl:114]  β=0.057  α_t=0.056  (5017s)
step  6640  L_grcl=  1.09  L_cov= 0.12  L_cons=0.000  L_tot=  1.09  diag=+0.985  mix=[cap:103/ref:114/nl:103]  β=0.057  α_t=0.056  (5032s)
step  6660  L_grcl=  1.26  L_cov= 0.14  L_cons=0.000  L_tot=  1.26  diag=+0.985  mix=[cap:101/ref:107/nl:112]  β=0.057  α_t=0.056  (5046s)
step  6680  L_grcl=  1.17  L_cov= 0.13  L_cons=0.000  L_tot=  1.17  diag=+0.985  mix=[cap:88/ref:113/nl:119]  β=0.057  α_t=0.056  (5061s)
step  6700  L_grcl=  1.13  L_cov= 0.12  L_cons=0.000  L_tot=  1.13  diag=+0.983  mix=[cap:99/ref:114/nl:107]  β=0.057  α_t=0.056  (5075s)
step  6720  L_grcl=  1.11  L_cov= 0.12  L_cons=0.000  L_tot=  1.11  diag=+0.982  mix=[cap:101/ref:114/nl:105]  β=0.057  α_t=0.056  (5090s)
step  6740  L_grcl=  1.23  L_cov= 0.14  L_cons=0.000  L_tot=  1.23  diag=+0.982  mix=[cap:94/ref:112/nl:114]  β=0.057  α_t=0.056  (5105s)
step  6760  L_grcl=  1.12  L_cov= 0.12  L_cons=0.000  L_tot=  1.12  diag=+0.984  mix=[cap:110/ref:111/nl:99]  β=0.057  α_t=0.056  (5119s)
step  6780  L_grcl=  1.13  L_cov= 0.12  L_cons=0.000  L_tot=  1.13  diag=+0.985  mix=[cap:102/ref:120/nl:98]  β=0.057  α_t=0.057  (5134s)
step  6800  L_grcl=  1.14  L_cov= 0.12  L_cons=0.000  L_tot=  1.14  diag=+0.983  mix=[cap:110/ref:105/nl:105]  β=0.057  α_t=0.057  (5148s)
step  6820  L_grcl=  1.23  L_cov= 0.13  L_cons=0.000  L_tot=  1.23  diag=+0.983  mix=[cap:99/ref:109/nl:112]  β=0.057  α_t=0.057  (5163s)
step  6840  L_grcl=  1.14  L_cov= 0.13  L_cons=0.000  L_tot=  1.14  diag=+0.984  mix=[cap:109/ref:109/nl:102]  β=0.058  α_t=0.057  (5178s)
step  6860  L_grcl=  1.17  L_cov= 0.12  L_cons=0.000  L_tot=  1.17  diag=+0.981  mix=[cap:91/ref:114/nl:115]  β=0.058  α_t=0.057  (5193s)
step  6880  L_grcl=  1.11  L_cov= 0.10  L_cons=0.000  L_tot=  1.11  diag=+0.984  mix=[cap:111/ref:113/nl:96]  β=0.058  α_t=0.057  (5207s)
step  6900  L_grcl=  1.23  L_cov= 0.14  L_cons=0.000  L_tot=  1.23  diag=+0.984  mix=[cap:102/ref:99/nl:119]  β=0.058  α_t=0.057  (5221s)
step  6920  L_grcl=  1.22  L_cov= 0.13  L_cons=0.000  L_tot=  1.22  diag=+0.983  mix=[cap:119/ref:94/nl:107]  β=0.058  α_t=0.057  (5237s)
step  6940  L_grcl=  1.21  L_cov= 0.12  L_cons=0.000  L_tot=  1.21  diag=+0.983  mix=[cap:109/ref:119/nl:92]  β=0.058  α_t=0.057  (5251s)
step  6960  L_grcl=  1.17  L_cov= 0.12  L_cons=0.000  L_tot=  1.17  diag=+0.983  mix=[cap:116/ref:103/nl:101]  β=0.058  α_t=0.057  (5266s)
step  6980  L_grcl=  1.13  L_cov= 0.12  L_cons=0.000  L_tot=  1.13  diag=+0.984  mix=[cap:102/ref:111/nl:107]  β=0.058  α_t=0.057  (5281s)
step  7000  L_grcl=  1.13  L_cov= 0.12  L_cons=0.000  L_tot=  1.13  diag=+0.984  mix=[cap:110/ref:100/nl:110]  β=0.058  α_t=0.057  (5295s)

  [eval @ step 7000] held-out test-A...
    cap-fig cos: +0.9898  (Δ +0.8751)
    R@1/5/10: 11.5% / 52.5% / 82.0%  (Δ +11.5 / +52.5 / +82.0)
    [ckpt saved @ step 7000 R@10=82.0%]

step  7020  L_grcl=  1.11  L_cov= 0.12  L_cons=0.000  L_tot=  1.11  diag=+0.982  mix=[cap:98/ref:110/nl:112]  β=0.058  α_t=0.057  (5329s)
step  7040  L_grcl=  1.10  L_cov= 0.12  L_cons=0.000  L_tot=  1.10  diag=+0.983  mix=[cap:111/ref:103/nl:106]  β=0.058  α_t=0.057  (5343s)
step  7060  L_grcl=  1.36  L_cov= 0.12  L_cons=0.000  L_tot=  1.36  diag=+0.984  mix=[cap:96/ref:112/nl:112]  β=0.058  α_t=0.057  (5358s)
step  7080  L_grcl=  1.15  L_cov= 0.13  L_cons=0.000  L_tot=  1.15  diag=+0.986  mix=[cap:108/ref:110/nl:102]  β=0.058  α_t=0.057  (5372s)
step  7100  L_grcl=  1.19  L_cov= 0.13  L_cons=0.000  L_tot=  1.19  diag=+0.983  mix=[cap:97/ref:103/nl:120]  β=0.058  α_t=0.057  (5387s)
step  7120  L_grcl=  1.12  L_cov= 0.10  L_cons=0.000  L_tot=  1.12  diag=+0.982  mix=[cap:100/ref:119/nl:101]  β=0.058  α_t=0.057  (5402s)
step  7140  L_grcl=  1.22  L_cov= 0.11  L_cons=0.000  L_tot=  1.22  diag=+0.982  mix=[cap:111/ref:100/nl:109]  β=0.058  α_t=0.057  (5417s)
step  7160  L_grcl=  1.12  L_cov= 0.11  L_cons=0.000  L_tot=  1.12  diag=+0.983  mix=[cap:108/ref:118/nl:94]  β=0.058  α_t=0.057  (5431s)
step  7180  L_grcl=  1.20  L_cov= 0.12  L_cons=0.000  L_tot=  1.20  diag=+0.984  mix=[cap:115/ref:104/nl:101]  β=0.058  α_t=0.057  (5445s)
step  7200  L_grcl=  1.17  L_cov= 0.13  L_cons=0.000  L_tot=  1.17  diag=+0.985  mix=[cap:105/ref:106/nl:109]  β=0.058  α_t=0.057  (5460s)
step  7220  L_grcl=  1.24  L_cov= 0.14  L_cons=0.000  L_tot=  1.24  diag=+0.984  mix=[cap:116/ref:100/nl:104]  β=0.058  α_t=0.057  (5475s)
step  7240  L_grcl=  1.12  L_cov= 0.10  L_cons=0.000  L_tot=  1.12  diag=+0.983  mix=[cap:114/ref:106/nl:100]  β=0.058  α_t=0.057  (5489s)
step  7260  L_grcl=  1.21  L_cov= 0.14  L_cons=0.000  L_tot=  1.21  diag=+0.984  mix=[cap:101/ref:101/nl:118]  β=0.058  α_t=0.057  (5505s)
step  7280  L_grcl=  1.06  L_cov= 0.13  L_cons=0.000  L_tot=  1.06  diag=+0.983  mix=[cap:117/ref:94/nl:109]  β=0.058  α_t=0.057  (5519s)
step  7300  L_grcl=  1.18  L_cov= 0.11  L_cons=0.000  L_tot=  1.18  diag=+0.980  mix=[cap:107/ref:120/nl:93]  β=0.058  α_t=0.057  (5534s)
step  7320  L_grcl=  1.23  L_cov= 0.13  L_cons=0.000  L_tot=  1.23  diag=+0.984  mix=[cap:106/ref:103/nl:111]  β=0.058  α_t=0.057  (5549s)
step  7340  L_grcl=  1.16  L_cov= 0.13  L_cons=0.000  L_tot=  1.16  diag=+0.986  mix=[cap:109/ref:110/nl:101]  β=0.058  α_t=0.057  (5563s)
step  7360  L_grcl=  1.12  L_cov= 0.11  L_cons=0.000  L_tot=  1.12  diag=+0.985  mix=[cap:104/ref:115/nl:101]  β=0.058  α_t=0.057  (5578s)
step  7380  L_grcl=  1.21  L_cov= 0.12  L_cons=0.000  L_tot=  1.21  diag=+0.984  mix=[cap:106/ref:104/nl:110]  β=0.058  α_t=0.057  (5593s)
step  7400  L_grcl=  1.19  L_cov= 0.13  L_cons=0.000  L_tot=  1.19  diag=+0.984  mix=[cap:99/ref:97/nl:124]  β=0.058  α_t=0.057  (5607s)
step  7420  L_grcl=  1.14  L_cov= 0.13  L_cons=0.000  L_tot=  1.14  diag=+0.983  mix=[cap:89/ref:114/nl:117]  β=0.058  α_t=0.057  (5621s)
step  7440  L_grcl=  1.08  L_cov= 0.12  L_cons=0.000  L_tot=  1.08  diag=+0.982  mix=[cap:116/ref:103/nl:101]  β=0.058  α_t=0.057  (5636s)
step  7460  L_grcl=  1.21  L_cov= 0.10  L_cons=0.000  L_tot=  1.21  diag=+0.983  mix=[cap:100/ref:108/nl:112]  β=0.058  α_t=0.057  (5650s)
step  7480  L_grcl=  1.09  L_cov= 0.10  L_cons=0.000  L_tot=  1.09  diag=+0.984  mix=[cap:110/ref:117/nl:93]  β=0.058  α_t=0.057  (5665s)
step  7500  L_grcl=  1.00  L_cov= 0.11  L_cons=0.000  L_tot=  1.00  diag=+0.984  mix=[cap:115/ref:111/nl:94]  β=0.058  α_t=0.057  (5679s)

  [eval @ step 7500] held-out test-A...
    cap-fig cos: +0.9906  (Δ +0.8759)
    R@1/5/10: 16.0% / 57.0% / 84.5%  (Δ +16.0 / +57.0 / +84.5)
    [ckpt saved @ step 7500 R@10=84.5%]

step  7520  L_grcl=  1.19  L_cov= 0.12  L_cons=0.000  L_tot=  1.19  diag=+0.983  mix=[cap:113/ref:102/nl:105]  β=0.059  α_t=0.057  (5710s)
step  7540  L_grcl=  1.17  L_cov= 0.12  L_cons=0.000  L_tot=  1.17  diag=+0.986  mix=[cap:120/ref:110/nl:90]  β=0.059  α_t=0.057  (5725s)
step  7560  L_grcl=  1.20  L_cov= 0.11  L_cons=0.000  L_tot=  1.20  diag=+0.983  mix=[cap:101/ref:115/nl:104]  β=0.059  α_t=0.057  (5739s)
step  7580  L_grcl=  1.20  L_cov= 0.14  L_cons=0.000  L_tot=  1.20  diag=+0.984  mix=[cap:114/ref:102/nl:104]  β=0.059  α_t=0.057  (5753s)
step  7600  L_grcl=  1.19  L_cov= 0.13  L_cons=0.000  L_tot=  1.19  diag=+0.983  mix=[cap:108/ref:103/nl:109]  β=0.059  α_t=0.058  (5768s)
step  7620  L_grcl=  1.16  L_cov= 0.12  L_cons=0.000  L_tot=  1.16  diag=+0.983  mix=[cap:117/ref:97/nl:106]  β=0.059  α_t=0.058  (5782s)
step  7640  L_grcl=  1.19  L_cov= 0.13  L_cons=0.000  L_tot=  1.19  diag=+0.983  mix=[cap:104/ref:107/nl:109]  β=0.059  α_t=0.058  (5796s)
step  7660  L_grcl=  1.17  L_cov= 0.13  L_cons=0.000  L_tot=  1.17  diag=+0.984  mix=[cap:107/ref:109/nl:104]  β=0.059  α_t=0.058  (5810s)
step  7680  L_grcl=  1.24  L_cov= 0.12  L_cons=0.000  L_tot=  1.24  diag=+0.983  mix=[cap:97/ref:106/nl:117]  β=0.059  α_t=0.058  (5825s)
step  7700  L_grcl=  1.14  L_cov= 0.11  L_cons=0.000  L_tot=  1.14  diag=+0.984  mix=[cap:122/ref:112/nl:86]  β=0.059  α_t=0.058  (5839s)
step  7720  L_grcl=  1.19  L_cov= 0.12  L_cons=0.000  L_tot=  1.19  diag=+0.985  mix=[cap:93/ref:101/nl:126]  β=0.059  α_t=0.058  (5854s)
step  7740  L_grcl=  1.16  L_cov= 0.12  L_cons=0.000  L_tot=  1.16  diag=+0.985  mix=[cap:99/ref:111/nl:110]  β=0.059  α_t=0.058  (5868s)
step  7760  L_grcl=  1.09  L_cov= 0.13  L_cons=0.000  L_tot=  1.09  diag=+0.983  mix=[cap:111/ref:103/nl:106]  β=0.059  α_t=0.058  (5883s)
step  7780  L_grcl=  1.16  L_cov= 0.13  L_cons=0.000  L_tot=  1.16  diag=+0.985  mix=[cap:130/ref:93/nl:97]  β=0.059  α_t=0.058  (5898s)
step  7800  L_grcl=  1.10  L_cov= 0.12  L_cons=0.000  L_tot=  1.10  diag=+0.984  mix=[cap:118/ref:113/nl:89]  β=0.059  α_t=0.058  (5913s)
step  7820  L_grcl=  1.19  L_cov= 0.12  L_cons=0.000  L_tot=  1.19  diag=+0.983  mix=[cap:100/ref:109/nl:111]  β=0.059  α_t=0.058  (5928s)
step  7840  L_grcl=  1.07  L_cov= 0.11  L_cons=0.000  L_tot=  1.07  diag=+0.985  mix=[cap:125/ref:97/nl:98]  β=0.059  α_t=0.058  (5942s)
step  7860  L_grcl=  1.14  L_cov= 0.10  L_cons=0.000  L_tot=  1.14  diag=+0.983  mix=[cap:108/ref:110/nl:102]  β=0.059  α_t=0.058  (5957s)
step  7880  L_grcl=  1.12  L_cov= 0.11  L_cons=0.000  L_tot=  1.12  diag=+0.983  mix=[cap:108/ref:105/nl:107]  β=0.059  α_t=0.058  (5971s)
step  7900  L_grcl=  1.22  L_cov= 0.12  L_cons=0.000  L_tot=  1.22  diag=+0.984  mix=[cap:109/ref:105/nl:106]  β=0.059  α_t=0.058  (5986s)
step  7920  L_grcl=  1.11  L_cov= 0.11  L_cons=0.000  L_tot=  1.11  diag=+0.985  mix=[cap:107/ref:119/nl:94]  β=0.059  α_t=0.058  (6001s)
step  7940  L_grcl=  1.16  L_cov= 0.13  L_cons=0.000  L_tot=  1.16  diag=+0.984  mix=[cap:103/ref:104/nl:113]  β=0.059  α_t=0.058  (6015s)
step  7960  L_grcl=  1.11  L_cov= 0.12  L_cons=0.000  L_tot=  1.11  diag=+0.983  mix=[cap:100/ref:116/nl:104]  β=0.059  α_t=0.058  (6030s)
step  7980  L_grcl=  1.15  L_cov= 0.11  L_cons=0.000  L_tot=  1.15  diag=+0.982  mix=[cap:102/ref:121/nl:97]  β=0.059  α_t=0.058  (6045s)
step  8000  L_grcl=  1.20  L_cov= 0.11  L_cons=0.000  L_tot=  1.20  diag=+0.982  mix=[cap:100/ref:113/nl:107]  β=0.059  α_t=0.058  (6060s)

  [eval @ step 8000] held-out test-A...
    cap-fig cos: +0.9903  (Δ +0.8756)
    R@1/5/10: 13.0% / 56.0% / 82.0%  (Δ +13.0 / +56.0 / +82.0)


[final] test-A:
  cap-fig cos: +0.9903  (init +0.1147, Δ +0.8756)
  R@1/5/10: 13.0% / 56.0% / 82.0%
  init R@1/5/10: 0.0% / 0.0% / 0.0%

saved → /home/work/dl/dl_project/eval/results/experiments/c_gpe_type_role_infonce/train.json
[main1:100400:0:100400] Caught signal 11 (Segmentation fault: address not mapped to object at address 0x7f8005fadec0)
  training exited with code -11 but train.json + ckpt look complete — treating as success
  training done in 104.6 min

--- Evaluation ---
$ /usr/bin/python -m pipeline.eval_full --out /home/work/dl/dl_project/eval/results/experiments/c_gpe_type_role_infonce/eval.json --device cuda --ckpt ckpt/c_gpe_type_role_infonce.pt --lora_rank 8 --lora_alpha 16 --hf_id google/siglip2-base-patch16-224 --gpe_facets type,role --datasets spiqa_testA sciegqa mmdocir
device: cuda
[ElementTokenEncoder] loading google/siglip2-base-patch16-224
Using a slow image processor as `use_fast` is unset and a slow processor was saved with this model. `use_fast=True` will be the default behavior in v4.52, even if the model was saved with a slow processor. This will result in minor differences in outputs. You'll still be able to use a slow processor with `use_fast=False`.
[ElementTokenEncoder] LoRA r=8 α=16 targets=['q_proj', 'k_proj', 'v_proj', 'out_proj'] applied (d_text=768, d_vision=768, cls=False)
trainable params: 1,191,936 || all params: 376,379,906 || trainable%: 0.3167
[eval_full] loaded checkpoint: ckpt/c_gpe_type_role_infonce.pt

[eval] SPIQA test-A
  graph: 118 docs, elements: 9039, queries: 666
  [5/118 docs, 26/666 queries] 2s
  [10/118 docs, 59/666 queries] 5s
  [15/118 docs, 82/666 queries] 7s
  [20/118 docs, 105/666 queries] 9s
  [25/118 docs, 132/666 queries] 11s
  [30/118 docs, 161/666 queries] 13s
  [35/118 docs, 181/666 queries] 15s
  [40/118 docs, 217/666 queries] 18s
  [45/118 docs, 242/666 queries] 20s
  [50/118 docs, 269/666 queries] 22s
  [55/118 docs, 285/666 queries] 24s
  [60/118 docs, 313/666 queries] 26s
  [65/118 docs, 352/666 queries] 29s
  [70/118 docs, 396/666 queries] 32s
  [75/118 docs, 445/666 queries] 36s
  [80/118 docs, 481/666 queries] 39s
  [85/118 docs, 514/666 queries] 42s
  [90/118 docs, 535/666 queries] 43s
  [95/118 docs, 560/666 queries] 45s
  [100/118 docs, 590/666 queries] 48s
  [105/118 docs, 616/666 queries] 50s
  [110/118 docs, 640/666 queries] 52s
  [115/118 docs, 663/666 queries] 54s
  done in 54s

[eval] SciEGQA
  graph: 80 docs, elements: 29412, queries: 1623
  [5/80 docs, 108/1623 queries] 11s
  [10/80 docs, 218/1623 queries] 25s
  [15/80 docs, 325/1623 queries] 37s
  [20/80 docs, 427/1623 queries] 59s
  [25/80 docs, 532/1623 queries] 72s
  [30/80 docs, 630/1623 queries] 89s
  [35/80 docs, 733/1623 queries] 106s
  [40/80 docs, 818/1623 queries] 114s
  [45/80 docs, 927/1623 queries] 127s
  [50/80 docs, 1031/1623 queries] 139s
  [55/80 docs, 1102/1623 queries] 149s
  [60/80 docs, 1207/1623 queries] 160s
  [65/80 docs, 1314/1623 queries] 179s
  [70/80 docs, 1423/1623 queries] 198s
  [75/80 docs, 1513/1623 queries] 208s
  [80/80 docs, 1623/1623 queries] 224s
  done in 224s

[eval] MMDocIR
  graph: 75 docs, elements: 15032, queries: 389
  [5/75 docs, 31/389 queries] 5s
  [10/75 docs, 58/389 queries] 8s
  [15/75 docs, 87/389 queries] 14s
  [20/75 docs, 116/389 queries] 17s
  [25/75 docs, 137/389 queries] 20s
  [30/75 docs, 162/389 queries] 22s
  [35/75 docs, 187/389 queries] 24s
  [40/75 docs, 212/389 queries] 26s
  [45/75 docs, 243/389 queries] 29s
  [50/75 docs, 267/389 queries] 31s
  [55/75 docs, 288/389 queries] 32s
  [60/75 docs, 306/389 queries] 34s
  [65/75 docs, 332/389 queries] 36s
  [70/75 docs, 364/389 queries] 39s
  [75/75 docs, 389/389 queries] 41s
  done in 41s

saved → /home/work/dl/dl_project/eval/results/experiments/c_gpe_type_role_infonce/eval.json

=== Summary ===

SPIQA test-A:
  [no_prop] mrr=0.3230  recall@10=0.8378  hit@10=0.8378  coverage@10=0.8378  perfect@10=0.8378
  [uniform_a01_T2] mrr=0.2755  recall@10=0.6847  hit@10=0.6847  coverage@10=0.6847  perfect@10=0.6847
  [uniform_a03_T1] mrr=0.2743  recall@10=0.7027  hit@10=0.7027  coverage@10=0.7027  perfect@10=0.7027
  [uniform_a03_T2] mrr=0.2721  recall@10=0.6517  hit@10=0.6517  coverage@10=0.6517  perfect@10=0.6517
  [uniform_a03_T3] mrr=0.2798  recall@10=0.6682  hit@10=0.6682  coverage@10=0.6682  perfect@10=0.6682
  [uniform_a05_T2] mrr=0.2772  recall@10=0.6532  hit@10=0.6532  coverage@10=0.6532  perfect@10=0.6532
  [wbase_a03_T2] mrr=0.2902  recall@10=0.6922  hit@10=0.6922  coverage@10=0.6922  perfect@10=0.6922
  [wbase_role_a03_T2] mrr=0.2902  recall@10=0.6922  hit@10=0.6922  coverage@10=0.6922  perfect@10=0.6922
  [wbase_vis_a03_T2] mrr=0.2909  recall@10=0.6922  hit@10=0.6922  coverage@10=0.6922  perfect@10=0.6922
  [wfull_a03_T2] mrr=0.2909  recall@10=0.6922  hit@10=0.6922  coverage@10=0.6922  perfect@10=0.6922
  [wfull_a01_T2] mrr=0.2919  recall@10=0.7237  hit@10=0.7237  coverage@10=0.7237  perfect@10=0.7237
  [wfull_a05_T2] mrr=0.2953  recall@10=0.6802  hit@10=0.6802  coverage@10=0.6802  perfect@10=0.6802
  [wfull_a07_T2] mrr=0.2755  recall@10=0.6366  hit@10=0.6366  coverage@10=0.6366  perfect@10=0.6366
  [wfull_a03_T1] mrr=0.2998  recall@10=0.7523  hit@10=0.7523  coverage@10=0.7523  perfect@10=0.7523
  [wfull_a03_T3] mrr=0.2966  recall@10=0.6892  hit@10=0.6892  coverage@10=0.6892  perfect@10=0.6892
  [ppr_a015] mrr=0.2762  recall@10=0.6291  hit@10=0.6291  coverage@10=0.6291  perfect@10=0.6291
  [ppr_a030] mrr=0.2855  recall@10=0.6426  hit@10=0.6426  coverage@10=0.6426  perfect@10=0.6426
  [ppr_a050] mrr=0.3028  recall@10=0.6832  hit@10=0.6832  coverage@10=0.6832  perfect@10=0.6832
  [ppr_a070] mrr=0.2984  recall@10=0.7117  hit@10=0.7117  coverage@10=0.7117  perfect@10=0.7117
  [ppr_a085] mrr=0.2957  recall@10=0.7177  hit@10=0.7177  coverage@10=0.7177  perfect@10=0.7177
  [ppr_unif_a030] mrr=0.2863  recall@10=0.6321  hit@10=0.6321  coverage@10=0.6321  perfect@10=0.6321
  [ppr_unif_a050] mrr=0.2831  recall@10=0.6817  hit@10=0.6817  coverage@10=0.6817  perfect@10=0.6817
  [prop_a03_T2] mrr=0.2909  recall@10=0.6922  hit@10=0.6922  coverage@10=0.6922  perfect@10=0.6922
  [prop_a01_T2] mrr=0.2919  recall@10=0.7237  hit@10=0.7237  coverage@10=0.7237  perfect@10=0.7237
  [prop_a05_T2] mrr=0.2953  recall@10=0.6802  hit@10=0.6802  coverage@10=0.6802  perfect@10=0.6802
  [prop_a07_T2] mrr=0.2755  recall@10=0.6366  hit@10=0.6366  coverage@10=0.6366  perfect@10=0.6366
  [prop_a03_T1] mrr=0.2998  recall@10=0.7523  hit@10=0.7523  coverage@10=0.7523  perfect@10=0.7523
  [prop_a03_T3] mrr=0.2966  recall@10=0.6892  hit@10=0.6892  coverage@10=0.6892  perfect@10=0.6892

SciEGQA:
  [no_prop] mrr=0.0283  recall@10=0.0106  hit@10=0.0647  coverage@10=0.0106  perfect@10=0.0099  cross_page_hit=0.2247
  [uniform_a01_T2] mrr=0.0298  recall@10=0.0129  hit@10=0.0616  coverage@10=0.0129  perfect@10=0.0117  cross_page_hit=0.1646
  [uniform_a03_T1] mrr=0.0284  recall@10=0.0126  hit@10=0.0604  coverage@10=0.0126  perfect@10=0.0117  cross_page_hit=0.1646
  [uniform_a03_T2] mrr=0.0303  recall@10=0.0129  hit@10=0.0567  coverage@10=0.0129  perfect@10=0.0123  cross_page_hit=0.1519
  [uniform_a03_T3] mrr=0.0306  recall@10=0.0126  hit@10=0.0548  coverage@10=0.0126  perfect@10=0.0123  cross_page_hit=0.1424
  [uniform_a05_T2] mrr=0.0307  recall@10=0.0133  hit@10=0.0561  coverage@10=0.0133  perfect@10=0.0129  cross_page_hit=0.1392
  [wbase_a03_T2] mrr=0.0310  recall@10=0.0129  hit@10=0.0567  coverage@10=0.0129  perfect@10=0.0123  cross_page_hit=0.1519
  [wbase_role_a03_T2] mrr=0.0310  recall@10=0.0129  hit@10=0.0567  coverage@10=0.0129  perfect@10=0.0123  cross_page_hit=0.1519
  [wbase_vis_a03_T2] mrr=0.0310  recall@10=0.0129  hit@10=0.0567  coverage@10=0.0129  perfect@10=0.0123  cross_page_hit=0.1519
  [wfull_a03_T2] mrr=0.0310  recall@10=0.0129  hit@10=0.0567  coverage@10=0.0129  perfect@10=0.0123  cross_page_hit=0.1519
  [wfull_a01_T2] mrr=0.0308  recall@10=0.0129  hit@10=0.0616  coverage@10=0.0129  perfect@10=0.0117  cross_page_hit=0.1646
  [wfull_a05_T2] mrr=0.0314  recall@10=0.0134  hit@10=0.0561  coverage@10=0.0134  perfect@10=0.0129  cross_page_hit=0.1392
  [wfull_a07_T2] mrr=0.0313  recall@10=0.0128  hit@10=0.0555  coverage@10=0.0128  perfect@10=0.0129  cross_page_hit=0.1487
  [wfull_a03_T1] mrr=0.0299  recall@10=0.0127  hit@10=0.0604  coverage@10=0.0127  perfect@10=0.0117  cross_page_hit=0.1646
  [wfull_a03_T3] mrr=0.0313  recall@10=0.0126  hit@10=0.0548  coverage@10=0.0126  perfect@10=0.0123  cross_page_hit=0.1424
  [ppr_a015] mrr=0.0313  recall@10=0.0137  hit@10=0.0536  coverage@10=0.0137  perfect@10=0.0136  cross_page_hit=0.1329
  [ppr_a030] mrr=0.0315  recall@10=0.0130  hit@10=0.0542  coverage@10=0.0130  perfect@10=0.0123  cross_page_hit=0.1456
  [ppr_a050] mrr=0.0308  recall@10=0.0131  hit@10=0.0542  coverage@10=0.0131  perfect@10=0.0123  cross_page_hit=0.1551
  [ppr_a070] mrr=0.0315  recall@10=0.0130  hit@10=0.0567  coverage@10=0.0130  perfect@10=0.0123  cross_page_hit=0.1614
  [ppr_a085] mrr=0.0316  recall@10=0.0124  hit@10=0.0591  coverage@10=0.0124  perfect@10=0.0117  cross_page_hit=0.1646
  [ppr_unif_a030] mrr=0.0308  recall@10=0.0130  hit@10=0.0542  coverage@10=0.0130  perfect@10=0.0123  cross_page_hit=0.1456
  [ppr_unif_a050] mrr=0.0302  recall@10=0.0131  hit@10=0.0542  coverage@10=0.0131  perfect@10=0.0123  cross_page_hit=0.1551
  [prop_a03_T2] mrr=0.0310  recall@10=0.0129  hit@10=0.0567  coverage@10=0.0129  perfect@10=0.0123  cross_page_hit=0.1519
  [prop_a01_T2] mrr=0.0308  recall@10=0.0129  hit@10=0.0616  coverage@10=0.0129  perfect@10=0.0117  cross_page_hit=0.1646
  [prop_a05_T2] mrr=0.0314  recall@10=0.0134  hit@10=0.0561  coverage@10=0.0134  perfect@10=0.0129  cross_page_hit=0.1392
  [prop_a07_T2] mrr=0.0313  recall@10=0.0128  hit@10=0.0555  coverage@10=0.0128  perfect@10=0.0129  cross_page_hit=0.1487
  [prop_a03_T1] mrr=0.0299  recall@10=0.0127  hit@10=0.0604  coverage@10=0.0127  perfect@10=0.0117  cross_page_hit=0.1646
  [prop_a03_T3] mrr=0.0313  recall@10=0.0126  hit@10=0.0548  coverage@10=0.0126  perfect@10=0.0123  cross_page_hit=0.1424

MMDocIR:
  [no_prop] mrr=0.0276  recall@10=0.0228  hit@10=0.0386  coverage@10=0.0228  perfect@10=0.0283  cross_page_hit=0.1695
  [uniform_a01_T2] mrr=0.0275  recall@10=0.0323  hit@10=0.0463  coverage@10=0.0323  perfect@10=0.0334  cross_page_hit=0.0678
  [uniform_a03_T1] mrr=0.0277  recall@10=0.0323  hit@10=0.0463  coverage@10=0.0323  perfect@10=0.0334  cross_page_hit=0.0678
  [uniform_a03_T2] mrr=0.0271  recall@10=0.0375  hit@10=0.0514  coverage@10=0.0375  perfect@10=0.0386  cross_page_hit=0.0678
  [uniform_a03_T3] mrr=0.0270  recall@10=0.0366  hit@10=0.0488  coverage@10=0.0366  perfect@10=0.0386  cross_page_hit=0.0678
  [uniform_a05_T2] mrr=0.0273  recall@10=0.0401  hit@10=0.0540  coverage@10=0.0401  perfect@10=0.0411  cross_page_hit=0.0508
  [wbase_a03_T2] mrr=0.0271  recall@10=0.0375  hit@10=0.0514  coverage@10=0.0375  perfect@10=0.0386  cross_page_hit=0.0678
  [wbase_role_a03_T2] mrr=0.0271  recall@10=0.0375  hit@10=0.0514  coverage@10=0.0375  perfect@10=0.0386  cross_page_hit=0.0678
  [wbase_vis_a03_T2] mrr=0.0271  recall@10=0.0375  hit@10=0.0514  coverage@10=0.0375  perfect@10=0.0386  cross_page_hit=0.0678
  [wfull_a03_T2] mrr=0.0271  recall@10=0.0375  hit@10=0.0514  coverage@10=0.0375  perfect@10=0.0386  cross_page_hit=0.0678
  [wfull_a01_T2] mrr=0.0275  recall@10=0.0323  hit@10=0.0463  coverage@10=0.0323  perfect@10=0.0334  cross_page_hit=0.0678
  [wfull_a05_T2] mrr=0.0273  recall@10=0.0401  hit@10=0.0540  coverage@10=0.0401  perfect@10=0.0411  cross_page_hit=0.0508
  [wfull_a07_T2] mrr=0.0278  recall@10=0.0405  hit@10=0.0514  coverage@10=0.0405  perfect@10=0.0437  cross_page_hit=0.0678
  [wfull_a03_T1] mrr=0.0277  recall@10=0.0323  hit@10=0.0463  coverage@10=0.0323  perfect@10=0.0334  cross_page_hit=0.0678
  [wfull_a03_T3] mrr=0.0270  recall@10=0.0366  hit@10=0.0488  coverage@10=0.0366  perfect@10=0.0386  cross_page_hit=0.0678
  [ppr_a015] mrr=0.0268  recall@10=0.0366  hit@10=0.0488  coverage@10=0.0366  perfect@10=0.0386  cross_page_hit=0.0678
  [ppr_a030] mrr=0.0270  recall@10=0.0366  hit@10=0.0488  coverage@10=0.0366  perfect@10=0.0386  cross_page_hit=0.0678
  [ppr_a050] mrr=0.0270  recall@10=0.0341  hit@10=0.0463  coverage@10=0.0341  perfect@10=0.0360  cross_page_hit=0.0678
  [ppr_a070] mrr=0.0269  recall@10=0.0349  hit@10=0.0488  coverage@10=0.0349  perfect@10=0.0360  cross_page_hit=0.0678
  [ppr_a085] mrr=0.0275  recall@10=0.0349  hit@10=0.0488  coverage@10=0.0349  perfect@10=0.0360  cross_page_hit=0.0678
  [ppr_unif_a030] mrr=0.0270  recall@10=0.0366  hit@10=0.0488  coverage@10=0.0366  perfect@10=0.0386  cross_page_hit=0.0678
  [ppr_unif_a050] mrr=0.0270  recall@10=0.0341  hit@10=0.0463  coverage@10=0.0341  perfect@10=0.0360  cross_page_hit=0.0678
  [prop_a03_T2] mrr=0.0271  recall@10=0.0375  hit@10=0.0514  coverage@10=0.0375  perfect@10=0.0386  cross_page_hit=0.0678
  [prop_a01_T2] mrr=0.0275  recall@10=0.0323  hit@10=0.0463  coverage@10=0.0323  perfect@10=0.0334  cross_page_hit=0.0678
  [prop_a05_T2] mrr=0.0273  recall@10=0.0401  hit@10=0.0540  coverage@10=0.0401  perfect@10=0.0411  cross_page_hit=0.0508
  [prop_a07_T2] mrr=0.0278  recall@10=0.0405  hit@10=0.0514  coverage@10=0.0405  perfect@10=0.0437  cross_page_hit=0.0678
  [prop_a03_T1] mrr=0.0277  recall@10=0.0323  hit@10=0.0463  coverage@10=0.0323  perfect@10=0.0334  cross_page_hit=0.0678
  [prop_a03_T3] mrr=0.0270  recall@10=0.0366  hit@10=0.0488  coverage@10=0.0366  perfect@10=0.0386  cross_page_hit=0.0678
[main1:100641:0:100641] Caught signal 11 (Segmentation fault: address not mapped to object at address 0x7fe5bc9adec0)
==== backtrace (tid: 100641) ====
 0  /opt/hpcx/ucx/lib/libucs.so.0(ucs_handle_error+0x2e4) [0x7fe5aad06774]
 1  /opt/hpcx/ucx/lib/libucs.so.0(+0x3796a) [0x7fe5aad0696a]
 2  /opt/hpcx/ucx/lib/libucs.so.0(+0x37ba8) [0x7fe5aad06ba8]
 3  /usr/lib/x86_64-linux-gnu/libc.so.6(+0x45330) [0x7fe5bcc33330]
 4  /usr/lib/x86_64-linux-gnu/libnvidia-ml.so.575.51.03(+0x336c1) [0x7fe5b62336c1]
 5  /usr/lib/x86_64-linux-gnu/libnvidia-ml.so.575.51.03(nvmlShutdown+0xe) [0x7fe5b621cfae]
 6  /opt/kernel/libcudahook.ubuntu18.04.x86_64.so(+0xc3caf) [0x7fe5bcec3caf]
 7  /opt/kernel/libcudahook.ubuntu18.04.x86_64.so(+0xc3d48) [0x7fe5bcec3d48]
 8  /opt/kernel/libcudahook.ubuntu18.04.x86_64.so(+0xc3a2d) [0x7fe5bcec3a2d]
 9  /lib64/ld-linux-x86-64.so.2(+0x10f2) [0x7fe5bd9a60f2]
10  /lib64/ld-linux-x86-64.so.2(+0x5578) [0x7fe5bd9aa578]
11  /usr/lib/x86_64-linux-gnu/libc.so.6(+0x47a76) [0x7fe5bcc35a76]
12  /usr/lib/x86_64-linux-gnu/libc.so.6(+0x47bbe) [0x7fe5bcc35bbe]
13  /usr/lib/x86_64-linux-gnu/libc.so.6(+0x2a1d1) [0x7fe5bcc181d1]
14  /usr/lib/x86_64-linux-gnu/libc.so.6(__libc_start_main+0x8b) [0x7fe5bcc1828b]
15  /usr/bin/python(_start+0x25) [0x657ce5]
=================================
  eval exited with code -11 but eval.json looks complete — treating as success
  eval done in 5.6 min

=== Experiment c complete → /home/work/dl/dl_project/eval/results/experiments/c_gpe_type_role_infonce/summary.json ===
