=== Experiment row cons_10: cons_10 ===
  description: (h) with λ_cons=1.0
  output dir:  /home/work/dl/dl_project/eval/results/experiments/cons_10_cons_10
  checkpoint:  ckpt/cons_10_cons_10.pt

--- Training ---
$ /usr/bin/python -m pipeline.trainer --config cons_10 --out /home/work/dl/dl_project/eval/results/experiments/cons_10_cons_10/train.json --save_ckpt ckpt/cons_10_cons_10.pt
device: cuda
args: {'config': 'cons_10', 'train_sample': 0, 'steps': 8000, 'batch': 16, 'pool': 12, 'lr': 3e-05, 'lora_rank': 8, 'tau': 0.07, 'lambda_cov': 0.3, 'lambda_cons': 1.0, 'use_gpe': 1, 'loss_type': 'grcl', 'infonce_threshold': 0.5, 'anchor_kind': 'mixed', 'warmup_steps': 200, 'weight_decay': 0.01, 'eval_every': 500, 'eval_cf_pairs': 200, 'eval_recall_n': 200, 'seed': 42, 'out': '/home/work/dl/dl_project/eval/results/experiments/cons_10_cons_10/train.json', 'save_ckpt': 'ckpt/cons_10_cons_10.pt', 'gamma': 0.5, 'gpe_facets': 'type,role,depth,pos', 'lora_alpha': 16, 'hf_id': 'google/siglip2-base-patch16-224', 'edge_types_only': None, 'query_pe_dropout': 0.5, 'section_role_mode': 'normal', 'tokens_per_visual': 0}

[1/3] loading SPIQA test-A (held-out eval)...
  loading element_graph_v2.json
    118 papers kept
  loading elements_v2.jsonl
    9,039 element records kept
  loading SPIQA_testA.json
    666 QA pairs kept
    caption_of: 1,115  refer_to: 1,191  (skipped 0 due to missing image)

[2/3] loading SPIQA train (sample N=0)...
  loading element_graph_v2.json
    25,459 papers kept
  loading elements_v2.jsonl
    1,873,124 element records kept
  loading SPIQA_train.json
    262,524 QA pairs kept
    caption_of: 262,524  refer_to: 231,101  (skipped 0 due to missing image)

[3/3] building encoder...
[ElementTokenEncoder] loading google/siglip2-base-patch16-224
Using a slow image processor as `use_fast` is unset and a slow processor was saved with this model. `use_fast=True` will be the default behavior in v4.52, even if the model was saved with a slow processor. This will result in minor differences in outputs. You'll still be able to use a slow processor with `use_fast=False`.
[ElementTokenEncoder] LoRA r=8 α=16 targets=['q_proj', 'k_proj', 'v_proj', 'out_proj'] applied (d_text=768, d_vision=768, cls=False)
trainable params: 1,191,936 || all params: 376,379,906 || trainable%: 0.3167

[eval 0] held-out test-A baseline...
  caption-figure cos: +0.1147
  Recall@1/5/10 (n=200): 0.0% / 0.0% / 0.0%
/home/work/dl/dl_project/pipeline/graph_pe.py:112: UserWarning: Converting a tensor with requires_grad=True to a scalar may lead to unexpected behavior.
Consider using tensor.detach() first. (Triggered internally at /opt/pytorch/pytorch/aten/src/ATen/native/Scalar.cpp:22.)
  "type": torch.sigmoid(self.raw_alpha_type).item(),
step    20  L_grcl=191.78  L_cov=55.49  L_cons=0.000  L_tot=208.43  diag=+0.116  mix=[cap:104/ref:110/nl:106]  β=0.047  α_t=0.047  (17s)
step    40  L_grcl=189.56  L_cov=55.08  L_cons=0.000  L_tot=206.08  diag=+0.136  mix=[cap:120/ref:109/nl:91]  β=0.047  α_t=0.047  (34s)
step    60  L_grcl=171.82  L_cov=50.24  L_cons=0.000  L_tot=186.89  diag=+0.177  mix=[cap:85/ref:117/nl:118]  β=0.047  α_t=0.047  (52s)
step    80  L_grcl=166.40  L_cov=45.39  L_cons=0.000  L_tot=180.02  diag=+0.242  mix=[cap:105/ref:113/nl:102]  β=0.047  α_t=0.047  (70s)
step   100  L_grcl=142.39  L_cov=39.72  L_cons=0.000  L_tot=154.30  diag=+0.345  mix=[cap:108/ref:109/nl:103]  β=0.047  α_t=0.047  (87s)
step   120  L_grcl=123.99  L_cov=30.88  L_cons=0.000  L_tot=133.26  diag=+0.468  mix=[cap:117/ref:113/nl:90]  β=0.047  α_t=0.047  (104s)
step   140  L_grcl= 86.90  L_cov=19.86  L_cons=0.000  L_tot= 92.86  diag=+0.573  mix=[cap:99/ref:118/nl:103]  β=0.047  α_t=0.047  (121s)
step   160  L_grcl= 63.39  L_cov=11.59  L_cons=0.001  L_tot= 66.87  diag=+0.652  mix=[cap:106/ref:117/nl:97]  β=0.047  α_t=0.047  (138s)
step   180  L_grcl= 46.35  L_cov= 6.01  L_cons=0.001  L_tot= 48.16  diag=+0.693  mix=[cap:107/ref:99/nl:114]  β=0.047  α_t=0.047  (155s)
step   200  L_grcl= 33.85  L_cov= 3.25  L_cons=0.001  L_tot= 34.83  diag=+0.752  mix=[cap:112/ref:109/nl:99]  β=0.047  α_t=0.047  (171s)
step   220  L_grcl= 22.04  L_cov= 0.90  L_cons=0.000  L_tot= 22.31  diag=+0.808  mix=[cap:129/ref:113/nl:78]  β=0.047  α_t=0.047  (188s)
step   240  L_grcl= 13.48  L_cov= 0.20  L_cons=0.001  L_tot= 13.54  diag=+0.852  mix=[cap:124/ref:109/nl:87]  β=0.047  α_t=0.047  (206s)
step   260  L_grcl=  9.77  L_cov= 0.16  L_cons=0.001  L_tot=  9.82  diag=+0.894  mix=[cap:106/ref:114/nl:100]  β=0.047  α_t=0.047  (223s)
step   280  L_grcl=  7.43  L_cov= 0.14  L_cons=0.001  L_tot=  7.47  diag=+0.924  mix=[cap:96/ref:129/nl:95]  β=0.047  α_t=0.047  (240s)
step   300  L_grcl=  4.66  L_cov= 0.21  L_cons=0.000  L_tot=  4.72  diag=+0.942  mix=[cap:116/ref:99/nl:105]  β=0.047  α_t=0.047  (257s)
step   320  L_grcl=  3.84  L_cov= 0.25  L_cons=0.000  L_tot=  3.92  diag=+0.960  mix=[cap:88/ref:126/nl:106]  β=0.047  α_t=0.047  (274s)
step   340  L_grcl=  3.07  L_cov= 0.31  L_cons=0.000  L_tot=  3.17  diag=+0.972  mix=[cap:120/ref:105/nl:95]  β=0.047  α_t=0.047  (291s)
step   360  L_grcl=  2.72  L_cov= 0.35  L_cons=0.000  L_tot=  2.83  diag=+0.981  mix=[cap:88/ref:120/nl:112]  β=0.047  α_t=0.047  (308s)
step   380  L_grcl=  2.38  L_cov= 0.36  L_cons=0.000  L_tot=  2.49  diag=+0.986  mix=[cap:92/ref:113/nl:115]  β=0.047  α_t=0.047  (326s)
step   400  L_grcl=  2.54  L_cov= 0.35  L_cons=0.000  L_tot=  2.64  diag=+0.988  mix=[cap:108/ref:127/nl:85]  β=0.047  α_t=0.048  (343s)
step   420  L_grcl=  2.24  L_cov= 0.35  L_cons=0.000  L_tot=  2.34  diag=+0.991  mix=[cap:115/ref:111/nl:94]  β=0.047  α_t=0.048  (360s)
step   440  L_grcl=  2.15  L_cov= 0.35  L_cons=0.000  L_tot=  2.26  diag=+0.992  mix=[cap:113/ref:108/nl:99]  β=0.047  α_t=0.048  (377s)
step   460  L_grcl=  2.17  L_cov= 0.38  L_cons=0.000  L_tot=  2.28  diag=+0.993  mix=[cap:109/ref:104/nl:107]  β=0.047  α_t=0.048  (393s)
step   480  L_grcl=  2.12  L_cov= 0.40  L_cons=0.000  L_tot=  2.24  diag=+0.993  mix=[cap:93/ref:121/nl:106]  β=0.047  α_t=0.048  (410s)
step   500  L_grcl=  2.07  L_cov= 0.38  L_cons=0.000  L_tot=  2.18  diag=+0.994  mix=[cap:131/ref:97/nl:92]  β=0.047  α_t=0.048  (428s)

  [eval @ step 500] held-out test-A...
    cap-fig cos: +0.9946  (Δ +0.8798)
    R@1/5/10: 5.5% / 35.5% / 68.0%  (Δ +5.5 / +35.5 / +68.0)
    [ckpt saved @ step 500 R@10=68.0%]

step   520  L_grcl=  2.07  L_cov= 0.39  L_cons=0.000  L_tot=  2.19  diag=+0.994  mix=[cap:105/ref:103/nl:112]  β=0.047  α_t=0.048  (461s)
step   540  L_grcl=  2.12  L_cov= 0.37  L_cons=0.000  L_tot=  2.23  diag=+0.994  mix=[cap:103/ref:125/nl:92]  β=0.047  α_t=0.048  (478s)
step   560  L_grcl=  2.10  L_cov= 0.40  L_cons=0.000  L_tot=  2.22  diag=+0.995  mix=[cap:102/ref:121/nl:97]  β=0.047  α_t=0.048  (496s)
step   580  L_grcl=  2.03  L_cov= 0.38  L_cons=0.000  L_tot=  2.15  diag=+0.995  mix=[cap:111/ref:111/nl:98]  β=0.047  α_t=0.048  (513s)
step   600  L_grcl=  2.09  L_cov= 0.40  L_cons=0.000  L_tot=  2.21  diag=+0.995  mix=[cap:98/ref:120/nl:102]  β=0.047  α_t=0.048  (530s)
step   620  L_grcl=  2.01  L_cov= 0.39  L_cons=0.000  L_tot=  2.13  diag=+0.995  mix=[cap:108/ref:114/nl:98]  β=0.047  α_t=0.048  (548s)
step   640  L_grcl=  2.02  L_cov= 0.40  L_cons=0.000  L_tot=  2.14  diag=+0.995  mix=[cap:108/ref:106/nl:106]  β=0.047  α_t=0.048  (565s)
step   660  L_grcl=  2.05  L_cov= 0.38  L_cons=0.000  L_tot=  2.16  diag=+0.995  mix=[cap:100/ref:115/nl:105]  β=0.047  α_t=0.048  (582s)
step   680  L_grcl=  2.06  L_cov= 0.39  L_cons=0.000  L_tot=  2.18  diag=+0.995  mix=[cap:99/ref:113/nl:108]  β=0.047  α_t=0.048  (599s)
step   700  L_grcl=  2.10  L_cov= 0.40  L_cons=0.000  L_tot=  2.22  diag=+0.995  mix=[cap:94/ref:116/nl:110]  β=0.047  α_t=0.048  (616s)
step   720  L_grcl=  2.05  L_cov= 0.41  L_cons=0.000  L_tot=  2.18  diag=+0.995  mix=[cap:100/ref:116/nl:104]  β=0.047  α_t=0.048  (633s)
step   740  L_grcl=  2.04  L_cov= 0.41  L_cons=0.000  L_tot=  2.16  diag=+0.995  mix=[cap:106/ref:104/nl:110]  β=0.047  α_t=0.048  (649s)
step   760  L_grcl=  2.07  L_cov= 0.41  L_cons=0.000  L_tot=  2.20  diag=+0.995  mix=[cap:97/ref:102/nl:121]  β=0.047  α_t=0.048  (666s)
step   780  L_grcl=  2.05  L_cov= 0.41  L_cons=0.000  L_tot=  2.17  diag=+0.995  mix=[cap:93/ref:107/nl:120]  β=0.047  α_t=0.048  (684s)
step   800  L_grcl=  2.01  L_cov= 0.39  L_cons=0.000  L_tot=  2.13  diag=+0.994  mix=[cap:98/ref:102/nl:120]  β=0.047  α_t=0.048  (701s)
step   820  L_grcl=  2.02  L_cov= 0.38  L_cons=0.000  L_tot=  2.13  diag=+0.995  mix=[cap:108/ref:107/nl:105]  β=0.047  α_t=0.048  (718s)
step   840  L_grcl=  2.02  L_cov= 0.38  L_cons=0.000  L_tot=  2.14  diag=+0.995  mix=[cap:106/ref:117/nl:97]  β=0.047  α_t=0.048  (735s)
step   860  L_grcl=  2.05  L_cov= 0.40  L_cons=0.000  L_tot=  2.17  diag=+0.995  mix=[cap:92/ref:117/nl:111]  β=0.047  α_t=0.049  (752s)
step   880  L_grcl=  2.02  L_cov= 0.39  L_cons=0.000  L_tot=  2.13  diag=+0.995  mix=[cap:99/ref:112/nl:109]  β=0.047  α_t=0.049  (772s)
step   900  L_grcl=  2.05  L_cov= 0.39  L_cons=0.000  L_tot=  2.17  diag=+0.995  mix=[cap:108/ref:106/nl:106]  β=0.048  α_t=0.049  (789s)
step   920  L_grcl=  1.99  L_cov= 0.39  L_cons=0.000  L_tot=  2.11  diag=+0.996  mix=[cap:91/ref:123/nl:106]  β=0.048  α_t=0.049  (806s)
step   940  L_grcl=  2.01  L_cov= 0.40  L_cons=0.000  L_tot=  2.13  diag=+0.995  mix=[cap:104/ref:108/nl:108]  β=0.048  α_t=0.049  (823s)
step   960  L_grcl=  1.97  L_cov= 0.38  L_cons=0.000  L_tot=  2.09  diag=+0.995  mix=[cap:101/ref:101/nl:118]  β=0.048  α_t=0.049  (840s)
step   980  L_grcl=  2.02  L_cov= 0.39  L_cons=0.000  L_tot=  2.14  diag=+0.995  mix=[cap:85/ref:117/nl:118]  β=0.048  α_t=0.049  (856s)
step  1000  L_grcl=  1.94  L_cov= 0.38  L_cons=0.000  L_tot=  2.05  diag=+0.995  mix=[cap:118/ref:118/nl:84]  β=0.048  α_t=0.049  (874s)

  [eval @ step 1000] held-out test-A...
    cap-fig cos: +0.9955  (Δ +0.8807)
    R@1/5/10: 8.5% / 43.0% / 76.5%  (Δ +8.5 / +43.0 / +76.5)
    [ckpt saved @ step 1000 R@10=76.5%]

step  1020  L_grcl=  2.06  L_cov= 0.40  L_cons=0.000  L_tot=  2.18  diag=+0.995  mix=[cap:119/ref:113/nl:88]  β=0.048  α_t=0.049  (908s)
step  1040  L_grcl=  1.96  L_cov= 0.39  L_cons=0.000  L_tot=  2.08  diag=+0.995  mix=[cap:106/ref:107/nl:107]  β=0.048  α_t=0.049  (925s)
step  1060  L_grcl=  2.06  L_cov= 0.38  L_cons=0.000  L_tot=  2.18  diag=+0.995  mix=[cap:107/ref:110/nl:103]  β=0.048  α_t=0.049  (941s)
step  1080  L_grcl=  1.96  L_cov= 0.37  L_cons=0.000  L_tot=  2.07  diag=+0.995  mix=[cap:112/ref:112/nl:96]  β=0.048  α_t=0.049  (959s)
step  1100  L_grcl=  2.04  L_cov= 0.39  L_cons=0.000  L_tot=  2.16  diag=+0.995  mix=[cap:105/ref:116/nl:99]  β=0.048  α_t=0.049  (976s)
step  1120  L_grcl=  2.01  L_cov= 0.40  L_cons=0.000  L_tot=  2.13  diag=+0.995  mix=[cap:121/ref:89/nl:110]  β=0.048  α_t=0.049  (993s)
step  1140  L_grcl=  2.04  L_cov= 0.40  L_cons=0.000  L_tot=  2.16  diag=+0.995  mix=[cap:111/ref:98/nl:111]  β=0.048  α_t=0.049  (1010s)
step  1160  L_grcl=  1.92  L_cov= 0.39  L_cons=0.000  L_tot=  2.04  diag=+0.995  mix=[cap:121/ref:95/nl:104]  β=0.048  α_t=0.049  (1027s)
step  1180  L_grcl=  1.95  L_cov= 0.37  L_cons=0.000  L_tot=  2.06  diag=+0.994  mix=[cap:121/ref:113/nl:86]  β=0.048  α_t=0.049  (1044s)
step  1200  L_grcl=  1.96  L_cov= 0.37  L_cons=0.000  L_tot=  2.07  diag=+0.994  mix=[cap:112/ref:99/nl:109]  β=0.048  α_t=0.049  (1061s)
step  1220  L_grcl=  1.95  L_cov= 0.37  L_cons=0.000  L_tot=  2.06  diag=+0.995  mix=[cap:105/ref:109/nl:106]  β=0.048  α_t=0.049  (1078s)
step  1240  L_grcl=  2.00  L_cov= 0.39  L_cons=0.000  L_tot=  2.12  diag=+0.995  mix=[cap:111/ref:102/nl:107]  β=0.048  α_t=0.049  (1095s)
step  1260  L_grcl=  2.08  L_cov= 0.37  L_cons=0.000  L_tot=  2.19  diag=+0.995  mix=[cap:104/ref:121/nl:95]  β=0.048  α_t=0.049  (1112s)
step  1280  L_grcl=  1.98  L_cov= 0.40  L_cons=0.000  L_tot=  2.10  diag=+0.995  mix=[cap:110/ref:105/nl:105]  β=0.048  α_t=0.049  (1129s)
step  1300  L_grcl=  2.01  L_cov= 0.38  L_cons=0.000  L_tot=  2.12  diag=+0.995  mix=[cap:107/ref:132/nl:81]  β=0.048  α_t=0.049  (1146s)
step  1320  L_grcl=  1.97  L_cov= 0.39  L_cons=0.000  L_tot=  2.09  diag=+0.995  mix=[cap:104/ref:125/nl:91]  β=0.048  α_t=0.049  (1164s)
step  1340  L_grcl=  1.99  L_cov= 0.38  L_cons=0.000  L_tot=  2.11  diag=+0.995  mix=[cap:110/ref:103/nl:107]  β=0.048  α_t=0.049  (1181s)
step  1360  L_grcl=  2.03  L_cov= 0.41  L_cons=0.000  L_tot=  2.15  diag=+0.995  mix=[cap:90/ref:108/nl:122]  β=0.048  α_t=0.049  (1198s)
step  1380  L_grcl=  1.97  L_cov= 0.40  L_cons=0.000  L_tot=  2.09  diag=+0.995  mix=[cap:111/ref:104/nl:105]  β=0.048  α_t=0.049  (1215s)
step  1400  L_grcl=  1.96  L_cov= 0.39  L_cons=0.000  L_tot=  2.08  diag=+0.995  mix=[cap:110/ref:99/nl:111]  β=0.048  α_t=0.049  (1233s)
step  1420  L_grcl=  1.96  L_cov= 0.37  L_cons=0.000  L_tot=  2.07  diag=+0.995  mix=[cap:106/ref:120/nl:94]  β=0.048  α_t=0.050  (1250s)
step  1440  L_grcl=  1.98  L_cov= 0.38  L_cons=0.000  L_tot=  2.10  diag=+0.995  mix=[cap:102/ref:107/nl:111]  β=0.048  α_t=0.050  (1267s)
step  1460  L_grcl=  2.00  L_cov= 0.39  L_cons=0.000  L_tot=  2.12  diag=+0.995  mix=[cap:99/ref:114/nl:107]  β=0.048  α_t=0.050  (1284s)
step  1480  L_grcl=  1.95  L_cov= 0.40  L_cons=0.000  L_tot=  2.07  diag=+0.995  mix=[cap:104/ref:88/nl:128]  β=0.048  α_t=0.050  (1301s)
step  1500  L_grcl=  1.95  L_cov= 0.37  L_cons=0.000  L_tot=  2.06  diag=+0.995  mix=[cap:97/ref:108/nl:115]  β=0.048  α_t=0.050  (1318s)

  [eval @ step 1500] held-out test-A...
    cap-fig cos: +0.9954  (Δ +0.8807)
    R@1/5/10: 7.0% / 50.0% / 76.0%  (Δ +7.0 / +50.0 / +76.0)

step  1520  L_grcl=  2.03  L_cov= 0.39  L_cons=0.000  L_tot=  2.15  diag=+0.995  mix=[cap:101/ref:112/nl:107]  β=0.048  α_t=0.050  (1348s)
step  1540  L_grcl=  1.94  L_cov= 0.39  L_cons=0.000  L_tot=  2.05  diag=+0.994  mix=[cap:108/ref:108/nl:104]  β=0.048  α_t=0.050  (1364s)
step  1560  L_grcl=  1.95  L_cov= 0.37  L_cons=0.000  L_tot=  2.07  diag=+0.994  mix=[cap:102/ref:104/nl:114]  β=0.048  α_t=0.050  (1382s)
step  1580  L_grcl=  2.03  L_cov= 0.39  L_cons=0.000  L_tot=  2.14  diag=+0.995  mix=[cap:78/ref:129/nl:113]  β=0.048  α_t=0.050  (1399s)
step  1600  L_grcl=  1.94  L_cov= 0.39  L_cons=0.000  L_tot=  2.06  diag=+0.995  mix=[cap:113/ref:109/nl:98]  β=0.048  α_t=0.050  (1416s)
step  1620  L_grcl=  2.00  L_cov= 0.39  L_cons=0.000  L_tot=  2.11  diag=+0.995  mix=[cap:95/ref:110/nl:115]  β=0.048  α_t=0.050  (1434s)
step  1640  L_grcl=  1.93  L_cov= 0.39  L_cons=0.000  L_tot=  2.05  diag=+0.995  mix=[cap:105/ref:103/nl:112]  β=0.048  α_t=0.050  (1451s)
step  1660  L_grcl=  1.99  L_cov= 0.40  L_cons=0.000  L_tot=  2.11  diag=+0.995  mix=[cap:99/ref:102/nl:119]  β=0.048  α_t=0.050  (1468s)
step  1680  L_grcl=  1.96  L_cov= 0.38  L_cons=0.000  L_tot=  2.07  diag=+0.995  mix=[cap:115/ref:98/nl:107]  β=0.048  α_t=0.050  (1485s)
step  1700  L_grcl=  1.97  L_cov= 0.38  L_cons=0.000  L_tot=  2.08  diag=+0.995  mix=[cap:94/ref:118/nl:108]  β=0.048  α_t=0.050  (1503s)
step  1720  L_grcl=  2.01  L_cov= 0.39  L_cons=0.000  L_tot=  2.13  diag=+0.995  mix=[cap:102/ref:105/nl:113]  β=0.048  α_t=0.050  (1520s)
step  1740  L_grcl=  1.95  L_cov= 0.38  L_cons=0.000  L_tot=  2.07  diag=+0.995  mix=[cap:108/ref:111/nl:101]  β=0.048  α_t=0.050  (1537s)
step  1760  L_grcl=  2.02  L_cov= 0.38  L_cons=0.000  L_tot=  2.13  diag=+0.995  mix=[cap:114/ref:98/nl:108]  β=0.048  α_t=0.050  (1555s)
step  1780  L_grcl=  1.97  L_cov= 0.38  L_cons=0.000  L_tot=  2.09  diag=+0.995  mix=[cap:115/ref:92/nl:113]  β=0.048  α_t=0.050  (1572s)
step  1800  L_grcl=  1.90  L_cov= 0.37  L_cons=0.000  L_tot=  2.01  diag=+0.995  mix=[cap:115/ref:97/nl:108]  β=0.048  α_t=0.050  (1589s)
step  1820  L_grcl=  1.96  L_cov= 0.37  L_cons=0.000  L_tot=  2.07  diag=+0.994  mix=[cap:116/ref:109/nl:95]  β=0.048  α_t=0.050  (1607s)
step  1840  L_grcl=  2.00  L_cov= 0.37  L_cons=0.000  L_tot=  2.11  diag=+0.994  mix=[cap:90/ref:115/nl:115]  β=0.048  α_t=0.050  (1623s)
step  1860  L_grcl=  2.01  L_cov= 0.38  L_cons=0.000  L_tot=  2.13  diag=+0.995  mix=[cap:97/ref:120/nl:103]  β=0.048  α_t=0.050  (1640s)
step  1880  L_grcl=  1.91  L_cov= 0.37  L_cons=0.000  L_tot=  2.02  diag=+0.995  mix=[cap:108/ref:116/nl:96]  β=0.048  α_t=0.050  (1658s)
step  1900  L_grcl=  1.95  L_cov= 0.37  L_cons=0.000  L_tot=  2.06  diag=+0.994  mix=[cap:106/ref:111/nl:103]  β=0.048  α_t=0.050  (1675s)
step  1920  L_grcl=  1.97  L_cov= 0.36  L_cons=0.000  L_tot=  2.08  diag=+0.994  mix=[cap:94/ref:115/nl:111]  β=0.048  α_t=0.050  (1692s)
step  1940  L_grcl=  1.97  L_cov= 0.38  L_cons=0.000  L_tot=  2.08  diag=+0.995  mix=[cap:117/ref:98/nl:105]  β=0.049  α_t=0.050  (1710s)
step  1960  L_grcl=  1.97  L_cov= 0.37  L_cons=0.000  L_tot=  2.08  diag=+0.994  mix=[cap:99/ref:112/nl:109]  β=0.049  α_t=0.050  (1727s)
step  1980  L_grcl=  1.99  L_cov= 0.38  L_cons=0.000  L_tot=  2.10  diag=+0.995  mix=[cap:104/ref:98/nl:118]  β=0.049  α_t=0.050  (1744s)
step  2000  L_grcl=  1.92  L_cov= 0.38  L_cons=0.000  L_tot=  2.03  diag=+0.994  mix=[cap:107/ref:95/nl:118]  β=0.049  α_t=0.050  (1761s)

  [eval @ step 2000] held-out test-A...
    cap-fig cos: +0.9952  (Δ +0.8805)
    R@1/5/10: 10.0% / 43.0% / 78.0%  (Δ +10.0 / +43.0 / +78.0)
    [ckpt saved @ step 2000 R@10=78.0%]

step  2020  L_grcl=  1.92  L_cov= 0.36  L_cons=0.000  L_tot=  2.03  diag=+0.994  mix=[cap:120/ref:91/nl:109]  β=0.049  α_t=0.050  (1794s)
step  2040  L_grcl=  1.97  L_cov= 0.37  L_cons=0.000  L_tot=  2.08  diag=+0.994  mix=[cap:104/ref:117/nl:99]  β=0.049  α_t=0.050  (1811s)
step  2060  L_grcl=  1.91  L_cov= 0.35  L_cons=0.000  L_tot=  2.01  diag=+0.994  mix=[cap:112/ref:110/nl:98]  β=0.049  α_t=0.051  (1827s)
step  2080  L_grcl=  1.95  L_cov= 0.38  L_cons=0.000  L_tot=  2.07  diag=+0.994  mix=[cap:112/ref:99/nl:109]  β=0.049  α_t=0.051  (1844s)
step  2100  L_grcl=  1.97  L_cov= 0.37  L_cons=0.000  L_tot=  2.08  diag=+0.995  mix=[cap:109/ref:108/nl:103]  β=0.049  α_t=0.051  (1861s)
step  2120  L_grcl=  1.93  L_cov= 0.35  L_cons=0.000  L_tot=  2.04  diag=+0.995  mix=[cap:119/ref:115/nl:86]  β=0.049  α_t=0.051  (1877s)
step  2140  L_grcl=  1.96  L_cov= 0.37  L_cons=0.000  L_tot=  2.07  diag=+0.995  mix=[cap:102/ref:111/nl:107]  β=0.049  α_t=0.051  (1894s)
step  2160  L_grcl=  1.98  L_cov= 0.38  L_cons=0.000  L_tot=  2.09  diag=+0.995  mix=[cap:96/ref:111/nl:113]  β=0.049  α_t=0.051  (1911s)
step  2180  L_grcl=  1.94  L_cov= 0.37  L_cons=0.000  L_tot=  2.06  diag=+0.995  mix=[cap:96/ref:114/nl:110]  β=0.049  α_t=0.051  (1927s)
step  2200  L_grcl=  1.97  L_cov= 0.37  L_cons=0.000  L_tot=  2.08  diag=+0.994  mix=[cap:92/ref:116/nl:112]  β=0.049  α_t=0.051  (1944s)
step  2220  L_grcl=  1.94  L_cov= 0.37  L_cons=0.000  L_tot=  2.05  diag=+0.995  mix=[cap:97/ref:110/nl:113]  β=0.049  α_t=0.051  (1961s)
step  2240  L_grcl=  2.01  L_cov= 0.39  L_cons=0.000  L_tot=  2.12  diag=+0.995  mix=[cap:95/ref:116/nl:109]  β=0.049  α_t=0.051  (1978s)
step  2260  L_grcl=  2.00  L_cov= 0.39  L_cons=0.000  L_tot=  2.12  diag=+0.995  mix=[cap:111/ref:94/nl:115]  β=0.049  α_t=0.051  (1995s)
step  2280  L_grcl=  1.95  L_cov= 0.37  L_cons=0.000  L_tot=  2.06  diag=+0.995  mix=[cap:93/ref:119/nl:108]  β=0.049  α_t=0.051  (2012s)
step  2300  L_grcl=  1.89  L_cov= 0.37  L_cons=0.000  L_tot=  2.00  diag=+0.994  mix=[cap:117/ref:102/nl:101]  β=0.049  α_t=0.051  (2029s)
step  2320  L_grcl=  1.95  L_cov= 0.35  L_cons=0.000  L_tot=  2.06  diag=+0.994  mix=[cap:113/ref:100/nl:107]  β=0.049  α_t=0.051  (2046s)
step  2340  L_grcl=  1.95  L_cov= 0.37  L_cons=0.000  L_tot=  2.06  diag=+0.994  mix=[cap:100/ref:105/nl:115]  β=0.049  α_t=0.051  (2063s)
step  2360  L_grcl=  1.93  L_cov= 0.37  L_cons=0.000  L_tot=  2.04  diag=+0.994  mix=[cap:108/ref:111/nl:101]  β=0.049  α_t=0.051  (2080s)
step  2380  L_grcl=  1.97  L_cov= 0.37  L_cons=0.000  L_tot=  2.08  diag=+0.995  mix=[cap:100/ref:110/nl:110]  β=0.049  α_t=0.051  (2097s)
step  2400  L_grcl=  1.94  L_cov= 0.38  L_cons=0.000  L_tot=  2.05  diag=+0.994  mix=[cap:103/ref:100/nl:117]  β=0.049  α_t=0.051  (2114s)
step  2420  L_grcl=  1.87  L_cov= 0.36  L_cons=0.000  L_tot=  1.97  diag=+0.994  mix=[cap:131/ref:95/nl:94]  β=0.049  α_t=0.051  (2131s)
step  2440  L_grcl=  1.98  L_cov= 0.36  L_cons=0.000  L_tot=  2.09  diag=+0.994  mix=[cap:112/ref:106/nl:102]  β=0.049  α_t=0.051  (2149s)
step  2460  L_grcl=  2.00  L_cov= 0.38  L_cons=0.000  L_tot=  2.11  diag=+0.995  mix=[cap:97/ref:114/nl:109]  β=0.049  α_t=0.051  (2165s)
step  2480  L_grcl=  1.93  L_cov= 0.37  L_cons=0.000  L_tot=  2.04  diag=+0.995  mix=[cap:119/ref:101/nl:100]  β=0.049  α_t=0.051  (2183s)
step  2500  L_grcl=  1.93  L_cov= 0.36  L_cons=0.000  L_tot=  2.04  diag=+0.994  mix=[cap:103/ref:115/nl:102]  β=0.049  α_t=0.051  (2200s)

  [eval @ step 2500] held-out test-A...
    cap-fig cos: +0.9950  (Δ +0.8803)
    R@1/5/10: 11.5% / 50.5% / 80.0%  (Δ +11.5 / +50.5 / +80.0)
    [ckpt saved @ step 2500 R@10=80.0%]

step  2520  L_grcl=  1.96  L_cov= 0.37  L_cons=0.000  L_tot=  2.08  diag=+0.994  mix=[cap:115/ref:108/nl:97]  β=0.049  α_t=0.051  (2234s)
step  2540  L_grcl=  1.96  L_cov= 0.38  L_cons=0.000  L_tot=  2.08  diag=+0.994  mix=[cap:97/ref:114/nl:109]  β=0.049  α_t=0.051  (2251s)
step  2560  L_grcl=  1.91  L_cov= 0.36  L_cons=0.000  L_tot=  2.02  diag=+0.994  mix=[cap:109/ref:93/nl:118]  β=0.049  α_t=0.051  (2268s)
step  2580  L_grcl=  1.89  L_cov= 0.36  L_cons=0.000  L_tot=  2.00  diag=+0.994  mix=[cap:108/ref:104/nl:108]  β=0.049  α_t=0.051  (2284s)
step  2600  L_grcl=  1.91  L_cov= 0.36  L_cons=0.000  L_tot=  2.02  diag=+0.994  mix=[cap:102/ref:121/nl:97]  β=0.049  α_t=0.051  (2300s)
step  2620  L_grcl=  1.90  L_cov= 0.36  L_cons=0.000  L_tot=  2.01  diag=+0.994  mix=[cap:102/ref:101/nl:117]  β=0.049  α_t=0.051  (2317s)
step  2640  L_grcl=  1.93  L_cov= 0.36  L_cons=0.000  L_tot=  2.04  diag=+0.994  mix=[cap:106/ref:104/nl:110]  β=0.049  α_t=0.051  (2333s)
step  2660  L_grcl=  1.92  L_cov= 0.36  L_cons=0.000  L_tot=  2.03  diag=+0.993  mix=[cap:105/ref:95/nl:120]  β=0.049  α_t=0.051  (2350s)
step  2680  L_grcl=  1.96  L_cov= 0.37  L_cons=0.000  L_tot=  2.07  diag=+0.994  mix=[cap:116/ref:100/nl:104]  β=0.049  α_t=0.051  (2367s)
step  2700  L_grcl=  1.88  L_cov= 0.35  L_cons=0.000  L_tot=  1.99  diag=+0.994  mix=[cap:103/ref:114/nl:103]  β=0.049  α_t=0.051  (2383s)
step  2720  L_grcl=  1.94  L_cov= 0.37  L_cons=0.000  L_tot=  2.05  diag=+0.993  mix=[cap:101/ref:96/nl:123]  β=0.049  α_t=0.051  (2400s)
step  2740  L_grcl=  1.85  L_cov= 0.36  L_cons=0.000  L_tot=  1.96  diag=+0.994  mix=[cap:112/ref:95/nl:113]  β=0.049  α_t=0.051  (2417s)
step  2760  L_grcl=  1.99  L_cov= 0.35  L_cons=0.000  L_tot=  2.10  diag=+0.994  mix=[cap:99/ref:129/nl:92]  β=0.049  α_t=0.051  (2434s)
step  2780  L_grcl=  1.92  L_cov= 0.36  L_cons=0.000  L_tot=  2.03  diag=+0.994  mix=[cap:106/ref:112/nl:102]  β=0.050  α_t=0.051  (2451s)
step  2800  L_grcl=  1.91  L_cov= 0.36  L_cons=0.000  L_tot=  2.02  diag=+0.995  mix=[cap:108/ref:114/nl:98]  β=0.050  α_t=0.051  (2469s)
step  2820  L_grcl=  1.92  L_cov= 0.35  L_cons=0.000  L_tot=  2.03  diag=+0.994  mix=[cap:116/ref:97/nl:107]  β=0.050  α_t=0.052  (2485s)
step  2840  L_grcl=  1.92  L_cov= 0.37  L_cons=0.000  L_tot=  2.03  diag=+0.994  mix=[cap:101/ref:103/nl:116]  β=0.050  α_t=0.052  (2502s)
step  2860  L_grcl=  1.98  L_cov= 0.37  L_cons=0.000  L_tot=  2.09  diag=+0.994  mix=[cap:112/ref:102/nl:106]  β=0.050  α_t=0.052  (2519s)
step  2880  L_grcl=  1.92  L_cov= 0.36  L_cons=0.000  L_tot=  2.03  diag=+0.995  mix=[cap:113/ref:117/nl:90]  β=0.050  α_t=0.052  (2536s)
step  2900  L_grcl=  1.96  L_cov= 0.36  L_cons=0.000  L_tot=  2.07  diag=+0.994  mix=[cap:106/ref:110/nl:104]  β=0.050  α_t=0.052  (2554s)
step  2920  L_grcl=  1.86  L_cov= 0.35  L_cons=0.000  L_tot=  1.97  diag=+0.994  mix=[cap:119/ref:102/nl:99]  β=0.050  α_t=0.052  (2571s)
step  2940  L_grcl=  1.86  L_cov= 0.34  L_cons=0.000  L_tot=  1.96  diag=+0.993  mix=[cap:106/ref:98/nl:116]  β=0.050  α_t=0.052  (2587s)
step  2960  L_grcl=  2.01  L_cov= 0.35  L_cons=0.000  L_tot=  2.12  diag=+0.994  mix=[cap:110/ref:106/nl:104]  β=0.050  α_t=0.052  (2604s)
step  2980  L_grcl=  1.90  L_cov= 0.36  L_cons=0.000  L_tot=  2.01  diag=+0.994  mix=[cap:111/ref:109/nl:100]  β=0.050  α_t=0.052  (2622s)
step  3000  L_grcl=  1.87  L_cov= 0.35  L_cons=0.000  L_tot=  1.98  diag=+0.993  mix=[cap:111/ref:110/nl:99]  β=0.050  α_t=0.052  (2639s)

  [eval @ step 3000] held-out test-A...
    cap-fig cos: +0.9946  (Δ +0.8799)
    R@1/5/10: 13.0% / 45.0% / 69.5%  (Δ +13.0 / +45.0 / +69.5)

step  3020  L_grcl=  1.94  L_cov= 0.36  L_cons=0.000  L_tot=  2.05  diag=+0.993  mix=[cap:96/ref:109/nl:115]  β=0.050  α_t=0.052  (2668s)
step  3040  L_grcl=  1.89  L_cov= 0.37  L_cons=0.000  L_tot=  2.00  diag=+0.993  mix=[cap:104/ref:104/nl:112]  β=0.050  α_t=0.052  (2685s)
step  3060  L_grcl=  1.93  L_cov= 0.35  L_cons=0.000  L_tot=  2.03  diag=+0.993  mix=[cap:101/ref:121/nl:98]  β=0.050  α_t=0.052  (2702s)
step  3080  L_grcl=  1.95  L_cov= 0.36  L_cons=0.000  L_tot=  2.06  diag=+0.994  mix=[cap:96/ref:116/nl:108]  β=0.050  α_t=0.052  (2719s)
step  3100  L_grcl=  1.93  L_cov= 0.35  L_cons=0.000  L_tot=  2.04  diag=+0.994  mix=[cap:106/ref:108/nl:106]  β=0.050  α_t=0.052  (2736s)
step  3120  L_grcl=  1.93  L_cov= 0.35  L_cons=0.000  L_tot=  2.03  diag=+0.994  mix=[cap:106/ref:119/nl:95]  β=0.050  α_t=0.052  (2753s)
step  3140  L_grcl=  1.90  L_cov= 0.37  L_cons=0.000  L_tot=  2.01  diag=+0.994  mix=[cap:115/ref:108/nl:97]  β=0.050  α_t=0.052  (2770s)
step  3160  L_grcl=  1.87  L_cov= 0.35  L_cons=0.000  L_tot=  1.97  diag=+0.993  mix=[cap:110/ref:105/nl:105]  β=0.050  α_t=0.052  (2788s)
step  3180  L_grcl=  1.92  L_cov= 0.35  L_cons=0.000  L_tot=  2.03  diag=+0.992  mix=[cap:92/ref:113/nl:115]  β=0.050  α_t=0.052  (2805s)
step  3200  L_grcl=  1.88  L_cov= 0.34  L_cons=0.000  L_tot=  1.99  diag=+0.992  mix=[cap:102/ref:118/nl:100]  β=0.050  α_t=0.052  (2822s)
step  3220  L_grcl=  1.87  L_cov= 0.34  L_cons=0.000  L_tot=  1.97  diag=+0.992  mix=[cap:111/ref:108/nl:101]  β=0.050  α_t=0.052  (2839s)
step  3240  L_grcl=  1.91  L_cov= 0.35  L_cons=0.000  L_tot=  2.01  diag=+0.993  mix=[cap:109/ref:100/nl:111]  β=0.050  α_t=0.052  (2856s)
step  3260  L_grcl=  1.91  L_cov= 0.35  L_cons=0.000  L_tot=  2.02  diag=+0.993  mix=[cap:115/ref:114/nl:91]  β=0.050  α_t=0.052  (2874s)
step  3280  L_grcl=  1.95  L_cov= 0.36  L_cons=0.000  L_tot=  2.06  diag=+0.994  mix=[cap:97/ref:115/nl:108]  β=0.050  α_t=0.052  (2891s)
step  3300  L_grcl=  1.93  L_cov= 0.37  L_cons=0.000  L_tot=  2.04  diag=+0.993  mix=[cap:98/ref:110/nl:112]  β=0.050  α_t=0.052  (2908s)
step  3320  L_grcl=  1.91  L_cov= 0.36  L_cons=0.000  L_tot=  2.02  diag=+0.993  mix=[cap:108/ref:116/nl:96]  β=0.050  α_t=0.052  (2926s)
step  3340  L_grcl=  1.92  L_cov= 0.35  L_cons=0.000  L_tot=  2.02  diag=+0.993  mix=[cap:102/ref:105/nl:113]  β=0.050  α_t=0.052  (2943s)
step  3360  L_grcl=  1.93  L_cov= 0.37  L_cons=0.000  L_tot=  2.04  diag=+0.993  mix=[cap:101/ref:115/nl:104]  β=0.050  α_t=0.052  (2960s)
step  3380  L_grcl=  1.89  L_cov= 0.34  L_cons=0.000  L_tot=  1.99  diag=+0.992  mix=[cap:113/ref:109/nl:98]  β=0.050  α_t=0.052  (2977s)
step  3400  L_grcl=  1.95  L_cov= 0.35  L_cons=0.000  L_tot=  2.05  diag=+0.994  mix=[cap:107/ref:126/nl:87]  β=0.050  α_t=0.052  (2994s)
step  3420  L_grcl=  1.93  L_cov= 0.38  L_cons=0.000  L_tot=  2.04  diag=+0.994  mix=[cap:103/ref:107/nl:110]  β=0.050  α_t=0.052  (3011s)
step  3440  L_grcl=  1.89  L_cov= 0.36  L_cons=0.000  L_tot=  2.00  diag=+0.993  mix=[cap:99/ref:104/nl:117]  β=0.050  α_t=0.052  (3028s)
step  3460  L_grcl=  1.86  L_cov= 0.34  L_cons=0.000  L_tot=  1.96  diag=+0.993  mix=[cap:106/ref:116/nl:98]  β=0.050  α_t=0.052  (3045s)
step  3480  L_grcl=  1.89  L_cov= 0.35  L_cons=0.000  L_tot=  2.00  diag=+0.992  mix=[cap:105/ref:110/nl:105]  β=0.050  α_t=0.052  (3062s)
step  3500  L_grcl=  1.89  L_cov= 0.34  L_cons=0.000  L_tot=  2.00  diag=+0.992  mix=[cap:106/ref:113/nl:101]  β=0.051  α_t=0.052  (3079s)

  [eval @ step 3500] held-out test-A...
    cap-fig cos: +0.9941  (Δ +0.8794)
    R@1/5/10: 10.0% / 51.5% / 80.5%  (Δ +10.0 / +51.5 / +80.5)
    [ckpt saved @ step 3500 R@10=80.5%]

step  3520  L_grcl=  1.92  L_cov= 0.35  L_cons=0.000  L_tot=  2.03  diag=+0.992  mix=[cap:98/ref:122/nl:100]  β=0.051  α_t=0.052  (3113s)
step  3540  L_grcl=  1.93  L_cov= 0.35  L_cons=0.000  L_tot=  2.03  diag=+0.992  mix=[cap:100/ref:117/nl:103]  β=0.051  α_t=0.052  (3130s)
step  3560  L_grcl=  1.92  L_cov= 0.35  L_cons=0.000  L_tot=  2.02  diag=+0.993  mix=[cap:107/ref:113/nl:100]  β=0.051  α_t=0.052  (3147s)
step  3580  L_grcl=  1.89  L_cov= 0.36  L_cons=0.000  L_tot=  2.00  diag=+0.992  mix=[cap:111/ref:91/nl:118]  β=0.051  α_t=0.052  (3163s)
step  3600  L_grcl=  1.85  L_cov= 0.35  L_cons=0.000  L_tot=  1.96  diag=+0.991  mix=[cap:104/ref:102/nl:114]  β=0.051  α_t=0.052  (3180s)
step  3620  L_grcl=  1.91  L_cov= 0.34  L_cons=0.000  L_tot=  2.01  diag=+0.991  mix=[cap:114/ref:96/nl:110]  β=0.051  α_t=0.052  (3196s)
step  3640  L_grcl=  1.94  L_cov= 0.35  L_cons=0.000  L_tot=  2.04  diag=+0.992  mix=[cap:87/ref:112/nl:121]  β=0.051  α_t=0.052  (3213s)
step  3660  L_grcl=  1.90  L_cov= 0.35  L_cons=0.000  L_tot=  2.00  diag=+0.992  mix=[cap:111/ref:101/nl:108]  β=0.051  α_t=0.052  (3230s)
step  3680  L_grcl=  1.87  L_cov= 0.35  L_cons=0.000  L_tot=  1.97  diag=+0.992  mix=[cap:114/ref:105/nl:101]  β=0.051  α_t=0.053  (3246s)
step  3700  L_grcl=  1.93  L_cov= 0.35  L_cons=0.000  L_tot=  2.03  diag=+0.992  mix=[cap:90/ref:134/nl:96]  β=0.051  α_t=0.053  (3263s)
step  3720  L_grcl=  1.90  L_cov= 0.36  L_cons=0.000  L_tot=  2.01  diag=+0.992  mix=[cap:112/ref:97/nl:111]  β=0.051  α_t=0.053  (3280s)
step  3740  L_grcl=  1.84  L_cov= 0.34  L_cons=0.000  L_tot=  1.94  diag=+0.992  mix=[cap:107/ref:97/nl:116]  β=0.051  α_t=0.053  (3297s)
step  3760  L_grcl=  1.91  L_cov= 0.32  L_cons=0.000  L_tot=  2.01  diag=+0.992  mix=[cap:110/ref:108/nl:102]  β=0.051  α_t=0.053  (3315s)
step  3780  L_grcl=  1.87  L_cov= 0.35  L_cons=0.000  L_tot=  1.97  diag=+0.991  mix=[cap:101/ref:114/nl:105]  β=0.051  α_t=0.053  (3332s)
step  3800  L_grcl=  1.90  L_cov= 0.35  L_cons=0.000  L_tot=  2.01  diag=+0.992  mix=[cap:95/ref:112/nl:113]  β=0.051  α_t=0.053  (3349s)
step  3820  L_grcl=  1.88  L_cov= 0.33  L_cons=0.000  L_tot=  1.98  diag=+0.992  mix=[cap:107/ref:109/nl:104]  β=0.051  α_t=0.053  (3366s)
step  3840  L_grcl=  1.86  L_cov= 0.34  L_cons=0.000  L_tot=  1.96  diag=+0.993  mix=[cap:113/ref:108/nl:99]  β=0.051  α_t=0.053  (3383s)
step  3860  L_grcl=  1.95  L_cov= 0.35  L_cons=0.000  L_tot=  2.05  diag=+0.992  mix=[cap:107/ref:121/nl:92]  β=0.051  α_t=0.053  (3400s)
step  3880  L_grcl=  1.91  L_cov= 0.36  L_cons=0.000  L_tot=  2.02  diag=+0.992  mix=[cap:100/ref:120/nl:100]  β=0.051  α_t=0.053  (3418s)
step  3900  L_grcl=  1.86  L_cov= 0.34  L_cons=0.000  L_tot=  1.96  diag=+0.992  mix=[cap:117/ref:104/nl:99]  β=0.051  α_t=0.053  (3435s)
step  3920  L_grcl=  1.84  L_cov= 0.33  L_cons=0.000  L_tot=  1.94  diag=+0.991  mix=[cap:113/ref:104/nl:103]  β=0.051  α_t=0.053  (3452s)
step  3940  L_grcl=  1.84  L_cov= 0.34  L_cons=0.000  L_tot=  1.94  diag=+0.991  mix=[cap:107/ref:116/nl:97]  β=0.051  α_t=0.053  (3469s)
step  3960  L_grcl=  1.85  L_cov= 0.34  L_cons=0.000  L_tot=  1.95  diag=+0.992  mix=[cap:103/ref:112/nl:105]  β=0.051  α_t=0.053  (3486s)
step  3980  L_grcl=  1.88  L_cov= 0.34  L_cons=0.000  L_tot=  1.98  diag=+0.992  mix=[cap:117/ref:112/nl:91]  β=0.051  α_t=0.053  (3503s)
step  4000  L_grcl=  1.88  L_cov= 0.35  L_cons=0.000  L_tot=  1.98  diag=+0.992  mix=[cap:104/ref:100/nl:116]  β=0.051  α_t=0.053  (3520s)

  [eval @ step 4000] held-out test-A...
    cap-fig cos: +0.9950  (Δ +0.8803)
    R@1/5/10: 17.0% / 59.0% / 84.0%  (Δ +17.0 / +59.0 / +84.0)
    [ckpt saved @ step 4000 R@10=84.0%]

step  4020  L_grcl=  1.87  L_cov= 0.34  L_cons=0.000  L_tot=  1.97  diag=+0.992  mix=[cap:109/ref:103/nl:108]  β=0.051  α_t=0.053  (3554s)
step  4040  L_grcl=  1.90  L_cov= 0.35  L_cons=0.000  L_tot=  2.00  diag=+0.992  mix=[cap:108/ref:111/nl:101]  β=0.051  α_t=0.053  (3572s)
step  4060  L_grcl=  1.82  L_cov= 0.34  L_cons=0.000  L_tot=  1.92  diag=+0.992  mix=[cap:113/ref:97/nl:110]  β=0.051  α_t=0.053  (3588s)
step  4080  L_grcl=  1.87  L_cov= 0.34  L_cons=0.000  L_tot=  1.97  diag=+0.990  mix=[cap:102/ref:106/nl:112]  β=0.051  α_t=0.053  (3605s)
step  4100  L_grcl=  1.90  L_cov= 0.33  L_cons=0.000  L_tot=  2.00  diag=+0.992  mix=[cap:100/ref:120/nl:100]  β=0.051  α_t=0.053  (3623s)
step  4120  L_grcl=  1.89  L_cov= 0.34  L_cons=0.000  L_tot=  1.99  diag=+0.992  mix=[cap:104/ref:101/nl:115]  β=0.051  α_t=0.053  (3641s)
step  4140  L_grcl=  1.91  L_cov= 0.35  L_cons=0.000  L_tot=  2.01  diag=+0.993  mix=[cap:97/ref:117/nl:106]  β=0.051  α_t=0.053  (3658s)
step  4160  L_grcl=  1.88  L_cov= 0.34  L_cons=0.000  L_tot=  1.98  diag=+0.993  mix=[cap:109/ref:109/nl:102]  β=0.051  α_t=0.053  (3676s)
step  4180  L_grcl=  1.87  L_cov= 0.36  L_cons=0.000  L_tot=  1.98  diag=+0.992  mix=[cap:109/ref:109/nl:102]  β=0.052  α_t=0.053  (3693s)
step  4200  L_grcl=  1.80  L_cov= 0.34  L_cons=0.000  L_tot=  1.91  diag=+0.991  mix=[cap:105/ref:111/nl:104]  β=0.052  α_t=0.053  (3711s)
step  4220  L_grcl=  1.91  L_cov= 0.34  L_cons=0.000  L_tot=  2.02  diag=+0.991  mix=[cap:94/ref:122/nl:104]  β=0.052  α_t=0.053  (3728s)
step  4240  L_grcl=  1.88  L_cov= 0.35  L_cons=0.000  L_tot=  1.98  diag=+0.992  mix=[cap:99/ref:108/nl:113]  β=0.052  α_t=0.053  (3745s)
step  4260  L_grcl=  1.86  L_cov= 0.33  L_cons=0.000  L_tot=  1.96  diag=+0.991  mix=[cap:116/ref:99/nl:105]  β=0.052  α_t=0.053  (3763s)
step  4280  L_grcl=  1.83  L_cov= 0.35  L_cons=0.000  L_tot=  1.93  diag=+0.991  mix=[cap:114/ref:84/nl:122]  β=0.052  α_t=0.053  (3780s)
step  4300  L_grcl=  1.86  L_cov= 0.34  L_cons=0.000  L_tot=  1.97  diag=+0.992  mix=[cap:100/ref:105/nl:115]  β=0.052  α_t=0.053  (3798s)
step  4320  L_grcl=  1.86  L_cov= 0.33  L_cons=0.000  L_tot=  1.96  diag=+0.991  mix=[cap:96/ref:116/nl:108]  β=0.052  α_t=0.053  (3815s)
step  4340  L_grcl=  1.83  L_cov= 0.35  L_cons=0.000  L_tot=  1.94  diag=+0.991  mix=[cap:114/ref:99/nl:107]  β=0.052  α_t=0.053  (3833s)
step  4360  L_grcl=  1.88  L_cov= 0.33  L_cons=0.000  L_tot=  1.99  diag=+0.991  mix=[cap:92/ref:116/nl:112]  β=0.052  α_t=0.053  (3850s)
step  4380  L_grcl=  1.84  L_cov= 0.35  L_cons=0.000  L_tot=  1.95  diag=+0.991  mix=[cap:102/ref:92/nl:126]  β=0.052  α_t=0.053  (3867s)
step  4400  L_grcl=  1.80  L_cov= 0.32  L_cons=0.000  L_tot=  1.89  diag=+0.991  mix=[cap:115/ref:106/nl:99]  β=0.052  α_t=0.053  (3884s)
step  4420  L_grcl=  1.85  L_cov= 0.32  L_cons=0.000  L_tot=  1.94  diag=+0.990  mix=[cap:97/ref:114/nl:109]  β=0.052  α_t=0.053  (3901s)
step  4440  L_grcl=  1.90  L_cov= 0.34  L_cons=0.000  L_tot=  2.00  diag=+0.990  mix=[cap:117/ref:95/nl:108]  β=0.052  α_t=0.053  (3918s)
step  4460  L_grcl=  1.85  L_cov= 0.34  L_cons=0.000  L_tot=  1.95  diag=+0.991  mix=[cap:80/ref:124/nl:116]  β=0.052  α_t=0.053  (3935s)
step  4480  L_grcl=  1.88  L_cov= 0.34  L_cons=0.000  L_tot=  1.98  diag=+0.991  mix=[cap:97/ref:113/nl:110]  β=0.052  α_t=0.053  (3953s)
step  4500  L_grcl=  1.79  L_cov= 0.32  L_cons=0.000  L_tot=  1.89  diag=+0.992  mix=[cap:119/ref:104/nl:97]  β=0.052  α_t=0.053  (3970s)

  [eval @ step 4500] held-out test-A...
    cap-fig cos: +0.9947  (Δ +0.8799)
    R@1/5/10: 9.0% / 52.5% / 77.0%  (Δ +9.0 / +52.5 / +77.0)

step  4520  L_grcl=  1.87  L_cov= 0.34  L_cons=0.000  L_tot=  1.97  diag=+0.992  mix=[cap:107/ref:114/nl:99]  β=0.052  α_t=0.053  (4000s)
step  4540  L_grcl=  1.82  L_cov= 0.33  L_cons=0.000  L_tot=  1.92  diag=+0.991  mix=[cap:103/ref:109/nl:108]  β=0.052  α_t=0.053  (4017s)
step  4560  L_grcl=  1.84  L_cov= 0.33  L_cons=0.000  L_tot=  1.94  diag=+0.990  mix=[cap:96/ref:109/nl:115]  β=0.052  α_t=0.053  (4034s)
step  4580  L_grcl=  1.83  L_cov= 0.32  L_cons=0.000  L_tot=  1.92  diag=+0.991  mix=[cap:110/ref:100/nl:110]  β=0.052  α_t=0.053  (4051s)
step  4600  L_grcl=  1.87  L_cov= 0.32  L_cons=0.000  L_tot=  1.97  diag=+0.989  mix=[cap:117/ref:100/nl:103]  β=0.052  α_t=0.053  (4068s)
step  4620  L_grcl=  1.86  L_cov= 0.34  L_cons=0.000  L_tot=  1.96  diag=+0.990  mix=[cap:111/ref:114/nl:95]  β=0.052  α_t=0.054  (4085s)
step  4640  L_grcl=  1.81  L_cov= 0.32  L_cons=0.000  L_tot=  1.91  diag=+0.991  mix=[cap:117/ref:105/nl:98]  β=0.052  α_t=0.054  (4103s)
step  4660  L_grcl=  1.87  L_cov= 0.33  L_cons=0.000  L_tot=  1.97  diag=+0.992  mix=[cap:93/ref:121/nl:106]  β=0.052  α_t=0.054  (4120s)
step  4680  L_grcl=  1.85  L_cov= 0.33  L_cons=0.000  L_tot=  1.94  diag=+0.991  mix=[cap:121/ref:101/nl:98]  β=0.052  α_t=0.054  (4137s)
step  4700  L_grcl=  1.87  L_cov= 0.34  L_cons=0.000  L_tot=  1.97  diag=+0.991  mix=[cap:105/ref:125/nl:90]  β=0.052  α_t=0.054  (4155s)
step  4720  L_grcl=  1.86  L_cov= 0.32  L_cons=0.000  L_tot=  1.96  diag=+0.991  mix=[cap:97/ref:114/nl:109]  β=0.052  α_t=0.054  (4173s)
step  4740  L_grcl=  1.86  L_cov= 0.35  L_cons=0.000  L_tot=  1.96  diag=+0.992  mix=[cap:105/ref:98/nl:117]  β=0.052  α_t=0.054  (4190s)
step  4760  L_grcl=  1.89  L_cov= 0.35  L_cons=0.000  L_tot=  1.99  diag=+0.991  mix=[cap:108/ref:114/nl:98]  β=0.052  α_t=0.054  (4207s)
step  4780  L_grcl=  1.82  L_cov= 0.32  L_cons=0.000  L_tot=  1.92  diag=+0.991  mix=[cap:102/ref:118/nl:100]  β=0.052  α_t=0.054  (4224s)
step  4800  L_grcl=  1.78  L_cov= 0.32  L_cons=0.000  L_tot=  1.88  diag=+0.991  mix=[cap:101/ref:111/nl:108]  β=0.052  α_t=0.054  (4241s)
step  4820  L_grcl=  1.78  L_cov= 0.33  L_cons=0.000  L_tot=  1.88  diag=+0.989  mix=[cap:121/ref:97/nl:102]  β=0.052  α_t=0.054  (4259s)
step  4840  L_grcl=  1.89  L_cov= 0.32  L_cons=0.000  L_tot=  1.99  diag=+0.990  mix=[cap:102/ref:109/nl:109]  β=0.053  α_t=0.054  (4276s)
step  4860  L_grcl=  1.87  L_cov= 0.33  L_cons=0.000  L_tot=  1.97  diag=+0.990  mix=[cap:99/ref:121/nl:100]  β=0.053  α_t=0.054  (4294s)
step  4880  L_grcl=  1.86  L_cov= 0.33  L_cons=0.000  L_tot=  1.96  diag=+0.991  mix=[cap:109/ref:108/nl:103]  β=0.053  α_t=0.054  (4312s)
step  4900  L_grcl=  1.85  L_cov= 0.33  L_cons=0.000  L_tot=  1.95  diag=+0.992  mix=[cap:114/ref:114/nl:92]  β=0.053  α_t=0.054  (4329s)
step  4920  L_grcl=  1.86  L_cov= 0.34  L_cons=0.000  L_tot=  1.96  diag=+0.991  mix=[cap:114/ref:108/nl:98]  β=0.053  α_t=0.054  (4347s)
step  4940  L_grcl=  1.79  L_cov= 0.32  L_cons=0.000  L_tot=  1.89  diag=+0.991  mix=[cap:114/ref:104/nl:102]  β=0.053  α_t=0.054  (4364s)
step  4960  L_grcl=  1.87  L_cov= 0.33  L_cons=0.000  L_tot=  1.97  diag=+0.991  mix=[cap:116/ref:114/nl:90]  β=0.053  α_t=0.054  (4381s)
step  4980  L_grcl=  1.82  L_cov= 0.33  L_cons=0.000  L_tot=  1.92  diag=+0.991  mix=[cap:106/ref:96/nl:118]  β=0.053  α_t=0.054  (4398s)
step  5000  L_grcl=  1.85  L_cov= 0.32  L_cons=0.000  L_tot=  1.94  diag=+0.990  mix=[cap:102/ref:117/nl:101]  β=0.053  α_t=0.054  (4416s)

  [eval @ step 5000] held-out test-A...
    cap-fig cos: +0.9951  (Δ +0.8804)
    R@1/5/10: 19.0% / 63.0% / 83.5%  (Δ +19.0 / +63.0 / +83.5)

step  5020  L_grcl=  1.82  L_cov= 0.32  L_cons=0.000  L_tot=  1.92  diag=+0.989  mix=[cap:117/ref:95/nl:108]  β=0.053  α_t=0.054  (4445s)
step  5040  L_grcl=  1.90  L_cov= 0.34  L_cons=0.000  L_tot=  2.00  diag=+0.989  mix=[cap:78/ref:118/nl:124]  β=0.053  α_t=0.054  (4463s)
step  5060  L_grcl=  1.79  L_cov= 0.34  L_cons=0.000  L_tot=  1.89  diag=+0.991  mix=[cap:115/ref:100/nl:105]  β=0.053  α_t=0.054  (4480s)
step  5080  L_grcl=  1.84  L_cov= 0.33  L_cons=0.000  L_tot=  1.94  diag=+0.989  mix=[cap:88/ref:125/nl:107]  β=0.053  α_t=0.054  (4497s)
step  5100  L_grcl=  1.78  L_cov= 0.31  L_cons=0.000  L_tot=  1.87  diag=+0.990  mix=[cap:105/ref:106/nl:109]  β=0.053  α_t=0.054  (4514s)
step  5120  L_grcl=  1.86  L_cov= 0.33  L_cons=0.000  L_tot=  1.96  diag=+0.990  mix=[cap:104/ref:113/nl:103]  β=0.053  α_t=0.054  (4532s)
step  5140  L_grcl=  1.77  L_cov= 0.31  L_cons=0.000  L_tot=  1.87  diag=+0.991  mix=[cap:125/ref:105/nl:90]  β=0.053  α_t=0.054  (4549s)
step  5160  L_grcl=  1.80  L_cov= 0.32  L_cons=0.000  L_tot=  1.90  diag=+0.990  mix=[cap:111/ref:102/nl:107]  β=0.053  α_t=0.054  (4567s)
step  5180  L_grcl=  1.84  L_cov= 0.32  L_cons=0.000  L_tot=  1.94  diag=+0.990  mix=[cap:101/ref:116/nl:103]  β=0.053  α_t=0.054  (4584s)
step  5200  L_grcl=  1.85  L_cov= 0.32  L_cons=0.000  L_tot=  1.94  diag=+0.992  mix=[cap:114/ref:110/nl:96]  β=0.053  α_t=0.054  (4602s)
step  5220  L_grcl=  1.85  L_cov= 0.33  L_cons=0.000  L_tot=  1.95  diag=+0.991  mix=[cap:104/ref:110/nl:106]  β=0.053  α_t=0.054  (4619s)
step  5240  L_grcl=  1.80  L_cov= 0.32  L_cons=0.000  L_tot=  1.90  diag=+0.990  mix=[cap:112/ref:118/nl:90]  β=0.053  α_t=0.054  (4636s)
step  5260  L_grcl=  1.81  L_cov= 0.33  L_cons=0.000  L_tot=  1.91  diag=+0.991  mix=[cap:109/ref:120/nl:91]  β=0.053  α_t=0.054  (4653s)
step  5280  L_grcl=  1.84  L_cov= 0.32  L_cons=0.000  L_tot=  1.93  diag=+0.989  mix=[cap:107/ref:103/nl:110]  β=0.053  α_t=0.054  (4670s)
step  5300  L_grcl=  1.79  L_cov= 0.31  L_cons=0.000  L_tot=  1.89  diag=+0.989  mix=[cap:124/ref:86/nl:110]  β=0.053  α_t=0.054  (4687s)
step  5320  L_grcl=  1.82  L_cov= 0.33  L_cons=0.000  L_tot=  1.92  diag=+0.991  mix=[cap:107/ref:118/nl:95]  β=0.053  α_t=0.054  (4705s)
step  5340  L_grcl=  1.79  L_cov= 0.34  L_cons=0.000  L_tot=  1.89  diag=+0.989  mix=[cap:117/ref:95/nl:108]  β=0.053  α_t=0.054  (4723s)
step  5360  L_grcl=  1.79  L_cov= 0.31  L_cons=0.000  L_tot=  1.89  diag=+0.989  mix=[cap:124/ref:102/nl:94]  β=0.053  α_t=0.054  (4740s)
step  5380  L_grcl=  1.76  L_cov= 0.31  L_cons=0.000  L_tot=  1.85  diag=+0.991  mix=[cap:127/ref:109/nl:84]  β=0.053  α_t=0.054  (4758s)
step  5400  L_grcl=  1.82  L_cov= 0.33  L_cons=0.000  L_tot=  1.92  diag=+0.990  mix=[cap:99/ref:113/nl:108]  β=0.053  α_t=0.054  (4775s)
step  5420  L_grcl=  1.80  L_cov= 0.32  L_cons=0.000  L_tot=  1.89  diag=+0.989  mix=[cap:102/ref:90/nl:128]  β=0.053  α_t=0.054  (4792s)
step  5440  L_grcl=  1.84  L_cov= 0.31  L_cons=0.000  L_tot=  1.93  diag=+0.988  mix=[cap:93/ref:117/nl:110]  β=0.053  α_t=0.054  (4809s)
step  5460  L_grcl=  1.80  L_cov= 0.33  L_cons=0.000  L_tot=  1.89  diag=+0.989  mix=[cap:106/ref:115/nl:99]  β=0.053  α_t=0.054  (4826s)
step  5480  L_grcl=  1.75  L_cov= 0.32  L_cons=0.000  L_tot=  1.85  diag=+0.990  mix=[cap:106/ref:99/nl:115]  β=0.054  α_t=0.054  (4844s)
step  5500  L_grcl=  1.81  L_cov= 0.32  L_cons=0.000  L_tot=  1.90  diag=+0.991  mix=[cap:125/ref:112/nl:83]  β=0.054  α_t=0.054  (4861s)

  [eval @ step 5500] held-out test-A...
    cap-fig cos: +0.9947  (Δ +0.8800)
    R@1/5/10: 15.5% / 61.0% / 83.0%  (Δ +15.5 / +61.0 / +83.0)

step  5520  L_grcl=  1.81  L_cov= 0.31  L_cons=0.000  L_tot=  1.90  diag=+0.990  mix=[cap:104/ref:109/nl:107]  β=0.054  α_t=0.054  (4890s)
step  5540  L_grcl=  1.84  L_cov= 0.34  L_cons=0.000  L_tot=  1.95  diag=+0.991  mix=[cap:100/ref:103/nl:117]  β=0.054  α_t=0.054  (4908s)
step  5560  L_grcl=  1.86  L_cov= 0.33  L_cons=0.000  L_tot=  1.96  diag=+0.991  mix=[cap:124/ref:102/nl:94]  β=0.054  α_t=0.054  (4925s)
step  5580  L_grcl=  1.79  L_cov= 0.31  L_cons=0.000  L_tot=  1.88  diag=+0.991  mix=[cap:104/ref:114/nl:102]  β=0.054  α_t=0.055  (4942s)
step  5600  L_grcl=  1.83  L_cov= 0.31  L_cons=0.000  L_tot=  1.93  diag=+0.990  mix=[cap:102/ref:115/nl:103]  β=0.054  α_t=0.055  (4959s)
step  5620  L_grcl=  1.78  L_cov= 0.31  L_cons=0.000  L_tot=  1.88  diag=+0.990  mix=[cap:88/ref:125/nl:107]  β=0.054  α_t=0.055  (4976s)
step  5640  L_grcl=  1.74  L_cov= 0.32  L_cons=0.000  L_tot=  1.84  diag=+0.990  mix=[cap:119/ref:103/nl:98]  β=0.054  α_t=0.055  (4993s)
step  5660  L_grcl=  1.78  L_cov= 0.30  L_cons=0.000  L_tot=  1.87  diag=+0.990  mix=[cap:105/ref:112/nl:103]  β=0.054  α_t=0.055  (5010s)
step  5680  L_grcl=  1.83  L_cov= 0.32  L_cons=0.000  L_tot=  1.92  diag=+0.990  mix=[cap:94/ref:123/nl:103]  β=0.054  α_t=0.055  (5027s)
step  5700  L_grcl=  1.78  L_cov= 0.31  L_cons=0.000  L_tot=  1.87  diag=+0.990  mix=[cap:112/ref:104/nl:104]  β=0.054  α_t=0.055  (5044s)
step  5720  L_grcl=  1.85  L_cov= 0.33  L_cons=0.000  L_tot=  1.95  diag=+0.989  mix=[cap:106/ref:108/nl:106]  β=0.054  α_t=0.055  (5061s)
step  5740  L_grcl=  1.80  L_cov= 0.31  L_cons=0.000  L_tot=  1.89  diag=+0.988  mix=[cap:111/ref:100/nl:109]  β=0.054  α_t=0.055  (5079s)
step  5760  L_grcl=  1.81  L_cov= 0.33  L_cons=0.000  L_tot=  1.91  diag=+0.989  mix=[cap:90/ref:113/nl:117]  β=0.054  α_t=0.055  (5096s)
step  5780  L_grcl=  1.81  L_cov= 0.30  L_cons=0.000  L_tot=  1.90  diag=+0.990  mix=[cap:109/ref:102/nl:109]  β=0.054  α_t=0.055  (5113s)
step  5800  L_grcl=  1.77  L_cov= 0.32  L_cons=0.000  L_tot=  1.86  diag=+0.989  mix=[cap:116/ref:98/nl:106]  β=0.054  α_t=0.055  (5130s)
step  5820  L_grcl=  1.78  L_cov= 0.32  L_cons=0.000  L_tot=  1.88  diag=+0.988  mix=[cap:101/ref:114/nl:105]  β=0.054  α_t=0.055  (5148s)
step  5840  L_grcl=  1.82  L_cov= 0.32  L_cons=0.000  L_tot=  1.92  diag=+0.989  mix=[cap:113/ref:101/nl:106]  β=0.054  α_t=0.055  (5165s)
step  5860  L_grcl=  1.81  L_cov= 0.32  L_cons=0.000  L_tot=  1.91  diag=+0.990  mix=[cap:103/ref:122/nl:95]  β=0.054  α_t=0.055  (5182s)
step  5880  L_grcl=  1.83  L_cov= 0.32  L_cons=0.000  L_tot=  1.93  diag=+0.990  mix=[cap:102/ref:119/nl:99]  β=0.054  α_t=0.055  (5200s)
step  5900  L_grcl=  1.83  L_cov= 0.33  L_cons=0.000  L_tot=  1.93  diag=+0.990  mix=[cap:101/ref:109/nl:110]  β=0.054  α_t=0.055  (5217s)
step  5920  L_grcl=  1.80  L_cov= 0.31  L_cons=0.000  L_tot=  1.89  diag=+0.991  mix=[cap:116/ref:112/nl:92]  β=0.054  α_t=0.055  (5234s)
step  5940  L_grcl=  1.79  L_cov= 0.32  L_cons=0.000  L_tot=  1.88  diag=+0.990  mix=[cap:109/ref:109/nl:102]  β=0.054  α_t=0.055  (5251s)
step  5960  L_grcl=  1.73  L_cov= 0.29  L_cons=0.000  L_tot=  1.82  diag=+0.989  mix=[cap:106/ref:107/nl:107]  β=0.054  α_t=0.055  (5269s)
step  5980  L_grcl=  1.80  L_cov= 0.32  L_cons=0.000  L_tot=  1.90  diag=+0.988  mix=[cap:105/ref:121/nl:94]  β=0.054  α_t=0.055  (5286s)
step  6000  L_grcl=  1.83  L_cov= 0.31  L_cons=0.000  L_tot=  1.92  diag=+0.989  mix=[cap:99/ref:111/nl:110]  β=0.054  α_t=0.055  (5303s)

  [eval @ step 6000] held-out test-A...
    cap-fig cos: +0.9947  (Δ +0.8800)
    R@1/5/10: 16.5% / 65.0% / 88.0%  (Δ +16.5 / +65.0 / +88.0)
    [ckpt saved @ step 6000 R@10=88.0%]

step  6020  L_grcl=  1.79  L_cov= 0.31  L_cons=0.000  L_tot=  1.88  diag=+0.991  mix=[cap:105/ref:115/nl:100]  β=0.054  α_t=0.055  (5337s)
step  6040  L_grcl=  1.79  L_cov= 0.31  L_cons=0.000  L_tot=  1.88  diag=+0.990  mix=[cap:94/ref:108/nl:118]  β=0.054  α_t=0.055  (5354s)
step  6060  L_grcl=  1.83  L_cov= 0.33  L_cons=0.000  L_tot=  1.93  diag=+0.991  mix=[cap:102/ref:117/nl:101]  β=0.054  α_t=0.055  (5372s)
step  6080  L_grcl=  1.78  L_cov= 0.32  L_cons=0.000  L_tot=  1.87  diag=+0.990  mix=[cap:116/ref:103/nl:101]  β=0.054  α_t=0.055  (5389s)
step  6100  L_grcl=  1.82  L_cov= 0.30  L_cons=0.000  L_tot=  1.91  diag=+0.989  mix=[cap:100/ref:115/nl:105]  β=0.055  α_t=0.055  (5407s)
step  6120  L_grcl=  1.83  L_cov= 0.32  L_cons=0.000  L_tot=  1.93  diag=+0.991  mix=[cap:107/ref:99/nl:114]  β=0.055  α_t=0.055  (5424s)
step  6140  L_grcl=  1.82  L_cov= 0.33  L_cons=0.000  L_tot=  1.92  diag=+0.990  mix=[cap:100/ref:109/nl:111]  β=0.055  α_t=0.055  (5441s)
step  6160  L_grcl=  1.86  L_cov= 0.34  L_cons=0.000  L_tot=  1.96  diag=+0.990  mix=[cap:100/ref:113/nl:107]  β=0.055  α_t=0.055  (5459s)
step  6180  L_grcl=  1.79  L_cov= 0.31  L_cons=0.000  L_tot=  1.89  diag=+0.989  mix=[cap:104/ref:114/nl:102]  β=0.055  α_t=0.055  (5476s)
step  6200  L_grcl=  1.82  L_cov= 0.32  L_cons=0.000  L_tot=  1.92  diag=+0.989  mix=[cap:97/ref:119/nl:104]  β=0.055  α_t=0.055  (5494s)
step  6220  L_grcl=  1.82  L_cov= 0.32  L_cons=0.000  L_tot=  1.92  diag=+0.990  mix=[cap:117/ref:112/nl:91]  β=0.055  α_t=0.055  (5511s)
step  6240  L_grcl=  1.80  L_cov= 0.32  L_cons=0.000  L_tot=  1.89  diag=+0.989  mix=[cap:105/ref:107/nl:108]  β=0.055  α_t=0.055  (5528s)
step  6260  L_grcl=  1.79  L_cov= 0.31  L_cons=0.000  L_tot=  1.89  diag=+0.989  mix=[cap:108/ref:115/nl:97]  β=0.055  α_t=0.055  (5545s)
step  6280  L_grcl=  1.85  L_cov= 0.33  L_cons=0.000  L_tot=  1.95  diag=+0.989  mix=[cap:114/ref:110/nl:96]  β=0.055  α_t=0.055  (5563s)
step  6300  L_grcl=  1.85  L_cov= 0.34  L_cons=0.000  L_tot=  1.95  diag=+0.989  mix=[cap:99/ref:109/nl:112]  β=0.055  α_t=0.055  (5580s)
step  6320  L_grcl=  1.80  L_cov= 0.31  L_cons=0.000  L_tot=  1.89  diag=+0.989  mix=[cap:127/ref:97/nl:96]  β=0.055  α_t=0.055  (5597s)
step  6340  L_grcl=  1.81  L_cov= 0.32  L_cons=0.000  L_tot=  1.90  diag=+0.990  mix=[cap:110/ref:117/nl:93]  β=0.055  α_t=0.055  (5615s)
step  6360  L_grcl=  1.81  L_cov= 0.32  L_cons=0.000  L_tot=  1.91  diag=+0.989  mix=[cap:111/ref:105/nl:104]  β=0.055  α_t=0.055  (5632s)
step  6380  L_grcl=  1.82  L_cov= 0.32  L_cons=0.000  L_tot=  1.92  diag=+0.989  mix=[cap:101/ref:112/nl:107]  β=0.055  α_t=0.055  (5649s)
step  6400  L_grcl=  1.80  L_cov= 0.31  L_cons=0.000  L_tot=  1.89  diag=+0.989  mix=[cap:103/ref:107/nl:110]  β=0.055  α_t=0.055  (5666s)
step  6420  L_grcl=  1.77  L_cov= 0.31  L_cons=0.000  L_tot=  1.86  diag=+0.988  mix=[cap:97/ref:111/nl:112]  β=0.055  α_t=0.055  (5683s)
step  6440  L_grcl=  1.77  L_cov= 0.32  L_cons=0.000  L_tot=  1.87  diag=+0.989  mix=[cap:102/ref:118/nl:100]  β=0.055  α_t=0.055  (5701s)
step  6460  L_grcl=  1.83  L_cov= 0.32  L_cons=0.000  L_tot=  1.93  diag=+0.988  mix=[cap:103/ref:117/nl:100]  β=0.055  α_t=0.055  (5718s)
step  6480  L_grcl=  1.80  L_cov= 0.32  L_cons=0.000  L_tot=  1.90  diag=+0.989  mix=[cap:109/ref:112/nl:99]  β=0.055  α_t=0.055  (5736s)
step  6500  L_grcl=  1.77  L_cov= 0.31  L_cons=0.000  L_tot=  1.86  diag=+0.988  mix=[cap:91/ref:124/nl:105]  β=0.055  α_t=0.055  (5753s)

  [eval @ step 6500] held-out test-A...
    cap-fig cos: +0.9939  (Δ +0.8792)
    R@1/5/10: 13.5% / 58.5% / 85.0%  (Δ +13.5 / +58.5 / +85.0)

step  6520  L_grcl=  1.72  L_cov= 0.30  L_cons=0.000  L_tot=  1.81  diag=+0.988  mix=[cap:98/ref:118/nl:104]  β=0.055  α_t=0.055  (5782s)
step  6540  L_grcl=  1.78  L_cov= 0.32  L_cons=0.000  L_tot=  1.87  diag=+0.990  mix=[cap:109/ref:111/nl:100]  β=0.055  α_t=0.056  (5799s)
step  6560  L_grcl=  1.76  L_cov= 0.30  L_cons=0.000  L_tot=  1.85  diag=+0.989  mix=[cap:115/ref:114/nl:91]  β=0.055  α_t=0.056  (5816s)
step  6580  L_grcl=  1.78  L_cov= 0.31  L_cons=0.000  L_tot=  1.87  diag=+0.989  mix=[cap:98/ref:115/nl:107]  β=0.055  α_t=0.056  (5833s)
step  6600  L_grcl=  1.77  L_cov= 0.31  L_cons=0.000  L_tot=  1.87  diag=+0.990  mix=[cap:112/ref:111/nl:97]  β=0.055  α_t=0.056  (5851s)
step  6620  L_grcl=  1.83  L_cov= 0.30  L_cons=0.000  L_tot=  1.92  diag=+0.990  mix=[cap:99/ref:107/nl:114]  β=0.055  α_t=0.056  (5868s)
step  6640  L_grcl=  1.79  L_cov= 0.32  L_cons=0.000  L_tot=  1.89  diag=+0.988  mix=[cap:103/ref:114/nl:103]  β=0.055  α_t=0.056  (5885s)
step  6660  L_grcl=  1.82  L_cov= 0.32  L_cons=0.000  L_tot=  1.92  diag=+0.990  mix=[cap:101/ref:107/nl:112]  β=0.055  α_t=0.056  (5903s)
step  6680  L_grcl=  1.80  L_cov= 0.32  L_cons=0.000  L_tot=  1.89  diag=+0.990  mix=[cap:88/ref:113/nl:119]  β=0.055  α_t=0.056  (5920s)
step  6700  L_grcl=  1.77  L_cov= 0.31  L_cons=0.000  L_tot=  1.87  diag=+0.987  mix=[cap:99/ref:114/nl:107]  β=0.056  α_t=0.056  (5937s)
step  6720  L_grcl=  1.75  L_cov= 0.30  L_cons=0.000  L_tot=  1.84  diag=+0.989  mix=[cap:101/ref:114/nl:105]  β=0.056  α_t=0.056  (5954s)
step  6740  L_grcl=  1.80  L_cov= 0.31  L_cons=0.000  L_tot=  1.90  diag=+0.987  mix=[cap:94/ref:112/nl:114]  β=0.056  α_t=0.056  (5972s)
step  6760  L_grcl=  1.79  L_cov= 0.32  L_cons=0.000  L_tot=  1.89  diag=+0.989  mix=[cap:110/ref:111/nl:99]  β=0.056  α_t=0.056  (5989s)
step  6780  L_grcl=  1.81  L_cov= 0.32  L_cons=0.000  L_tot=  1.90  diag=+0.989  mix=[cap:102/ref:120/nl:98]  β=0.056  α_t=0.056  (6006s)
step  6800  L_grcl=  1.77  L_cov= 0.32  L_cons=0.000  L_tot=  1.87  diag=+0.989  mix=[cap:110/ref:105/nl:105]  β=0.056  α_t=0.056  (6023s)
step  6820  L_grcl=  1.85  L_cov= 0.32  L_cons=0.000  L_tot=  1.94  diag=+0.988  mix=[cap:99/ref:109/nl:112]  β=0.056  α_t=0.056  (6041s)
step  6840  L_grcl=  1.79  L_cov= 0.31  L_cons=0.000  L_tot=  1.88  diag=+0.989  mix=[cap:109/ref:109/nl:102]  β=0.056  α_t=0.056  (6058s)
step  6860  L_grcl=  1.79  L_cov= 0.31  L_cons=0.000  L_tot=  1.88  diag=+0.987  mix=[cap:91/ref:114/nl:115]  β=0.056  α_t=0.056  (6075s)
step  6880  L_grcl=  1.76  L_cov= 0.30  L_cons=0.000  L_tot=  1.85  diag=+0.990  mix=[cap:111/ref:113/nl:96]  β=0.056  α_t=0.056  (6092s)
step  6900  L_grcl=  1.79  L_cov= 0.31  L_cons=0.000  L_tot=  1.88  diag=+0.989  mix=[cap:102/ref:99/nl:119]  β=0.056  α_t=0.056  (6109s)
step  6920  L_grcl=  1.78  L_cov= 0.30  L_cons=0.000  L_tot=  1.87  diag=+0.989  mix=[cap:119/ref:94/nl:107]  β=0.056  α_t=0.056  (6127s)
step  6940  L_grcl=  1.79  L_cov= 0.31  L_cons=0.000  L_tot=  1.89  diag=+0.990  mix=[cap:109/ref:119/nl:92]  β=0.056  α_t=0.056  (6144s)
step  6960  L_grcl=  1.75  L_cov= 0.30  L_cons=0.000  L_tot=  1.84  diag=+0.989  mix=[cap:116/ref:103/nl:101]  β=0.056  α_t=0.056  (6162s)
step  6980  L_grcl=  1.77  L_cov= 0.31  L_cons=0.000  L_tot=  1.86  diag=+0.989  mix=[cap:102/ref:111/nl:107]  β=0.056  α_t=0.056  (6179s)
step  7000  L_grcl=  1.78  L_cov= 0.31  L_cons=0.000  L_tot=  1.88  diag=+0.988  mix=[cap:110/ref:100/nl:110]  β=0.056  α_t=0.056  (6196s)

  [eval @ step 7000] held-out test-A...
    cap-fig cos: +0.9945  (Δ +0.8798)
    R@1/5/10: 18.0% / 67.5% / 87.5%  (Δ +18.0 / +67.5 / +87.5)

step  7020  L_grcl=  1.79  L_cov= 0.32  L_cons=0.000  L_tot=  1.88  diag=+0.989  mix=[cap:98/ref:110/nl:112]  β=0.056  α_t=0.056  (6225s)
step  7040  L_grcl=  1.74  L_cov= 0.30  L_cons=0.000  L_tot=  1.83  diag=+0.990  mix=[cap:111/ref:103/nl:106]  β=0.056  α_t=0.056  (6242s)
step  7060  L_grcl=  1.89  L_cov= 0.31  L_cons=0.000  L_tot=  1.98  diag=+0.988  mix=[cap:96/ref:112/nl:112]  β=0.056  α_t=0.056  (6260s)
step  7080  L_grcl=  1.79  L_cov= 0.32  L_cons=0.000  L_tot=  1.88  diag=+0.991  mix=[cap:108/ref:110/nl:102]  β=0.056  α_t=0.056  (6277s)
step  7100  L_grcl=  1.79  L_cov= 0.31  L_cons=0.000  L_tot=  1.88  diag=+0.988  mix=[cap:97/ref:103/nl:120]  β=0.056  α_t=0.056  (6294s)
step  7120  L_grcl=  1.76  L_cov= 0.31  L_cons=0.000  L_tot=  1.86  diag=+0.990  mix=[cap:100/ref:119/nl:101]  β=0.056  α_t=0.056  (6311s)
step  7140  L_grcl=  1.79  L_cov= 0.31  L_cons=0.000  L_tot=  1.89  diag=+0.988  mix=[cap:111/ref:100/nl:109]  β=0.056  α_t=0.056  (6329s)
step  7160  L_grcl=  1.79  L_cov= 0.30  L_cons=0.000  L_tot=  1.88  diag=+0.989  mix=[cap:108/ref:118/nl:94]  β=0.056  α_t=0.056  (6346s)
step  7180  L_grcl=  1.73  L_cov= 0.30  L_cons=0.000  L_tot=  1.82  diag=+0.989  mix=[cap:115/ref:104/nl:101]  β=0.056  α_t=0.056  (6363s)
step  7200  L_grcl=  1.77  L_cov= 0.31  L_cons=0.000  L_tot=  1.87  diag=+0.988  mix=[cap:105/ref:106/nl:109]  β=0.056  α_t=0.056  (6380s)
step  7220  L_grcl=  1.81  L_cov= 0.32  L_cons=0.000  L_tot=  1.91  diag=+0.989  mix=[cap:116/ref:100/nl:104]  β=0.056  α_t=0.056  (6398s)
step  7240  L_grcl=  1.76  L_cov= 0.31  L_cons=0.000  L_tot=  1.85  diag=+0.989  mix=[cap:114/ref:106/nl:100]  β=0.056  α_t=0.056  (6415s)
step  7260  L_grcl=  1.78  L_cov= 0.31  L_cons=0.000  L_tot=  1.87  diag=+0.988  mix=[cap:101/ref:101/nl:118]  β=0.056  α_t=0.056  (6432s)
step  7280  L_grcl=  1.71  L_cov= 0.31  L_cons=0.000  L_tot=  1.80  diag=+0.988  mix=[cap:117/ref:94/nl:109]  β=0.056  α_t=0.056  (6449s)
step  7300  L_grcl=  1.80  L_cov= 0.31  L_cons=0.000  L_tot=  1.89  diag=+0.989  mix=[cap:107/ref:120/nl:93]  β=0.057  α_t=0.056  (6467s)
step  7320  L_grcl=  1.81  L_cov= 0.31  L_cons=0.000  L_tot=  1.90  diag=+0.990  mix=[cap:106/ref:103/nl:111]  β=0.057  α_t=0.056  (6484s)
step  7340  L_grcl=  1.76  L_cov= 0.30  L_cons=0.000  L_tot=  1.85  diag=+0.988  mix=[cap:109/ref:110/nl:101]  β=0.057  α_t=0.056  (6502s)
step  7360  L_grcl=  1.79  L_cov= 0.31  L_cons=0.000  L_tot=  1.88  diag=+0.990  mix=[cap:104/ref:115/nl:101]  β=0.057  α_t=0.056  (6521s)
step  7380  L_grcl=  1.80  L_cov= 0.31  L_cons=0.000  L_tot=  1.90  diag=+0.989  mix=[cap:106/ref:104/nl:110]  β=0.057  α_t=0.056  (6538s)
step  7400  L_grcl=  1.78  L_cov= 0.32  L_cons=0.000  L_tot=  1.88  diag=+0.989  mix=[cap:99/ref:97/nl:124]  β=0.057  α_t=0.056  (6555s)
step  7420  L_grcl=  1.81  L_cov= 0.30  L_cons=0.000  L_tot=  1.90  diag=+0.987  mix=[cap:89/ref:114/nl:117]  β=0.057  α_t=0.056  (6572s)
step  7440  L_grcl=  1.75  L_cov= 0.30  L_cons=0.000  L_tot=  1.84  diag=+0.989  mix=[cap:116/ref:103/nl:101]  β=0.057  α_t=0.056  (6589s)
step  7460  L_grcl=  1.81  L_cov= 0.32  L_cons=0.000  L_tot=  1.91  diag=+0.989  mix=[cap:100/ref:108/nl:112]  β=0.057  α_t=0.056  (6606s)
step  7480  L_grcl=  1.72  L_cov= 0.30  L_cons=0.000  L_tot=  1.81  diag=+0.988  mix=[cap:110/ref:117/nl:93]  β=0.057  α_t=0.057  (6624s)
step  7500  L_grcl=  1.74  L_cov= 0.30  L_cons=0.000  L_tot=  1.83  diag=+0.987  mix=[cap:115/ref:111/nl:94]  β=0.057  α_t=0.057  (6641s)

  [eval @ step 7500] held-out test-A...
    cap-fig cos: +0.9938  (Δ +0.8791)
    R@1/5/10: 15.0% / 60.0% / 85.5%  (Δ +15.0 / +60.0 / +85.5)

step  7520  L_grcl=  1.76  L_cov= 0.29  L_cons=0.000  L_tot=  1.84  diag=+0.989  mix=[cap:113/ref:102/nl:105]  β=0.057  α_t=0.057  (6670s)
step  7540  L_grcl=  1.80  L_cov= 0.31  L_cons=0.000  L_tot=  1.90  diag=+0.990  mix=[cap:120/ref:110/nl:90]  β=0.057  α_t=0.057  (6688s)
step  7560  L_grcl=  1.81  L_cov= 0.31  L_cons=0.000  L_tot=  1.90  diag=+0.988  mix=[cap:101/ref:115/nl:104]  β=0.057  α_t=0.057  (6705s)
step  7580  L_grcl=  1.78  L_cov= 0.32  L_cons=0.000  L_tot=  1.87  diag=+0.989  mix=[cap:114/ref:102/nl:104]  β=0.057  α_t=0.057  (6723s)
step  7600  L_grcl=  1.77  L_cov= 0.31  L_cons=0.000  L_tot=  1.86  diag=+0.988  mix=[cap:108/ref:103/nl:109]  β=0.057  α_t=0.057  (6740s)
step  7620  L_grcl=  1.75  L_cov= 0.30  L_cons=0.000  L_tot=  1.84  diag=+0.989  mix=[cap:117/ref:97/nl:106]  β=0.057  α_t=0.057  (6757s)
step  7640  L_grcl=  1.77  L_cov= 0.32  L_cons=0.000  L_tot=  1.86  diag=+0.989  mix=[cap:104/ref:107/nl:109]  β=0.057  α_t=0.057  (6775s)
step  7660  L_grcl=  1.78  L_cov= 0.31  L_cons=0.000  L_tot=  1.87  diag=+0.989  mix=[cap:107/ref:109/nl:104]  β=0.057  α_t=0.057  (6792s)
step  7680  L_grcl=  1.83  L_cov= 0.31  L_cons=0.000  L_tot=  1.92  diag=+0.989  mix=[cap:97/ref:106/nl:117]  β=0.057  α_t=0.057  (6809s)
step  7700  L_grcl=  1.79  L_cov= 0.31  L_cons=0.000  L_tot=  1.88  diag=+0.991  mix=[cap:122/ref:112/nl:86]  β=0.057  α_t=0.057  (6827s)
step  7720  L_grcl=  1.78  L_cov= 0.30  L_cons=0.000  L_tot=  1.87  diag=+0.989  mix=[cap:93/ref:101/nl:126]  β=0.057  α_t=0.057  (6844s)
step  7740  L_grcl=  1.81  L_cov= 0.31  L_cons=0.000  L_tot=  1.90  diag=+0.988  mix=[cap:99/ref:111/nl:110]  β=0.057  α_t=0.057  (6861s)
step  7760  L_grcl=  1.73  L_cov= 0.32  L_cons=0.000  L_tot=  1.83  diag=+0.989  mix=[cap:111/ref:103/nl:106]  β=0.057  α_t=0.057  (6878s)
step  7780  L_grcl=  1.74  L_cov= 0.31  L_cons=0.000  L_tot=  1.84  diag=+0.989  mix=[cap:130/ref:93/nl:97]  β=0.057  α_t=0.057  (6896s)
step  7800  L_grcl=  1.74  L_cov= 0.30  L_cons=0.000  L_tot=  1.83  diag=+0.988  mix=[cap:118/ref:113/nl:89]  β=0.057  α_t=0.057  (6914s)
step  7820  L_grcl=  1.80  L_cov= 0.32  L_cons=0.000  L_tot=  1.89  diag=+0.988  mix=[cap:100/ref:109/nl:111]  β=0.057  α_t=0.057  (6931s)
step  7840  L_grcl=  1.73  L_cov= 0.29  L_cons=0.000  L_tot=  1.81  diag=+0.989  mix=[cap:125/ref:97/nl:98]  β=0.057  α_t=0.057  (6948s)
step  7860  L_grcl=  1.77  L_cov= 0.30  L_cons=0.000  L_tot=  1.86  diag=+0.988  mix=[cap:108/ref:110/nl:102]  β=0.057  α_t=0.057  (6965s)
step  7880  L_grcl=  1.73  L_cov= 0.29  L_cons=0.000  L_tot=  1.81  diag=+0.988  mix=[cap:108/ref:105/nl:107]  β=0.058  α_t=0.057  (6983s)
step  7900  L_grcl=  1.77  L_cov= 0.31  L_cons=0.000  L_tot=  1.86  diag=+0.989  mix=[cap:109/ref:105/nl:106]  β=0.058  α_t=0.057  (7000s)
step  7920  L_grcl=  1.79  L_cov= 0.31  L_cons=0.000  L_tot=  1.88  diag=+0.989  mix=[cap:107/ref:119/nl:94]  β=0.058  α_t=0.057  (7017s)
step  7940  L_grcl=  1.76  L_cov= 0.30  L_cons=0.000  L_tot=  1.85  diag=+0.988  mix=[cap:103/ref:104/nl:113]  β=0.058  α_t=0.057  (7034s)
step  7960  L_grcl=  1.78  L_cov= 0.31  L_cons=0.000  L_tot=  1.87  diag=+0.987  mix=[cap:100/ref:116/nl:104]  β=0.058  α_t=0.057  (7052s)
step  7980  L_grcl=  1.78  L_cov= 0.31  L_cons=0.000  L_tot=  1.87  diag=+0.987  mix=[cap:102/ref:121/nl:97]  β=0.058  α_t=0.057  (7069s)
step  8000  L_grcl=  1.79  L_cov= 0.30  L_cons=0.000  L_tot=  1.88  diag=+0.987  mix=[cap:100/ref:113/nl:107]  β=0.058  α_t=0.057  (7087s)

  [eval @ step 8000] held-out test-A...
    cap-fig cos: +0.9943  (Δ +0.8796)
    R@1/5/10: 18.0% / 64.5% / 87.0%  (Δ +18.0 / +64.5 / +87.0)


[final] test-A:
  cap-fig cos: +0.9943  (init +0.1147, Δ +0.8796)
  R@1/5/10: 18.0% / 64.5% / 87.0%
  init R@1/5/10: 0.0% / 0.0% / 0.0%

saved → /home/work/dl/dl_project/eval/results/experiments/cons_10_cons_10/train.json
[main1:129508:0:129508] Caught signal 11 (Segmentation fault: address not mapped to object at address 0x7f828f9adec0)
==== backtrace (tid: 129508) ====
 0  /opt/hpcx/ucx/lib/libucs.so.0(ucs_handle_error+0x2e4) [0x7f827dd06774]
 1  /opt/hpcx/ucx/lib/libucs.so.0(+0x3796a) [0x7f827dd0696a]
 2  /opt/hpcx/ucx/lib/libucs.so.0(+0x37ba8) [0x7f827dd06ba8]
 3  /usr/lib/x86_64-linux-gnu/libc.so.6(+0x45330) [0x7f828fc33330]
 4  /usr/lib/x86_64-linux-gnu/libnvidia-ml.so.575.51.03(+0x336c1) [0x7f82892336c1]
 5  /usr/lib/x86_64-linux-gnu/libnvidia-ml.so.575.51.03(nvmlShutdown+0xe) [0x7f828921cfae]
 6  /opt/kernel/libcudahook.ubuntu18.04.x86_64.so(+0xc3caf) [0x7f828fec3caf]
 7  /opt/kernel/libcudahook.ubuntu18.04.x86_64.so(+0xc3d48) [0x7f828fec3d48]
 8  /opt/kernel/libcudahook.ubuntu18.04.x86_64.so(+0xc3a2d) [0x7f828fec3a2d]
 9  /lib64/ld-linux-x86-64.so.2(+0x10f2) [0x7f82909e50f2]
10  /lib64/ld-linux-x86-64.so.2(+0x5578) [0x7f82909e9578]
11  /usr/lib/x86_64-linux-gnu/libc.so.6(+0x47a76) [0x7f828fc35a76]
12  /usr/lib/x86_64-linux-gnu/libc.so.6(+0x47bbe) [0x7f828fc35bbe]
13  /usr/lib/x86_64-linux-gnu/libc.so.6(+0x2a1d1) [0x7f828fc181d1]
14  /usr/lib/x86_64-linux-gnu/libc.so.6(__libc_start_main+0x8b) [0x7f828fc1828b]
15  /usr/bin/python(_start+0x25) [0x657ce5]
=================================
  training exited with code -11 but train.json + ckpt look complete — treating as success
  training done in 121.7 min

--- Evaluation ---
$ /usr/bin/python -m pipeline.eval_full --out /home/work/dl/dl_project/eval/results/experiments/cons_10_cons_10/eval.json --device cuda --ckpt ckpt/cons_10_cons_10.pt --lora_rank 8 --lora_alpha 16 --hf_id google/siglip2-base-patch16-224 --gpe_facets type,role,depth,pos --datasets spiqa_testA sciegqa mmdocir
device: cuda
[ElementTokenEncoder] loading google/siglip2-base-patch16-224
Using a slow image processor as `use_fast` is unset and a slow processor was saved with this model. `use_fast=True` will be the default behavior in v4.52, even if the model was saved with a slow processor. This will result in minor differences in outputs. You'll still be able to use a slow processor with `use_fast=False`.
[ElementTokenEncoder] LoRA r=8 α=16 targets=['q_proj', 'k_proj', 'v_proj', 'out_proj'] applied (d_text=768, d_vision=768, cls=False)
trainable params: 1,191,936 || all params: 376,379,906 || trainable%: 0.3167
[eval_full] loaded checkpoint: ckpt/cons_10_cons_10.pt

[eval] SPIQA test-A
  graph: 118 docs, elements: 9039, queries: 666
  [5/118 docs, 26/666 queries] 2s
  [10/118 docs, 59/666 queries] 5s
  [15/118 docs, 82/666 queries] 7s
  [20/118 docs, 105/666 queries] 9s
  [25/118 docs, 132/666 queries] 11s
  [30/118 docs, 161/666 queries] 13s
  [35/118 docs, 181/666 queries] 15s
  [40/118 docs, 217/666 queries] 18s
  [45/118 docs, 242/666 queries] 20s
  [50/118 docs, 269/666 queries] 22s
  [55/118 docs, 285/666 queries] 24s
  [60/118 docs, 313/666 queries] 26s
  [65/118 docs, 352/666 queries] 29s
  [70/118 docs, 396/666 queries] 32s
  [75/118 docs, 445/666 queries] 36s
  [80/118 docs, 481/666 queries] 39s
  [85/118 docs, 514/666 queries] 42s
  [90/118 docs, 535/666 queries] 43s
  [95/118 docs, 560/666 queries] 45s
  [100/118 docs, 590/666 queries] 48s
  [105/118 docs, 616/666 queries] 50s
  [110/118 docs, 640/666 queries] 52s
  [115/118 docs, 663/666 queries] 54s
  done in 55s

[eval] SciEGQA
  graph: 80 docs, elements: 29412, queries: 1623
  [5/80 docs, 108/1623 queries] 11s
  [10/80 docs, 218/1623 queries] 25s
  [15/80 docs, 325/1623 queries] 37s
  [20/80 docs, 427/1623 queries] 60s
  [25/80 docs, 532/1623 queries] 72s
  [30/80 docs, 630/1623 queries] 89s
  [35/80 docs, 733/1623 queries] 105s
  [40/80 docs, 818/1623 queries] 113s
  [45/80 docs, 927/1623 queries] 126s
  [50/80 docs, 1031/1623 queries] 137s
  [55/80 docs, 1102/1623 queries] 148s
  [60/80 docs, 1207/1623 queries] 159s
  [65/80 docs, 1314/1623 queries] 177s
  [70/80 docs, 1423/1623 queries] 195s
  [75/80 docs, 1513/1623 queries] 204s
  [80/80 docs, 1623/1623 queries] 221s
  done in 221s

[eval] MMDocIR
  graph: 75 docs, elements: 15032, queries: 389
  [5/75 docs, 31/389 queries] 5s
  [10/75 docs, 58/389 queries] 8s
  [15/75 docs, 87/389 queries] 14s
  [20/75 docs, 116/389 queries] 17s
  [25/75 docs, 137/389 queries] 20s
  [30/75 docs, 162/389 queries] 22s
  [35/75 docs, 187/389 queries] 24s
  [40/75 docs, 212/389 queries] 26s
  [45/75 docs, 243/389 queries] 28s
  [50/75 docs, 267/389 queries] 30s
  [55/75 docs, 288/389 queries] 31s
  [60/75 docs, 306/389 queries] 33s
  [65/75 docs, 332/389 queries] 35s
  [70/75 docs, 364/389 queries] 38s
  [75/75 docs, 389/389 queries] 40s
  done in 40s

saved → /home/work/dl/dl_project/eval/results/experiments/cons_10_cons_10/eval.json

=== Summary ===

SPIQA test-A:
  [no_prop] mrr=0.3532  recall@10=0.8604  hit@10=0.8604  coverage@10=0.8604  perfect@10=0.8604
  [uniform_a01_T2] mrr=0.2766  recall@10=0.6997  hit@10=0.6997  coverage@10=0.6997  perfect@10=0.6997
  [uniform_a03_T1] mrr=0.2777  recall@10=0.7222  hit@10=0.7222  coverage@10=0.7222  perfect@10=0.7222
  [uniform_a03_T2] mrr=0.2750  recall@10=0.6592  hit@10=0.6592  coverage@10=0.6592  perfect@10=0.6592
  [uniform_a03_T3] mrr=0.2838  recall@10=0.6622  hit@10=0.6622  coverage@10=0.6622  perfect@10=0.6622
  [uniform_a05_T2] mrr=0.2803  recall@10=0.6517  hit@10=0.6517  coverage@10=0.6517  perfect@10=0.6517
  [wbase_a03_T2] mrr=0.2967  recall@10=0.7027  hit@10=0.7027  coverage@10=0.7027  perfect@10=0.7027
  [wbase_role_a03_T2] mrr=0.2967  recall@10=0.7027  hit@10=0.7027  coverage@10=0.7027  perfect@10=0.7027
  [wbase_vis_a03_T2] mrr=0.2971  recall@10=0.7027  hit@10=0.7027  coverage@10=0.7027  perfect@10=0.7027
  [wfull_a03_T2] mrr=0.2971  recall@10=0.7027  hit@10=0.7027  coverage@10=0.7027  perfect@10=0.7027
  [wfull_a01_T2] mrr=0.3022  recall@10=0.7387  hit@10=0.7387  coverage@10=0.7387  perfect@10=0.7387
  [wfull_a05_T2] mrr=0.3052  recall@10=0.6802  hit@10=0.6802  coverage@10=0.6802  perfect@10=0.6802
  [wfull_a07_T2] mrr=0.2808  recall@10=0.6486  hit@10=0.6486  coverage@10=0.6486  perfect@10=0.6486
  [wfull_a03_T1] mrr=0.3088  recall@10=0.7763  hit@10=0.7763  coverage@10=0.7763  perfect@10=0.7763
  [wfull_a03_T3] mrr=0.3017  recall@10=0.6892  hit@10=0.6892  coverage@10=0.6892  perfect@10=0.6892
  [ppr_a015] mrr=0.2808  recall@10=0.6291  hit@10=0.6291  coverage@10=0.6291  perfect@10=0.6291
  [ppr_a030] mrr=0.2953  recall@10=0.6502  hit@10=0.6502  coverage@10=0.6502  perfect@10=0.6502
  [ppr_a050] mrr=0.3104  recall@10=0.6892  hit@10=0.6892  coverage@10=0.6892  perfect@10=0.6892
  [ppr_a070] mrr=0.3032  recall@10=0.7192  hit@10=0.7192  coverage@10=0.7192  perfect@10=0.7192
  [ppr_a085] mrr=0.3013  recall@10=0.7342  hit@10=0.7342  coverage@10=0.7342  perfect@10=0.7342
  [ppr_unif_a030] mrr=0.2909  recall@10=0.6411  hit@10=0.6411  coverage@10=0.6411  perfect@10=0.6411
  [ppr_unif_a050] mrr=0.2916  recall@10=0.6802  hit@10=0.6802  coverage@10=0.6802  perfect@10=0.6802
  [prop_a03_T2] mrr=0.2971  recall@10=0.7027  hit@10=0.7027  coverage@10=0.7027  perfect@10=0.7027
  [prop_a01_T2] mrr=0.3022  recall@10=0.7387  hit@10=0.7387  coverage@10=0.7387  perfect@10=0.7387
  [prop_a05_T2] mrr=0.3052  recall@10=0.6802  hit@10=0.6802  coverage@10=0.6802  perfect@10=0.6802
  [prop_a07_T2] mrr=0.2808  recall@10=0.6486  hit@10=0.6486  coverage@10=0.6486  perfect@10=0.6486
  [prop_a03_T1] mrr=0.3088  recall@10=0.7763  hit@10=0.7763  coverage@10=0.7763  perfect@10=0.7763
  [prop_a03_T3] mrr=0.3017  recall@10=0.6892  hit@10=0.6892  coverage@10=0.6892  perfect@10=0.6892

SciEGQA:
  [no_prop] mrr=0.0338  recall@10=0.0106  hit@10=0.0690  coverage@10=0.0106  perfect@10=0.0099  cross_page_hit=0.2342
  [uniform_a01_T2] mrr=0.0339  recall@10=0.0116  hit@10=0.0616  coverage@10=0.0116  perfect@10=0.0105  cross_page_hit=0.1677
  [uniform_a03_T1] mrr=0.0348  recall@10=0.0125  hit@10=0.0641  coverage@10=0.0125  perfect@10=0.0111  cross_page_hit=0.1709
  [uniform_a03_T2] mrr=0.0340  recall@10=0.0124  hit@10=0.0616  coverage@10=0.0124  perfect@10=0.0111  cross_page_hit=0.1582
  [uniform_a03_T3] mrr=0.0338  recall@10=0.0122  hit@10=0.0598  coverage@10=0.0122  perfect@10=0.0111  cross_page_hit=0.1551
  [uniform_a05_T2] mrr=0.0337  recall@10=0.0122  hit@10=0.0610  coverage@10=0.0122  perfect@10=0.0111  cross_page_hit=0.1519
  [wbase_a03_T2] mrr=0.0349  recall@10=0.0129  hit@10=0.0628  coverage@10=0.0129  perfect@10=0.0111  cross_page_hit=0.1551
  [wbase_role_a03_T2] mrr=0.0349  recall@10=0.0129  hit@10=0.0628  coverage@10=0.0129  perfect@10=0.0111  cross_page_hit=0.1551
  [wbase_vis_a03_T2] mrr=0.0349  recall@10=0.0129  hit@10=0.0628  coverage@10=0.0129  perfect@10=0.0111  cross_page_hit=0.1551
  [wfull_a03_T2] mrr=0.0349  recall@10=0.0129  hit@10=0.0628  coverage@10=0.0129  perfect@10=0.0111  cross_page_hit=0.1551
  [wfull_a01_T2] mrr=0.0347  recall@10=0.0118  hit@10=0.0622  coverage@10=0.0118  perfect@10=0.0105  cross_page_hit=0.1646
  [wfull_a05_T2] mrr=0.0346  recall@10=0.0131  hit@10=0.0635  coverage@10=0.0131  perfect@10=0.0111  cross_page_hit=0.1487
  [wfull_a07_T2] mrr=0.0367  recall@10=0.0132  hit@10=0.0635  coverage@10=0.0132  perfect@10=0.0111  cross_page_hit=0.1582
  [wfull_a03_T1] mrr=0.0354  recall@10=0.0127  hit@10=0.0641  coverage@10=0.0127  perfect@10=0.0111  cross_page_hit=0.1709
  [wfull_a03_T3] mrr=0.0345  recall@10=0.0131  hit@10=0.0622  coverage@10=0.0131  perfect@10=0.0111  cross_page_hit=0.1519
  [ppr_a015] mrr=0.0359  recall@10=0.0139  hit@10=0.0622  coverage@10=0.0139  perfect@10=0.0111  cross_page_hit=0.1582
  [ppr_a030] mrr=0.0359  recall@10=0.0136  hit@10=0.0616  coverage@10=0.0136  perfect@10=0.0111  cross_page_hit=0.1582
  [ppr_a050] mrr=0.0357  recall@10=0.0138  hit@10=0.0628  coverage@10=0.0138  perfect@10=0.0111  cross_page_hit=0.1582
  [ppr_a070] mrr=0.0350  recall@10=0.0128  hit@10=0.0616  coverage@10=0.0128  perfect@10=0.0111  cross_page_hit=0.1614
  [ppr_a085] mrr=0.0344  recall@10=0.0121  hit@10=0.0628  coverage@10=0.0121  perfect@10=0.0105  cross_page_hit=0.1646
  [ppr_unif_a030] mrr=0.0341  recall@10=0.0127  hit@10=0.0591  coverage@10=0.0127  perfect@10=0.0111  cross_page_hit=0.1582
  [ppr_unif_a050] mrr=0.0348  recall@10=0.0129  hit@10=0.0604  coverage@10=0.0129  perfect@10=0.0111  cross_page_hit=0.1614
  [prop_a03_T2] mrr=0.0349  recall@10=0.0129  hit@10=0.0628  coverage@10=0.0129  perfect@10=0.0111  cross_page_hit=0.1551
  [prop_a01_T2] mrr=0.0347  recall@10=0.0118  hit@10=0.0622  coverage@10=0.0118  perfect@10=0.0105  cross_page_hit=0.1646
  [prop_a05_T2] mrr=0.0346  recall@10=0.0131  hit@10=0.0635  coverage@10=0.0131  perfect@10=0.0111  cross_page_hit=0.1487
  [prop_a07_T2] mrr=0.0367  recall@10=0.0132  hit@10=0.0635  coverage@10=0.0132  perfect@10=0.0111  cross_page_hit=0.1582
  [prop_a03_T1] mrr=0.0354  recall@10=0.0127  hit@10=0.0641  coverage@10=0.0127  perfect@10=0.0111  cross_page_hit=0.1709
  [prop_a03_T3] mrr=0.0345  recall@10=0.0131  hit@10=0.0622  coverage@10=0.0131  perfect@10=0.0111  cross_page_hit=0.1519

MMDocIR:
  [no_prop] mrr=0.0292  recall@10=0.0236  hit@10=0.0386  coverage@10=0.0236  perfect@10=0.0257  cross_page_hit=0.1695
  [uniform_a01_T2] mrr=0.0261  recall@10=0.0307  hit@10=0.0463  coverage@10=0.0307  perfect@10=0.0308  cross_page_hit=0.0339
  [uniform_a03_T1] mrr=0.0264  recall@10=0.0332  hit@10=0.0488  coverage@10=0.0332  perfect@10=0.0334  cross_page_hit=0.0339
  [uniform_a03_T2] mrr=0.0267  recall@10=0.0320  hit@10=0.0463  coverage@10=0.0320  perfect@10=0.0334  cross_page_hit=0.0339
  [uniform_a03_T3] mrr=0.0269  recall@10=0.0320  hit@10=0.0463  coverage@10=0.0320  perfect@10=0.0334  cross_page_hit=0.0339
  [uniform_a05_T2] mrr=0.0269  recall@10=0.0320  hit@10=0.0463  coverage@10=0.0320  perfect@10=0.0334  cross_page_hit=0.0339
  [wbase_a03_T2] mrr=0.0267  recall@10=0.0320  hit@10=0.0463  coverage@10=0.0320  perfect@10=0.0334  cross_page_hit=0.0339
  [wbase_role_a03_T2] mrr=0.0267  recall@10=0.0320  hit@10=0.0463  coverage@10=0.0320  perfect@10=0.0334  cross_page_hit=0.0339
  [wbase_vis_a03_T2] mrr=0.0267  recall@10=0.0320  hit@10=0.0463  coverage@10=0.0320  perfect@10=0.0334  cross_page_hit=0.0339
  [wfull_a03_T2] mrr=0.0267  recall@10=0.0320  hit@10=0.0463  coverage@10=0.0320  perfect@10=0.0334  cross_page_hit=0.0339
  [wfull_a01_T2] mrr=0.0261  recall@10=0.0307  hit@10=0.0463  coverage@10=0.0307  perfect@10=0.0308  cross_page_hit=0.0339
  [wfull_a05_T2] mrr=0.0269  recall@10=0.0320  hit@10=0.0463  coverage@10=0.0320  perfect@10=0.0334  cross_page_hit=0.0339
  [wfull_a07_T2] mrr=0.0276  recall@10=0.0358  hit@10=0.0488  coverage@10=0.0358  perfect@10=0.0386  cross_page_hit=0.0339
  [wfull_a03_T1] mrr=0.0264  recall@10=0.0332  hit@10=0.0488  coverage@10=0.0332  perfect@10=0.0334  cross_page_hit=0.0339
  [wfull_a03_T3] mrr=0.0269  recall@10=0.0320  hit@10=0.0463  coverage@10=0.0320  perfect@10=0.0334  cross_page_hit=0.0339
  [ppr_a015] mrr=0.0270  recall@10=0.0320  hit@10=0.0463  coverage@10=0.0320  perfect@10=0.0334  cross_page_hit=0.0339
  [ppr_a030] mrr=0.0267  recall@10=0.0320  hit@10=0.0463  coverage@10=0.0320  perfect@10=0.0334  cross_page_hit=0.0339
  [ppr_a050] mrr=0.0263  recall@10=0.0320  hit@10=0.0463  coverage@10=0.0320  perfect@10=0.0334  cross_page_hit=0.0339
  [ppr_a070] mrr=0.0259  recall@10=0.0320  hit@10=0.0463  coverage@10=0.0320  perfect@10=0.0334  cross_page_hit=0.0339
  [ppr_a085] mrr=0.0260  recall@10=0.0307  hit@10=0.0463  coverage@10=0.0307  perfect@10=0.0308  cross_page_hit=0.0339
  [ppr_unif_a030] mrr=0.0267  recall@10=0.0320  hit@10=0.0463  coverage@10=0.0320  perfect@10=0.0334  cross_page_hit=0.0339
  [ppr_unif_a050] mrr=0.0263  recall@10=0.0320  hit@10=0.0463  coverage@10=0.0320  perfect@10=0.0334  cross_page_hit=0.0339
  [prop_a03_T2] mrr=0.0267  recall@10=0.0320  hit@10=0.0463  coverage@10=0.0320  perfect@10=0.0334  cross_page_hit=0.0339
  [prop_a01_T2] mrr=0.0261  recall@10=0.0307  hit@10=0.0463  coverage@10=0.0307  perfect@10=0.0308  cross_page_hit=0.0339
  [prop_a05_T2] mrr=0.0269  recall@10=0.0320  hit@10=0.0463  coverage@10=0.0320  perfect@10=0.0334  cross_page_hit=0.0339
  [prop_a07_T2] mrr=0.0276  recall@10=0.0358  hit@10=0.0488  coverage@10=0.0358  perfect@10=0.0386  cross_page_hit=0.0339
  [prop_a03_T1] mrr=0.0264  recall@10=0.0332  hit@10=0.0488  coverage@10=0.0332  perfect@10=0.0334  cross_page_hit=0.0339
  [prop_a03_T3] mrr=0.0269  recall@10=0.0320  hit@10=0.0463  coverage@10=0.0320  perfect@10=0.0334  cross_page_hit=0.0339
[main1:129762:0:129762] Caught signal 11 (Segmentation fault: address not mapped to object at address 0x7fcc055adec0)
==== backtrace (tid: 129762) ====
 0  /opt/hpcx/ucx/lib/libucs.so.0(ucs_handle_error+0x2e4) [0x7fcbf3906774]
 1  /opt/hpcx/ucx/lib/libucs.so.0(+0x3796a) [0x7fcbf390696a]
 2  /opt/hpcx/ucx/lib/libucs.so.0(+0x37ba8) [0x7fcbf3906ba8]
 3  /usr/lib/x86_64-linux-gnu/libc.so.6(+0x45330) [0x7fcc05833330]
 4  /usr/lib/x86_64-linux-gnu/libnvidia-ml.so.575.51.03(+0x336c1) [0x7fcbfee336c1]
 5  /usr/lib/x86_64-linux-gnu/libnvidia-ml.so.575.51.03(nvmlShutdown+0xe) [0x7fcbfee1cfae]
 6  /opt/kernel/libcudahook.ubuntu18.04.x86_64.so(+0xc3caf) [0x7fcc05ac3caf]
 7  /opt/kernel/libcudahook.ubuntu18.04.x86_64.so(+0xc3d48) [0x7fcc05ac3d48]
 8  /opt/kernel/libcudahook.ubuntu18.04.x86_64.so(+0xc3a2d) [0x7fcc05ac3a2d]
 9  /lib64/ld-linux-x86-64.so.2(+0x10f2) [0x7fcc066450f2]
10  /lib64/ld-linux-x86-64.so.2(+0x5578) [0x7fcc06649578]
11  /usr/lib/x86_64-linux-gnu/libc.so.6(+0x47a76) [0x7fcc05835a76]
12  /usr/lib/x86_64-linux-gnu/libc.so.6(+0x47bbe) [0x7fcc05835bbe]
13  /usr/lib/x86_64-linux-gnu/libc.so.6(+0x2a1d1) [0x7fcc058181d1]
14  /usr/lib/x86_64-linux-gnu/libc.so.6(__libc_start_main+0x8b) [0x7fcc0581828b]
15  /usr/bin/python(_start+0x25) [0x657ce5]
=================================
  eval exited with code -11 but eval.json looks complete — treating as success
  eval done in 5.6 min

=== Experiment cons_10 complete → /home/work/dl/dl_project/eval/results/experiments/cons_10_cons_10/summary.json ===
