=== Experiment row cons_01: cons_01 ===
  description: (h) with λ_cons=0.1
  output dir:  /home/work/dl/dl_project/eval/results/experiments/cons_01_cons_01
  checkpoint:  ckpt/cons_01_cons_01.pt

--- Training ---
$ /usr/bin/python -m pipeline.trainer --config cons_01 --out /home/work/dl/dl_project/eval/results/experiments/cons_01_cons_01/train.json --save_ckpt ckpt/cons_01_cons_01.pt
device: cuda
args: {'config': 'cons_01', 'train_sample': 0, 'steps': 8000, 'batch': 16, 'pool': 12, 'lr': 3e-05, 'lora_rank': 8, 'tau': 0.07, 'lambda_cov': 0.3, 'lambda_cons': 0.1, 'use_gpe': 1, 'loss_type': 'grcl', 'infonce_threshold': 0.5, 'anchor_kind': 'mixed', 'warmup_steps': 200, 'weight_decay': 0.01, 'eval_every': 500, 'eval_cf_pairs': 200, 'eval_recall_n': 200, 'seed': 42, 'out': '/home/work/dl/dl_project/eval/results/experiments/cons_01_cons_01/train.json', 'save_ckpt': 'ckpt/cons_01_cons_01.pt', 'gamma': 0.5, 'gpe_facets': 'type,role,depth,pos', 'lora_alpha': 16, 'hf_id': 'google/siglip2-base-patch16-224', 'edge_types_only': None, 'query_pe_dropout': 0.5, 'section_role_mode': 'normal', 'tokens_per_visual': 0}

[1/3] loading SPIQA test-A (held-out eval)...
  loading element_graph_v2.json
    118 papers kept
  loading elements_v2.jsonl
    9,039 element records kept
  loading SPIQA_testA.json
    666 QA pairs kept
    caption_of: 1,115  refer_to: 1,191  (skipped 0 due to missing image)

[2/3] loading SPIQA train (sample N=0)...
  loading element_graph_v2.json
    25,459 papers kept
  loading elements_v2.jsonl
    1,873,124 element records kept
  loading SPIQA_train.json
    262,524 QA pairs kept
    caption_of: 262,524  refer_to: 231,101  (skipped 0 due to missing image)

[3/3] building encoder...
[ElementTokenEncoder] loading google/siglip2-base-patch16-224
Using a slow image processor as `use_fast` is unset and a slow processor was saved with this model. `use_fast=True` will be the default behavior in v4.52, even if the model was saved with a slow processor. This will result in minor differences in outputs. You'll still be able to use a slow processor with `use_fast=False`.
[ElementTokenEncoder] LoRA r=8 α=16 targets=['q_proj', 'k_proj', 'v_proj', 'out_proj'] applied (d_text=768, d_vision=768, cls=False)
trainable params: 1,191,936 || all params: 376,379,906 || trainable%: 0.3167

[eval 0] held-out test-A baseline...
  caption-figure cos: +0.1147
  Recall@1/5/10 (n=200): 0.0% / 0.0% / 0.0%
/home/work/dl/dl_project/pipeline/graph_pe.py:112: UserWarning: Converting a tensor with requires_grad=True to a scalar may lead to unexpected behavior.
Consider using tensor.detach() first. (Triggered internally at /opt/pytorch/pytorch/aten/src/ATen/native/Scalar.cpp:22.)
  "type": torch.sigmoid(self.raw_alpha_type).item(),
step    20  L_grcl=191.78  L_cov=55.49  L_cons=0.000  L_tot=208.43  diag=+0.116  mix=[cap:104/ref:110/nl:106]  β=0.047  α_t=0.047  (17s)
step    40  L_grcl=189.57  L_cov=55.08  L_cons=0.000  L_tot=206.09  diag=+0.136  mix=[cap:120/ref:109/nl:91]  β=0.047  α_t=0.047  (35s)
step    60  L_grcl=171.83  L_cov=50.24  L_cons=0.000  L_tot=186.90  diag=+0.177  mix=[cap:85/ref:117/nl:118]  β=0.047  α_t=0.047  (52s)
step    80  L_grcl=166.20  L_cov=45.29  L_cons=0.000  L_tot=179.79  diag=+0.242  mix=[cap:105/ref:113/nl:102]  β=0.047  α_t=0.047  (70s)
step   100  L_grcl=142.04  L_cov=39.57  L_cons=0.000  L_tot=153.91  diag=+0.347  mix=[cap:108/ref:109/nl:103]  β=0.047  α_t=0.047  (87s)
step   120  L_grcl=124.41  L_cov=31.02  L_cons=0.000  L_tot=133.72  diag=+0.467  mix=[cap:117/ref:113/nl:90]  β=0.047  α_t=0.047  (104s)
step   140  L_grcl= 87.46  L_cov=20.07  L_cons=0.000  L_tot= 93.48  diag=+0.571  mix=[cap:99/ref:118/nl:103]  β=0.047  α_t=0.047  (121s)
step   160  L_grcl= 63.39  L_cov=11.61  L_cons=0.001  L_tot= 66.88  diag=+0.652  mix=[cap:106/ref:117/nl:97]  β=0.047  α_t=0.047  (138s)
step   180  L_grcl= 46.26  L_cov= 6.00  L_cons=0.001  L_tot= 48.06  diag=+0.694  mix=[cap:107/ref:99/nl:114]  β=0.047  α_t=0.047  (155s)
step   200  L_grcl= 33.52  L_cov= 3.17  L_cons=0.001  L_tot= 34.47  diag=+0.754  mix=[cap:112/ref:109/nl:99]  β=0.047  α_t=0.047  (171s)
step   220  L_grcl= 21.85  L_cov= 0.87  L_cons=0.001  L_tot= 22.11  diag=+0.810  mix=[cap:129/ref:113/nl:78]  β=0.047  α_t=0.047  (189s)
step   240  L_grcl= 13.53  L_cov= 0.20  L_cons=0.001  L_tot= 13.59  diag=+0.853  mix=[cap:124/ref:109/nl:87]  β=0.047  α_t=0.047  (206s)
step   260  L_grcl=  9.81  L_cov= 0.16  L_cons=0.001  L_tot=  9.86  diag=+0.894  mix=[cap:106/ref:114/nl:100]  β=0.047  α_t=0.047  (223s)
step   280  L_grcl=  7.49  L_cov= 0.15  L_cons=0.001  L_tot=  7.54  diag=+0.924  mix=[cap:96/ref:129/nl:95]  β=0.047  α_t=0.047  (239s)
step   300  L_grcl=  4.63  L_cov= 0.21  L_cons=0.000  L_tot=  4.70  diag=+0.942  mix=[cap:116/ref:99/nl:105]  β=0.047  α_t=0.047  (257s)
step   320  L_grcl=  3.84  L_cov= 0.25  L_cons=0.000  L_tot=  3.92  diag=+0.961  mix=[cap:88/ref:126/nl:106]  β=0.047  α_t=0.047  (274s)
step   340  L_grcl=  3.08  L_cov= 0.31  L_cons=0.000  L_tot=  3.18  diag=+0.972  mix=[cap:120/ref:105/nl:95]  β=0.047  α_t=0.047  (291s)
step   360  L_grcl=  2.73  L_cov= 0.35  L_cons=0.000  L_tot=  2.83  diag=+0.981  mix=[cap:88/ref:120/nl:112]  β=0.047  α_t=0.047  (308s)
step   380  L_grcl=  2.38  L_cov= 0.36  L_cons=0.000  L_tot=  2.49  diag=+0.986  mix=[cap:92/ref:113/nl:115]  β=0.047  α_t=0.047  (325s)
step   400  L_grcl=  2.54  L_cov= 0.35  L_cons=0.000  L_tot=  2.64  diag=+0.988  mix=[cap:108/ref:127/nl:85]  β=0.047  α_t=0.048  (342s)
step   420  L_grcl=  2.24  L_cov= 0.35  L_cons=0.000  L_tot=  2.34  diag=+0.991  mix=[cap:115/ref:111/nl:94]  β=0.047  α_t=0.048  (359s)
step   440  L_grcl=  2.15  L_cov= 0.35  L_cons=0.000  L_tot=  2.26  diag=+0.992  mix=[cap:113/ref:108/nl:99]  β=0.047  α_t=0.048  (376s)
step   460  L_grcl=  2.17  L_cov= 0.38  L_cons=0.000  L_tot=  2.28  diag=+0.993  mix=[cap:109/ref:104/nl:107]  β=0.047  α_t=0.048  (393s)
step   480  L_grcl=  2.13  L_cov= 0.40  L_cons=0.000  L_tot=  2.25  diag=+0.993  mix=[cap:93/ref:121/nl:106]  β=0.047  α_t=0.048  (410s)
step   500  L_grcl=  2.07  L_cov= 0.38  L_cons=0.000  L_tot=  2.18  diag=+0.994  mix=[cap:131/ref:97/nl:92]  β=0.047  α_t=0.048  (427s)

  [eval @ step 500] held-out test-A...
    cap-fig cos: +0.9946  (Δ +0.8799)
    R@1/5/10: 6.5% / 36.0% / 69.5%  (Δ +6.5 / +36.0 / +69.5)
    [ckpt saved @ step 500 R@10=69.5%]

step   520  L_grcl=  2.07  L_cov= 0.39  L_cons=0.000  L_tot=  2.19  diag=+0.994  mix=[cap:105/ref:103/nl:112]  β=0.047  α_t=0.048  (466s)
step   540  L_grcl=  2.12  L_cov= 0.37  L_cons=0.000  L_tot=  2.23  diag=+0.994  mix=[cap:103/ref:125/nl:92]  β=0.047  α_t=0.048  (483s)
step   560  L_grcl=  2.10  L_cov= 0.39  L_cons=0.000  L_tot=  2.22  diag=+0.995  mix=[cap:102/ref:121/nl:97]  β=0.047  α_t=0.048  (499s)
step   580  L_grcl=  2.03  L_cov= 0.38  L_cons=0.000  L_tot=  2.15  diag=+0.995  mix=[cap:111/ref:111/nl:98]  β=0.047  α_t=0.048  (516s)
step   600  L_grcl=  2.09  L_cov= 0.40  L_cons=0.000  L_tot=  2.21  diag=+0.995  mix=[cap:98/ref:120/nl:102]  β=0.047  α_t=0.048  (533s)
step   620  L_grcl=  2.01  L_cov= 0.39  L_cons=0.000  L_tot=  2.13  diag=+0.995  mix=[cap:108/ref:114/nl:98]  β=0.047  α_t=0.048  (549s)
step   640  L_grcl=  2.02  L_cov= 0.40  L_cons=0.000  L_tot=  2.14  diag=+0.995  mix=[cap:108/ref:106/nl:106]  β=0.047  α_t=0.048  (566s)
step   660  L_grcl=  2.04  L_cov= 0.38  L_cons=0.000  L_tot=  2.16  diag=+0.995  mix=[cap:100/ref:115/nl:105]  β=0.047  α_t=0.048  (583s)
step   680  L_grcl=  2.06  L_cov= 0.39  L_cons=0.000  L_tot=  2.18  diag=+0.995  mix=[cap:99/ref:113/nl:108]  β=0.047  α_t=0.048  (600s)
step   700  L_grcl=  2.10  L_cov= 0.40  L_cons=0.000  L_tot=  2.22  diag=+0.995  mix=[cap:94/ref:116/nl:110]  β=0.047  α_t=0.048  (617s)
step   720  L_grcl=  2.06  L_cov= 0.41  L_cons=0.000  L_tot=  2.18  diag=+0.995  mix=[cap:100/ref:116/nl:104]  β=0.047  α_t=0.048  (634s)
step   740  L_grcl=  2.04  L_cov= 0.41  L_cons=0.000  L_tot=  2.16  diag=+0.995  mix=[cap:106/ref:104/nl:110]  β=0.047  α_t=0.048  (650s)
step   760  L_grcl=  2.07  L_cov= 0.41  L_cons=0.000  L_tot=  2.19  diag=+0.995  mix=[cap:97/ref:102/nl:121]  β=0.047  α_t=0.048  (667s)
step   780  L_grcl=  2.05  L_cov= 0.41  L_cons=0.000  L_tot=  2.17  diag=+0.995  mix=[cap:93/ref:107/nl:120]  β=0.047  α_t=0.048  (685s)
step   800  L_grcl=  2.01  L_cov= 0.39  L_cons=0.000  L_tot=  2.13  diag=+0.994  mix=[cap:98/ref:102/nl:120]  β=0.047  α_t=0.048  (701s)
step   820  L_grcl=  2.02  L_cov= 0.38  L_cons=0.000  L_tot=  2.13  diag=+0.995  mix=[cap:108/ref:107/nl:105]  β=0.047  α_t=0.048  (718s)
step   840  L_grcl=  2.03  L_cov= 0.38  L_cons=0.000  L_tot=  2.14  diag=+0.995  mix=[cap:106/ref:117/nl:97]  β=0.047  α_t=0.048  (736s)
step   860  L_grcl=  2.05  L_cov= 0.40  L_cons=0.000  L_tot=  2.17  diag=+0.995  mix=[cap:92/ref:117/nl:111]  β=0.047  α_t=0.049  (753s)
step   880  L_grcl=  2.02  L_cov= 0.39  L_cons=0.000  L_tot=  2.13  diag=+0.995  mix=[cap:99/ref:112/nl:109]  β=0.048  α_t=0.049  (772s)
step   900  L_grcl=  2.05  L_cov= 0.39  L_cons=0.000  L_tot=  2.17  diag=+0.995  mix=[cap:108/ref:106/nl:106]  β=0.048  α_t=0.049  (789s)
step   920  L_grcl=  1.99  L_cov= 0.38  L_cons=0.000  L_tot=  2.11  diag=+0.996  mix=[cap:91/ref:123/nl:106]  β=0.048  α_t=0.049  (806s)
step   940  L_grcl=  2.01  L_cov= 0.40  L_cons=0.000  L_tot=  2.13  diag=+0.995  mix=[cap:104/ref:108/nl:108]  β=0.048  α_t=0.049  (823s)
step   960  L_grcl=  1.97  L_cov= 0.38  L_cons=0.000  L_tot=  2.09  diag=+0.995  mix=[cap:101/ref:101/nl:118]  β=0.048  α_t=0.049  (840s)
step   980  L_grcl=  2.02  L_cov= 0.39  L_cons=0.000  L_tot=  2.14  diag=+0.995  mix=[cap:85/ref:117/nl:118]  β=0.048  α_t=0.049  (857s)
step  1000  L_grcl=  1.94  L_cov= 0.38  L_cons=0.000  L_tot=  2.05  diag=+0.995  mix=[cap:118/ref:118/nl:84]  β=0.048  α_t=0.049  (875s)

  [eval @ step 1000] held-out test-A...
    cap-fig cos: +0.9955  (Δ +0.8807)
    R@1/5/10: 8.0% / 43.5% / 75.0%  (Δ +8.0 / +43.5 / +75.0)
    [ckpt saved @ step 1000 R@10=75.0%]

step  1020  L_grcl=  2.06  L_cov= 0.40  L_cons=0.000  L_tot=  2.18  diag=+0.995  mix=[cap:119/ref:113/nl:88]  β=0.048  α_t=0.049  (913s)
step  1040  L_grcl=  1.96  L_cov= 0.39  L_cons=0.000  L_tot=  2.08  diag=+0.995  mix=[cap:106/ref:107/nl:107]  β=0.048  α_t=0.049  (930s)
step  1060  L_grcl=  2.06  L_cov= 0.38  L_cons=0.000  L_tot=  2.18  diag=+0.995  mix=[cap:107/ref:110/nl:103]  β=0.048  α_t=0.049  (946s)
step  1080  L_grcl=  1.96  L_cov= 0.37  L_cons=0.000  L_tot=  2.07  diag=+0.995  mix=[cap:112/ref:112/nl:96]  β=0.048  α_t=0.049  (963s)
step  1100  L_grcl=  2.04  L_cov= 0.39  L_cons=0.000  L_tot=  2.16  diag=+0.995  mix=[cap:105/ref:116/nl:99]  β=0.048  α_t=0.049  (980s)
step  1120  L_grcl=  2.01  L_cov= 0.40  L_cons=0.000  L_tot=  2.13  diag=+0.995  mix=[cap:121/ref:89/nl:110]  β=0.048  α_t=0.049  (997s)
step  1140  L_grcl=  2.04  L_cov= 0.40  L_cons=0.000  L_tot=  2.16  diag=+0.995  mix=[cap:111/ref:98/nl:111]  β=0.048  α_t=0.049  (1013s)
step  1160  L_grcl=  1.92  L_cov= 0.39  L_cons=0.000  L_tot=  2.04  diag=+0.995  mix=[cap:121/ref:95/nl:104]  β=0.048  α_t=0.049  (1030s)
step  1180  L_grcl=  1.95  L_cov= 0.37  L_cons=0.000  L_tot=  2.06  diag=+0.994  mix=[cap:121/ref:113/nl:86]  β=0.048  α_t=0.049  (1047s)
step  1200  L_grcl=  1.96  L_cov= 0.37  L_cons=0.000  L_tot=  2.07  diag=+0.994  mix=[cap:112/ref:99/nl:109]  β=0.048  α_t=0.049  (1064s)
step  1220  L_grcl=  1.95  L_cov= 0.37  L_cons=0.000  L_tot=  2.06  diag=+0.995  mix=[cap:105/ref:109/nl:106]  β=0.048  α_t=0.049  (1081s)
step  1240  L_grcl=  2.00  L_cov= 0.39  L_cons=0.000  L_tot=  2.12  diag=+0.995  mix=[cap:111/ref:102/nl:107]  β=0.048  α_t=0.049  (1098s)
step  1260  L_grcl=  2.08  L_cov= 0.37  L_cons=0.000  L_tot=  2.19  diag=+0.995  mix=[cap:104/ref:121/nl:95]  β=0.048  α_t=0.049  (1115s)
step  1280  L_grcl=  1.98  L_cov= 0.40  L_cons=0.000  L_tot=  2.10  diag=+0.995  mix=[cap:110/ref:105/nl:105]  β=0.048  α_t=0.049  (1132s)
step  1300  L_grcl=  2.01  L_cov= 0.38  L_cons=0.000  L_tot=  2.12  diag=+0.995  mix=[cap:107/ref:132/nl:81]  β=0.048  α_t=0.049  (1149s)
step  1320  L_grcl=  1.97  L_cov= 0.39  L_cons=0.000  L_tot=  2.09  diag=+0.995  mix=[cap:104/ref:125/nl:91]  β=0.048  α_t=0.049  (1166s)
step  1340  L_grcl=  1.99  L_cov= 0.38  L_cons=0.000  L_tot=  2.11  diag=+0.995  mix=[cap:110/ref:103/nl:107]  β=0.048  α_t=0.049  (1183s)
step  1360  L_grcl=  2.03  L_cov= 0.41  L_cons=0.000  L_tot=  2.15  diag=+0.995  mix=[cap:90/ref:108/nl:122]  β=0.048  α_t=0.049  (1200s)
step  1380  L_grcl=  1.97  L_cov= 0.40  L_cons=0.000  L_tot=  2.09  diag=+0.995  mix=[cap:111/ref:104/nl:105]  β=0.048  α_t=0.049  (1218s)
step  1400  L_grcl=  1.96  L_cov= 0.39  L_cons=0.000  L_tot=  2.08  diag=+0.995  mix=[cap:110/ref:99/nl:111]  β=0.048  α_t=0.049  (1235s)
step  1420  L_grcl=  1.96  L_cov= 0.37  L_cons=0.000  L_tot=  2.07  diag=+0.995  mix=[cap:106/ref:120/nl:94]  β=0.048  α_t=0.050  (1252s)
step  1440  L_grcl=  1.99  L_cov= 0.38  L_cons=0.000  L_tot=  2.10  diag=+0.995  mix=[cap:102/ref:107/nl:111]  β=0.048  α_t=0.050  (1269s)
step  1460  L_grcl=  2.01  L_cov= 0.39  L_cons=0.000  L_tot=  2.12  diag=+0.995  mix=[cap:99/ref:114/nl:107]  β=0.048  α_t=0.050  (1287s)
step  1480  L_grcl=  1.95  L_cov= 0.40  L_cons=0.000  L_tot=  2.07  diag=+0.995  mix=[cap:104/ref:88/nl:128]  β=0.048  α_t=0.050  (1304s)
step  1500  L_grcl=  1.95  L_cov= 0.37  L_cons=0.000  L_tot=  2.06  diag=+0.994  mix=[cap:97/ref:108/nl:115]  β=0.048  α_t=0.050  (1320s)

  [eval @ step 1500] held-out test-A...
    cap-fig cos: +0.9954  (Δ +0.8807)
    R@1/5/10: 7.0% / 48.5% / 73.5%  (Δ +7.0 / +48.5 / +73.5)

step  1520  L_grcl=  2.03  L_cov= 0.39  L_cons=0.000  L_tot=  2.15  diag=+0.995  mix=[cap:101/ref:112/nl:107]  β=0.048  α_t=0.050  (1350s)
step  1540  L_grcl=  1.94  L_cov= 0.39  L_cons=0.000  L_tot=  2.06  diag=+0.995  mix=[cap:108/ref:108/nl:104]  β=0.048  α_t=0.050  (1367s)
step  1560  L_grcl=  1.95  L_cov= 0.37  L_cons=0.000  L_tot=  2.07  diag=+0.994  mix=[cap:102/ref:104/nl:114]  β=0.048  α_t=0.050  (1384s)
step  1580  L_grcl=  2.03  L_cov= 0.39  L_cons=0.000  L_tot=  2.14  diag=+0.995  mix=[cap:78/ref:129/nl:113]  β=0.048  α_t=0.050  (1401s)
step  1600  L_grcl=  1.94  L_cov= 0.39  L_cons=0.000  L_tot=  2.06  diag=+0.995  mix=[cap:113/ref:109/nl:98]  β=0.048  α_t=0.050  (1419s)
step  1620  L_grcl=  2.00  L_cov= 0.38  L_cons=0.000  L_tot=  2.11  diag=+0.995  mix=[cap:95/ref:110/nl:115]  β=0.048  α_t=0.050  (1436s)
step  1640  L_grcl=  1.93  L_cov= 0.39  L_cons=0.000  L_tot=  2.05  diag=+0.995  mix=[cap:105/ref:103/nl:112]  β=0.048  α_t=0.050  (1453s)
step  1660  L_grcl=  1.99  L_cov= 0.40  L_cons=0.000  L_tot=  2.10  diag=+0.995  mix=[cap:99/ref:102/nl:119]  β=0.048  α_t=0.050  (1470s)
step  1680  L_grcl=  1.96  L_cov= 0.38  L_cons=0.000  L_tot=  2.07  diag=+0.995  mix=[cap:115/ref:98/nl:107]  β=0.048  α_t=0.050  (1487s)
step  1700  L_grcl=  1.97  L_cov= 0.38  L_cons=0.000  L_tot=  2.09  diag=+0.995  mix=[cap:94/ref:118/nl:108]  β=0.048  α_t=0.050  (1504s)
step  1720  L_grcl=  2.01  L_cov= 0.39  L_cons=0.000  L_tot=  2.13  diag=+0.995  mix=[cap:102/ref:105/nl:113]  β=0.048  α_t=0.050  (1522s)
step  1740  L_grcl=  1.95  L_cov= 0.38  L_cons=0.000  L_tot=  2.07  diag=+0.995  mix=[cap:108/ref:111/nl:101]  β=0.048  α_t=0.050  (1539s)
step  1760  L_grcl=  2.02  L_cov= 0.38  L_cons=0.000  L_tot=  2.14  diag=+0.995  mix=[cap:114/ref:98/nl:108]  β=0.048  α_t=0.050  (1556s)
step  1780  L_grcl=  1.97  L_cov= 0.37  L_cons=0.000  L_tot=  2.08  diag=+0.995  mix=[cap:115/ref:92/nl:113]  β=0.048  α_t=0.050  (1573s)
step  1800  L_grcl=  1.90  L_cov= 0.37  L_cons=0.000  L_tot=  2.01  diag=+0.995  mix=[cap:115/ref:97/nl:108]  β=0.048  α_t=0.050  (1590s)
step  1820  L_grcl=  1.96  L_cov= 0.37  L_cons=0.000  L_tot=  2.07  diag=+0.994  mix=[cap:116/ref:109/nl:95]  β=0.048  α_t=0.050  (1608s)
step  1840  L_grcl=  2.00  L_cov= 0.38  L_cons=0.000  L_tot=  2.11  diag=+0.994  mix=[cap:90/ref:115/nl:115]  β=0.048  α_t=0.050  (1624s)
step  1860  L_grcl=  2.01  L_cov= 0.38  L_cons=0.000  L_tot=  2.12  diag=+0.995  mix=[cap:97/ref:120/nl:103]  β=0.048  α_t=0.050  (1641s)
step  1880  L_grcl=  1.91  L_cov= 0.37  L_cons=0.000  L_tot=  2.02  diag=+0.995  mix=[cap:108/ref:116/nl:96]  β=0.048  α_t=0.050  (1659s)
step  1900  L_grcl=  1.95  L_cov= 0.36  L_cons=0.000  L_tot=  2.06  diag=+0.994  mix=[cap:106/ref:111/nl:103]  β=0.048  α_t=0.050  (1676s)
step  1920  L_grcl=  1.97  L_cov= 0.36  L_cons=0.000  L_tot=  2.08  diag=+0.994  mix=[cap:94/ref:115/nl:111]  β=0.049  α_t=0.050  (1693s)
step  1940  L_grcl=  1.97  L_cov= 0.38  L_cons=0.000  L_tot=  2.08  diag=+0.995  mix=[cap:117/ref:98/nl:105]  β=0.049  α_t=0.050  (1710s)
step  1960  L_grcl=  1.97  L_cov= 0.37  L_cons=0.000  L_tot=  2.08  diag=+0.994  mix=[cap:99/ref:112/nl:109]  β=0.049  α_t=0.050  (1727s)
step  1980  L_grcl=  1.98  L_cov= 0.38  L_cons=0.000  L_tot=  2.10  diag=+0.995  mix=[cap:104/ref:98/nl:118]  β=0.049  α_t=0.050  (1744s)
step  2000  L_grcl=  1.92  L_cov= 0.38  L_cons=0.000  L_tot=  2.03  diag=+0.994  mix=[cap:107/ref:95/nl:118]  β=0.049  α_t=0.050  (1761s)

  [eval @ step 2000] held-out test-A...
    cap-fig cos: +0.9951  (Δ +0.8804)
    R@1/5/10: 8.0% / 44.0% / 74.0%  (Δ +8.0 / +44.0 / +74.0)

step  2020  L_grcl=  1.92  L_cov= 0.36  L_cons=0.000  L_tot=  2.03  diag=+0.994  mix=[cap:120/ref:91/nl:109]  β=0.049  α_t=0.050  (1791s)
step  2040  L_grcl=  1.97  L_cov= 0.37  L_cons=0.000  L_tot=  2.08  diag=+0.994  mix=[cap:104/ref:117/nl:99]  β=0.049  α_t=0.050  (1808s)
step  2060  L_grcl=  1.91  L_cov= 0.35  L_cons=0.000  L_tot=  2.01  diag=+0.995  mix=[cap:112/ref:110/nl:98]  β=0.049  α_t=0.051  (1824s)
step  2080  L_grcl=  1.95  L_cov= 0.38  L_cons=0.000  L_tot=  2.07  diag=+0.995  mix=[cap:112/ref:99/nl:109]  β=0.049  α_t=0.051  (1841s)
step  2100  L_grcl=  1.96  L_cov= 0.37  L_cons=0.000  L_tot=  2.08  diag=+0.995  mix=[cap:109/ref:108/nl:103]  β=0.049  α_t=0.051  (1859s)
step  2120  L_grcl=  1.93  L_cov= 0.35  L_cons=0.000  L_tot=  2.03  diag=+0.995  mix=[cap:119/ref:115/nl:86]  β=0.049  α_t=0.051  (1876s)
step  2140  L_grcl=  1.96  L_cov= 0.37  L_cons=0.000  L_tot=  2.07  diag=+0.995  mix=[cap:102/ref:111/nl:107]  β=0.049  α_t=0.051  (1893s)
step  2160  L_grcl=  1.98  L_cov= 0.38  L_cons=0.000  L_tot=  2.09  diag=+0.995  mix=[cap:96/ref:111/nl:113]  β=0.049  α_t=0.051  (1910s)
step  2180  L_grcl=  1.95  L_cov= 0.37  L_cons=0.000  L_tot=  2.06  diag=+0.995  mix=[cap:96/ref:114/nl:110]  β=0.049  α_t=0.051  (1927s)
step  2200  L_grcl=  1.97  L_cov= 0.37  L_cons=0.000  L_tot=  2.08  diag=+0.994  mix=[cap:92/ref:116/nl:112]  β=0.049  α_t=0.051  (1944s)
step  2220  L_grcl=  1.94  L_cov= 0.37  L_cons=0.000  L_tot=  2.05  diag=+0.995  mix=[cap:97/ref:110/nl:113]  β=0.049  α_t=0.051  (1961s)
step  2240  L_grcl=  2.01  L_cov= 0.38  L_cons=0.000  L_tot=  2.12  diag=+0.995  mix=[cap:95/ref:116/nl:109]  β=0.049  α_t=0.051  (1978s)
step  2260  L_grcl=  2.00  L_cov= 0.39  L_cons=0.000  L_tot=  2.12  diag=+0.995  mix=[cap:111/ref:94/nl:115]  β=0.049  α_t=0.051  (1995s)
step  2280  L_grcl=  1.95  L_cov= 0.37  L_cons=0.000  L_tot=  2.06  diag=+0.995  mix=[cap:93/ref:119/nl:108]  β=0.049  α_t=0.051  (2013s)
step  2300  L_grcl=  1.89  L_cov= 0.37  L_cons=0.000  L_tot=  1.99  diag=+0.994  mix=[cap:117/ref:102/nl:101]  β=0.049  α_t=0.051  (2029s)
step  2320  L_grcl=  1.95  L_cov= 0.35  L_cons=0.000  L_tot=  2.06  diag=+0.994  mix=[cap:113/ref:100/nl:107]  β=0.049  α_t=0.051  (2047s)
step  2340  L_grcl=  1.95  L_cov= 0.37  L_cons=0.000  L_tot=  2.06  diag=+0.994  mix=[cap:100/ref:105/nl:115]  β=0.049  α_t=0.051  (2064s)
step  2360  L_grcl=  1.93  L_cov= 0.37  L_cons=0.000  L_tot=  2.04  diag=+0.994  mix=[cap:108/ref:111/nl:101]  β=0.049  α_t=0.051  (2081s)
step  2380  L_grcl=  1.97  L_cov= 0.37  L_cons=0.000  L_tot=  2.08  diag=+0.995  mix=[cap:100/ref:110/nl:110]  β=0.049  α_t=0.051  (2098s)
step  2400  L_grcl=  1.94  L_cov= 0.38  L_cons=0.000  L_tot=  2.06  diag=+0.995  mix=[cap:103/ref:100/nl:117]  β=0.049  α_t=0.051  (2115s)
step  2420  L_grcl=  1.87  L_cov= 0.36  L_cons=0.000  L_tot=  1.98  diag=+0.994  mix=[cap:131/ref:95/nl:94]  β=0.049  α_t=0.051  (2132s)
step  2440  L_grcl=  1.98  L_cov= 0.36  L_cons=0.000  L_tot=  2.09  diag=+0.994  mix=[cap:112/ref:106/nl:102]  β=0.049  α_t=0.051  (2149s)
step  2460  L_grcl=  2.00  L_cov= 0.38  L_cons=0.000  L_tot=  2.11  diag=+0.995  mix=[cap:97/ref:114/nl:109]  β=0.049  α_t=0.051  (2166s)
step  2480  L_grcl=  1.93  L_cov= 0.37  L_cons=0.000  L_tot=  2.04  diag=+0.995  mix=[cap:119/ref:101/nl:100]  β=0.049  α_t=0.051  (2183s)
step  2500  L_grcl=  1.93  L_cov= 0.36  L_cons=0.000  L_tot=  2.04  diag=+0.994  mix=[cap:103/ref:115/nl:102]  β=0.049  α_t=0.051  (2200s)

  [eval @ step 2500] held-out test-A...
    cap-fig cos: +0.9950  (Δ +0.8803)
    R@1/5/10: 11.0% / 51.0% / 79.0%  (Δ +11.0 / +51.0 / +79.0)
    [ckpt saved @ step 2500 R@10=79.0%]

step  2520  L_grcl=  1.96  L_cov= 0.37  L_cons=0.000  L_tot=  2.08  diag=+0.994  mix=[cap:115/ref:108/nl:97]  β=0.049  α_t=0.051  (2239s)
step  2540  L_grcl=  1.96  L_cov= 0.38  L_cons=0.000  L_tot=  2.08  diag=+0.995  mix=[cap:97/ref:114/nl:109]  β=0.049  α_t=0.051  (2257s)
step  2560  L_grcl=  1.92  L_cov= 0.36  L_cons=0.000  L_tot=  2.02  diag=+0.994  mix=[cap:109/ref:93/nl:118]  β=0.049  α_t=0.051  (2273s)
step  2580  L_grcl=  1.89  L_cov= 0.36  L_cons=0.000  L_tot=  2.00  diag=+0.994  mix=[cap:108/ref:104/nl:108]  β=0.049  α_t=0.051  (2289s)
step  2600  L_grcl=  1.92  L_cov= 0.36  L_cons=0.000  L_tot=  2.02  diag=+0.994  mix=[cap:102/ref:121/nl:97]  β=0.049  α_t=0.051  (2305s)
step  2620  L_grcl=  1.90  L_cov= 0.36  L_cons=0.000  L_tot=  2.01  diag=+0.994  mix=[cap:102/ref:101/nl:117]  β=0.049  α_t=0.051  (2322s)
step  2640  L_grcl=  1.93  L_cov= 0.36  L_cons=0.000  L_tot=  2.04  diag=+0.994  mix=[cap:106/ref:104/nl:110]  β=0.049  α_t=0.051  (2338s)
step  2660  L_grcl=  1.92  L_cov= 0.36  L_cons=0.000  L_tot=  2.03  diag=+0.994  mix=[cap:105/ref:95/nl:120]  β=0.049  α_t=0.051  (2355s)
step  2680  L_grcl=  1.96  L_cov= 0.37  L_cons=0.000  L_tot=  2.07  diag=+0.994  mix=[cap:116/ref:100/nl:104]  β=0.049  α_t=0.051  (2372s)
step  2700  L_grcl=  1.89  L_cov= 0.36  L_cons=0.000  L_tot=  1.99  diag=+0.994  mix=[cap:103/ref:114/nl:103]  β=0.049  α_t=0.051  (2388s)
step  2720  L_grcl=  1.94  L_cov= 0.37  L_cons=0.000  L_tot=  2.05  diag=+0.993  mix=[cap:101/ref:96/nl:123]  β=0.049  α_t=0.051  (2405s)
step  2740  L_grcl=  1.86  L_cov= 0.36  L_cons=0.000  L_tot=  1.96  diag=+0.994  mix=[cap:112/ref:95/nl:113]  β=0.049  α_t=0.051  (2422s)
step  2760  L_grcl=  1.99  L_cov= 0.35  L_cons=0.000  L_tot=  2.10  diag=+0.994  mix=[cap:99/ref:129/nl:92]  β=0.049  α_t=0.051  (2439s)
step  2780  L_grcl=  1.92  L_cov= 0.37  L_cons=0.000  L_tot=  2.03  diag=+0.994  mix=[cap:106/ref:112/nl:102]  β=0.050  α_t=0.051  (2456s)
step  2800  L_grcl=  1.91  L_cov= 0.36  L_cons=0.000  L_tot=  2.02  diag=+0.994  mix=[cap:108/ref:114/nl:98]  β=0.050  α_t=0.051  (2474s)
step  2820  L_grcl=  1.92  L_cov= 0.35  L_cons=0.000  L_tot=  2.02  diag=+0.994  mix=[cap:116/ref:97/nl:107]  β=0.050  α_t=0.051  (2491s)
step  2840  L_grcl=  1.92  L_cov= 0.37  L_cons=0.000  L_tot=  2.03  diag=+0.994  mix=[cap:101/ref:103/nl:116]  β=0.050  α_t=0.052  (2507s)
step  2860  L_grcl=  1.98  L_cov= 0.37  L_cons=0.000  L_tot=  2.09  diag=+0.995  mix=[cap:112/ref:102/nl:106]  β=0.050  α_t=0.052  (2524s)
step  2880  L_grcl=  1.92  L_cov= 0.36  L_cons=0.000  L_tot=  2.03  diag=+0.995  mix=[cap:113/ref:117/nl:90]  β=0.050  α_t=0.052  (2541s)
step  2900  L_grcl=  1.96  L_cov= 0.36  L_cons=0.000  L_tot=  2.07  diag=+0.994  mix=[cap:106/ref:110/nl:104]  β=0.050  α_t=0.052  (2558s)
step  2920  L_grcl=  1.86  L_cov= 0.35  L_cons=0.000  L_tot=  1.96  diag=+0.994  mix=[cap:119/ref:102/nl:99]  β=0.050  α_t=0.052  (2575s)
step  2940  L_grcl=  1.86  L_cov= 0.34  L_cons=0.000  L_tot=  1.96  diag=+0.993  mix=[cap:106/ref:98/nl:116]  β=0.050  α_t=0.052  (2592s)
step  2960  L_grcl=  2.01  L_cov= 0.36  L_cons=0.000  L_tot=  2.12  diag=+0.994  mix=[cap:110/ref:106/nl:104]  β=0.050  α_t=0.052  (2609s)
step  2980  L_grcl=  1.90  L_cov= 0.36  L_cons=0.000  L_tot=  2.01  diag=+0.995  mix=[cap:111/ref:109/nl:100]  β=0.050  α_t=0.052  (2626s)
step  3000  L_grcl=  1.87  L_cov= 0.35  L_cons=0.000  L_tot=  1.98  diag=+0.993  mix=[cap:111/ref:110/nl:99]  β=0.050  α_t=0.052  (2643s)

  [eval @ step 3000] held-out test-A...
    cap-fig cos: +0.9945  (Δ +0.8798)
    R@1/5/10: 11.0% / 47.0% / 67.0%  (Δ +11.0 / +47.0 / +67.0)

step  3020  L_grcl=  1.94  L_cov= 0.36  L_cons=0.000  L_tot=  2.05  diag=+0.993  mix=[cap:96/ref:109/nl:115]  β=0.050  α_t=0.052  (2672s)
step  3040  L_grcl=  1.89  L_cov= 0.37  L_cons=0.000  L_tot=  2.00  diag=+0.993  mix=[cap:104/ref:104/nl:112]  β=0.050  α_t=0.052  (2689s)
step  3060  L_grcl=  1.93  L_cov= 0.34  L_cons=0.000  L_tot=  2.03  diag=+0.993  mix=[cap:101/ref:121/nl:98]  β=0.050  α_t=0.052  (2706s)
step  3080  L_grcl=  1.95  L_cov= 0.36  L_cons=0.000  L_tot=  2.06  diag=+0.994  mix=[cap:96/ref:116/nl:108]  β=0.050  α_t=0.052  (2723s)
step  3100  L_grcl=  1.93  L_cov= 0.35  L_cons=0.000  L_tot=  2.03  diag=+0.994  mix=[cap:106/ref:108/nl:106]  β=0.050  α_t=0.052  (2740s)
step  3120  L_grcl=  1.93  L_cov= 0.35  L_cons=0.000  L_tot=  2.03  diag=+0.994  mix=[cap:106/ref:119/nl:95]  β=0.050  α_t=0.052  (2757s)
step  3140  L_grcl=  1.90  L_cov= 0.37  L_cons=0.000  L_tot=  2.01  diag=+0.994  mix=[cap:115/ref:108/nl:97]  β=0.050  α_t=0.052  (2774s)
step  3160  L_grcl=  1.86  L_cov= 0.35  L_cons=0.000  L_tot=  1.97  diag=+0.993  mix=[cap:110/ref:105/nl:105]  β=0.050  α_t=0.052  (2792s)
step  3180  L_grcl=  1.92  L_cov= 0.35  L_cons=0.000  L_tot=  2.03  diag=+0.992  mix=[cap:92/ref:113/nl:115]  β=0.050  α_t=0.052  (2809s)
step  3200  L_grcl=  1.88  L_cov= 0.34  L_cons=0.000  L_tot=  1.99  diag=+0.992  mix=[cap:102/ref:118/nl:100]  β=0.050  α_t=0.052  (2825s)
step  3220  L_grcl=  1.87  L_cov= 0.34  L_cons=0.000  L_tot=  1.97  diag=+0.993  mix=[cap:111/ref:108/nl:101]  β=0.050  α_t=0.052  (2843s)
step  3240  L_grcl=  1.91  L_cov= 0.35  L_cons=0.000  L_tot=  2.01  diag=+0.993  mix=[cap:109/ref:100/nl:111]  β=0.050  α_t=0.052  (2860s)
step  3260  L_grcl=  1.91  L_cov= 0.35  L_cons=0.000  L_tot=  2.02  diag=+0.993  mix=[cap:115/ref:114/nl:91]  β=0.050  α_t=0.052  (2877s)
step  3280  L_grcl=  1.96  L_cov= 0.36  L_cons=0.000  L_tot=  2.06  diag=+0.994  mix=[cap:97/ref:115/nl:108]  β=0.050  α_t=0.052  (2894s)
step  3300  L_grcl=  1.93  L_cov= 0.37  L_cons=0.000  L_tot=  2.04  diag=+0.994  mix=[cap:98/ref:110/nl:112]  β=0.050  α_t=0.052  (2912s)
step  3320  L_grcl=  1.92  L_cov= 0.35  L_cons=0.000  L_tot=  2.02  diag=+0.994  mix=[cap:108/ref:116/nl:96]  β=0.050  α_t=0.052  (2929s)
step  3340  L_grcl=  1.92  L_cov= 0.35  L_cons=0.000  L_tot=  2.03  diag=+0.993  mix=[cap:102/ref:105/nl:113]  β=0.050  α_t=0.052  (2946s)
step  3360  L_grcl=  1.94  L_cov= 0.37  L_cons=0.000  L_tot=  2.05  diag=+0.994  mix=[cap:101/ref:115/nl:104]  β=0.050  α_t=0.052  (2963s)
step  3380  L_grcl=  1.89  L_cov= 0.34  L_cons=0.000  L_tot=  1.99  diag=+0.993  mix=[cap:113/ref:109/nl:98]  β=0.050  α_t=0.052  (2980s)
step  3400  L_grcl=  1.95  L_cov= 0.35  L_cons=0.000  L_tot=  2.05  diag=+0.994  mix=[cap:107/ref:126/nl:87]  β=0.050  α_t=0.052  (2997s)
step  3420  L_grcl=  1.93  L_cov= 0.38  L_cons=0.000  L_tot=  2.04  diag=+0.994  mix=[cap:103/ref:107/nl:110]  β=0.050  α_t=0.052  (3014s)
step  3440  L_grcl=  1.89  L_cov= 0.36  L_cons=0.000  L_tot=  2.00  diag=+0.993  mix=[cap:99/ref:104/nl:117]  β=0.050  α_t=0.052  (3031s)
step  3460  L_grcl=  1.86  L_cov= 0.34  L_cons=0.000  L_tot=  1.96  diag=+0.993  mix=[cap:106/ref:116/nl:98]  β=0.050  α_t=0.052  (3048s)
step  3480  L_grcl=  1.89  L_cov= 0.35  L_cons=0.000  L_tot=  1.99  diag=+0.993  mix=[cap:105/ref:110/nl:105]  β=0.050  α_t=0.052  (3065s)
step  3500  L_grcl=  1.89  L_cov= 0.33  L_cons=0.000  L_tot=  1.99  diag=+0.992  mix=[cap:106/ref:113/nl:101]  β=0.051  α_t=0.052  (3082s)

  [eval @ step 3500] held-out test-A...
    cap-fig cos: +0.9942  (Δ +0.8795)
    R@1/5/10: 8.5% / 52.0% / 80.5%  (Δ +8.5 / +52.0 / +80.5)
    [ckpt saved @ step 3500 R@10=80.5%]

step  3520  L_grcl=  1.92  L_cov= 0.35  L_cons=0.000  L_tot=  2.03  diag=+0.992  mix=[cap:98/ref:122/nl:100]  β=0.051  α_t=0.052  (3121s)
step  3540  L_grcl=  1.93  L_cov= 0.35  L_cons=0.000  L_tot=  2.03  diag=+0.993  mix=[cap:100/ref:117/nl:103]  β=0.051  α_t=0.052  (3138s)
step  3560  L_grcl=  1.92  L_cov= 0.35  L_cons=0.000  L_tot=  2.02  diag=+0.992  mix=[cap:107/ref:113/nl:100]  β=0.051  α_t=0.052  (3154s)
step  3580  L_grcl=  1.89  L_cov= 0.35  L_cons=0.000  L_tot=  1.99  diag=+0.992  mix=[cap:111/ref:91/nl:118]  β=0.051  α_t=0.052  (3171s)
step  3600  L_grcl=  1.85  L_cov= 0.35  L_cons=0.000  L_tot=  1.96  diag=+0.992  mix=[cap:104/ref:102/nl:114]  β=0.051  α_t=0.052  (3187s)
step  3620  L_grcl=  1.91  L_cov= 0.34  L_cons=0.000  L_tot=  2.02  diag=+0.992  mix=[cap:114/ref:96/nl:110]  β=0.051  α_t=0.052  (3203s)
step  3640  L_grcl=  1.94  L_cov= 0.35  L_cons=0.000  L_tot=  2.04  diag=+0.992  mix=[cap:87/ref:112/nl:121]  β=0.051  α_t=0.052  (3220s)
step  3660  L_grcl=  1.90  L_cov= 0.35  L_cons=0.000  L_tot=  2.00  diag=+0.992  mix=[cap:111/ref:101/nl:108]  β=0.051  α_t=0.052  (3237s)
step  3680  L_grcl=  1.87  L_cov= 0.35  L_cons=0.000  L_tot=  1.98  diag=+0.993  mix=[cap:114/ref:105/nl:101]  β=0.051  α_t=0.052  (3253s)
step  3700  L_grcl=  1.92  L_cov= 0.35  L_cons=0.000  L_tot=  2.03  diag=+0.993  mix=[cap:90/ref:134/nl:96]  β=0.051  α_t=0.053  (3270s)
step  3720  L_grcl=  1.90  L_cov= 0.36  L_cons=0.000  L_tot=  2.01  diag=+0.992  mix=[cap:112/ref:97/nl:111]  β=0.051  α_t=0.053  (3287s)
step  3740  L_grcl=  1.84  L_cov= 0.34  L_cons=0.000  L_tot=  1.94  diag=+0.992  mix=[cap:107/ref:97/nl:116]  β=0.051  α_t=0.053  (3304s)
step  3760  L_grcl=  1.90  L_cov= 0.32  L_cons=0.000  L_tot=  2.00  diag=+0.992  mix=[cap:110/ref:108/nl:102]  β=0.051  α_t=0.053  (3321s)
step  3780  L_grcl=  1.87  L_cov= 0.35  L_cons=0.000  L_tot=  1.97  diag=+0.992  mix=[cap:101/ref:114/nl:105]  β=0.051  α_t=0.053  (3337s)
step  3800  L_grcl=  1.90  L_cov= 0.35  L_cons=0.000  L_tot=  2.01  diag=+0.992  mix=[cap:95/ref:112/nl:113]  β=0.051  α_t=0.053  (3354s)
step  3820  L_grcl=  1.87  L_cov= 0.33  L_cons=0.000  L_tot=  1.97  diag=+0.993  mix=[cap:107/ref:109/nl:104]  β=0.051  α_t=0.053  (3371s)
step  3840  L_grcl=  1.86  L_cov= 0.34  L_cons=0.000  L_tot=  1.96  diag=+0.993  mix=[cap:113/ref:108/nl:99]  β=0.051  α_t=0.053  (3387s)
step  3860  L_grcl=  1.95  L_cov= 0.35  L_cons=0.000  L_tot=  2.05  diag=+0.993  mix=[cap:107/ref:121/nl:92]  β=0.051  α_t=0.053  (3404s)
step  3880  L_grcl=  1.91  L_cov= 0.36  L_cons=0.000  L_tot=  2.02  diag=+0.993  mix=[cap:100/ref:120/nl:100]  β=0.051  α_t=0.053  (3421s)
step  3900  L_grcl=  1.86  L_cov= 0.34  L_cons=0.000  L_tot=  1.97  diag=+0.993  mix=[cap:117/ref:104/nl:99]  β=0.051  α_t=0.053  (3439s)
step  3920  L_grcl=  1.84  L_cov= 0.33  L_cons=0.000  L_tot=  1.94  diag=+0.992  mix=[cap:113/ref:104/nl:103]  β=0.051  α_t=0.053  (3456s)
step  3940  L_grcl=  1.84  L_cov= 0.34  L_cons=0.000  L_tot=  1.94  diag=+0.992  mix=[cap:107/ref:116/nl:97]  β=0.051  α_t=0.053  (3473s)
step  3960  L_grcl=  1.84  L_cov= 0.34  L_cons=0.000  L_tot=  1.94  diag=+0.992  mix=[cap:103/ref:112/nl:105]  β=0.051  α_t=0.053  (3490s)
step  3980  L_grcl=  1.88  L_cov= 0.34  L_cons=0.000  L_tot=  1.98  diag=+0.992  mix=[cap:117/ref:112/nl:91]  β=0.051  α_t=0.053  (3507s)
step  4000  L_grcl=  1.87  L_cov= 0.35  L_cons=0.000  L_tot=  1.98  diag=+0.993  mix=[cap:104/ref:100/nl:116]  β=0.051  α_t=0.053  (3524s)

  [eval @ step 4000] held-out test-A...
    cap-fig cos: +0.9952  (Δ +0.8805)
    R@1/5/10: 16.0% / 59.0% / 83.5%  (Δ +16.0 / +59.0 / +83.5)
    [ckpt saved @ step 4000 R@10=83.5%]

step  4020  L_grcl=  1.87  L_cov= 0.35  L_cons=0.000  L_tot=  1.97  diag=+0.993  mix=[cap:109/ref:103/nl:108]  β=0.051  α_t=0.053  (3563s)
step  4040  L_grcl=  1.90  L_cov= 0.35  L_cons=0.000  L_tot=  2.00  diag=+0.992  mix=[cap:108/ref:111/nl:101]  β=0.051  α_t=0.053  (3580s)
step  4060  L_grcl=  1.82  L_cov= 0.34  L_cons=0.000  L_tot=  1.92  diag=+0.992  mix=[cap:113/ref:97/nl:110]  β=0.051  α_t=0.053  (3596s)
step  4080  L_grcl=  1.87  L_cov= 0.34  L_cons=0.000  L_tot=  1.97  diag=+0.990  mix=[cap:102/ref:106/nl:112]  β=0.051  α_t=0.053  (3615s)
step  4100  L_grcl=  1.89  L_cov= 0.33  L_cons=0.000  L_tot=  1.99  diag=+0.993  mix=[cap:100/ref:120/nl:100]  β=0.051  α_t=0.053  (3632s)
step  4120  L_grcl=  1.89  L_cov= 0.34  L_cons=0.000  L_tot=  1.99  diag=+0.993  mix=[cap:104/ref:101/nl:115]  β=0.051  α_t=0.053  (3649s)
step  4140  L_grcl=  1.91  L_cov= 0.35  L_cons=0.000  L_tot=  2.01  diag=+0.993  mix=[cap:97/ref:117/nl:106]  β=0.051  α_t=0.053  (3666s)
step  4160  L_grcl=  1.88  L_cov= 0.34  L_cons=0.000  L_tot=  1.98  diag=+0.993  mix=[cap:109/ref:109/nl:102]  β=0.051  α_t=0.053  (3683s)
step  4180  L_grcl=  1.88  L_cov= 0.36  L_cons=0.000  L_tot=  1.98  diag=+0.992  mix=[cap:109/ref:109/nl:102]  β=0.052  α_t=0.053  (3701s)
step  4200  L_grcl=  1.81  L_cov= 0.34  L_cons=0.000  L_tot=  1.91  diag=+0.991  mix=[cap:105/ref:111/nl:104]  β=0.052  α_t=0.053  (3718s)
step  4220  L_grcl=  1.92  L_cov= 0.35  L_cons=0.000  L_tot=  2.02  diag=+0.992  mix=[cap:94/ref:122/nl:104]  β=0.052  α_t=0.053  (3736s)
step  4240  L_grcl=  1.88  L_cov= 0.35  L_cons=0.000  L_tot=  1.99  diag=+0.992  mix=[cap:99/ref:108/nl:113]  β=0.052  α_t=0.053  (3753s)
step  4260  L_grcl=  1.86  L_cov= 0.33  L_cons=0.000  L_tot=  1.96  diag=+0.991  mix=[cap:116/ref:99/nl:105]  β=0.052  α_t=0.053  (3771s)
step  4280  L_grcl=  1.83  L_cov= 0.35  L_cons=0.000  L_tot=  1.93  diag=+0.991  mix=[cap:114/ref:84/nl:122]  β=0.052  α_t=0.053  (3788s)
step  4300  L_grcl=  1.87  L_cov= 0.35  L_cons=0.000  L_tot=  1.97  diag=+0.992  mix=[cap:100/ref:105/nl:115]  β=0.052  α_t=0.053  (3805s)
step  4320  L_grcl=  1.86  L_cov= 0.33  L_cons=0.000  L_tot=  1.96  diag=+0.991  mix=[cap:96/ref:116/nl:108]  β=0.052  α_t=0.053  (3823s)
step  4340  L_grcl=  1.83  L_cov= 0.35  L_cons=0.000  L_tot=  1.94  diag=+0.992  mix=[cap:114/ref:99/nl:107]  β=0.052  α_t=0.053  (3840s)
step  4360  L_grcl=  1.88  L_cov= 0.34  L_cons=0.000  L_tot=  1.98  diag=+0.991  mix=[cap:92/ref:116/nl:112]  β=0.052  α_t=0.053  (3857s)
step  4380  L_grcl=  1.84  L_cov= 0.35  L_cons=0.000  L_tot=  1.95  diag=+0.991  mix=[cap:102/ref:92/nl:126]  β=0.052  α_t=0.053  (3875s)
step  4400  L_grcl=  1.80  L_cov= 0.32  L_cons=0.000  L_tot=  1.89  diag=+0.992  mix=[cap:115/ref:106/nl:99]  β=0.052  α_t=0.053  (3892s)
step  4420  L_grcl=  1.85  L_cov= 0.32  L_cons=0.000  L_tot=  1.95  diag=+0.991  mix=[cap:97/ref:114/nl:109]  β=0.052  α_t=0.053  (3909s)
step  4440  L_grcl=  1.90  L_cov= 0.34  L_cons=0.000  L_tot=  2.00  diag=+0.991  mix=[cap:117/ref:95/nl:108]  β=0.052  α_t=0.053  (3926s)
step  4460  L_grcl=  1.85  L_cov= 0.34  L_cons=0.000  L_tot=  1.95  diag=+0.991  mix=[cap:80/ref:124/nl:116]  β=0.052  α_t=0.053  (3943s)
step  4480  L_grcl=  1.88  L_cov= 0.34  L_cons=0.000  L_tot=  1.98  diag=+0.991  mix=[cap:97/ref:113/nl:110]  β=0.052  α_t=0.053  (3960s)
step  4500  L_grcl=  1.79  L_cov= 0.32  L_cons=0.000  L_tot=  1.89  diag=+0.992  mix=[cap:119/ref:104/nl:97]  β=0.052  α_t=0.053  (3977s)

  [eval @ step 4500] held-out test-A...
    cap-fig cos: +0.9947  (Δ +0.8800)
    R@1/5/10: 12.5% / 51.0% / 77.5%  (Δ +12.5 / +51.0 / +77.5)

step  4520  L_grcl=  1.86  L_cov= 0.34  L_cons=0.000  L_tot=  1.96  diag=+0.992  mix=[cap:107/ref:114/nl:99]  β=0.052  α_t=0.053  (4006s)
step  4540  L_grcl=  1.82  L_cov= 0.33  L_cons=0.000  L_tot=  1.92  diag=+0.991  mix=[cap:103/ref:109/nl:108]  β=0.052  α_t=0.053  (4023s)
step  4560  L_grcl=  1.84  L_cov= 0.33  L_cons=0.000  L_tot=  1.94  diag=+0.991  mix=[cap:96/ref:109/nl:115]  β=0.052  α_t=0.053  (4041s)
step  4580  L_grcl=  1.82  L_cov= 0.32  L_cons=0.000  L_tot=  1.92  diag=+0.991  mix=[cap:110/ref:100/nl:110]  β=0.052  α_t=0.053  (4057s)
step  4600  L_grcl=  1.87  L_cov= 0.32  L_cons=0.000  L_tot=  1.97  diag=+0.990  mix=[cap:117/ref:100/nl:103]  β=0.052  α_t=0.053  (4075s)
step  4620  L_grcl=  1.86  L_cov= 0.34  L_cons=0.000  L_tot=  1.96  diag=+0.991  mix=[cap:111/ref:114/nl:95]  β=0.052  α_t=0.053  (4092s)
step  4640  L_grcl=  1.80  L_cov= 0.32  L_cons=0.000  L_tot=  1.90  diag=+0.991  mix=[cap:117/ref:105/nl:98]  β=0.052  α_t=0.054  (4109s)
step  4660  L_grcl=  1.87  L_cov= 0.33  L_cons=0.000  L_tot=  1.97  diag=+0.992  mix=[cap:93/ref:121/nl:106]  β=0.052  α_t=0.054  (4126s)
step  4680  L_grcl=  1.85  L_cov= 0.33  L_cons=0.000  L_tot=  1.95  diag=+0.991  mix=[cap:121/ref:101/nl:98]  β=0.052  α_t=0.054  (4144s)
step  4700  L_grcl=  1.87  L_cov= 0.35  L_cons=0.000  L_tot=  1.97  diag=+0.991  mix=[cap:105/ref:125/nl:90]  β=0.052  α_t=0.054  (4161s)
step  4720  L_grcl=  1.86  L_cov= 0.32  L_cons=0.000  L_tot=  1.96  diag=+0.991  mix=[cap:97/ref:114/nl:109]  β=0.052  α_t=0.054  (4179s)
step  4740  L_grcl=  1.85  L_cov= 0.35  L_cons=0.000  L_tot=  1.96  diag=+0.992  mix=[cap:105/ref:98/nl:117]  β=0.052  α_t=0.054  (4196s)
step  4760  L_grcl=  1.90  L_cov= 0.35  L_cons=0.000  L_tot=  2.00  diag=+0.992  mix=[cap:108/ref:114/nl:98]  β=0.052  α_t=0.054  (4213s)
step  4780  L_grcl=  1.82  L_cov= 0.32  L_cons=0.000  L_tot=  1.92  diag=+0.991  mix=[cap:102/ref:118/nl:100]  β=0.052  α_t=0.054  (4231s)
step  4800  L_grcl=  1.78  L_cov= 0.32  L_cons=0.000  L_tot=  1.88  diag=+0.991  mix=[cap:101/ref:111/nl:108]  β=0.052  α_t=0.054  (4248s)
step  4820  L_grcl=  1.78  L_cov= 0.33  L_cons=0.000  L_tot=  1.88  diag=+0.990  mix=[cap:121/ref:97/nl:102]  β=0.052  α_t=0.054  (4265s)
step  4840  L_grcl=  1.89  L_cov= 0.32  L_cons=0.000  L_tot=  1.99  diag=+0.990  mix=[cap:102/ref:109/nl:109]  β=0.053  α_t=0.054  (4283s)
step  4860  L_grcl=  1.87  L_cov= 0.33  L_cons=0.000  L_tot=  1.97  diag=+0.991  mix=[cap:99/ref:121/nl:100]  β=0.053  α_t=0.054  (4301s)
step  4880  L_grcl=  1.86  L_cov= 0.33  L_cons=0.000  L_tot=  1.96  diag=+0.991  mix=[cap:109/ref:108/nl:103]  β=0.053  α_t=0.054  (4319s)
step  4900  L_grcl=  1.86  L_cov= 0.33  L_cons=0.000  L_tot=  1.96  diag=+0.992  mix=[cap:114/ref:114/nl:92]  β=0.053  α_t=0.054  (4336s)
step  4920  L_grcl=  1.85  L_cov= 0.34  L_cons=0.000  L_tot=  1.96  diag=+0.991  mix=[cap:114/ref:108/nl:98]  β=0.053  α_t=0.054  (4353s)
step  4940  L_grcl=  1.79  L_cov= 0.32  L_cons=0.000  L_tot=  1.89  diag=+0.991  mix=[cap:114/ref:104/nl:102]  β=0.053  α_t=0.054  (4371s)
step  4960  L_grcl=  1.88  L_cov= 0.32  L_cons=0.000  L_tot=  1.97  diag=+0.991  mix=[cap:116/ref:114/nl:90]  β=0.053  α_t=0.054  (4388s)
step  4980  L_grcl=  1.82  L_cov= 0.33  L_cons=0.000  L_tot=  1.92  diag=+0.991  mix=[cap:106/ref:96/nl:118]  β=0.053  α_t=0.054  (4405s)
step  5000  L_grcl=  1.85  L_cov= 0.32  L_cons=0.000  L_tot=  1.95  diag=+0.991  mix=[cap:102/ref:117/nl:101]  β=0.053  α_t=0.054  (4423s)

  [eval @ step 5000] held-out test-A...
    cap-fig cos: +0.9952  (Δ +0.8805)
    R@1/5/10: 15.5% / 57.5% / 80.0%  (Δ +15.5 / +57.5 / +80.0)

step  5020  L_grcl=  1.82  L_cov= 0.32  L_cons=0.000  L_tot=  1.91  diag=+0.990  mix=[cap:117/ref:95/nl:108]  β=0.053  α_t=0.054  (4452s)
step  5040  L_grcl=  1.89  L_cov= 0.34  L_cons=0.000  L_tot=  2.00  diag=+0.990  mix=[cap:78/ref:118/nl:124]  β=0.053  α_t=0.054  (4469s)
step  5060  L_grcl=  1.79  L_cov= 0.34  L_cons=0.000  L_tot=  1.89  diag=+0.991  mix=[cap:115/ref:100/nl:105]  β=0.053  α_t=0.054  (4487s)
step  5080  L_grcl=  1.84  L_cov= 0.33  L_cons=0.000  L_tot=  1.94  diag=+0.990  mix=[cap:88/ref:125/nl:107]  β=0.053  α_t=0.054  (4504s)
step  5100  L_grcl=  1.77  L_cov= 0.31  L_cons=0.000  L_tot=  1.87  diag=+0.990  mix=[cap:105/ref:106/nl:109]  β=0.053  α_t=0.054  (4521s)
step  5120  L_grcl=  1.86  L_cov= 0.33  L_cons=0.000  L_tot=  1.96  diag=+0.990  mix=[cap:104/ref:113/nl:103]  β=0.053  α_t=0.054  (4538s)
step  5140  L_grcl=  1.77  L_cov= 0.31  L_cons=0.000  L_tot=  1.86  diag=+0.991  mix=[cap:125/ref:105/nl:90]  β=0.053  α_t=0.054  (4556s)
step  5160  L_grcl=  1.79  L_cov= 0.32  L_cons=0.000  L_tot=  1.89  diag=+0.990  mix=[cap:111/ref:102/nl:107]  β=0.053  α_t=0.054  (4573s)
step  5180  L_grcl=  1.85  L_cov= 0.32  L_cons=0.000  L_tot=  1.95  diag=+0.990  mix=[cap:101/ref:116/nl:103]  β=0.053  α_t=0.054  (4591s)
step  5200  L_grcl=  1.84  L_cov= 0.32  L_cons=0.000  L_tot=  1.94  diag=+0.992  mix=[cap:114/ref:110/nl:96]  β=0.053  α_t=0.054  (4608s)
step  5220  L_grcl=  1.85  L_cov= 0.33  L_cons=0.000  L_tot=  1.95  diag=+0.991  mix=[cap:104/ref:110/nl:106]  β=0.053  α_t=0.054  (4626s)
step  5240  L_grcl=  1.80  L_cov= 0.32  L_cons=0.000  L_tot=  1.90  diag=+0.991  mix=[cap:112/ref:118/nl:90]  β=0.053  α_t=0.054  (4643s)
step  5260  L_grcl=  1.81  L_cov= 0.33  L_cons=0.000  L_tot=  1.91  diag=+0.992  mix=[cap:109/ref:120/nl:91]  β=0.053  α_t=0.054  (4660s)
step  5280  L_grcl=  1.84  L_cov= 0.32  L_cons=0.000  L_tot=  1.93  diag=+0.989  mix=[cap:107/ref:103/nl:110]  β=0.053  α_t=0.054  (4677s)
step  5300  L_grcl=  1.79  L_cov= 0.32  L_cons=0.000  L_tot=  1.89  diag=+0.989  mix=[cap:124/ref:86/nl:110]  β=0.053  α_t=0.054  (4694s)
step  5320  L_grcl=  1.82  L_cov= 0.32  L_cons=0.000  L_tot=  1.92  diag=+0.992  mix=[cap:107/ref:118/nl:95]  β=0.053  α_t=0.054  (4712s)
step  5340  L_grcl=  1.79  L_cov= 0.34  L_cons=0.000  L_tot=  1.89  diag=+0.990  mix=[cap:117/ref:95/nl:108]  β=0.053  α_t=0.054  (4730s)
step  5360  L_grcl=  1.79  L_cov= 0.31  L_cons=0.000  L_tot=  1.89  diag=+0.990  mix=[cap:124/ref:102/nl:94]  β=0.053  α_t=0.054  (4747s)
step  5380  L_grcl=  1.76  L_cov= 0.31  L_cons=0.000  L_tot=  1.85  diag=+0.992  mix=[cap:127/ref:109/nl:84]  β=0.053  α_t=0.054  (4764s)
step  5400  L_grcl=  1.82  L_cov= 0.33  L_cons=0.000  L_tot=  1.92  diag=+0.991  mix=[cap:99/ref:113/nl:108]  β=0.053  α_t=0.054  (4781s)
step  5420  L_grcl=  1.80  L_cov= 0.32  L_cons=0.000  L_tot=  1.89  diag=+0.990  mix=[cap:102/ref:90/nl:128]  β=0.053  α_t=0.054  (4798s)
step  5440  L_grcl=  1.84  L_cov= 0.31  L_cons=0.000  L_tot=  1.93  diag=+0.989  mix=[cap:93/ref:117/nl:110]  β=0.053  α_t=0.054  (4815s)
step  5460  L_grcl=  1.80  L_cov= 0.33  L_cons=0.000  L_tot=  1.90  diag=+0.990  mix=[cap:106/ref:115/nl:99]  β=0.054  α_t=0.054  (4833s)
step  5480  L_grcl=  1.76  L_cov= 0.32  L_cons=0.000  L_tot=  1.85  diag=+0.990  mix=[cap:106/ref:99/nl:115]  β=0.054  α_t=0.054  (4850s)
step  5500  L_grcl=  1.81  L_cov= 0.31  L_cons=0.000  L_tot=  1.90  diag=+0.992  mix=[cap:125/ref:112/nl:83]  β=0.054  α_t=0.054  (4867s)

  [eval @ step 5500] held-out test-A...
    cap-fig cos: +0.9949  (Δ +0.8801)
    R@1/5/10: 16.0% / 61.0% / 85.0%  (Δ +16.0 / +61.0 / +85.0)
    [ckpt saved @ step 5500 R@10=85.0%]

step  5520  L_grcl=  1.81  L_cov= 0.31  L_cons=0.000  L_tot=  1.90  diag=+0.990  mix=[cap:104/ref:109/nl:107]  β=0.054  α_t=0.054  (4905s)
step  5540  L_grcl=  1.84  L_cov= 0.34  L_cons=0.000  L_tot=  1.95  diag=+0.992  mix=[cap:100/ref:103/nl:117]  β=0.054  α_t=0.054  (4922s)
step  5560  L_grcl=  1.86  L_cov= 0.33  L_cons=0.000  L_tot=  1.96  diag=+0.991  mix=[cap:124/ref:102/nl:94]  β=0.054  α_t=0.054  (4938s)
step  5580  L_grcl=  1.79  L_cov= 0.31  L_cons=0.000  L_tot=  1.88  diag=+0.991  mix=[cap:104/ref:114/nl:102]  β=0.054  α_t=0.055  (4955s)
step  5600  L_grcl=  1.83  L_cov= 0.31  L_cons=0.000  L_tot=  1.93  diag=+0.990  mix=[cap:102/ref:115/nl:103]  β=0.054  α_t=0.055  (4972s)
step  5620  L_grcl=  1.78  L_cov= 0.31  L_cons=0.000  L_tot=  1.87  diag=+0.990  mix=[cap:88/ref:125/nl:107]  β=0.054  α_t=0.055  (4988s)
step  5640  L_grcl=  1.74  L_cov= 0.32  L_cons=0.000  L_tot=  1.84  diag=+0.990  mix=[cap:119/ref:103/nl:98]  β=0.054  α_t=0.055  (5005s)
step  5660  L_grcl=  1.78  L_cov= 0.30  L_cons=0.000  L_tot=  1.87  diag=+0.990  mix=[cap:105/ref:112/nl:103]  β=0.054  α_t=0.055  (5022s)
step  5680  L_grcl=  1.82  L_cov= 0.32  L_cons=0.000  L_tot=  1.92  diag=+0.990  mix=[cap:94/ref:123/nl:103]  β=0.054  α_t=0.055  (5039s)
step  5700  L_grcl=  1.78  L_cov= 0.32  L_cons=0.000  L_tot=  1.87  diag=+0.990  mix=[cap:112/ref:104/nl:104]  β=0.054  α_t=0.055  (5056s)
step  5720  L_grcl=  1.85  L_cov= 0.33  L_cons=0.000  L_tot=  1.95  diag=+0.989  mix=[cap:106/ref:108/nl:106]  β=0.054  α_t=0.055  (5073s)
step  5740  L_grcl=  1.79  L_cov= 0.31  L_cons=0.000  L_tot=  1.89  diag=+0.989  mix=[cap:111/ref:100/nl:109]  β=0.054  α_t=0.055  (5090s)
step  5760  L_grcl=  1.81  L_cov= 0.33  L_cons=0.000  L_tot=  1.91  diag=+0.988  mix=[cap:90/ref:113/nl:117]  β=0.054  α_t=0.055  (5107s)
step  5780  L_grcl=  1.81  L_cov= 0.30  L_cons=0.000  L_tot=  1.90  diag=+0.990  mix=[cap:109/ref:102/nl:109]  β=0.054  α_t=0.055  (5124s)
step  5800  L_grcl=  1.77  L_cov= 0.32  L_cons=0.000  L_tot=  1.87  diag=+0.989  mix=[cap:116/ref:98/nl:106]  β=0.054  α_t=0.055  (5142s)
step  5820  L_grcl=  1.78  L_cov= 0.32  L_cons=0.000  L_tot=  1.88  diag=+0.988  mix=[cap:101/ref:114/nl:105]  β=0.054  α_t=0.055  (5159s)
step  5840  L_grcl=  1.82  L_cov= 0.31  L_cons=0.000  L_tot=  1.92  diag=+0.989  mix=[cap:113/ref:101/nl:106]  β=0.054  α_t=0.055  (5176s)
step  5860  L_grcl=  1.82  L_cov= 0.32  L_cons=0.000  L_tot=  1.92  diag=+0.990  mix=[cap:103/ref:122/nl:95]  β=0.054  α_t=0.055  (5194s)
step  5880  L_grcl=  1.83  L_cov= 0.32  L_cons=0.000  L_tot=  1.93  diag=+0.990  mix=[cap:102/ref:119/nl:99]  β=0.054  α_t=0.055  (5211s)
step  5900  L_grcl=  1.83  L_cov= 0.33  L_cons=0.000  L_tot=  1.93  diag=+0.990  mix=[cap:101/ref:109/nl:110]  β=0.054  α_t=0.055  (5228s)
step  5920  L_grcl=  1.79  L_cov= 0.31  L_cons=0.000  L_tot=  1.89  diag=+0.991  mix=[cap:116/ref:112/nl:92]  β=0.054  α_t=0.055  (5245s)
step  5940  L_grcl=  1.78  L_cov= 0.32  L_cons=0.000  L_tot=  1.88  diag=+0.991  mix=[cap:109/ref:109/nl:102]  β=0.054  α_t=0.055  (5262s)
step  5960  L_grcl=  1.73  L_cov= 0.29  L_cons=0.000  L_tot=  1.82  diag=+0.989  mix=[cap:106/ref:107/nl:107]  β=0.054  α_t=0.055  (5279s)
step  5980  L_grcl=  1.80  L_cov= 0.32  L_cons=0.000  L_tot=  1.90  diag=+0.988  mix=[cap:105/ref:121/nl:94]  β=0.054  α_t=0.055  (5297s)
step  6000  L_grcl=  1.83  L_cov= 0.31  L_cons=0.000  L_tot=  1.92  diag=+0.990  mix=[cap:99/ref:111/nl:110]  β=0.054  α_t=0.055  (5314s)

  [eval @ step 6000] held-out test-A...
    cap-fig cos: +0.9949  (Δ +0.8802)
    R@1/5/10: 15.0% / 69.0% / 88.5%  (Δ +15.0 / +69.0 / +88.5)
    [ckpt saved @ step 6000 R@10=88.5%]

step  6020  L_grcl=  1.78  L_cov= 0.31  L_cons=0.000  L_tot=  1.88  diag=+0.991  mix=[cap:105/ref:115/nl:100]  β=0.054  α_t=0.055  (5352s)
step  6040  L_grcl=  1.79  L_cov= 0.31  L_cons=0.000  L_tot=  1.89  diag=+0.990  mix=[cap:94/ref:108/nl:118]  β=0.054  α_t=0.055  (5369s)
step  6060  L_grcl=  1.83  L_cov= 0.33  L_cons=0.000  L_tot=  1.93  diag=+0.992  mix=[cap:102/ref:117/nl:101]  β=0.054  α_t=0.055  (5386s)
step  6080  L_grcl=  1.78  L_cov= 0.32  L_cons=0.000  L_tot=  1.87  diag=+0.991  mix=[cap:116/ref:103/nl:101]  β=0.055  α_t=0.055  (5403s)
step  6100  L_grcl=  1.82  L_cov= 0.30  L_cons=0.000  L_tot=  1.91  diag=+0.989  mix=[cap:100/ref:115/nl:105]  β=0.055  α_t=0.055  (5420s)
step  6120  L_grcl=  1.83  L_cov= 0.32  L_cons=0.000  L_tot=  1.93  diag=+0.992  mix=[cap:107/ref:99/nl:114]  β=0.055  α_t=0.055  (5437s)
step  6140  L_grcl=  1.82  L_cov= 0.33  L_cons=0.000  L_tot=  1.92  diag=+0.991  mix=[cap:100/ref:109/nl:111]  β=0.055  α_t=0.055  (5454s)
step  6160  L_grcl=  1.86  L_cov= 0.34  L_cons=0.000  L_tot=  1.97  diag=+0.990  mix=[cap:100/ref:113/nl:107]  β=0.055  α_t=0.055  (5472s)
step  6180  L_grcl=  1.80  L_cov= 0.31  L_cons=0.000  L_tot=  1.89  diag=+0.989  mix=[cap:104/ref:114/nl:102]  β=0.055  α_t=0.055  (5489s)
step  6200  L_grcl=  1.83  L_cov= 0.33  L_cons=0.000  L_tot=  1.92  diag=+0.989  mix=[cap:97/ref:119/nl:104]  β=0.055  α_t=0.055  (5506s)
step  6220  L_grcl=  1.82  L_cov= 0.31  L_cons=0.000  L_tot=  1.92  diag=+0.990  mix=[cap:117/ref:112/nl:91]  β=0.055  α_t=0.055  (5524s)
step  6240  L_grcl=  1.79  L_cov= 0.32  L_cons=0.000  L_tot=  1.89  diag=+0.990  mix=[cap:105/ref:107/nl:108]  β=0.055  α_t=0.055  (5541s)
step  6260  L_grcl=  1.80  L_cov= 0.31  L_cons=0.000  L_tot=  1.89  diag=+0.989  mix=[cap:108/ref:115/nl:97]  β=0.055  α_t=0.055  (5558s)
step  6280  L_grcl=  1.86  L_cov= 0.33  L_cons=0.000  L_tot=  1.96  diag=+0.989  mix=[cap:114/ref:110/nl:96]  β=0.055  α_t=0.055  (5575s)
step  6300  L_grcl=  1.84  L_cov= 0.34  L_cons=0.000  L_tot=  1.94  diag=+0.990  mix=[cap:99/ref:109/nl:112]  β=0.055  α_t=0.055  (5593s)
step  6320  L_grcl=  1.80  L_cov= 0.30  L_cons=0.000  L_tot=  1.89  diag=+0.990  mix=[cap:127/ref:97/nl:96]  β=0.055  α_t=0.055  (5610s)
step  6340  L_grcl=  1.81  L_cov= 0.32  L_cons=0.000  L_tot=  1.90  diag=+0.991  mix=[cap:110/ref:117/nl:93]  β=0.055  α_t=0.055  (5627s)
step  6360  L_grcl=  1.81  L_cov= 0.32  L_cons=0.000  L_tot=  1.91  diag=+0.990  mix=[cap:111/ref:105/nl:104]  β=0.055  α_t=0.055  (5644s)
step  6380  L_grcl=  1.82  L_cov= 0.32  L_cons=0.000  L_tot=  1.92  diag=+0.991  mix=[cap:101/ref:112/nl:107]  β=0.055  α_t=0.055  (5661s)
step  6400  L_grcl=  1.80  L_cov= 0.31  L_cons=0.000  L_tot=  1.89  diag=+0.990  mix=[cap:103/ref:107/nl:110]  β=0.055  α_t=0.055  (5679s)
step  6420  L_grcl=  1.77  L_cov= 0.31  L_cons=0.000  L_tot=  1.86  diag=+0.989  mix=[cap:97/ref:111/nl:112]  β=0.055  α_t=0.055  (5696s)
step  6440  L_grcl=  1.77  L_cov= 0.32  L_cons=0.000  L_tot=  1.86  diag=+0.989  mix=[cap:102/ref:118/nl:100]  β=0.055  α_t=0.055  (5713s)
step  6460  L_grcl=  1.83  L_cov= 0.32  L_cons=0.000  L_tot=  1.92  diag=+0.989  mix=[cap:103/ref:117/nl:100]  β=0.055  α_t=0.055  (5731s)
step  6480  L_grcl=  1.81  L_cov= 0.32  L_cons=0.000  L_tot=  1.90  diag=+0.990  mix=[cap:109/ref:112/nl:99]  β=0.055  α_t=0.055  (5748s)
step  6500  L_grcl=  1.77  L_cov= 0.31  L_cons=0.000  L_tot=  1.86  diag=+0.989  mix=[cap:91/ref:124/nl:105]  β=0.055  α_t=0.055  (5766s)

  [eval @ step 6500] held-out test-A...
    cap-fig cos: +0.9947  (Δ +0.8800)
    R@1/5/10: 13.0% / 57.0% / 82.5%  (Δ +13.0 / +57.0 / +82.5)

step  6520  L_grcl=  1.72  L_cov= 0.30  L_cons=0.000  L_tot=  1.81  diag=+0.988  mix=[cap:98/ref:118/nl:104]  β=0.055  α_t=0.055  (5795s)
step  6540  L_grcl=  1.77  L_cov= 0.32  L_cons=0.000  L_tot=  1.87  diag=+0.990  mix=[cap:109/ref:111/nl:100]  β=0.055  α_t=0.056  (5812s)
step  6560  L_grcl=  1.76  L_cov= 0.30  L_cons=0.000  L_tot=  1.85  diag=+0.990  mix=[cap:115/ref:114/nl:91]  β=0.055  α_t=0.056  (5829s)
step  6580  L_grcl=  1.78  L_cov= 0.31  L_cons=0.000  L_tot=  1.88  diag=+0.990  mix=[cap:98/ref:115/nl:107]  β=0.055  α_t=0.056  (5846s)
step  6600  L_grcl=  1.77  L_cov= 0.32  L_cons=0.000  L_tot=  1.87  diag=+0.990  mix=[cap:112/ref:111/nl:97]  β=0.055  α_t=0.056  (5864s)
step  6620  L_grcl=  1.83  L_cov= 0.30  L_cons=0.000  L_tot=  1.92  diag=+0.990  mix=[cap:99/ref:107/nl:114]  β=0.055  α_t=0.056  (5881s)
step  6640  L_grcl=  1.79  L_cov= 0.32  L_cons=0.000  L_tot=  1.89  diag=+0.989  mix=[cap:103/ref:114/nl:103]  β=0.055  α_t=0.056  (5898s)
step  6660  L_grcl=  1.82  L_cov= 0.32  L_cons=0.000  L_tot=  1.92  diag=+0.991  mix=[cap:101/ref:107/nl:112]  β=0.055  α_t=0.056  (5916s)
step  6680  L_grcl=  1.79  L_cov= 0.32  L_cons=0.000  L_tot=  1.89  diag=+0.990  mix=[cap:88/ref:113/nl:119]  β=0.055  α_t=0.056  (5933s)
step  6700  L_grcl=  1.77  L_cov= 0.31  L_cons=0.000  L_tot=  1.87  diag=+0.988  mix=[cap:99/ref:114/nl:107]  β=0.056  α_t=0.056  (5950s)
step  6720  L_grcl=  1.75  L_cov= 0.30  L_cons=0.000  L_tot=  1.84  diag=+0.989  mix=[cap:101/ref:114/nl:105]  β=0.056  α_t=0.056  (5967s)
step  6740  L_grcl=  1.81  L_cov= 0.31  L_cons=0.000  L_tot=  1.90  diag=+0.987  mix=[cap:94/ref:112/nl:114]  β=0.056  α_t=0.056  (5984s)
step  6760  L_grcl=  1.79  L_cov= 0.32  L_cons=0.000  L_tot=  1.89  diag=+0.989  mix=[cap:110/ref:111/nl:99]  β=0.056  α_t=0.056  (6002s)
step  6780  L_grcl=  1.80  L_cov= 0.32  L_cons=0.000  L_tot=  1.90  diag=+0.990  mix=[cap:102/ref:120/nl:98]  β=0.056  α_t=0.056  (6019s)
step  6800  L_grcl=  1.77  L_cov= 0.32  L_cons=0.000  L_tot=  1.87  diag=+0.989  mix=[cap:110/ref:105/nl:105]  β=0.056  α_t=0.056  (6036s)
step  6820  L_grcl=  1.84  L_cov= 0.31  L_cons=0.000  L_tot=  1.94  diag=+0.988  mix=[cap:99/ref:109/nl:112]  β=0.056  α_t=0.056  (6053s)
step  6840  L_grcl=  1.78  L_cov= 0.31  L_cons=0.000  L_tot=  1.88  diag=+0.990  mix=[cap:109/ref:109/nl:102]  β=0.056  α_t=0.056  (6071s)
step  6860  L_grcl=  1.78  L_cov= 0.31  L_cons=0.000  L_tot=  1.88  diag=+0.987  mix=[cap:91/ref:114/nl:115]  β=0.056  α_t=0.056  (6088s)
step  6880  L_grcl=  1.77  L_cov= 0.30  L_cons=0.000  L_tot=  1.86  diag=+0.990  mix=[cap:111/ref:113/nl:96]  β=0.056  α_t=0.056  (6105s)
step  6900  L_grcl=  1.79  L_cov= 0.32  L_cons=0.000  L_tot=  1.89  diag=+0.989  mix=[cap:102/ref:99/nl:119]  β=0.056  α_t=0.056  (6122s)
step  6920  L_grcl=  1.78  L_cov= 0.31  L_cons=0.000  L_tot=  1.87  diag=+0.989  mix=[cap:119/ref:94/nl:107]  β=0.056  α_t=0.056  (6140s)
step  6940  L_grcl=  1.80  L_cov= 0.31  L_cons=0.000  L_tot=  1.89  diag=+0.990  mix=[cap:109/ref:119/nl:92]  β=0.056  α_t=0.056  (6157s)
step  6960  L_grcl=  1.75  L_cov= 0.30  L_cons=0.000  L_tot=  1.84  diag=+0.989  mix=[cap:116/ref:103/nl:101]  β=0.056  α_t=0.056  (6175s)
step  6980  L_grcl=  1.77  L_cov= 0.30  L_cons=0.000  L_tot=  1.86  diag=+0.989  mix=[cap:102/ref:111/nl:107]  β=0.056  α_t=0.056  (6192s)
step  7000  L_grcl=  1.79  L_cov= 0.32  L_cons=0.000  L_tot=  1.88  diag=+0.990  mix=[cap:110/ref:100/nl:110]  β=0.056  α_t=0.056  (6209s)

  [eval @ step 7000] held-out test-A...
    cap-fig cos: +0.9949  (Δ +0.8802)
    R@1/5/10: 20.0% / 65.5% / 86.5%  (Δ +20.0 / +65.5 / +86.5)

step  7020  L_grcl=  1.78  L_cov= 0.32  L_cons=0.000  L_tot=  1.88  diag=+0.990  mix=[cap:98/ref:110/nl:112]  β=0.056  α_t=0.056  (6238s)
step  7040  L_grcl=  1.74  L_cov= 0.30  L_cons=0.000  L_tot=  1.83  diag=+0.990  mix=[cap:111/ref:103/nl:106]  β=0.056  α_t=0.056  (6255s)
step  7060  L_grcl=  1.89  L_cov= 0.30  L_cons=0.000  L_tot=  1.98  diag=+0.988  mix=[cap:96/ref:112/nl:112]  β=0.056  α_t=0.056  (6273s)
step  7080  L_grcl=  1.79  L_cov= 0.32  L_cons=0.000  L_tot=  1.88  diag=+0.991  mix=[cap:108/ref:110/nl:102]  β=0.056  α_t=0.056  (6290s)
step  7100  L_grcl=  1.79  L_cov= 0.31  L_cons=0.000  L_tot=  1.88  diag=+0.988  mix=[cap:97/ref:103/nl:120]  β=0.056  α_t=0.056  (6307s)
step  7120  L_grcl=  1.76  L_cov= 0.30  L_cons=0.000  L_tot=  1.86  diag=+0.990  mix=[cap:100/ref:119/nl:101]  β=0.056  α_t=0.056  (6324s)
step  7140  L_grcl=  1.79  L_cov= 0.31  L_cons=0.000  L_tot=  1.89  diag=+0.988  mix=[cap:111/ref:100/nl:109]  β=0.056  α_t=0.056  (6342s)
step  7160  L_grcl=  1.78  L_cov= 0.30  L_cons=0.000  L_tot=  1.88  diag=+0.989  mix=[cap:108/ref:118/nl:94]  β=0.056  α_t=0.056  (6359s)
step  7180  L_grcl=  1.74  L_cov= 0.30  L_cons=0.000  L_tot=  1.83  diag=+0.990  mix=[cap:115/ref:104/nl:101]  β=0.056  α_t=0.056  (6376s)
step  7200  L_grcl=  1.77  L_cov= 0.31  L_cons=0.000  L_tot=  1.86  diag=+0.989  mix=[cap:105/ref:106/nl:109]  β=0.056  α_t=0.056  (6393s)
step  7220  L_grcl=  1.81  L_cov= 0.32  L_cons=0.000  L_tot=  1.91  diag=+0.990  mix=[cap:116/ref:100/nl:104]  β=0.056  α_t=0.056  (6411s)
step  7240  L_grcl=  1.75  L_cov= 0.31  L_cons=0.000  L_tot=  1.85  diag=+0.990  mix=[cap:114/ref:106/nl:100]  β=0.056  α_t=0.056  (6428s)
step  7260  L_grcl=  1.78  L_cov= 0.31  L_cons=0.000  L_tot=  1.87  diag=+0.989  mix=[cap:101/ref:101/nl:118]  β=0.056  α_t=0.056  (6445s)
step  7280  L_grcl=  1.71  L_cov= 0.31  L_cons=0.000  L_tot=  1.80  diag=+0.989  mix=[cap:117/ref:94/nl:109]  β=0.056  α_t=0.056  (6462s)
step  7300  L_grcl=  1.80  L_cov= 0.32  L_cons=0.000  L_tot=  1.89  diag=+0.989  mix=[cap:107/ref:120/nl:93]  β=0.057  α_t=0.056  (6480s)
step  7320  L_grcl=  1.80  L_cov= 0.31  L_cons=0.000  L_tot=  1.90  diag=+0.991  mix=[cap:106/ref:103/nl:111]  β=0.057  α_t=0.056  (6500s)
step  7340  L_grcl=  1.76  L_cov= 0.30  L_cons=0.000  L_tot=  1.85  diag=+0.989  mix=[cap:109/ref:110/nl:101]  β=0.057  α_t=0.056  (6516s)
step  7360  L_grcl=  1.78  L_cov= 0.31  L_cons=0.000  L_tot=  1.88  diag=+0.990  mix=[cap:104/ref:115/nl:101]  β=0.057  α_t=0.056  (6533s)
step  7380  L_grcl=  1.80  L_cov= 0.32  L_cons=0.000  L_tot=  1.90  diag=+0.990  mix=[cap:106/ref:104/nl:110]  β=0.057  α_t=0.056  (6550s)
step  7400  L_grcl=  1.79  L_cov= 0.32  L_cons=0.000  L_tot=  1.88  diag=+0.990  mix=[cap:99/ref:97/nl:124]  β=0.057  α_t=0.056  (6566s)
step  7420  L_grcl=  1.81  L_cov= 0.30  L_cons=0.000  L_tot=  1.90  diag=+0.988  mix=[cap:89/ref:114/nl:117]  β=0.057  α_t=0.056  (6583s)
step  7440  L_grcl=  1.75  L_cov= 0.30  L_cons=0.000  L_tot=  1.85  diag=+0.989  mix=[cap:116/ref:103/nl:101]  β=0.057  α_t=0.056  (6600s)
step  7460  L_grcl=  1.81  L_cov= 0.32  L_cons=0.000  L_tot=  1.91  diag=+0.990  mix=[cap:100/ref:108/nl:112]  β=0.057  α_t=0.056  (6617s)
step  7480  L_grcl=  1.71  L_cov= 0.30  L_cons=0.000  L_tot=  1.80  diag=+0.988  mix=[cap:110/ref:117/nl:93]  β=0.057  α_t=0.057  (6635s)
step  7500  L_grcl=  1.74  L_cov= 0.30  L_cons=0.000  L_tot=  1.83  diag=+0.987  mix=[cap:115/ref:111/nl:94]  β=0.057  α_t=0.057  (6652s)

  [eval @ step 7500] held-out test-A...
    cap-fig cos: +0.9943  (Δ +0.8796)
    R@1/5/10: 16.0% / 61.5% / 86.5%  (Δ +16.0 / +61.5 / +86.5)

step  7520  L_grcl=  1.75  L_cov= 0.29  L_cons=0.000  L_tot=  1.84  diag=+0.990  mix=[cap:113/ref:102/nl:105]  β=0.057  α_t=0.057  (6680s)
step  7540  L_grcl=  1.81  L_cov= 0.32  L_cons=0.000  L_tot=  1.90  diag=+0.990  mix=[cap:120/ref:110/nl:90]  β=0.057  α_t=0.057  (6698s)
step  7560  L_grcl=  1.81  L_cov= 0.31  L_cons=0.000  L_tot=  1.90  diag=+0.989  mix=[cap:101/ref:115/nl:104]  β=0.057  α_t=0.057  (6716s)
step  7580  L_grcl=  1.78  L_cov= 0.32  L_cons=0.000  L_tot=  1.87  diag=+0.989  mix=[cap:114/ref:102/nl:104]  β=0.057  α_t=0.057  (6733s)
step  7600  L_grcl=  1.77  L_cov= 0.31  L_cons=0.000  L_tot=  1.86  diag=+0.988  mix=[cap:108/ref:103/nl:109]  β=0.057  α_t=0.057  (6750s)
step  7620  L_grcl=  1.75  L_cov= 0.30  L_cons=0.000  L_tot=  1.84  diag=+0.989  mix=[cap:117/ref:97/nl:106]  β=0.057  α_t=0.057  (6767s)
step  7640  L_grcl=  1.77  L_cov= 0.32  L_cons=0.000  L_tot=  1.86  diag=+0.989  mix=[cap:104/ref:107/nl:109]  β=0.057  α_t=0.057  (6785s)
step  7660  L_grcl=  1.77  L_cov= 0.31  L_cons=0.000  L_tot=  1.86  diag=+0.990  mix=[cap:107/ref:109/nl:104]  β=0.057  α_t=0.057  (6802s)
step  7680  L_grcl=  1.82  L_cov= 0.31  L_cons=0.000  L_tot=  1.92  diag=+0.989  mix=[cap:97/ref:106/nl:117]  β=0.057  α_t=0.057  (6819s)
step  7700  L_grcl=  1.79  L_cov= 0.31  L_cons=0.000  L_tot=  1.88  diag=+0.991  mix=[cap:122/ref:112/nl:86]  β=0.057  α_t=0.057  (6837s)
step  7720  L_grcl=  1.78  L_cov= 0.30  L_cons=0.000  L_tot=  1.87  diag=+0.989  mix=[cap:93/ref:101/nl:126]  β=0.057  α_t=0.057  (6854s)
step  7740  L_grcl=  1.81  L_cov= 0.31  L_cons=0.000  L_tot=  1.91  diag=+0.988  mix=[cap:99/ref:111/nl:110]  β=0.057  α_t=0.057  (6871s)
step  7760  L_grcl=  1.73  L_cov= 0.32  L_cons=0.000  L_tot=  1.82  diag=+0.989  mix=[cap:111/ref:103/nl:106]  β=0.057  α_t=0.057  (6888s)
step  7780  L_grcl=  1.75  L_cov= 0.31  L_cons=0.000  L_tot=  1.84  diag=+0.990  mix=[cap:130/ref:93/nl:97]  β=0.057  α_t=0.057  (6906s)
step  7800  L_grcl=  1.74  L_cov= 0.30  L_cons=0.000  L_tot=  1.83  diag=+0.989  mix=[cap:118/ref:113/nl:89]  β=0.057  α_t=0.057  (6924s)
step  7820  L_grcl=  1.79  L_cov= 0.32  L_cons=0.000  L_tot=  1.89  diag=+0.989  mix=[cap:100/ref:109/nl:111]  β=0.057  α_t=0.057  (6941s)
step  7840  L_grcl=  1.73  L_cov= 0.29  L_cons=0.000  L_tot=  1.82  diag=+0.990  mix=[cap:125/ref:97/nl:98]  β=0.057  α_t=0.057  (6958s)
step  7860  L_grcl=  1.77  L_cov= 0.30  L_cons=0.000  L_tot=  1.86  diag=+0.989  mix=[cap:108/ref:110/nl:102]  β=0.058  α_t=0.057  (6975s)
step  7880  L_grcl=  1.73  L_cov= 0.29  L_cons=0.000  L_tot=  1.81  diag=+0.989  mix=[cap:108/ref:105/nl:107]  β=0.058  α_t=0.057  (6992s)
step  7900  L_grcl=  1.77  L_cov= 0.31  L_cons=0.000  L_tot=  1.86  diag=+0.990  mix=[cap:109/ref:105/nl:106]  β=0.058  α_t=0.057  (7010s)
step  7920  L_grcl=  1.79  L_cov= 0.31  L_cons=0.000  L_tot=  1.88  diag=+0.990  mix=[cap:107/ref:119/nl:94]  β=0.058  α_t=0.057  (7027s)
step  7940  L_grcl=  1.75  L_cov= 0.30  L_cons=0.000  L_tot=  1.84  diag=+0.988  mix=[cap:103/ref:104/nl:113]  β=0.058  α_t=0.057  (7044s)
step  7960  L_grcl=  1.78  L_cov= 0.31  L_cons=0.000  L_tot=  1.87  diag=+0.988  mix=[cap:100/ref:116/nl:104]  β=0.058  α_t=0.057  (7062s)
step  7980  L_grcl=  1.77  L_cov= 0.31  L_cons=0.000  L_tot=  1.87  diag=+0.988  mix=[cap:102/ref:121/nl:97]  β=0.058  α_t=0.057  (7079s)
step  8000  L_grcl=  1.79  L_cov= 0.30  L_cons=0.000  L_tot=  1.88  diag=+0.988  mix=[cap:100/ref:113/nl:107]  β=0.058  α_t=0.057  (7097s)

  [eval @ step 8000] held-out test-A...
    cap-fig cos: +0.9951  (Δ +0.8804)
    R@1/5/10: 19.0% / 62.5% / 87.5%  (Δ +19.0 / +62.5 / +87.5)


[final] test-A:
  cap-fig cos: +0.9951  (init +0.1147, Δ +0.8804)
  R@1/5/10: 19.0% / 62.5% / 87.5%
  init R@1/5/10: 0.0% / 0.0% / 0.0%

saved → /home/work/dl/dl_project/eval/results/experiments/cons_01_cons_01/train.json
[main1:129076:0:129076] Caught signal 11 (Segmentation fault: address not mapped to object at address 0x7fdc24fadec0)
==== backtrace (tid: 129076) ====
 0  /opt/hpcx/ucx/lib/libucs.so.0(ucs_handle_error+0x2e4) [0x7fdc13306774]
 1  /opt/hpcx/ucx/lib/libucs.so.0(+0x3796a) [0x7fdc1330696a]
 2  /opt/hpcx/ucx/lib/libucs.so.0(+0x37ba8) [0x7fdc13306ba8]
 3  /usr/lib/x86_64-linux-gnu/libc.so.6(+0x45330) [0x7fdc25233330]
 4  /usr/lib/x86_64-linux-gnu/libnvidia-ml.so.575.51.03(+0x336c1) [0x7fdc1e8336c1]
 5  /usr/lib/x86_64-linux-gnu/libnvidia-ml.so.575.51.03(nvmlShutdown+0xe) [0x7fdc1e81cfae]
 6  /opt/kernel/libcudahook.ubuntu18.04.x86_64.so(+0xc3caf) [0x7fdc254c3caf]
 7  /opt/kernel/libcudahook.ubuntu18.04.x86_64.so(+0xc3d48) [0x7fdc254c3d48]
 8  /opt/kernel/libcudahook.ubuntu18.04.x86_64.so(+0xc3a2d) [0x7fdc254c3a2d]
 9  /lib64/ld-linux-x86-64.so.2(+0x10f2) [0x7fdc260180f2]
10  /lib64/ld-linux-x86-64.so.2(+0x5578) [0x7fdc2601c578]
11  /usr/lib/x86_64-linux-gnu/libc.so.6(+0x47a76) [0x7fdc25235a76]
12  /usr/lib/x86_64-linux-gnu/libc.so.6(+0x47bbe) [0x7fdc25235bbe]
13  /usr/lib/x86_64-linux-gnu/libc.so.6(+0x2a1d1) [0x7fdc252181d1]
14  /usr/lib/x86_64-linux-gnu/libc.so.6(__libc_start_main+0x8b) [0x7fdc2521828b]
15  /usr/bin/python(_start+0x25) [0x657ce5]
=================================
  training exited with code -11 but train.json + ckpt look complete — treating as success
  training done in 122.0 min

--- Evaluation ---
$ /usr/bin/python -m pipeline.eval_full --out /home/work/dl/dl_project/eval/results/experiments/cons_01_cons_01/eval.json --device cuda --ckpt ckpt/cons_01_cons_01.pt --lora_rank 8 --lora_alpha 16 --hf_id google/siglip2-base-patch16-224 --gpe_facets type,role,depth,pos --datasets spiqa_testA sciegqa mmdocir
device: cuda
[ElementTokenEncoder] loading google/siglip2-base-patch16-224
Using a slow image processor as `use_fast` is unset and a slow processor was saved with this model. `use_fast=True` will be the default behavior in v4.52, even if the model was saved with a slow processor. This will result in minor differences in outputs. You'll still be able to use a slow processor with `use_fast=False`.
[ElementTokenEncoder] LoRA r=8 α=16 targets=['q_proj', 'k_proj', 'v_proj', 'out_proj'] applied (d_text=768, d_vision=768, cls=False)
trainable params: 1,191,936 || all params: 376,379,906 || trainable%: 0.3167
[eval_full] loaded checkpoint: ckpt/cons_01_cons_01.pt

[eval] SPIQA test-A
  graph: 118 docs, elements: 9039, queries: 666
  [5/118 docs, 26/666 queries] 3s
  [10/118 docs, 59/666 queries] 5s
  [15/118 docs, 82/666 queries] 7s
  [20/118 docs, 105/666 queries] 9s
  [25/118 docs, 132/666 queries] 11s
  [30/118 docs, 161/666 queries] 13s
  [35/118 docs, 181/666 queries] 15s
  [40/118 docs, 217/666 queries] 18s
  [45/118 docs, 242/666 queries] 20s
  [50/118 docs, 269/666 queries] 22s
  [55/118 docs, 285/666 queries] 24s
  [60/118 docs, 313/666 queries] 26s
  [65/118 docs, 352/666 queries] 29s
  [70/118 docs, 396/666 queries] 33s
  [75/118 docs, 445/666 queries] 37s
  [80/118 docs, 481/666 queries] 39s
  [85/118 docs, 514/666 queries] 42s
  [90/118 docs, 535/666 queries] 44s
  [95/118 docs, 560/666 queries] 46s
  [100/118 docs, 590/666 queries] 48s
  [105/118 docs, 616/666 queries] 50s
  [110/118 docs, 640/666 queries] 52s
  [115/118 docs, 663/666 queries] 54s
  done in 55s

[eval] SciEGQA
  graph: 80 docs, elements: 29412, queries: 1623
  [5/80 docs, 108/1623 queries] 11s
  [10/80 docs, 218/1623 queries] 26s
  [15/80 docs, 325/1623 queries] 38s
  [20/80 docs, 427/1623 queries] 60s
  [25/80 docs, 532/1623 queries] 73s
  [30/80 docs, 630/1623 queries] 90s
  [35/80 docs, 733/1623 queries] 106s
  [40/80 docs, 818/1623 queries] 114s
  [45/80 docs, 927/1623 queries] 127s
  [50/80 docs, 1031/1623 queries] 139s
  [55/80 docs, 1102/1623 queries] 149s
  [60/80 docs, 1207/1623 queries] 160s
  [65/80 docs, 1314/1623 queries] 179s
  [70/80 docs, 1423/1623 queries] 197s
  [75/80 docs, 1513/1623 queries] 207s
  [80/80 docs, 1623/1623 queries] 223s
  done in 223s

[eval] MMDocIR
  graph: 75 docs, elements: 15032, queries: 389
  [5/75 docs, 31/389 queries] 5s
  [10/75 docs, 58/389 queries] 8s
  [15/75 docs, 87/389 queries] 14s
  [20/75 docs, 116/389 queries] 17s
  [25/75 docs, 137/389 queries] 20s
  [30/75 docs, 162/389 queries] 22s
  [35/75 docs, 187/389 queries] 24s
  [40/75 docs, 212/389 queries] 26s
  [45/75 docs, 243/389 queries] 28s
  [50/75 docs, 267/389 queries] 30s
  [55/75 docs, 288/389 queries] 32s
  [60/75 docs, 306/389 queries] 33s
  [65/75 docs, 332/389 queries] 35s
  [70/75 docs, 364/389 queries] 38s
  [75/75 docs, 389/389 queries] 40s
  done in 40s

saved → /home/work/dl/dl_project/eval/results/experiments/cons_01_cons_01/eval.json

=== Summary ===

SPIQA test-A:
  [no_prop] mrr=0.3512  recall@10=0.8574  hit@10=0.8574  coverage@10=0.8574  perfect@10=0.8574
  [uniform_a01_T2] mrr=0.2689  recall@10=0.6862  hit@10=0.6862  coverage@10=0.6862  perfect@10=0.6862
  [uniform_a03_T1] mrr=0.2749  recall@10=0.7237  hit@10=0.7237  coverage@10=0.7237  perfect@10=0.7237
  [uniform_a03_T2] mrr=0.2689  recall@10=0.6547  hit@10=0.6547  coverage@10=0.6547  perfect@10=0.6547
  [uniform_a03_T3] mrr=0.2775  recall@10=0.6742  hit@10=0.6742  coverage@10=0.6742  perfect@10=0.6742
  [uniform_a05_T2] mrr=0.2752  recall@10=0.6622  hit@10=0.6622  coverage@10=0.6622  perfect@10=0.6622
  [wbase_a03_T2] mrr=0.2933  recall@10=0.6997  hit@10=0.6997  coverage@10=0.6997  perfect@10=0.6997
  [wbase_role_a03_T2] mrr=0.2933  recall@10=0.6997  hit@10=0.6997  coverage@10=0.6997  perfect@10=0.6997
  [wbase_vis_a03_T2] mrr=0.2941  recall@10=0.6997  hit@10=0.6997  coverage@10=0.6997  perfect@10=0.6997
  [wfull_a03_T2] mrr=0.2941  recall@10=0.6997  hit@10=0.6997  coverage@10=0.6997  perfect@10=0.6997
  [wfull_a01_T2] mrr=0.2962  recall@10=0.7282  hit@10=0.7282  coverage@10=0.7282  perfect@10=0.7282
  [wfull_a05_T2] mrr=0.3039  recall@10=0.6847  hit@10=0.6847  coverage@10=0.6847  perfect@10=0.6847
  [wfull_a07_T2] mrr=0.2790  recall@10=0.6426  hit@10=0.6426  coverage@10=0.6426  perfect@10=0.6426
  [wfull_a03_T1] mrr=0.3033  recall@10=0.7778  hit@10=0.7778  coverage@10=0.7778  perfect@10=0.7778
  [wfull_a03_T3] mrr=0.2999  recall@10=0.6967  hit@10=0.6967  coverage@10=0.6967  perfect@10=0.6967
  [ppr_a015] mrr=0.2819  recall@10=0.6276  hit@10=0.6276  coverage@10=0.6276  perfect@10=0.6276
  [ppr_a030] mrr=0.2925  recall@10=0.6441  hit@10=0.6441  coverage@10=0.6441  perfect@10=0.6441
  [ppr_a050] mrr=0.3086  recall@10=0.6877  hit@10=0.6877  coverage@10=0.6877  perfect@10=0.6877
  [ppr_a070] mrr=0.2963  recall@10=0.7162  hit@10=0.7162  coverage@10=0.7162  perfect@10=0.7162
  [ppr_a085] mrr=0.2982  recall@10=0.7297  hit@10=0.7297  coverage@10=0.7297  perfect@10=0.7297
  [ppr_unif_a030] mrr=0.2889  recall@10=0.6336  hit@10=0.6336  coverage@10=0.6336  perfect@10=0.6336
  [ppr_unif_a050] mrr=0.2871  recall@10=0.6742  hit@10=0.6742  coverage@10=0.6742  perfect@10=0.6742
  [prop_a03_T2] mrr=0.2941  recall@10=0.6997  hit@10=0.6997  coverage@10=0.6997  perfect@10=0.6997
  [prop_a01_T2] mrr=0.2962  recall@10=0.7282  hit@10=0.7282  coverage@10=0.7282  perfect@10=0.7282
  [prop_a05_T2] mrr=0.3039  recall@10=0.6847  hit@10=0.6847  coverage@10=0.6847  perfect@10=0.6847
  [prop_a07_T2] mrr=0.2790  recall@10=0.6426  hit@10=0.6426  coverage@10=0.6426  perfect@10=0.6426
  [prop_a03_T1] mrr=0.3033  recall@10=0.7778  hit@10=0.7778  coverage@10=0.7778  perfect@10=0.7778
  [prop_a03_T3] mrr=0.2999  recall@10=0.6967  hit@10=0.6967  coverage@10=0.6967  perfect@10=0.6967

SciEGQA:
  [no_prop] mrr=0.0337  recall@10=0.0109  hit@10=0.0709  coverage@10=0.0109  perfect@10=0.0099  cross_page_hit=0.2247
  [uniform_a01_T2] mrr=0.0351  recall@10=0.0129  hit@10=0.0628  coverage@10=0.0129  perfect@10=0.0111  cross_page_hit=0.1551
  [uniform_a03_T1] mrr=0.0351  recall@10=0.0134  hit@10=0.0659  coverage@10=0.0134  perfect@10=0.0111  cross_page_hit=0.1614
  [uniform_a03_T2] mrr=0.0363  recall@10=0.0125  hit@10=0.0610  coverage@10=0.0125  perfect@10=0.0111  cross_page_hit=0.1487
  [uniform_a03_T3] mrr=0.0359  recall@10=0.0126  hit@10=0.0598  coverage@10=0.0126  perfect@10=0.0111  cross_page_hit=0.1487
  [uniform_a05_T2] mrr=0.0360  recall@10=0.0122  hit@10=0.0591  coverage@10=0.0122  perfect@10=0.0111  cross_page_hit=0.1456
  [wbase_a03_T2] mrr=0.0373  recall@10=0.0131  hit@10=0.0622  coverage@10=0.0131  perfect@10=0.0111  cross_page_hit=0.1487
  [wbase_role_a03_T2] mrr=0.0373  recall@10=0.0131  hit@10=0.0622  coverage@10=0.0131  perfect@10=0.0111  cross_page_hit=0.1487
  [wbase_vis_a03_T2] mrr=0.0373  recall@10=0.0131  hit@10=0.0622  coverage@10=0.0131  perfect@10=0.0111  cross_page_hit=0.1487
  [wfull_a03_T2] mrr=0.0373  recall@10=0.0131  hit@10=0.0622  coverage@10=0.0131  perfect@10=0.0111  cross_page_hit=0.1487
  [wfull_a01_T2] mrr=0.0362  recall@10=0.0131  hit@10=0.0635  coverage@10=0.0131  perfect@10=0.0111  cross_page_hit=0.1551
  [wfull_a05_T2] mrr=0.0367  recall@10=0.0129  hit@10=0.0610  coverage@10=0.0129  perfect@10=0.0111  cross_page_hit=0.1456
  [wfull_a07_T2] mrr=0.0381  recall@10=0.0132  hit@10=0.0622  coverage@10=0.0132  perfect@10=0.0111  cross_page_hit=0.1519
  [wfull_a03_T1] mrr=0.0360  recall@10=0.0135  hit@10=0.0659  coverage@10=0.0135  perfect@10=0.0111  cross_page_hit=0.1614
  [wfull_a03_T3] mrr=0.0365  recall@10=0.0133  hit@10=0.0616  coverage@10=0.0133  perfect@10=0.0111  cross_page_hit=0.1487
  [ppr_a015] mrr=0.0375  recall@10=0.0139  hit@10=0.0610  coverage@10=0.0139  perfect@10=0.0111  cross_page_hit=0.1519
  [ppr_a030] mrr=0.0378  recall@10=0.0140  hit@10=0.0616  coverage@10=0.0140  perfect@10=0.0111  cross_page_hit=0.1519
  [ppr_a050] mrr=0.0362  recall@10=0.0138  hit@10=0.0622  coverage@10=0.0138  perfect@10=0.0111  cross_page_hit=0.1551
  [ppr_a070] mrr=0.0366  recall@10=0.0132  hit@10=0.0622  coverage@10=0.0132  perfect@10=0.0111  cross_page_hit=0.1582
  [ppr_a085] mrr=0.0365  recall@10=0.0131  hit@10=0.0635  coverage@10=0.0131  perfect@10=0.0111  cross_page_hit=0.1582
  [ppr_unif_a030] mrr=0.0360  recall@10=0.0133  hit@10=0.0598  coverage@10=0.0133  perfect@10=0.0111  cross_page_hit=0.1519
  [ppr_unif_a050] mrr=0.0352  recall@10=0.0131  hit@10=0.0604  coverage@10=0.0131  perfect@10=0.0111  cross_page_hit=0.1551
  [prop_a03_T2] mrr=0.0373  recall@10=0.0131  hit@10=0.0622  coverage@10=0.0131  perfect@10=0.0111  cross_page_hit=0.1487
  [prop_a01_T2] mrr=0.0362  recall@10=0.0131  hit@10=0.0635  coverage@10=0.0131  perfect@10=0.0111  cross_page_hit=0.1551
  [prop_a05_T2] mrr=0.0367  recall@10=0.0129  hit@10=0.0610  coverage@10=0.0129  perfect@10=0.0111  cross_page_hit=0.1456
  [prop_a07_T2] mrr=0.0381  recall@10=0.0132  hit@10=0.0622  coverage@10=0.0132  perfect@10=0.0111  cross_page_hit=0.1519
  [prop_a03_T1] mrr=0.0360  recall@10=0.0135  hit@10=0.0659  coverage@10=0.0135  perfect@10=0.0111  cross_page_hit=0.1614
  [prop_a03_T3] mrr=0.0365  recall@10=0.0133  hit@10=0.0616  coverage@10=0.0133  perfect@10=0.0111  cross_page_hit=0.1487

MMDocIR:
  [no_prop] mrr=0.0264  recall@10=0.0236  hit@10=0.0386  coverage@10=0.0236  perfect@10=0.0257  cross_page_hit=0.1864
  [uniform_a01_T2] mrr=0.0264  recall@10=0.0307  hit@10=0.0463  coverage@10=0.0307  perfect@10=0.0308  cross_page_hit=0.0339
  [uniform_a03_T1] mrr=0.0266  recall@10=0.0332  hit@10=0.0488  coverage@10=0.0332  perfect@10=0.0334  cross_page_hit=0.0339
  [uniform_a03_T2] mrr=0.0270  recall@10=0.0307  hit@10=0.0437  coverage@10=0.0307  perfect@10=0.0334  cross_page_hit=0.0339
  [uniform_a03_T3] mrr=0.0274  recall@10=0.0307  hit@10=0.0437  coverage@10=0.0307  perfect@10=0.0334  cross_page_hit=0.0339
  [uniform_a05_T2] mrr=0.0273  recall@10=0.0307  hit@10=0.0437  coverage@10=0.0307  perfect@10=0.0334  cross_page_hit=0.0339
  [wbase_a03_T2] mrr=0.0270  recall@10=0.0307  hit@10=0.0437  coverage@10=0.0307  perfect@10=0.0334  cross_page_hit=0.0339
  [wbase_role_a03_T2] mrr=0.0270  recall@10=0.0307  hit@10=0.0437  coverage@10=0.0307  perfect@10=0.0334  cross_page_hit=0.0339
  [wbase_vis_a03_T2] mrr=0.0270  recall@10=0.0307  hit@10=0.0437  coverage@10=0.0307  perfect@10=0.0334  cross_page_hit=0.0339
  [wfull_a03_T2] mrr=0.0270  recall@10=0.0307  hit@10=0.0437  coverage@10=0.0307  perfect@10=0.0334  cross_page_hit=0.0339
  [wfull_a01_T2] mrr=0.0264  recall@10=0.0307  hit@10=0.0463  coverage@10=0.0307  perfect@10=0.0308  cross_page_hit=0.0339
  [wfull_a05_T2] mrr=0.0273  recall@10=0.0307  hit@10=0.0437  coverage@10=0.0307  perfect@10=0.0334  cross_page_hit=0.0339
  [wfull_a07_T2] mrr=0.0279  recall@10=0.0332  hit@10=0.0463  coverage@10=0.0332  perfect@10=0.0360  cross_page_hit=0.0339
  [wfull_a03_T1] mrr=0.0266  recall@10=0.0332  hit@10=0.0488  coverage@10=0.0332  perfect@10=0.0334  cross_page_hit=0.0339
  [wfull_a03_T3] mrr=0.0274  recall@10=0.0307  hit@10=0.0437  coverage@10=0.0307  perfect@10=0.0334  cross_page_hit=0.0339
  [ppr_a015] mrr=0.0278  recall@10=0.0307  hit@10=0.0437  coverage@10=0.0307  perfect@10=0.0334  cross_page_hit=0.0339
  [ppr_a030] mrr=0.0266  recall@10=0.0307  hit@10=0.0437  coverage@10=0.0307  perfect@10=0.0334  cross_page_hit=0.0339
  [ppr_a050] mrr=0.0264  recall@10=0.0307  hit@10=0.0437  coverage@10=0.0307  perfect@10=0.0334  cross_page_hit=0.0339
  [ppr_a070] mrr=0.0259  recall@10=0.0307  hit@10=0.0437  coverage@10=0.0307  perfect@10=0.0334  cross_page_hit=0.0339
  [ppr_a085] mrr=0.0261  recall@10=0.0307  hit@10=0.0463  coverage@10=0.0307  perfect@10=0.0308  cross_page_hit=0.0339
  [ppr_unif_a030] mrr=0.0266  recall@10=0.0307  hit@10=0.0437  coverage@10=0.0307  perfect@10=0.0334  cross_page_hit=0.0339
  [ppr_unif_a050] mrr=0.0264  recall@10=0.0307  hit@10=0.0437  coverage@10=0.0307  perfect@10=0.0334  cross_page_hit=0.0339
  [prop_a03_T2] mrr=0.0270  recall@10=0.0307  hit@10=0.0437  coverage@10=0.0307  perfect@10=0.0334  cross_page_hit=0.0339
  [prop_a01_T2] mrr=0.0264  recall@10=0.0307  hit@10=0.0463  coverage@10=0.0307  perfect@10=0.0308  cross_page_hit=0.0339
  [prop_a05_T2] mrr=0.0273  recall@10=0.0307  hit@10=0.0437  coverage@10=0.0307  perfect@10=0.0334  cross_page_hit=0.0339
  [prop_a07_T2] mrr=0.0279  recall@10=0.0332  hit@10=0.0463  coverage@10=0.0332  perfect@10=0.0360  cross_page_hit=0.0339
  [prop_a03_T1] mrr=0.0266  recall@10=0.0332  hit@10=0.0488  coverage@10=0.0332  perfect@10=0.0334  cross_page_hit=0.0339
  [prop_a03_T3] mrr=0.0274  recall@10=0.0307  hit@10=0.0437  coverage@10=0.0307  perfect@10=0.0334  cross_page_hit=0.0339
[main1:129326:0:129435] Caught signal 11 (Segmentation fault: address not mapped to object at address 0x7f9f87ad2217)
  eval exited with code -11 but eval.json looks complete — treating as success
  eval done in 6.6 min

=== Experiment cons_01 complete → /home/work/dl/dl_project/eval/results/experiments/cons_01_cons_01/summary.json ===
