=== Experiment row cons_00: cons_00 ===
  description: (h) with λ_cons=0.0
  output dir:  /home/work/dl/dl_project/eval/results/experiments/cons_00_cons_00
  checkpoint:  ckpt/cons_00_cons_00.pt

--- Training ---
$ /usr/bin/python -m pipeline.trainer --config cons_00 --out /home/work/dl/dl_project/eval/results/experiments/cons_00_cons_00/train.json --save_ckpt ckpt/cons_00_cons_00.pt
device: cuda
args: {'config': 'cons_00', 'train_sample': 0, 'steps': 8000, 'batch': 16, 'pool': 12, 'lr': 3e-05, 'lora_rank': 8, 'tau': 0.07, 'lambda_cov': 0.3, 'lambda_cons': 0.0, 'use_gpe': 1, 'loss_type': 'grcl', 'infonce_threshold': 0.5, 'anchor_kind': 'mixed', 'warmup_steps': 200, 'weight_decay': 0.01, 'eval_every': 500, 'eval_cf_pairs': 200, 'eval_recall_n': 200, 'seed': 42, 'out': '/home/work/dl/dl_project/eval/results/experiments/cons_00_cons_00/train.json', 'save_ckpt': 'ckpt/cons_00_cons_00.pt', 'gamma': 0.5, 'gpe_facets': 'type,role,depth,pos', 'lora_alpha': 16, 'hf_id': 'google/siglip2-base-patch16-224', 'edge_types_only': None, 'query_pe_dropout': 0.5, 'section_role_mode': 'normal', 'tokens_per_visual': 0}

[1/3] loading SPIQA test-A (held-out eval)...
  loading element_graph_v2.json
    118 papers kept
  loading elements_v2.jsonl
    9,039 element records kept
  loading SPIQA_testA.json
    666 QA pairs kept
    caption_of: 1,115  refer_to: 1,191  (skipped 0 due to missing image)

[2/3] loading SPIQA train (sample N=0)...
  loading element_graph_v2.json
    25,459 papers kept
  loading elements_v2.jsonl
    1,873,124 element records kept
  loading SPIQA_train.json
    262,524 QA pairs kept
    caption_of: 262,524  refer_to: 231,101  (skipped 0 due to missing image)

[3/3] building encoder...
[ElementTokenEncoder] loading google/siglip2-base-patch16-224
Using a slow image processor as `use_fast` is unset and a slow processor was saved with this model. `use_fast=True` will be the default behavior in v4.52, even if the model was saved with a slow processor. This will result in minor differences in outputs. You'll still be able to use a slow processor with `use_fast=False`.
[ElementTokenEncoder] LoRA r=8 α=16 targets=['q_proj', 'k_proj', 'v_proj', 'out_proj'] applied (d_text=768, d_vision=768, cls=False)
trainable params: 1,191,936 || all params: 376,379,906 || trainable%: 0.3167

[eval 0] held-out test-A baseline...
  caption-figure cos: +0.1147
  Recall@1/5/10 (n=200): 0.0% / 0.0% / 0.0%
/home/work/dl/dl_project/pipeline/graph_pe.py:112: UserWarning: Converting a tensor with requires_grad=True to a scalar may lead to unexpected behavior.
Consider using tensor.detach() first. (Triggered internally at /opt/pytorch/pytorch/aten/src/ATen/native/Scalar.cpp:22.)
  "type": torch.sigmoid(self.raw_alpha_type).item(),
step    20  L_grcl=191.79  L_cov=55.49  L_cons=0.000  L_tot=208.43  diag=+0.116  mix=[cap:104/ref:110/nl:106]  β=0.047  α_t=0.047  (15s)
step    40  L_grcl=189.56  L_cov=55.08  L_cons=0.000  L_tot=206.08  diag=+0.136  mix=[cap:120/ref:109/nl:91]  β=0.047  α_t=0.047  (30s)
step    60  L_grcl=171.72  L_cov=50.20  L_cons=0.000  L_tot=186.78  diag=+0.177  mix=[cap:85/ref:117/nl:118]  β=0.047  α_t=0.047  (45s)
step    80  L_grcl=165.95  L_cov=45.20  L_cons=0.000  L_tot=179.51  diag=+0.244  mix=[cap:105/ref:113/nl:102]  β=0.047  α_t=0.047  (60s)
step   100  L_grcl=141.98  L_cov=39.54  L_cons=0.000  L_tot=153.84  diag=+0.347  mix=[cap:108/ref:109/nl:103]  β=0.047  α_t=0.047  (75s)
step   120  L_grcl=124.10  L_cov=30.88  L_cons=0.000  L_tot=133.36  diag=+0.468  mix=[cap:117/ref:113/nl:90]  β=0.047  α_t=0.047  (89s)
step   140  L_grcl= 87.33  L_cov=20.00  L_cons=0.000  L_tot= 93.33  diag=+0.572  mix=[cap:99/ref:118/nl:103]  β=0.047  α_t=0.047  (103s)
step   160  L_grcl= 63.62  L_cov=11.68  L_cons=0.000  L_tot= 67.13  diag=+0.652  mix=[cap:106/ref:117/nl:97]  β=0.047  α_t=0.047  (118s)
step   180  L_grcl= 46.89  L_cov= 6.17  L_cons=0.000  L_tot= 48.74  diag=+0.692  mix=[cap:107/ref:99/nl:114]  β=0.047  α_t=0.047  (132s)
step   200  L_grcl= 34.14  L_cov= 3.30  L_cons=0.000  L_tot= 35.14  diag=+0.751  mix=[cap:112/ref:109/nl:99]  β=0.047  α_t=0.047  (146s)
step   220  L_grcl= 22.06  L_cov= 0.90  L_cons=0.000  L_tot= 22.33  diag=+0.808  mix=[cap:129/ref:113/nl:78]  β=0.047  α_t=0.047  (160s)
step   240  L_grcl= 13.33  L_cov= 0.19  L_cons=0.000  L_tot= 13.38  diag=+0.853  mix=[cap:124/ref:109/nl:87]  β=0.047  α_t=0.047  (175s)
step   260  L_grcl=  9.67  L_cov= 0.16  L_cons=0.000  L_tot=  9.72  diag=+0.895  mix=[cap:106/ref:114/nl:100]  β=0.047  α_t=0.047  (189s)
step   280  L_grcl=  7.36  L_cov= 0.15  L_cons=0.000  L_tot=  7.40  diag=+0.925  mix=[cap:96/ref:129/nl:95]  β=0.047  α_t=0.047  (203s)
step   300  L_grcl=  4.60  L_cov= 0.21  L_cons=0.000  L_tot=  4.66  diag=+0.944  mix=[cap:116/ref:99/nl:105]  β=0.047  α_t=0.047  (218s)
step   320  L_grcl=  3.82  L_cov= 0.25  L_cons=0.000  L_tot=  3.89  diag=+0.962  mix=[cap:88/ref:126/nl:106]  β=0.047  α_t=0.047  (232s)
step   340  L_grcl=  3.05  L_cov= 0.32  L_cons=0.000  L_tot=  3.14  diag=+0.973  mix=[cap:120/ref:105/nl:95]  β=0.047  α_t=0.047  (247s)
step   360  L_grcl=  2.71  L_cov= 0.36  L_cons=0.000  L_tot=  2.82  diag=+0.981  mix=[cap:88/ref:120/nl:112]  β=0.047  α_t=0.047  (261s)
step   380  L_grcl=  2.37  L_cov= 0.36  L_cons=0.000  L_tot=  2.48  diag=+0.986  mix=[cap:92/ref:113/nl:115]  β=0.047  α_t=0.047  (276s)
step   400  L_grcl=  2.52  L_cov= 0.35  L_cons=0.000  L_tot=  2.63  diag=+0.988  mix=[cap:108/ref:127/nl:85]  β=0.047  α_t=0.048  (290s)
step   420  L_grcl=  2.24  L_cov= 0.35  L_cons=0.000  L_tot=  2.34  diag=+0.991  mix=[cap:115/ref:111/nl:94]  β=0.047  α_t=0.048  (304s)
step   440  L_grcl=  2.15  L_cov= 0.35  L_cons=0.000  L_tot=  2.26  diag=+0.992  mix=[cap:113/ref:108/nl:99]  β=0.047  α_t=0.048  (319s)
step   460  L_grcl=  2.16  L_cov= 0.38  L_cons=0.000  L_tot=  2.28  diag=+0.993  mix=[cap:109/ref:104/nl:107]  β=0.047  α_t=0.048  (333s)
step   480  L_grcl=  2.13  L_cov= 0.40  L_cons=0.000  L_tot=  2.24  diag=+0.993  mix=[cap:93/ref:121/nl:106]  β=0.047  α_t=0.048  (347s)
step   500  L_grcl=  2.07  L_cov= 0.38  L_cons=0.000  L_tot=  2.18  diag=+0.994  mix=[cap:131/ref:97/nl:92]  β=0.047  α_t=0.048  (362s)

  [eval @ step 500] held-out test-A...
    cap-fig cos: +0.9946  (Δ +0.8799)
    R@1/5/10: 6.5% / 37.0% / 68.5%  (Δ +6.5 / +37.0 / +68.5)
    [ckpt saved @ step 500 R@10=68.5%]

step   520  L_grcl=  2.07  L_cov= 0.39  L_cons=0.000  L_tot=  2.19  diag=+0.994  mix=[cap:105/ref:103/nl:112]  β=0.047  α_t=0.048  (393s)
step   540  L_grcl=  2.12  L_cov= 0.37  L_cons=0.000  L_tot=  2.23  diag=+0.994  mix=[cap:103/ref:125/nl:92]  β=0.047  α_t=0.048  (407s)
step   560  L_grcl=  2.10  L_cov= 0.40  L_cons=0.000  L_tot=  2.22  diag=+0.995  mix=[cap:102/ref:121/nl:97]  β=0.047  α_t=0.048  (422s)
step   580  L_grcl=  2.03  L_cov= 0.38  L_cons=0.000  L_tot=  2.15  diag=+0.995  mix=[cap:111/ref:111/nl:98]  β=0.047  α_t=0.048  (436s)
step   600  L_grcl=  2.09  L_cov= 0.40  L_cons=0.000  L_tot=  2.21  diag=+0.995  mix=[cap:98/ref:120/nl:102]  β=0.047  α_t=0.048  (454s)
step   620  L_grcl=  2.01  L_cov= 0.39  L_cons=0.000  L_tot=  2.13  diag=+0.995  mix=[cap:108/ref:114/nl:98]  β=0.047  α_t=0.048  (468s)
step   640  L_grcl=  2.02  L_cov= 0.40  L_cons=0.000  L_tot=  2.14  diag=+0.995  mix=[cap:108/ref:106/nl:106]  β=0.047  α_t=0.048  (483s)
step   660  L_grcl=  2.05  L_cov= 0.38  L_cons=0.000  L_tot=  2.16  diag=+0.995  mix=[cap:100/ref:115/nl:105]  β=0.047  α_t=0.048  (497s)
step   680  L_grcl=  2.06  L_cov= 0.39  L_cons=0.000  L_tot=  2.18  diag=+0.995  mix=[cap:99/ref:113/nl:108]  β=0.047  α_t=0.048  (512s)
step   700  L_grcl=  2.10  L_cov= 0.40  L_cons=0.000  L_tot=  2.22  diag=+0.995  mix=[cap:94/ref:116/nl:110]  β=0.047  α_t=0.048  (526s)
step   720  L_grcl=  2.05  L_cov= 0.41  L_cons=0.000  L_tot=  2.18  diag=+0.995  mix=[cap:100/ref:116/nl:104]  β=0.047  α_t=0.048  (541s)
step   740  L_grcl=  2.04  L_cov= 0.41  L_cons=0.000  L_tot=  2.16  diag=+0.995  mix=[cap:106/ref:104/nl:110]  β=0.047  α_t=0.048  (555s)
step   760  L_grcl=  2.07  L_cov= 0.41  L_cons=0.000  L_tot=  2.20  diag=+0.995  mix=[cap:97/ref:102/nl:121]  β=0.047  α_t=0.048  (569s)
step   780  L_grcl=  2.05  L_cov= 0.41  L_cons=0.000  L_tot=  2.17  diag=+0.995  mix=[cap:93/ref:107/nl:120]  β=0.047  α_t=0.048  (584s)
step   800  L_grcl=  2.01  L_cov= 0.39  L_cons=0.000  L_tot=  2.13  diag=+0.994  mix=[cap:98/ref:102/nl:120]  β=0.047  α_t=0.048  (598s)
step   820  L_grcl=  2.02  L_cov= 0.38  L_cons=0.000  L_tot=  2.13  diag=+0.995  mix=[cap:108/ref:107/nl:105]  β=0.047  α_t=0.048  (612s)
step   840  L_grcl=  2.03  L_cov= 0.38  L_cons=0.000  L_tot=  2.14  diag=+0.995  mix=[cap:106/ref:117/nl:97]  β=0.047  α_t=0.048  (627s)
step   860  L_grcl=  2.05  L_cov= 0.40  L_cons=0.000  L_tot=  2.17  diag=+0.995  mix=[cap:92/ref:117/nl:111]  β=0.047  α_t=0.049  (641s)
step   880  L_grcl=  2.02  L_cov= 0.39  L_cons=0.000  L_tot=  2.13  diag=+0.995  mix=[cap:99/ref:112/nl:109]  β=0.048  α_t=0.049  (656s)
step   900  L_grcl=  2.05  L_cov= 0.39  L_cons=0.000  L_tot=  2.17  diag=+0.995  mix=[cap:108/ref:106/nl:106]  β=0.048  α_t=0.049  (670s)
step   920  L_grcl=  1.99  L_cov= 0.39  L_cons=0.000  L_tot=  2.11  diag=+0.996  mix=[cap:91/ref:123/nl:106]  β=0.048  α_t=0.049  (685s)
step   940  L_grcl=  2.01  L_cov= 0.40  L_cons=0.000  L_tot=  2.13  diag=+0.995  mix=[cap:104/ref:108/nl:108]  β=0.048  α_t=0.049  (699s)
step   960  L_grcl=  1.97  L_cov= 0.38  L_cons=0.000  L_tot=  2.09  diag=+0.995  mix=[cap:101/ref:101/nl:118]  β=0.048  α_t=0.049  (713s)
step   980  L_grcl=  2.02  L_cov= 0.39  L_cons=0.000  L_tot=  2.14  diag=+0.995  mix=[cap:85/ref:117/nl:118]  β=0.048  α_t=0.049  (728s)
step  1000  L_grcl=  1.94  L_cov= 0.38  L_cons=0.000  L_tot=  2.05  diag=+0.995  mix=[cap:118/ref:118/nl:84]  β=0.048  α_t=0.049  (742s)

  [eval @ step 1000] held-out test-A...
    cap-fig cos: +0.9954  (Δ +0.8807)
    R@1/5/10: 8.5% / 43.5% / 75.0%  (Δ +8.5 / +43.5 / +75.0)
    [ckpt saved @ step 1000 R@10=75.0%]

step  1020  L_grcl=  2.06  L_cov= 0.40  L_cons=0.000  L_tot=  2.18  diag=+0.995  mix=[cap:119/ref:113/nl:88]  β=0.048  α_t=0.049  (773s)
step  1040  L_grcl=  1.96  L_cov= 0.39  L_cons=0.000  L_tot=  2.08  diag=+0.995  mix=[cap:106/ref:107/nl:107]  β=0.048  α_t=0.049  (788s)
step  1060  L_grcl=  2.06  L_cov= 0.38  L_cons=0.000  L_tot=  2.18  diag=+0.995  mix=[cap:107/ref:110/nl:103]  β=0.048  α_t=0.049  (802s)
step  1080  L_grcl=  1.96  L_cov= 0.37  L_cons=0.000  L_tot=  2.07  diag=+0.995  mix=[cap:112/ref:112/nl:96]  β=0.048  α_t=0.049  (816s)
step  1100  L_grcl=  2.04  L_cov= 0.39  L_cons=0.000  L_tot=  2.16  diag=+0.995  mix=[cap:105/ref:116/nl:99]  β=0.048  α_t=0.049  (831s)
step  1120  L_grcl=  2.00  L_cov= 0.40  L_cons=0.000  L_tot=  2.12  diag=+0.995  mix=[cap:121/ref:89/nl:110]  β=0.048  α_t=0.049  (846s)
step  1140  L_grcl=  2.04  L_cov= 0.40  L_cons=0.000  L_tot=  2.16  diag=+0.995  mix=[cap:111/ref:98/nl:111]  β=0.048  α_t=0.049  (860s)
step  1160  L_grcl=  1.93  L_cov= 0.39  L_cons=0.000  L_tot=  2.04  diag=+0.995  mix=[cap:121/ref:95/nl:104]  β=0.048  α_t=0.049  (874s)
step  1180  L_grcl=  1.95  L_cov= 0.37  L_cons=0.000  L_tot=  2.06  diag=+0.994  mix=[cap:121/ref:113/nl:86]  β=0.048  α_t=0.049  (889s)
step  1200  L_grcl=  1.96  L_cov= 0.37  L_cons=0.000  L_tot=  2.07  diag=+0.994  mix=[cap:112/ref:99/nl:109]  β=0.048  α_t=0.049  (906s)
step  1220  L_grcl=  1.95  L_cov= 0.37  L_cons=0.000  L_tot=  2.06  diag=+0.995  mix=[cap:105/ref:109/nl:106]  β=0.048  α_t=0.049  (921s)
step  1240  L_grcl=  2.00  L_cov= 0.39  L_cons=0.000  L_tot=  2.12  diag=+0.995  mix=[cap:111/ref:102/nl:107]  β=0.048  α_t=0.049  (935s)
step  1260  L_grcl=  2.08  L_cov= 0.37  L_cons=0.000  L_tot=  2.20  diag=+0.995  mix=[cap:104/ref:121/nl:95]  β=0.048  α_t=0.049  (949s)
step  1280  L_grcl=  1.98  L_cov= 0.40  L_cons=0.000  L_tot=  2.10  diag=+0.995  mix=[cap:110/ref:105/nl:105]  β=0.048  α_t=0.049  (963s)
step  1300  L_grcl=  2.01  L_cov= 0.38  L_cons=0.000  L_tot=  2.12  diag=+0.995  mix=[cap:107/ref:132/nl:81]  β=0.048  α_t=0.049  (978s)
step  1320  L_grcl=  1.97  L_cov= 0.39  L_cons=0.000  L_tot=  2.09  diag=+0.995  mix=[cap:104/ref:125/nl:91]  β=0.048  α_t=0.049  (992s)
step  1340  L_grcl=  1.99  L_cov= 0.38  L_cons=0.000  L_tot=  2.11  diag=+0.995  mix=[cap:110/ref:103/nl:107]  β=0.048  α_t=0.049  (1009s)
step  1360  L_grcl=  2.03  L_cov= 0.41  L_cons=0.000  L_tot=  2.15  diag=+0.995  mix=[cap:90/ref:108/nl:122]  β=0.048  α_t=0.049  (1024s)
step  1380  L_grcl=  1.98  L_cov= 0.40  L_cons=0.000  L_tot=  2.09  diag=+0.995  mix=[cap:111/ref:104/nl:105]  β=0.048  α_t=0.049  (1038s)
step  1400  L_grcl=  1.96  L_cov= 0.39  L_cons=0.000  L_tot=  2.08  diag=+0.995  mix=[cap:110/ref:99/nl:111]  β=0.048  α_t=0.049  (1053s)
step  1420  L_grcl=  1.96  L_cov= 0.37  L_cons=0.000  L_tot=  2.07  diag=+0.995  mix=[cap:106/ref:120/nl:94]  β=0.048  α_t=0.050  (1068s)
step  1440  L_grcl=  1.99  L_cov= 0.38  L_cons=0.000  L_tot=  2.10  diag=+0.995  mix=[cap:102/ref:107/nl:111]  β=0.048  α_t=0.050  (1082s)
step  1460  L_grcl=  2.00  L_cov= 0.39  L_cons=0.000  L_tot=  2.12  diag=+0.995  mix=[cap:99/ref:114/nl:107]  β=0.048  α_t=0.050  (1097s)
step  1480  L_grcl=  1.95  L_cov= 0.40  L_cons=0.000  L_tot=  2.07  diag=+0.995  mix=[cap:104/ref:88/nl:128]  β=0.048  α_t=0.050  (1111s)
step  1500  L_grcl=  1.95  L_cov= 0.36  L_cons=0.000  L_tot=  2.06  diag=+0.994  mix=[cap:97/ref:108/nl:115]  β=0.048  α_t=0.050  (1125s)

  [eval @ step 1500] held-out test-A...
    cap-fig cos: +0.9954  (Δ +0.8807)
    R@1/5/10: 8.0% / 44.5% / 74.0%  (Δ +8.0 / +44.5 / +74.0)

step  1520  L_grcl=  2.03  L_cov= 0.39  L_cons=0.000  L_tot=  2.15  diag=+0.995  mix=[cap:101/ref:112/nl:107]  β=0.048  α_t=0.050  (1151s)
step  1540  L_grcl=  1.94  L_cov= 0.39  L_cons=0.000  L_tot=  2.06  diag=+0.995  mix=[cap:108/ref:108/nl:104]  β=0.048  α_t=0.050  (1165s)
step  1560  L_grcl=  1.95  L_cov= 0.37  L_cons=0.000  L_tot=  2.07  diag=+0.994  mix=[cap:102/ref:104/nl:114]  β=0.048  α_t=0.050  (1180s)
step  1580  L_grcl=  2.03  L_cov= 0.39  L_cons=0.000  L_tot=  2.14  diag=+0.995  mix=[cap:78/ref:129/nl:113]  β=0.048  α_t=0.050  (1195s)
step  1600  L_grcl=  1.94  L_cov= 0.39  L_cons=0.000  L_tot=  2.06  diag=+0.995  mix=[cap:113/ref:109/nl:98]  β=0.048  α_t=0.050  (1209s)
step  1620  L_grcl=  2.00  L_cov= 0.38  L_cons=0.000  L_tot=  2.11  diag=+0.995  mix=[cap:95/ref:110/nl:115]  β=0.048  α_t=0.050  (1224s)
step  1640  L_grcl=  1.93  L_cov= 0.39  L_cons=0.000  L_tot=  2.05  diag=+0.995  mix=[cap:105/ref:103/nl:112]  β=0.048  α_t=0.050  (1238s)
step  1660  L_grcl=  1.99  L_cov= 0.40  L_cons=0.000  L_tot=  2.11  diag=+0.994  mix=[cap:99/ref:102/nl:119]  β=0.048  α_t=0.050  (1253s)
step  1680  L_grcl=  1.96  L_cov= 0.38  L_cons=0.000  L_tot=  2.07  diag=+0.995  mix=[cap:115/ref:98/nl:107]  β=0.048  α_t=0.050  (1267s)
step  1700  L_grcl=  1.97  L_cov= 0.38  L_cons=0.000  L_tot=  2.09  diag=+0.995  mix=[cap:94/ref:118/nl:108]  β=0.048  α_t=0.050  (1282s)
step  1720  L_grcl=  2.01  L_cov= 0.39  L_cons=0.000  L_tot=  2.13  diag=+0.995  mix=[cap:102/ref:105/nl:113]  β=0.048  α_t=0.050  (1297s)
step  1740  L_grcl=  1.95  L_cov= 0.38  L_cons=0.000  L_tot=  2.07  diag=+0.995  mix=[cap:108/ref:111/nl:101]  β=0.048  α_t=0.050  (1311s)
step  1760  L_grcl=  2.02  L_cov= 0.38  L_cons=0.000  L_tot=  2.13  diag=+0.995  mix=[cap:114/ref:98/nl:108]  β=0.048  α_t=0.050  (1326s)
step  1780  L_grcl=  1.97  L_cov= 0.37  L_cons=0.000  L_tot=  2.09  diag=+0.995  mix=[cap:115/ref:92/nl:113]  β=0.048  α_t=0.050  (1340s)
step  1800  L_grcl=  1.90  L_cov= 0.37  L_cons=0.000  L_tot=  2.01  diag=+0.995  mix=[cap:115/ref:97/nl:108]  β=0.048  α_t=0.050  (1355s)
step  1820  L_grcl=  1.96  L_cov= 0.37  L_cons=0.000  L_tot=  2.07  diag=+0.994  mix=[cap:116/ref:109/nl:95]  β=0.048  α_t=0.050  (1369s)
step  1840  L_grcl=  2.00  L_cov= 0.37  L_cons=0.000  L_tot=  2.11  diag=+0.994  mix=[cap:90/ref:115/nl:115]  β=0.048  α_t=0.050  (1383s)
step  1860  L_grcl=  2.01  L_cov= 0.38  L_cons=0.000  L_tot=  2.13  diag=+0.995  mix=[cap:97/ref:120/nl:103]  β=0.048  α_t=0.050  (1398s)
step  1880  L_grcl=  1.91  L_cov= 0.37  L_cons=0.000  L_tot=  2.02  diag=+0.995  mix=[cap:108/ref:116/nl:96]  β=0.048  α_t=0.050  (1412s)
step  1900  L_grcl=  1.95  L_cov= 0.37  L_cons=0.000  L_tot=  2.06  diag=+0.994  mix=[cap:106/ref:111/nl:103]  β=0.048  α_t=0.050  (1427s)
step  1920  L_grcl=  1.97  L_cov= 0.36  L_cons=0.000  L_tot=  2.08  diag=+0.994  mix=[cap:94/ref:115/nl:111]  β=0.048  α_t=0.050  (1442s)
step  1940  L_grcl=  1.97  L_cov= 0.38  L_cons=0.000  L_tot=  2.08  diag=+0.995  mix=[cap:117/ref:98/nl:105]  β=0.049  α_t=0.050  (1456s)
step  1960  L_grcl=  1.97  L_cov= 0.37  L_cons=0.000  L_tot=  2.08  diag=+0.994  mix=[cap:99/ref:112/nl:109]  β=0.049  α_t=0.050  (1471s)
step  1980  L_grcl=  1.99  L_cov= 0.38  L_cons=0.000  L_tot=  2.10  diag=+0.995  mix=[cap:104/ref:98/nl:118]  β=0.049  α_t=0.050  (1485s)
step  2000  L_grcl=  1.92  L_cov= 0.38  L_cons=0.000  L_tot=  2.03  diag=+0.994  mix=[cap:107/ref:95/nl:118]  β=0.049  α_t=0.050  (1499s)

  [eval @ step 2000] held-out test-A...
    cap-fig cos: +0.9953  (Δ +0.8805)
    R@1/5/10: 9.0% / 41.0% / 75.0%  (Δ +9.0 / +41.0 / +75.0)

step  2020  L_grcl=  1.92  L_cov= 0.36  L_cons=0.000  L_tot=  2.03  diag=+0.994  mix=[cap:120/ref:91/nl:109]  β=0.049  α_t=0.050  (1526s)
step  2040  L_grcl=  1.97  L_cov= 0.37  L_cons=0.000  L_tot=  2.08  diag=+0.994  mix=[cap:104/ref:117/nl:99]  β=0.049  α_t=0.050  (1540s)
step  2060  L_grcl=  1.91  L_cov= 0.35  L_cons=0.000  L_tot=  2.01  diag=+0.995  mix=[cap:112/ref:110/nl:98]  β=0.049  α_t=0.051  (1554s)
step  2080  L_grcl=  1.96  L_cov= 0.38  L_cons=0.000  L_tot=  2.07  diag=+0.995  mix=[cap:112/ref:99/nl:109]  β=0.049  α_t=0.051  (1568s)
step  2100  L_grcl=  1.96  L_cov= 0.37  L_cons=0.000  L_tot=  2.08  diag=+0.995  mix=[cap:109/ref:108/nl:103]  β=0.049  α_t=0.051  (1583s)
step  2120  L_grcl=  1.93  L_cov= 0.35  L_cons=0.000  L_tot=  2.04  diag=+0.995  mix=[cap:119/ref:115/nl:86]  β=0.049  α_t=0.051  (1597s)
step  2140  L_grcl=  1.96  L_cov= 0.37  L_cons=0.000  L_tot=  2.07  diag=+0.994  mix=[cap:102/ref:111/nl:107]  β=0.049  α_t=0.051  (1611s)
step  2160  L_grcl=  1.98  L_cov= 0.38  L_cons=0.000  L_tot=  2.09  diag=+0.994  mix=[cap:96/ref:111/nl:113]  β=0.049  α_t=0.051  (1626s)
step  2180  L_grcl=  1.95  L_cov= 0.38  L_cons=0.000  L_tot=  2.06  diag=+0.995  mix=[cap:96/ref:114/nl:110]  β=0.049  α_t=0.051  (1640s)
step  2200  L_grcl=  1.97  L_cov= 0.37  L_cons=0.000  L_tot=  2.08  diag=+0.994  mix=[cap:92/ref:116/nl:112]  β=0.049  α_t=0.051  (1655s)
step  2220  L_grcl=  1.94  L_cov= 0.37  L_cons=0.000  L_tot=  2.05  diag=+0.995  mix=[cap:97/ref:110/nl:113]  β=0.049  α_t=0.051  (1669s)
step  2240  L_grcl=  2.01  L_cov= 0.38  L_cons=0.000  L_tot=  2.12  diag=+0.995  mix=[cap:95/ref:116/nl:109]  β=0.049  α_t=0.051  (1684s)
step  2260  L_grcl=  2.00  L_cov= 0.39  L_cons=0.000  L_tot=  2.11  diag=+0.995  mix=[cap:111/ref:94/nl:115]  β=0.049  α_t=0.051  (1699s)
step  2280  L_grcl=  1.95  L_cov= 0.37  L_cons=0.000  L_tot=  2.07  diag=+0.995  mix=[cap:93/ref:119/nl:108]  β=0.049  α_t=0.051  (1713s)
step  2300  L_grcl=  1.89  L_cov= 0.37  L_cons=0.000  L_tot=  2.00  diag=+0.994  mix=[cap:117/ref:102/nl:101]  β=0.049  α_t=0.051  (1728s)
step  2320  L_grcl=  1.95  L_cov= 0.35  L_cons=0.000  L_tot=  2.06  diag=+0.994  mix=[cap:113/ref:100/nl:107]  β=0.049  α_t=0.051  (1742s)
step  2340  L_grcl=  1.95  L_cov= 0.37  L_cons=0.000  L_tot=  2.06  diag=+0.994  mix=[cap:100/ref:105/nl:115]  β=0.049  α_t=0.051  (1756s)
step  2360  L_grcl=  1.93  L_cov= 0.37  L_cons=0.000  L_tot=  2.04  diag=+0.994  mix=[cap:108/ref:111/nl:101]  β=0.049  α_t=0.051  (1771s)
step  2380  L_grcl=  1.97  L_cov= 0.37  L_cons=0.000  L_tot=  2.08  diag=+0.995  mix=[cap:100/ref:110/nl:110]  β=0.049  α_t=0.051  (1785s)
step  2400  L_grcl=  1.94  L_cov= 0.38  L_cons=0.000  L_tot=  2.05  diag=+0.994  mix=[cap:103/ref:100/nl:117]  β=0.049  α_t=0.051  (1799s)
step  2420  L_grcl=  1.87  L_cov= 0.36  L_cons=0.000  L_tot=  1.98  diag=+0.994  mix=[cap:131/ref:95/nl:94]  β=0.049  α_t=0.051  (1814s)
step  2440  L_grcl=  1.98  L_cov= 0.36  L_cons=0.000  L_tot=  2.09  diag=+0.994  mix=[cap:112/ref:106/nl:102]  β=0.049  α_t=0.051  (1828s)
step  2460  L_grcl=  2.00  L_cov= 0.38  L_cons=0.000  L_tot=  2.11  diag=+0.995  mix=[cap:97/ref:114/nl:109]  β=0.049  α_t=0.051  (1842s)
step  2480  L_grcl=  1.93  L_cov= 0.37  L_cons=0.000  L_tot=  2.04  diag=+0.995  mix=[cap:119/ref:101/nl:100]  β=0.049  α_t=0.051  (1857s)
step  2500  L_grcl=  1.93  L_cov= 0.36  L_cons=0.000  L_tot=  2.04  diag=+0.994  mix=[cap:103/ref:115/nl:102]  β=0.049  α_t=0.051  (1872s)

  [eval @ step 2500] held-out test-A...
    cap-fig cos: +0.9952  (Δ +0.8804)
    R@1/5/10: 9.0% / 50.0% / 76.5%  (Δ +9.0 / +50.0 / +76.5)
    [ckpt saved @ step 2500 R@10=76.5%]

step  2520  L_grcl=  1.96  L_cov= 0.37  L_cons=0.000  L_tot=  2.07  diag=+0.994  mix=[cap:115/ref:108/nl:97]  β=0.049  α_t=0.051  (1903s)
step  2540  L_grcl=  1.96  L_cov= 0.38  L_cons=0.000  L_tot=  2.08  diag=+0.994  mix=[cap:97/ref:114/nl:109]  β=0.049  α_t=0.051  (1918s)
step  2560  L_grcl=  1.92  L_cov= 0.36  L_cons=0.000  L_tot=  2.02  diag=+0.994  mix=[cap:109/ref:93/nl:118]  β=0.049  α_t=0.051  (1933s)
step  2580  L_grcl=  1.89  L_cov= 0.36  L_cons=0.000  L_tot=  2.00  diag=+0.994  mix=[cap:108/ref:104/nl:108]  β=0.049  α_t=0.051  (1947s)
step  2600  L_grcl=  1.92  L_cov= 0.36  L_cons=0.000  L_tot=  2.02  diag=+0.994  mix=[cap:102/ref:121/nl:97]  β=0.049  α_t=0.051  (1960s)
step  2620  L_grcl=  1.90  L_cov= 0.36  L_cons=0.000  L_tot=  2.01  diag=+0.994  mix=[cap:102/ref:101/nl:117]  β=0.049  α_t=0.051  (1975s)
step  2640  L_grcl=  1.93  L_cov= 0.36  L_cons=0.000  L_tot=  2.04  diag=+0.994  mix=[cap:106/ref:104/nl:110]  β=0.049  α_t=0.051  (1989s)
step  2660  L_grcl=  1.92  L_cov= 0.36  L_cons=0.000  L_tot=  2.03  diag=+0.994  mix=[cap:105/ref:95/nl:120]  β=0.049  α_t=0.051  (2004s)
step  2680  L_grcl=  1.96  L_cov= 0.37  L_cons=0.000  L_tot=  2.07  diag=+0.994  mix=[cap:116/ref:100/nl:104]  β=0.049  α_t=0.051  (2018s)
step  2700  L_grcl=  1.88  L_cov= 0.35  L_cons=0.000  L_tot=  1.99  diag=+0.994  mix=[cap:103/ref:114/nl:103]  β=0.049  α_t=0.051  (2032s)
step  2720  L_grcl=  1.94  L_cov= 0.37  L_cons=0.000  L_tot=  2.05  diag=+0.993  mix=[cap:101/ref:96/nl:123]  β=0.049  α_t=0.051  (2047s)
step  2740  L_grcl=  1.85  L_cov= 0.36  L_cons=0.000  L_tot=  1.96  diag=+0.994  mix=[cap:112/ref:95/nl:113]  β=0.049  α_t=0.051  (2061s)
step  2760  L_grcl=  1.99  L_cov= 0.35  L_cons=0.000  L_tot=  2.10  diag=+0.994  mix=[cap:99/ref:129/nl:92]  β=0.049  α_t=0.051  (2076s)
step  2780  L_grcl=  1.92  L_cov= 0.36  L_cons=0.000  L_tot=  2.03  diag=+0.994  mix=[cap:106/ref:112/nl:102]  β=0.050  α_t=0.051  (2090s)
step  2800  L_grcl=  1.91  L_cov= 0.37  L_cons=0.000  L_tot=  2.02  diag=+0.994  mix=[cap:108/ref:114/nl:98]  β=0.050  α_t=0.051  (2104s)
step  2820  L_grcl=  1.92  L_cov= 0.35  L_cons=0.000  L_tot=  2.03  diag=+0.994  mix=[cap:116/ref:97/nl:107]  β=0.050  α_t=0.052  (2119s)
step  2840  L_grcl=  1.92  L_cov= 0.37  L_cons=0.000  L_tot=  2.03  diag=+0.994  mix=[cap:101/ref:103/nl:116]  β=0.050  α_t=0.052  (2133s)
step  2860  L_grcl=  1.98  L_cov= 0.37  L_cons=0.000  L_tot=  2.09  diag=+0.995  mix=[cap:112/ref:102/nl:106]  β=0.050  α_t=0.052  (2147s)
step  2880  L_grcl=  1.92  L_cov= 0.36  L_cons=0.000  L_tot=  2.03  diag=+0.995  mix=[cap:113/ref:117/nl:90]  β=0.050  α_t=0.052  (2161s)
step  2900  L_grcl=  1.96  L_cov= 0.36  L_cons=0.000  L_tot=  2.07  diag=+0.994  mix=[cap:106/ref:110/nl:104]  β=0.050  α_t=0.052  (2176s)
step  2920  L_grcl=  1.86  L_cov= 0.35  L_cons=0.000  L_tot=  1.96  diag=+0.994  mix=[cap:119/ref:102/nl:99]  β=0.050  α_t=0.052  (2190s)
step  2940  L_grcl=  1.85  L_cov= 0.34  L_cons=0.000  L_tot=  1.96  diag=+0.993  mix=[cap:106/ref:98/nl:116]  β=0.050  α_t=0.052  (2204s)
step  2960  L_grcl=  2.02  L_cov= 0.35  L_cons=0.000  L_tot=  2.12  diag=+0.994  mix=[cap:110/ref:106/nl:104]  β=0.050  α_t=0.052  (2218s)
step  2980  L_grcl=  1.90  L_cov= 0.36  L_cons=0.000  L_tot=  2.01  diag=+0.995  mix=[cap:111/ref:109/nl:100]  β=0.050  α_t=0.052  (2233s)
step  3000  L_grcl=  1.87  L_cov= 0.35  L_cons=0.000  L_tot=  1.98  diag=+0.993  mix=[cap:111/ref:110/nl:99]  β=0.050  α_t=0.052  (2251s)

  [eval @ step 3000] held-out test-A...
    cap-fig cos: +0.9946  (Δ +0.8799)
    R@1/5/10: 11.0% / 44.5% / 66.5%  (Δ +11.0 / +44.5 / +66.5)

step  3020  L_grcl=  1.94  L_cov= 0.36  L_cons=0.000  L_tot=  2.05  diag=+0.993  mix=[cap:96/ref:109/nl:115]  β=0.050  α_t=0.052  (2277s)
step  3040  L_grcl=  1.89  L_cov= 0.37  L_cons=0.000  L_tot=  2.00  diag=+0.993  mix=[cap:104/ref:104/nl:112]  β=0.050  α_t=0.052  (2291s)
step  3060  L_grcl=  1.93  L_cov= 0.34  L_cons=0.000  L_tot=  2.03  diag=+0.993  mix=[cap:101/ref:121/nl:98]  β=0.050  α_t=0.052  (2306s)
step  3080  L_grcl=  1.95  L_cov= 0.36  L_cons=0.000  L_tot=  2.06  diag=+0.994  mix=[cap:96/ref:116/nl:108]  β=0.050  α_t=0.052  (2320s)
step  3100  L_grcl=  1.93  L_cov= 0.35  L_cons=0.000  L_tot=  2.03  diag=+0.994  mix=[cap:106/ref:108/nl:106]  β=0.050  α_t=0.052  (2335s)
step  3120  L_grcl=  1.93  L_cov= 0.35  L_cons=0.000  L_tot=  2.03  diag=+0.994  mix=[cap:106/ref:119/nl:95]  β=0.050  α_t=0.052  (2349s)
step  3140  L_grcl=  1.90  L_cov= 0.37  L_cons=0.000  L_tot=  2.01  diag=+0.994  mix=[cap:115/ref:108/nl:97]  β=0.050  α_t=0.052  (2363s)
step  3160  L_grcl=  1.87  L_cov= 0.35  L_cons=0.000  L_tot=  1.97  diag=+0.992  mix=[cap:110/ref:105/nl:105]  β=0.050  α_t=0.052  (2378s)
step  3180  L_grcl=  1.92  L_cov= 0.35  L_cons=0.000  L_tot=  2.03  diag=+0.992  mix=[cap:92/ref:113/nl:115]  β=0.050  α_t=0.052  (2392s)
step  3200  L_grcl=  1.89  L_cov= 0.34  L_cons=0.000  L_tot=  1.99  diag=+0.992  mix=[cap:102/ref:118/nl:100]  β=0.050  α_t=0.052  (2406s)
step  3220  L_grcl=  1.87  L_cov= 0.34  L_cons=0.000  L_tot=  1.97  diag=+0.992  mix=[cap:111/ref:108/nl:101]  β=0.050  α_t=0.052  (2421s)
step  3240  L_grcl=  1.91  L_cov= 0.34  L_cons=0.000  L_tot=  2.01  diag=+0.993  mix=[cap:109/ref:100/nl:111]  β=0.050  α_t=0.052  (2436s)
step  3260  L_grcl=  1.92  L_cov= 0.35  L_cons=0.000  L_tot=  2.02  diag=+0.993  mix=[cap:115/ref:114/nl:91]  β=0.050  α_t=0.052  (2450s)
step  3280  L_grcl=  1.95  L_cov= 0.36  L_cons=0.000  L_tot=  2.06  diag=+0.994  mix=[cap:97/ref:115/nl:108]  β=0.050  α_t=0.052  (2464s)
step  3300  L_grcl=  1.92  L_cov= 0.37  L_cons=0.000  L_tot=  2.03  diag=+0.993  mix=[cap:98/ref:110/nl:112]  β=0.050  α_t=0.052  (2479s)
step  3320  L_grcl=  1.92  L_cov= 0.36  L_cons=0.000  L_tot=  2.02  diag=+0.993  mix=[cap:108/ref:116/nl:96]  β=0.050  α_t=0.052  (2494s)
step  3340  L_grcl=  1.92  L_cov= 0.35  L_cons=0.000  L_tot=  2.03  diag=+0.993  mix=[cap:102/ref:105/nl:113]  β=0.050  α_t=0.052  (2508s)
step  3360  L_grcl=  1.94  L_cov= 0.37  L_cons=0.000  L_tot=  2.05  diag=+0.993  mix=[cap:101/ref:115/nl:104]  β=0.050  α_t=0.052  (2522s)
step  3380  L_grcl=  1.89  L_cov= 0.34  L_cons=0.000  L_tot=  1.99  diag=+0.992  mix=[cap:113/ref:109/nl:98]  β=0.050  α_t=0.052  (2537s)
step  3400  L_grcl=  1.95  L_cov= 0.35  L_cons=0.000  L_tot=  2.05  diag=+0.993  mix=[cap:107/ref:126/nl:87]  β=0.050  α_t=0.052  (2551s)
step  3420  L_grcl=  1.93  L_cov= 0.38  L_cons=0.000  L_tot=  2.04  diag=+0.993  mix=[cap:103/ref:107/nl:110]  β=0.050  α_t=0.052  (2565s)
step  3440  L_grcl=  1.89  L_cov= 0.36  L_cons=0.000  L_tot=  1.99  diag=+0.993  mix=[cap:99/ref:104/nl:117]  β=0.050  α_t=0.052  (2579s)
step  3460  L_grcl=  1.86  L_cov= 0.34  L_cons=0.000  L_tot=  1.96  diag=+0.992  mix=[cap:106/ref:116/nl:98]  β=0.050  α_t=0.052  (2594s)
step  3480  L_grcl=  1.89  L_cov= 0.35  L_cons=0.000  L_tot=  2.00  diag=+0.992  mix=[cap:105/ref:110/nl:105]  β=0.050  α_t=0.052  (2609s)
step  3500  L_grcl=  1.89  L_cov= 0.34  L_cons=0.000  L_tot=  1.99  diag=+0.991  mix=[cap:106/ref:113/nl:101]  β=0.051  α_t=0.052  (2623s)

  [eval @ step 3500] held-out test-A...
    cap-fig cos: +0.9938  (Δ +0.8791)
    R@1/5/10: 10.5% / 50.0% / 80.5%  (Δ +10.5 / +50.0 / +80.5)
    [ckpt saved @ step 3500 R@10=80.5%]

step  3520  L_grcl=  1.92  L_cov= 0.35  L_cons=0.000  L_tot=  2.03  diag=+0.992  mix=[cap:98/ref:122/nl:100]  β=0.051  α_t=0.052  (2654s)
step  3540  L_grcl=  1.93  L_cov= 0.35  L_cons=0.000  L_tot=  2.03  diag=+0.992  mix=[cap:100/ref:117/nl:103]  β=0.051  α_t=0.052  (2669s)
step  3560  L_grcl=  1.92  L_cov= 0.35  L_cons=0.000  L_tot=  2.02  diag=+0.992  mix=[cap:107/ref:113/nl:100]  β=0.051  α_t=0.052  (2683s)
step  3580  L_grcl=  1.88  L_cov= 0.35  L_cons=0.000  L_tot=  1.99  diag=+0.992  mix=[cap:111/ref:91/nl:118]  β=0.051  α_t=0.052  (2697s)
step  3600  L_grcl=  1.85  L_cov= 0.35  L_cons=0.000  L_tot=  1.96  diag=+0.991  mix=[cap:104/ref:102/nl:114]  β=0.051  α_t=0.052  (2711s)
step  3620  L_grcl=  1.91  L_cov= 0.34  L_cons=0.000  L_tot=  2.02  diag=+0.991  mix=[cap:114/ref:96/nl:110]  β=0.051  α_t=0.052  (2726s)
step  3640  L_grcl=  1.94  L_cov= 0.35  L_cons=0.000  L_tot=  2.04  diag=+0.992  mix=[cap:87/ref:112/nl:121]  β=0.051  α_t=0.052  (2740s)
step  3660  L_grcl=  1.90  L_cov= 0.35  L_cons=0.000  L_tot=  2.00  diag=+0.991  mix=[cap:111/ref:101/nl:108]  β=0.051  α_t=0.052  (2755s)
step  3680  L_grcl=  1.87  L_cov= 0.35  L_cons=0.000  L_tot=  1.98  diag=+0.992  mix=[cap:114/ref:105/nl:101]  β=0.051  α_t=0.053  (2769s)
step  3700  L_grcl=  1.93  L_cov= 0.35  L_cons=0.000  L_tot=  2.03  diag=+0.992  mix=[cap:90/ref:134/nl:96]  β=0.051  α_t=0.053  (2783s)
step  3720  L_grcl=  1.90  L_cov= 0.36  L_cons=0.000  L_tot=  2.01  diag=+0.992  mix=[cap:112/ref:97/nl:111]  β=0.051  α_t=0.053  (2798s)
step  3740  L_grcl=  1.83  L_cov= 0.34  L_cons=0.000  L_tot=  1.94  diag=+0.992  mix=[cap:107/ref:97/nl:116]  β=0.051  α_t=0.053  (2813s)
step  3760  L_grcl=  1.91  L_cov= 0.32  L_cons=0.000  L_tot=  2.01  diag=+0.992  mix=[cap:110/ref:108/nl:102]  β=0.051  α_t=0.053  (2828s)
step  3780  L_grcl=  1.87  L_cov= 0.35  L_cons=0.000  L_tot=  1.97  diag=+0.991  mix=[cap:101/ref:114/nl:105]  β=0.051  α_t=0.053  (2842s)
step  3800  L_grcl=  1.90  L_cov= 0.35  L_cons=0.000  L_tot=  2.01  diag=+0.991  mix=[cap:95/ref:112/nl:113]  β=0.051  α_t=0.053  (2857s)
step  3820  L_grcl=  1.88  L_cov= 0.33  L_cons=0.000  L_tot=  1.98  diag=+0.992  mix=[cap:107/ref:109/nl:104]  β=0.051  α_t=0.053  (2871s)
step  3840  L_grcl=  1.85  L_cov= 0.34  L_cons=0.000  L_tot=  1.95  diag=+0.992  mix=[cap:113/ref:108/nl:99]  β=0.051  α_t=0.053  (2885s)
step  3860  L_grcl=  1.95  L_cov= 0.35  L_cons=0.000  L_tot=  2.06  diag=+0.992  mix=[cap:107/ref:121/nl:92]  β=0.051  α_t=0.053  (2900s)
step  3880  L_grcl=  1.91  L_cov= 0.36  L_cons=0.000  L_tot=  2.02  diag=+0.992  mix=[cap:100/ref:120/nl:100]  β=0.051  α_t=0.053  (2914s)
step  3900  L_grcl=  1.87  L_cov= 0.34  L_cons=0.000  L_tot=  1.97  diag=+0.992  mix=[cap:117/ref:104/nl:99]  β=0.051  α_t=0.053  (2929s)
step  3920  L_grcl=  1.85  L_cov= 0.33  L_cons=0.000  L_tot=  1.95  diag=+0.992  mix=[cap:113/ref:104/nl:103]  β=0.051  α_t=0.053  (2944s)
step  3940  L_grcl=  1.84  L_cov= 0.34  L_cons=0.000  L_tot=  1.94  diag=+0.992  mix=[cap:107/ref:116/nl:97]  β=0.051  α_t=0.053  (2958s)
step  3960  L_grcl=  1.85  L_cov= 0.34  L_cons=0.000  L_tot=  1.95  diag=+0.992  mix=[cap:103/ref:112/nl:105]  β=0.051  α_t=0.053  (2972s)
step  3980  L_grcl=  1.88  L_cov= 0.34  L_cons=0.000  L_tot=  1.98  diag=+0.992  mix=[cap:117/ref:112/nl:91]  β=0.051  α_t=0.053  (2986s)
step  4000  L_grcl=  1.88  L_cov= 0.35  L_cons=0.000  L_tot=  1.98  diag=+0.992  mix=[cap:104/ref:100/nl:116]  β=0.051  α_t=0.053  (3001s)

  [eval @ step 4000] held-out test-A...
    cap-fig cos: +0.9951  (Δ +0.8804)
    R@1/5/10: 14.5% / 59.0% / 83.0%  (Δ +14.5 / +59.0 / +83.0)
    [ckpt saved @ step 4000 R@10=83.0%]

step  4020  L_grcl=  1.87  L_cov= 0.34  L_cons=0.000  L_tot=  1.97  diag=+0.992  mix=[cap:109/ref:103/nl:108]  β=0.051  α_t=0.053  (3032s)
step  4040  L_grcl=  1.90  L_cov= 0.35  L_cons=0.000  L_tot=  2.01  diag=+0.992  mix=[cap:108/ref:111/nl:101]  β=0.051  α_t=0.053  (3047s)
step  4060  L_grcl=  1.82  L_cov= 0.34  L_cons=0.000  L_tot=  1.92  diag=+0.992  mix=[cap:113/ref:97/nl:110]  β=0.051  α_t=0.053  (3061s)
step  4080  L_grcl=  1.87  L_cov= 0.34  L_cons=0.000  L_tot=  1.97  diag=+0.990  mix=[cap:102/ref:106/nl:112]  β=0.051  α_t=0.053  (3076s)
step  4100  L_grcl=  1.89  L_cov= 0.33  L_cons=0.000  L_tot=  1.99  diag=+0.993  mix=[cap:100/ref:120/nl:100]  β=0.051  α_t=0.053  (3090s)
step  4120  L_grcl=  1.89  L_cov= 0.34  L_cons=0.000  L_tot=  1.99  diag=+0.993  mix=[cap:104/ref:101/nl:115]  β=0.051  α_t=0.053  (3105s)
step  4140  L_grcl=  1.91  L_cov= 0.35  L_cons=0.000  L_tot=  2.01  diag=+0.993  mix=[cap:97/ref:117/nl:106]  β=0.051  α_t=0.053  (3119s)
step  4160  L_grcl=  1.88  L_cov= 0.34  L_cons=0.000  L_tot=  1.98  diag=+0.993  mix=[cap:109/ref:109/nl:102]  β=0.051  α_t=0.053  (3137s)
step  4180  L_grcl=  1.88  L_cov= 0.36  L_cons=0.000  L_tot=  1.98  diag=+0.992  mix=[cap:109/ref:109/nl:102]  β=0.052  α_t=0.053  (3152s)
step  4200  L_grcl=  1.81  L_cov= 0.35  L_cons=0.000  L_tot=  1.91  diag=+0.991  mix=[cap:105/ref:111/nl:104]  β=0.052  α_t=0.053  (3166s)
step  4220  L_grcl=  1.91  L_cov= 0.34  L_cons=0.000  L_tot=  2.02  diag=+0.992  mix=[cap:94/ref:122/nl:104]  β=0.052  α_t=0.053  (3181s)
step  4240  L_grcl=  1.88  L_cov= 0.35  L_cons=0.000  L_tot=  1.98  diag=+0.992  mix=[cap:99/ref:108/nl:113]  β=0.052  α_t=0.053  (3195s)
step  4260  L_grcl=  1.86  L_cov= 0.33  L_cons=0.000  L_tot=  1.96  diag=+0.991  mix=[cap:116/ref:99/nl:105]  β=0.052  α_t=0.053  (3210s)
step  4280  L_grcl=  1.83  L_cov= 0.34  L_cons=0.000  L_tot=  1.93  diag=+0.991  mix=[cap:114/ref:84/nl:122]  β=0.052  α_t=0.053  (3224s)
step  4300  L_grcl=  1.87  L_cov= 0.35  L_cons=0.000  L_tot=  1.97  diag=+0.992  mix=[cap:100/ref:105/nl:115]  β=0.052  α_t=0.053  (3239s)
step  4320  L_grcl=  1.86  L_cov= 0.33  L_cons=0.000  L_tot=  1.96  diag=+0.991  mix=[cap:96/ref:116/nl:108]  β=0.052  α_t=0.053  (3253s)
step  4340  L_grcl=  1.83  L_cov= 0.35  L_cons=0.000  L_tot=  1.94  diag=+0.991  mix=[cap:114/ref:99/nl:107]  β=0.052  α_t=0.053  (3268s)
step  4360  L_grcl=  1.89  L_cov= 0.34  L_cons=0.000  L_tot=  1.99  diag=+0.991  mix=[cap:92/ref:116/nl:112]  β=0.052  α_t=0.053  (3282s)
step  4380  L_grcl=  1.84  L_cov= 0.35  L_cons=0.000  L_tot=  1.95  diag=+0.991  mix=[cap:102/ref:92/nl:126]  β=0.052  α_t=0.053  (3296s)
step  4400  L_grcl=  1.80  L_cov= 0.32  L_cons=0.000  L_tot=  1.90  diag=+0.992  mix=[cap:115/ref:106/nl:99]  β=0.052  α_t=0.053  (3310s)
step  4420  L_grcl=  1.85  L_cov= 0.32  L_cons=0.000  L_tot=  1.95  diag=+0.991  mix=[cap:97/ref:114/nl:109]  β=0.052  α_t=0.053  (3324s)
step  4440  L_grcl=  1.90  L_cov= 0.34  L_cons=0.000  L_tot=  2.00  diag=+0.991  mix=[cap:117/ref:95/nl:108]  β=0.052  α_t=0.053  (3339s)
step  4460  L_grcl=  1.84  L_cov= 0.34  L_cons=0.000  L_tot=  1.95  diag=+0.991  mix=[cap:80/ref:124/nl:116]  β=0.052  α_t=0.053  (3353s)
step  4480  L_grcl=  1.87  L_cov= 0.34  L_cons=0.000  L_tot=  1.98  diag=+0.991  mix=[cap:97/ref:113/nl:110]  β=0.052  α_t=0.053  (3367s)
step  4500  L_grcl=  1.79  L_cov= 0.32  L_cons=0.000  L_tot=  1.89  diag=+0.992  mix=[cap:119/ref:104/nl:97]  β=0.052  α_t=0.053  (3381s)

  [eval @ step 4500] held-out test-A...
    cap-fig cos: +0.9947  (Δ +0.8799)
    R@1/5/10: 9.5% / 51.0% / 75.5%  (Δ +9.5 / +51.0 / +75.5)

step  4520  L_grcl=  1.86  L_cov= 0.34  L_cons=0.000  L_tot=  1.97  diag=+0.991  mix=[cap:107/ref:114/nl:99]  β=0.052  α_t=0.053  (3408s)
step  4540  L_grcl=  1.82  L_cov= 0.33  L_cons=0.000  L_tot=  1.92  diag=+0.991  mix=[cap:103/ref:109/nl:108]  β=0.052  α_t=0.053  (3422s)
step  4560  L_grcl=  1.84  L_cov= 0.33  L_cons=0.000  L_tot=  1.94  diag=+0.990  mix=[cap:96/ref:109/nl:115]  β=0.052  α_t=0.053  (3437s)
step  4580  L_grcl=  1.82  L_cov= 0.32  L_cons=0.000  L_tot=  1.92  diag=+0.991  mix=[cap:110/ref:100/nl:110]  β=0.052  α_t=0.053  (3451s)
step  4600  L_grcl=  1.88  L_cov= 0.32  L_cons=0.000  L_tot=  1.97  diag=+0.989  mix=[cap:117/ref:100/nl:103]  β=0.052  α_t=0.053  (3466s)
step  4620  L_grcl=  1.86  L_cov= 0.34  L_cons=0.000  L_tot=  1.97  diag=+0.991  mix=[cap:111/ref:114/nl:95]  β=0.052  α_t=0.054  (3480s)
step  4640  L_grcl=  1.81  L_cov= 0.32  L_cons=0.000  L_tot=  1.90  diag=+0.991  mix=[cap:117/ref:105/nl:98]  β=0.052  α_t=0.054  (3495s)
step  4660  L_grcl=  1.88  L_cov= 0.33  L_cons=0.000  L_tot=  1.98  diag=+0.992  mix=[cap:93/ref:121/nl:106]  β=0.052  α_t=0.054  (3509s)
step  4680  L_grcl=  1.85  L_cov= 0.33  L_cons=0.000  L_tot=  1.95  diag=+0.991  mix=[cap:121/ref:101/nl:98]  β=0.052  α_t=0.054  (3524s)
step  4700  L_grcl=  1.87  L_cov= 0.35  L_cons=0.000  L_tot=  1.97  diag=+0.990  mix=[cap:105/ref:125/nl:90]  β=0.052  α_t=0.054  (3539s)
step  4720  L_grcl=  1.87  L_cov= 0.32  L_cons=0.000  L_tot=  1.96  diag=+0.991  mix=[cap:97/ref:114/nl:109]  β=0.052  α_t=0.054  (3554s)
step  4740  L_grcl=  1.85  L_cov= 0.35  L_cons=0.000  L_tot=  1.96  diag=+0.992  mix=[cap:105/ref:98/nl:117]  β=0.052  α_t=0.054  (3569s)
step  4760  L_grcl=  1.89  L_cov= 0.35  L_cons=0.000  L_tot=  2.00  diag=+0.991  mix=[cap:108/ref:114/nl:98]  β=0.052  α_t=0.054  (3587s)
step  4780  L_grcl=  1.82  L_cov= 0.32  L_cons=0.000  L_tot=  1.92  diag=+0.991  mix=[cap:102/ref:118/nl:100]  β=0.052  α_t=0.054  (3602s)
step  4800  L_grcl=  1.78  L_cov= 0.32  L_cons=0.000  L_tot=  1.88  diag=+0.990  mix=[cap:101/ref:111/nl:108]  β=0.052  α_t=0.054  (3616s)
step  4820  L_grcl=  1.78  L_cov= 0.32  L_cons=0.000  L_tot=  1.87  diag=+0.990  mix=[cap:121/ref:97/nl:102]  β=0.053  α_t=0.054  (3631s)
step  4840  L_grcl=  1.89  L_cov= 0.32  L_cons=0.000  L_tot=  1.99  diag=+0.990  mix=[cap:102/ref:109/nl:109]  β=0.053  α_t=0.054  (3646s)
step  4860  L_grcl=  1.87  L_cov= 0.33  L_cons=0.000  L_tot=  1.97  diag=+0.991  mix=[cap:99/ref:121/nl:100]  β=0.053  α_t=0.054  (3661s)
step  4880  L_grcl=  1.86  L_cov= 0.33  L_cons=0.000  L_tot=  1.96  diag=+0.991  mix=[cap:109/ref:108/nl:103]  β=0.053  α_t=0.054  (3676s)
step  4900  L_grcl=  1.86  L_cov= 0.33  L_cons=0.000  L_tot=  1.96  diag=+0.992  mix=[cap:114/ref:114/nl:92]  β=0.053  α_t=0.054  (3691s)
step  4920  L_grcl=  1.86  L_cov= 0.34  L_cons=0.000  L_tot=  1.96  diag=+0.991  mix=[cap:114/ref:108/nl:98]  β=0.053  α_t=0.054  (3706s)
step  4940  L_grcl=  1.79  L_cov= 0.32  L_cons=0.000  L_tot=  1.88  diag=+0.991  mix=[cap:114/ref:104/nl:102]  β=0.053  α_t=0.054  (3720s)
step  4960  L_grcl=  1.88  L_cov= 0.33  L_cons=0.000  L_tot=  1.98  diag=+0.990  mix=[cap:116/ref:114/nl:90]  β=0.053  α_t=0.054  (3735s)
step  4980  L_grcl=  1.82  L_cov= 0.33  L_cons=0.000  L_tot=  1.92  diag=+0.991  mix=[cap:106/ref:96/nl:118]  β=0.053  α_t=0.054  (3750s)
step  5000  L_grcl=  1.85  L_cov= 0.32  L_cons=0.000  L_tot=  1.95  diag=+0.990  mix=[cap:102/ref:117/nl:101]  β=0.053  α_t=0.054  (3765s)

  [eval @ step 5000] held-out test-A...
    cap-fig cos: +0.9953  (Δ +0.8806)
    R@1/5/10: 16.0% / 60.5% / 82.5%  (Δ +16.0 / +60.5 / +82.5)

step  5020  L_grcl=  1.82  L_cov= 0.32  L_cons=0.000  L_tot=  1.92  diag=+0.989  mix=[cap:117/ref:95/nl:108]  β=0.053  α_t=0.054  (3791s)
step  5040  L_grcl=  1.90  L_cov= 0.34  L_cons=0.000  L_tot=  2.00  diag=+0.989  mix=[cap:78/ref:118/nl:124]  β=0.053  α_t=0.054  (3806s)
step  5060  L_grcl=  1.80  L_cov= 0.34  L_cons=0.000  L_tot=  1.90  diag=+0.991  mix=[cap:115/ref:100/nl:105]  β=0.053  α_t=0.054  (3821s)
step  5080  L_grcl=  1.84  L_cov= 0.33  L_cons=0.000  L_tot=  1.94  diag=+0.989  mix=[cap:88/ref:125/nl:107]  β=0.053  α_t=0.054  (3835s)
step  5100  L_grcl=  1.77  L_cov= 0.32  L_cons=0.000  L_tot=  1.87  diag=+0.990  mix=[cap:105/ref:106/nl:109]  β=0.053  α_t=0.054  (3850s)
step  5120  L_grcl=  1.86  L_cov= 0.33  L_cons=0.000  L_tot=  1.96  diag=+0.990  mix=[cap:104/ref:113/nl:103]  β=0.053  α_t=0.054  (3864s)
step  5140  L_grcl=  1.77  L_cov= 0.31  L_cons=0.000  L_tot=  1.86  diag=+0.991  mix=[cap:125/ref:105/nl:90]  β=0.053  α_t=0.054  (3879s)
step  5160  L_grcl=  1.80  L_cov= 0.32  L_cons=0.000  L_tot=  1.89  diag=+0.990  mix=[cap:111/ref:102/nl:107]  β=0.053  α_t=0.054  (3894s)
step  5180  L_grcl=  1.85  L_cov= 0.32  L_cons=0.000  L_tot=  1.94  diag=+0.990  mix=[cap:101/ref:116/nl:103]  β=0.053  α_t=0.054  (3908s)
step  5200  L_grcl=  1.84  L_cov= 0.32  L_cons=0.000  L_tot=  1.94  diag=+0.992  mix=[cap:114/ref:110/nl:96]  β=0.053  α_t=0.054  (3923s)
step  5220  L_grcl=  1.85  L_cov= 0.33  L_cons=0.000  L_tot=  1.95  diag=+0.991  mix=[cap:104/ref:110/nl:106]  β=0.053  α_t=0.054  (3938s)
step  5240  L_grcl=  1.80  L_cov= 0.32  L_cons=0.000  L_tot=  1.90  diag=+0.990  mix=[cap:112/ref:118/nl:90]  β=0.053  α_t=0.054  (3952s)
step  5260  L_grcl=  1.81  L_cov= 0.33  L_cons=0.000  L_tot=  1.91  diag=+0.991  mix=[cap:109/ref:120/nl:91]  β=0.053  α_t=0.054  (3967s)
step  5280  L_grcl=  1.84  L_cov= 0.32  L_cons=0.000  L_tot=  1.93  diag=+0.989  mix=[cap:107/ref:103/nl:110]  β=0.053  α_t=0.054  (3981s)
step  5300  L_grcl=  1.80  L_cov= 0.32  L_cons=0.000  L_tot=  1.89  diag=+0.989  mix=[cap:124/ref:86/nl:110]  β=0.053  α_t=0.054  (3995s)
step  5320  L_grcl=  1.82  L_cov= 0.33  L_cons=0.000  L_tot=  1.92  diag=+0.992  mix=[cap:107/ref:118/nl:95]  β=0.053  α_t=0.054  (4010s)
step  5340  L_grcl=  1.79  L_cov= 0.34  L_cons=0.000  L_tot=  1.90  diag=+0.989  mix=[cap:117/ref:95/nl:108]  β=0.053  α_t=0.054  (4026s)
step  5360  L_grcl=  1.79  L_cov= 0.31  L_cons=0.000  L_tot=  1.89  diag=+0.989  mix=[cap:124/ref:102/nl:94]  β=0.053  α_t=0.054  (4040s)
step  5380  L_grcl=  1.75  L_cov= 0.31  L_cons=0.000  L_tot=  1.85  diag=+0.991  mix=[cap:127/ref:109/nl:84]  β=0.053  α_t=0.054  (4055s)
step  5400  L_grcl=  1.82  L_cov= 0.32  L_cons=0.000  L_tot=  1.92  diag=+0.990  mix=[cap:99/ref:113/nl:108]  β=0.053  α_t=0.054  (4069s)
step  5420  L_grcl=  1.80  L_cov= 0.32  L_cons=0.000  L_tot=  1.89  diag=+0.989  mix=[cap:102/ref:90/nl:128]  β=0.053  α_t=0.054  (4084s)
step  5440  L_grcl=  1.84  L_cov= 0.31  L_cons=0.000  L_tot=  1.93  diag=+0.988  mix=[cap:93/ref:117/nl:110]  β=0.053  α_t=0.054  (4098s)
step  5460  L_grcl=  1.80  L_cov= 0.33  L_cons=0.000  L_tot=  1.90  diag=+0.989  mix=[cap:106/ref:115/nl:99]  β=0.054  α_t=0.054  (4113s)
step  5480  L_grcl=  1.76  L_cov= 0.32  L_cons=0.000  L_tot=  1.86  diag=+0.989  mix=[cap:106/ref:99/nl:115]  β=0.054  α_t=0.054  (4128s)
step  5500  L_grcl=  1.81  L_cov= 0.31  L_cons=0.000  L_tot=  1.90  diag=+0.991  mix=[cap:125/ref:112/nl:83]  β=0.054  α_t=0.054  (4142s)

  [eval @ step 5500] held-out test-A...
    cap-fig cos: +0.9942  (Δ +0.8794)
    R@1/5/10: 17.5% / 61.5% / 85.5%  (Δ +17.5 / +61.5 / +85.5)
    [ckpt saved @ step 5500 R@10=85.5%]

step  5520  L_grcl=  1.81  L_cov= 0.32  L_cons=0.000  L_tot=  1.90  diag=+0.989  mix=[cap:104/ref:109/nl:107]  β=0.054  α_t=0.054  (4173s)
step  5540  L_grcl=  1.84  L_cov= 0.34  L_cons=0.000  L_tot=  1.94  diag=+0.991  mix=[cap:100/ref:103/nl:117]  β=0.054  α_t=0.054  (4188s)
step  5560  L_grcl=  1.87  L_cov= 0.33  L_cons=0.000  L_tot=  1.97  diag=+0.990  mix=[cap:124/ref:102/nl:94]  β=0.054  α_t=0.055  (4202s)
step  5580  L_grcl=  1.79  L_cov= 0.31  L_cons=0.000  L_tot=  1.88  diag=+0.991  mix=[cap:104/ref:114/nl:102]  β=0.054  α_t=0.055  (4217s)
step  5600  L_grcl=  1.84  L_cov= 0.31  L_cons=0.000  L_tot=  1.93  diag=+0.990  mix=[cap:102/ref:115/nl:103]  β=0.054  α_t=0.055  (4231s)
step  5620  L_grcl=  1.78  L_cov= 0.31  L_cons=0.000  L_tot=  1.88  diag=+0.990  mix=[cap:88/ref:125/nl:107]  β=0.054  α_t=0.055  (4246s)
step  5640  L_grcl=  1.74  L_cov= 0.32  L_cons=0.000  L_tot=  1.84  diag=+0.990  mix=[cap:119/ref:103/nl:98]  β=0.054  α_t=0.055  (4260s)
step  5660  L_grcl=  1.79  L_cov= 0.30  L_cons=0.000  L_tot=  1.88  diag=+0.990  mix=[cap:105/ref:112/nl:103]  β=0.054  α_t=0.055  (4274s)
step  5680  L_grcl=  1.83  L_cov= 0.32  L_cons=0.000  L_tot=  1.92  diag=+0.990  mix=[cap:94/ref:123/nl:103]  β=0.054  α_t=0.055  (4288s)
step  5700  L_grcl=  1.77  L_cov= 0.31  L_cons=0.000  L_tot=  1.87  diag=+0.990  mix=[cap:112/ref:104/nl:104]  β=0.054  α_t=0.055  (4303s)
step  5720  L_grcl=  1.85  L_cov= 0.33  L_cons=0.000  L_tot=  1.95  diag=+0.989  mix=[cap:106/ref:108/nl:106]  β=0.054  α_t=0.055  (4317s)
step  5740  L_grcl=  1.79  L_cov= 0.32  L_cons=0.000  L_tot=  1.89  diag=+0.988  mix=[cap:111/ref:100/nl:109]  β=0.054  α_t=0.055  (4332s)
step  5760  L_grcl=  1.81  L_cov= 0.33  L_cons=0.000  L_tot=  1.91  diag=+0.988  mix=[cap:90/ref:113/nl:117]  β=0.054  α_t=0.055  (4346s)
step  5780  L_grcl=  1.81  L_cov= 0.30  L_cons=0.000  L_tot=  1.90  diag=+0.990  mix=[cap:109/ref:102/nl:109]  β=0.054  α_t=0.055  (4361s)
step  5800  L_grcl=  1.77  L_cov= 0.32  L_cons=0.000  L_tot=  1.87  diag=+0.989  mix=[cap:116/ref:98/nl:106]  β=0.054  α_t=0.055  (4375s)
step  5820  L_grcl=  1.78  L_cov= 0.32  L_cons=0.000  L_tot=  1.88  diag=+0.987  mix=[cap:101/ref:114/nl:105]  β=0.054  α_t=0.055  (4390s)
step  5840  L_grcl=  1.82  L_cov= 0.31  L_cons=0.000  L_tot=  1.91  diag=+0.988  mix=[cap:113/ref:101/nl:106]  β=0.054  α_t=0.055  (4405s)
step  5860  L_grcl=  1.82  L_cov= 0.32  L_cons=0.000  L_tot=  1.92  diag=+0.990  mix=[cap:103/ref:122/nl:95]  β=0.054  α_t=0.055  (4419s)
step  5880  L_grcl=  1.84  L_cov= 0.32  L_cons=0.000  L_tot=  1.93  diag=+0.990  mix=[cap:102/ref:119/nl:99]  β=0.054  α_t=0.055  (4434s)
step  5900  L_grcl=  1.84  L_cov= 0.33  L_cons=0.000  L_tot=  1.94  diag=+0.989  mix=[cap:101/ref:109/nl:110]  β=0.054  α_t=0.055  (4449s)
step  5920  L_grcl=  1.79  L_cov= 0.31  L_cons=0.000  L_tot=  1.88  diag=+0.990  mix=[cap:116/ref:112/nl:92]  β=0.054  α_t=0.055  (4463s)
step  5940  L_grcl=  1.78  L_cov= 0.32  L_cons=0.000  L_tot=  1.88  diag=+0.990  mix=[cap:109/ref:109/nl:102]  β=0.054  α_t=0.055  (4477s)
step  5960  L_grcl=  1.73  L_cov= 0.29  L_cons=0.000  L_tot=  1.81  diag=+0.989  mix=[cap:106/ref:107/nl:107]  β=0.054  α_t=0.055  (4495s)
step  5980  L_grcl=  1.80  L_cov= 0.32  L_cons=0.000  L_tot=  1.90  diag=+0.988  mix=[cap:105/ref:121/nl:94]  β=0.054  α_t=0.055  (4510s)
step  6000  L_grcl=  1.83  L_cov= 0.31  L_cons=0.000  L_tot=  1.92  diag=+0.989  mix=[cap:99/ref:111/nl:110]  β=0.054  α_t=0.055  (4524s)

  [eval @ step 6000] held-out test-A...
    cap-fig cos: +0.9945  (Δ +0.8798)
    R@1/5/10: 18.0% / 62.0% / 85.0%  (Δ +18.0 / +62.0 / +85.0)

step  6020  L_grcl=  1.79  L_cov= 0.31  L_cons=0.000  L_tot=  1.88  diag=+0.991  mix=[cap:105/ref:115/nl:100]  β=0.054  α_t=0.055  (4551s)
step  6040  L_grcl=  1.79  L_cov= 0.31  L_cons=0.000  L_tot=  1.89  diag=+0.990  mix=[cap:94/ref:108/nl:118]  β=0.054  α_t=0.055  (4566s)
step  6060  L_grcl=  1.83  L_cov= 0.33  L_cons=0.000  L_tot=  1.93  diag=+0.991  mix=[cap:102/ref:117/nl:101]  β=0.055  α_t=0.055  (4581s)
step  6080  L_grcl=  1.78  L_cov= 0.32  L_cons=0.000  L_tot=  1.88  diag=+0.991  mix=[cap:116/ref:103/nl:101]  β=0.055  α_t=0.055  (4595s)
step  6100  L_grcl=  1.82  L_cov= 0.31  L_cons=0.000  L_tot=  1.91  diag=+0.989  mix=[cap:100/ref:115/nl:105]  β=0.055  α_t=0.055  (4610s)
step  6120  L_grcl=  1.83  L_cov= 0.32  L_cons=0.000  L_tot=  1.92  diag=+0.991  mix=[cap:107/ref:99/nl:114]  β=0.055  α_t=0.055  (4625s)
step  6140  L_grcl=  1.82  L_cov= 0.33  L_cons=0.000  L_tot=  1.92  diag=+0.990  mix=[cap:100/ref:109/nl:111]  β=0.055  α_t=0.055  (4639s)
step  6160  L_grcl=  1.87  L_cov= 0.34  L_cons=0.000  L_tot=  1.97  diag=+0.989  mix=[cap:100/ref:113/nl:107]  β=0.055  α_t=0.055  (4654s)
step  6180  L_grcl=  1.80  L_cov= 0.31  L_cons=0.000  L_tot=  1.89  diag=+0.989  mix=[cap:104/ref:114/nl:102]  β=0.055  α_t=0.055  (4669s)
step  6200  L_grcl=  1.83  L_cov= 0.32  L_cons=0.000  L_tot=  1.92  diag=+0.989  mix=[cap:97/ref:119/nl:104]  β=0.055  α_t=0.055  (4684s)
step  6220  L_grcl=  1.83  L_cov= 0.32  L_cons=0.000  L_tot=  1.92  diag=+0.989  mix=[cap:117/ref:112/nl:91]  β=0.055  α_t=0.055  (4698s)
step  6240  L_grcl=  1.80  L_cov= 0.32  L_cons=0.000  L_tot=  1.89  diag=+0.990  mix=[cap:105/ref:107/nl:108]  β=0.055  α_t=0.055  (4713s)
step  6260  L_grcl=  1.80  L_cov= 0.31  L_cons=0.000  L_tot=  1.89  diag=+0.990  mix=[cap:108/ref:115/nl:97]  β=0.055  α_t=0.055  (4727s)
step  6280  L_grcl=  1.86  L_cov= 0.33  L_cons=0.000  L_tot=  1.95  diag=+0.990  mix=[cap:114/ref:110/nl:96]  β=0.055  α_t=0.055  (4742s)
step  6300  L_grcl=  1.85  L_cov= 0.34  L_cons=0.000  L_tot=  1.95  diag=+0.989  mix=[cap:99/ref:109/nl:112]  β=0.055  α_t=0.055  (4757s)
step  6320  L_grcl=  1.80  L_cov= 0.31  L_cons=0.000  L_tot=  1.89  diag=+0.988  mix=[cap:127/ref:97/nl:96]  β=0.055  α_t=0.055  (4771s)
step  6340  L_grcl=  1.81  L_cov= 0.32  L_cons=0.000  L_tot=  1.91  diag=+0.990  mix=[cap:110/ref:117/nl:93]  β=0.055  α_t=0.055  (4786s)
step  6360  L_grcl=  1.81  L_cov= 0.32  L_cons=0.000  L_tot=  1.91  diag=+0.989  mix=[cap:111/ref:105/nl:104]  β=0.055  α_t=0.055  (4800s)
step  6380  L_grcl=  1.82  L_cov= 0.32  L_cons=0.000  L_tot=  1.91  diag=+0.989  mix=[cap:101/ref:112/nl:107]  β=0.055  α_t=0.055  (4815s)
step  6400  L_grcl=  1.81  L_cov= 0.31  L_cons=0.000  L_tot=  1.90  diag=+0.988  mix=[cap:103/ref:107/nl:110]  β=0.055  α_t=0.055  (4829s)
step  6420  L_grcl=  1.77  L_cov= 0.31  L_cons=0.000  L_tot=  1.86  diag=+0.988  mix=[cap:97/ref:111/nl:112]  β=0.055  α_t=0.055  (4844s)
step  6440  L_grcl=  1.77  L_cov= 0.32  L_cons=0.000  L_tot=  1.86  diag=+0.988  mix=[cap:102/ref:118/nl:100]  β=0.055  α_t=0.055  (4858s)
step  6460  L_grcl=  1.83  L_cov= 0.32  L_cons=0.000  L_tot=  1.92  diag=+0.988  mix=[cap:103/ref:117/nl:100]  β=0.055  α_t=0.055  (4873s)
step  6480  L_grcl=  1.81  L_cov= 0.32  L_cons=0.000  L_tot=  1.91  diag=+0.989  mix=[cap:109/ref:112/nl:99]  β=0.055  α_t=0.055  (4888s)
step  6500  L_grcl=  1.77  L_cov= 0.31  L_cons=0.000  L_tot=  1.86  diag=+0.988  mix=[cap:91/ref:124/nl:105]  β=0.055  α_t=0.056  (4903s)

  [eval @ step 6500] held-out test-A...
    cap-fig cos: +0.9942  (Δ +0.8795)
    R@1/5/10: 13.5% / 58.0% / 83.0%  (Δ +13.5 / +58.0 / +83.0)

step  6520  L_grcl=  1.72  L_cov= 0.30  L_cons=0.000  L_tot=  1.81  diag=+0.988  mix=[cap:98/ref:118/nl:104]  β=0.055  α_t=0.056  (4929s)
step  6540  L_grcl=  1.78  L_cov= 0.32  L_cons=0.000  L_tot=  1.87  diag=+0.989  mix=[cap:109/ref:111/nl:100]  β=0.055  α_t=0.056  (4943s)
step  6560  L_grcl=  1.76  L_cov= 0.30  L_cons=0.000  L_tot=  1.85  diag=+0.989  mix=[cap:115/ref:114/nl:91]  β=0.055  α_t=0.056  (4958s)
step  6580  L_grcl=  1.78  L_cov= 0.32  L_cons=0.000  L_tot=  1.88  diag=+0.989  mix=[cap:98/ref:115/nl:107]  β=0.055  α_t=0.056  (4973s)
step  6600  L_grcl=  1.77  L_cov= 0.32  L_cons=0.000  L_tot=  1.87  diag=+0.989  mix=[cap:112/ref:111/nl:97]  β=0.055  α_t=0.056  (4987s)
step  6620  L_grcl=  1.83  L_cov= 0.30  L_cons=0.000  L_tot=  1.92  diag=+0.989  mix=[cap:99/ref:107/nl:114]  β=0.055  α_t=0.056  (5002s)
step  6640  L_grcl=  1.79  L_cov= 0.32  L_cons=0.000  L_tot=  1.89  diag=+0.988  mix=[cap:103/ref:114/nl:103]  β=0.055  α_t=0.056  (5016s)
step  6660  L_grcl=  1.82  L_cov= 0.33  L_cons=0.000  L_tot=  1.92  diag=+0.990  mix=[cap:101/ref:107/nl:112]  β=0.056  α_t=0.056  (5031s)
step  6680  L_grcl=  1.80  L_cov= 0.32  L_cons=0.000  L_tot=  1.89  diag=+0.989  mix=[cap:88/ref:113/nl:119]  β=0.056  α_t=0.056  (5046s)
step  6700  L_grcl=  1.78  L_cov= 0.31  L_cons=0.000  L_tot=  1.87  diag=+0.987  mix=[cap:99/ref:114/nl:107]  β=0.056  α_t=0.056  (5060s)
step  6720  L_grcl=  1.75  L_cov= 0.30  L_cons=0.000  L_tot=  1.84  diag=+0.988  mix=[cap:101/ref:114/nl:105]  β=0.056  α_t=0.056  (5075s)
step  6740  L_grcl=  1.81  L_cov= 0.31  L_cons=0.000  L_tot=  1.90  diag=+0.987  mix=[cap:94/ref:112/nl:114]  β=0.056  α_t=0.056  (5090s)
step  6760  L_grcl=  1.80  L_cov= 0.32  L_cons=0.000  L_tot=  1.90  diag=+0.989  mix=[cap:110/ref:111/nl:99]  β=0.056  α_t=0.056  (5104s)
step  6780  L_grcl=  1.80  L_cov= 0.32  L_cons=0.000  L_tot=  1.90  diag=+0.990  mix=[cap:102/ref:120/nl:98]  β=0.056  α_t=0.056  (5119s)
step  6800  L_grcl=  1.77  L_cov= 0.32  L_cons=0.000  L_tot=  1.87  diag=+0.989  mix=[cap:110/ref:105/nl:105]  β=0.056  α_t=0.056  (5133s)
step  6820  L_grcl=  1.85  L_cov= 0.32  L_cons=0.000  L_tot=  1.94  diag=+0.988  mix=[cap:99/ref:109/nl:112]  β=0.056  α_t=0.056  (5148s)
step  6840  L_grcl=  1.79  L_cov= 0.31  L_cons=0.000  L_tot=  1.88  diag=+0.989  mix=[cap:109/ref:109/nl:102]  β=0.056  α_t=0.056  (5165s)
step  6860  L_grcl=  1.78  L_cov= 0.31  L_cons=0.000  L_tot=  1.88  diag=+0.987  mix=[cap:91/ref:114/nl:115]  β=0.056  α_t=0.056  (5180s)
step  6880  L_grcl=  1.77  L_cov= 0.30  L_cons=0.000  L_tot=  1.86  diag=+0.989  mix=[cap:111/ref:113/nl:96]  β=0.056  α_t=0.056  (5194s)
step  6900  L_grcl=  1.79  L_cov= 0.31  L_cons=0.000  L_tot=  1.89  diag=+0.989  mix=[cap:102/ref:99/nl:119]  β=0.056  α_t=0.056  (5208s)
step  6920  L_grcl=  1.78  L_cov= 0.31  L_cons=0.000  L_tot=  1.88  diag=+0.989  mix=[cap:119/ref:94/nl:107]  β=0.056  α_t=0.056  (5223s)
step  6940  L_grcl=  1.80  L_cov= 0.31  L_cons=0.000  L_tot=  1.89  diag=+0.989  mix=[cap:109/ref:119/nl:92]  β=0.056  α_t=0.056  (5238s)
step  6960  L_grcl=  1.75  L_cov= 0.30  L_cons=0.000  L_tot=  1.84  diag=+0.989  mix=[cap:116/ref:103/nl:101]  β=0.056  α_t=0.056  (5253s)
step  6980  L_grcl=  1.77  L_cov= 0.31  L_cons=0.000  L_tot=  1.86  diag=+0.989  mix=[cap:102/ref:111/nl:107]  β=0.056  α_t=0.056  (5267s)
step  7000  L_grcl=  1.79  L_cov= 0.31  L_cons=0.000  L_tot=  1.88  diag=+0.989  mix=[cap:110/ref:100/nl:110]  β=0.056  α_t=0.056  (5282s)

  [eval @ step 7000] held-out test-A...
    cap-fig cos: +0.9947  (Δ +0.8800)
    R@1/5/10: 20.0% / 63.5% / 89.0%  (Δ +20.0 / +63.5 / +89.0)
    [ckpt saved @ step 7000 R@10=89.0%]

step  7020  L_grcl=  1.79  L_cov= 0.32  L_cons=0.000  L_tot=  1.88  diag=+0.989  mix=[cap:98/ref:110/nl:112]  β=0.056  α_t=0.056  (5313s)
step  7040  L_grcl=  1.74  L_cov= 0.30  L_cons=0.000  L_tot=  1.83  diag=+0.990  mix=[cap:111/ref:103/nl:106]  β=0.056  α_t=0.056  (5327s)
step  7060  L_grcl=  1.90  L_cov= 0.31  L_cons=0.000  L_tot=  1.99  diag=+0.988  mix=[cap:96/ref:112/nl:112]  β=0.056  α_t=0.056  (5342s)
step  7080  L_grcl=  1.79  L_cov= 0.32  L_cons=0.000  L_tot=  1.88  diag=+0.991  mix=[cap:108/ref:110/nl:102]  β=0.056  α_t=0.056  (5356s)
step  7100  L_grcl=  1.79  L_cov= 0.31  L_cons=0.000  L_tot=  1.88  diag=+0.988  mix=[cap:97/ref:103/nl:120]  β=0.056  α_t=0.056  (5371s)
step  7120  L_grcl=  1.77  L_cov= 0.31  L_cons=0.000  L_tot=  1.86  diag=+0.990  mix=[cap:100/ref:119/nl:101]  β=0.056  α_t=0.056  (5389s)
step  7140  L_grcl=  1.79  L_cov= 0.31  L_cons=0.000  L_tot=  1.89  diag=+0.988  mix=[cap:111/ref:100/nl:109]  β=0.056  α_t=0.056  (5404s)
step  7160  L_grcl=  1.79  L_cov= 0.30  L_cons=0.000  L_tot=  1.88  diag=+0.989  mix=[cap:108/ref:118/nl:94]  β=0.056  α_t=0.056  (5418s)
step  7180  L_grcl=  1.74  L_cov= 0.31  L_cons=0.000  L_tot=  1.83  diag=+0.990  mix=[cap:115/ref:104/nl:101]  β=0.056  α_t=0.056  (5432s)
step  7200  L_grcl=  1.78  L_cov= 0.31  L_cons=0.000  L_tot=  1.87  diag=+0.989  mix=[cap:105/ref:106/nl:109]  β=0.056  α_t=0.056  (5447s)
step  7220  L_grcl=  1.81  L_cov= 0.32  L_cons=0.000  L_tot=  1.91  diag=+0.989  mix=[cap:116/ref:100/nl:104]  β=0.056  α_t=0.056  (5462s)
step  7240  L_grcl=  1.76  L_cov= 0.31  L_cons=0.000  L_tot=  1.85  diag=+0.989  mix=[cap:114/ref:106/nl:100]  β=0.056  α_t=0.056  (5476s)
step  7260  L_grcl=  1.78  L_cov= 0.31  L_cons=0.000  L_tot=  1.87  diag=+0.988  mix=[cap:101/ref:101/nl:118]  β=0.056  α_t=0.056  (5491s)
step  7280  L_grcl=  1.71  L_cov= 0.31  L_cons=0.000  L_tot=  1.80  diag=+0.988  mix=[cap:117/ref:94/nl:109]  β=0.057  α_t=0.056  (5505s)
step  7300  L_grcl=  1.80  L_cov= 0.32  L_cons=0.000  L_tot=  1.89  diag=+0.989  mix=[cap:107/ref:120/nl:93]  β=0.057  α_t=0.056  (5520s)
step  7320  L_grcl=  1.80  L_cov= 0.31  L_cons=0.000  L_tot=  1.90  diag=+0.990  mix=[cap:106/ref:103/nl:111]  β=0.057  α_t=0.056  (5535s)
step  7340  L_grcl=  1.76  L_cov= 0.30  L_cons=0.000  L_tot=  1.85  diag=+0.988  mix=[cap:109/ref:110/nl:101]  β=0.057  α_t=0.056  (5549s)
step  7360  L_grcl=  1.78  L_cov= 0.31  L_cons=0.000  L_tot=  1.87  diag=+0.990  mix=[cap:104/ref:115/nl:101]  β=0.057  α_t=0.056  (5564s)
step  7380  L_grcl=  1.80  L_cov= 0.32  L_cons=0.000  L_tot=  1.89  diag=+0.989  mix=[cap:106/ref:104/nl:110]  β=0.057  α_t=0.056  (5578s)
step  7400  L_grcl=  1.78  L_cov= 0.32  L_cons=0.000  L_tot=  1.88  diag=+0.989  mix=[cap:99/ref:97/nl:124]  β=0.057  α_t=0.056  (5593s)
step  7420  L_grcl=  1.80  L_cov= 0.31  L_cons=0.000  L_tot=  1.90  diag=+0.987  mix=[cap:89/ref:114/nl:117]  β=0.057  α_t=0.057  (5607s)
step  7440  L_grcl=  1.75  L_cov= 0.30  L_cons=0.000  L_tot=  1.84  diag=+0.989  mix=[cap:116/ref:103/nl:101]  β=0.057  α_t=0.057  (5621s)
step  7460  L_grcl=  1.82  L_cov= 0.32  L_cons=0.000  L_tot=  1.91  diag=+0.989  mix=[cap:100/ref:108/nl:112]  β=0.057  α_t=0.057  (5636s)
step  7480  L_grcl=  1.71  L_cov= 0.30  L_cons=0.000  L_tot=  1.80  diag=+0.988  mix=[cap:110/ref:117/nl:93]  β=0.057  α_t=0.057  (5651s)
step  7500  L_grcl=  1.74  L_cov= 0.30  L_cons=0.000  L_tot=  1.83  diag=+0.987  mix=[cap:115/ref:111/nl:94]  β=0.057  α_t=0.057  (5665s)

  [eval @ step 7500] held-out test-A...
    cap-fig cos: +0.9936  (Δ +0.8789)
    R@1/5/10: 17.5% / 62.0% / 87.5%  (Δ +17.5 / +62.0 / +87.5)

step  7520  L_grcl=  1.75  L_cov= 0.29  L_cons=0.000  L_tot=  1.84  diag=+0.989  mix=[cap:113/ref:102/nl:105]  β=0.057  α_t=0.057  (5692s)
step  7540  L_grcl=  1.80  L_cov= 0.31  L_cons=0.000  L_tot=  1.89  diag=+0.989  mix=[cap:120/ref:110/nl:90]  β=0.057  α_t=0.057  (5707s)
step  7560  L_grcl=  1.81  L_cov= 0.30  L_cons=0.000  L_tot=  1.90  diag=+0.987  mix=[cap:101/ref:115/nl:104]  β=0.057  α_t=0.057  (5721s)
step  7580  L_grcl=  1.78  L_cov= 0.32  L_cons=0.000  L_tot=  1.88  diag=+0.989  mix=[cap:114/ref:102/nl:104]  β=0.057  α_t=0.057  (5736s)
step  7600  L_grcl=  1.77  L_cov= 0.31  L_cons=0.000  L_tot=  1.87  diag=+0.988  mix=[cap:108/ref:103/nl:109]  β=0.057  α_t=0.057  (5750s)
step  7620  L_grcl=  1.75  L_cov= 0.30  L_cons=0.000  L_tot=  1.84  diag=+0.989  mix=[cap:117/ref:97/nl:106]  β=0.057  α_t=0.057  (5765s)
step  7640  L_grcl=  1.77  L_cov= 0.32  L_cons=0.000  L_tot=  1.86  diag=+0.989  mix=[cap:104/ref:107/nl:109]  β=0.057  α_t=0.057  (5780s)
step  7660  L_grcl=  1.77  L_cov= 0.31  L_cons=0.000  L_tot=  1.86  diag=+0.989  mix=[cap:107/ref:109/nl:104]  β=0.057  α_t=0.057  (5794s)
step  7680  L_grcl=  1.83  L_cov= 0.31  L_cons=0.000  L_tot=  1.93  diag=+0.989  mix=[cap:97/ref:106/nl:117]  β=0.057  α_t=0.057  (5809s)
step  7700  L_grcl=  1.79  L_cov= 0.31  L_cons=0.000  L_tot=  1.88  diag=+0.991  mix=[cap:122/ref:112/nl:86]  β=0.057  α_t=0.057  (5824s)
step  7720  L_grcl=  1.78  L_cov= 0.30  L_cons=0.000  L_tot=  1.87  diag=+0.989  mix=[cap:93/ref:101/nl:126]  β=0.057  α_t=0.057  (5838s)
step  7740  L_grcl=  1.81  L_cov= 0.31  L_cons=0.000  L_tot=  1.90  diag=+0.988  mix=[cap:99/ref:111/nl:110]  β=0.057  α_t=0.057  (5853s)
step  7760  L_grcl=  1.73  L_cov= 0.32  L_cons=0.000  L_tot=  1.82  diag=+0.989  mix=[cap:111/ref:103/nl:106]  β=0.057  α_t=0.057  (5867s)
step  7780  L_grcl=  1.75  L_cov= 0.31  L_cons=0.000  L_tot=  1.84  diag=+0.990  mix=[cap:130/ref:93/nl:97]  β=0.057  α_t=0.057  (5882s)
step  7800  L_grcl=  1.75  L_cov= 0.30  L_cons=0.000  L_tot=  1.84  diag=+0.989  mix=[cap:118/ref:113/nl:89]  β=0.057  α_t=0.057  (5897s)
step  7820  L_grcl=  1.79  L_cov= 0.32  L_cons=0.000  L_tot=  1.89  diag=+0.989  mix=[cap:100/ref:109/nl:111]  β=0.057  α_t=0.057  (5911s)
step  7840  L_grcl=  1.73  L_cov= 0.29  L_cons=0.000  L_tot=  1.82  diag=+0.990  mix=[cap:125/ref:97/nl:98]  β=0.058  α_t=0.057  (5926s)
step  7860  L_grcl=  1.78  L_cov= 0.31  L_cons=0.000  L_tot=  1.87  diag=+0.988  mix=[cap:108/ref:110/nl:102]  β=0.058  α_t=0.057  (5940s)
step  7880  L_grcl=  1.72  L_cov= 0.29  L_cons=0.000  L_tot=  1.81  diag=+0.989  mix=[cap:108/ref:105/nl:107]  β=0.058  α_t=0.057  (5955s)
step  7900  L_grcl=  1.77  L_cov= 0.31  L_cons=0.000  L_tot=  1.86  diag=+0.989  mix=[cap:109/ref:105/nl:106]  β=0.058  α_t=0.057  (5970s)
step  7920  L_grcl=  1.79  L_cov= 0.31  L_cons=0.000  L_tot=  1.88  diag=+0.990  mix=[cap:107/ref:119/nl:94]  β=0.058  α_t=0.057  (5984s)
step  7940  L_grcl=  1.75  L_cov= 0.30  L_cons=0.000  L_tot=  1.84  diag=+0.988  mix=[cap:103/ref:104/nl:113]  β=0.058  α_t=0.057  (5999s)
step  7960  L_grcl=  1.78  L_cov= 0.31  L_cons=0.000  L_tot=  1.88  diag=+0.988  mix=[cap:100/ref:116/nl:104]  β=0.058  α_t=0.057  (6013s)
step  7980  L_grcl=  1.78  L_cov= 0.31  L_cons=0.000  L_tot=  1.87  diag=+0.987  mix=[cap:102/ref:121/nl:97]  β=0.058  α_t=0.057  (6028s)
step  8000  L_grcl=  1.79  L_cov= 0.30  L_cons=0.000  L_tot=  1.88  diag=+0.987  mix=[cap:100/ref:113/nl:107]  β=0.058  α_t=0.057  (6043s)

  [eval @ step 8000] held-out test-A...
    cap-fig cos: +0.9946  (Δ +0.8799)
    R@1/5/10: 18.0% / 63.0% / 86.5%  (Δ +18.0 / +63.0 / +86.5)


[final] test-A:
  cap-fig cos: +0.9946  (init +0.1147, Δ +0.8799)
  R@1/5/10: 18.0% / 63.0% / 86.5%
  init R@1/5/10: 0.0% / 0.0% / 0.0%

saved → /home/work/dl/dl_project/eval/results/experiments/cons_00_cons_00/train.json
[main1:128642:0:128642] Caught signal 11 (Segmentation fault: address not mapped to object at address 0x7f67bb1adec0)
  training exited with code -11 but train.json + ckpt look complete — treating as success
  training done in 104.3 min

--- Evaluation ---
$ /usr/bin/python -m pipeline.eval_full --out /home/work/dl/dl_project/eval/results/experiments/cons_00_cons_00/eval.json --device cuda --ckpt ckpt/cons_00_cons_00.pt --lora_rank 8 --lora_alpha 16 --hf_id google/siglip2-base-patch16-224 --gpe_facets type,role,depth,pos --datasets spiqa_testA sciegqa mmdocir
device: cuda
[ElementTokenEncoder] loading google/siglip2-base-patch16-224
Using a slow image processor as `use_fast` is unset and a slow processor was saved with this model. `use_fast=True` will be the default behavior in v4.52, even if the model was saved with a slow processor. This will result in minor differences in outputs. You'll still be able to use a slow processor with `use_fast=False`.
[ElementTokenEncoder] LoRA r=8 α=16 targets=['q_proj', 'k_proj', 'v_proj', 'out_proj'] applied (d_text=768, d_vision=768, cls=False)
trainable params: 1,191,936 || all params: 376,379,906 || trainable%: 0.3167
[eval_full] loaded checkpoint: ckpt/cons_00_cons_00.pt

[eval] SPIQA test-A
  graph: 118 docs, elements: 9039, queries: 666
  [5/118 docs, 26/666 queries] 2s
  [10/118 docs, 59/666 queries] 5s
  [15/118 docs, 82/666 queries] 7s
  [20/118 docs, 105/666 queries] 9s
  [25/118 docs, 132/666 queries] 11s
  [30/118 docs, 161/666 queries] 13s
  [35/118 docs, 181/666 queries] 15s
  [40/118 docs, 217/666 queries] 18s
  [45/118 docs, 242/666 queries] 20s
  [50/118 docs, 269/666 queries] 22s
  [55/118 docs, 285/666 queries] 23s
  [60/118 docs, 313/666 queries] 26s
  [65/118 docs, 352/666 queries] 29s
  [70/118 docs, 396/666 queries] 32s
  [75/118 docs, 445/666 queries] 36s
  [80/118 docs, 481/666 queries] 39s
  [85/118 docs, 514/666 queries] 41s
  [90/118 docs, 535/666 queries] 43s
  [95/118 docs, 560/666 queries] 45s
  [100/118 docs, 590/666 queries] 48s
  [105/118 docs, 616/666 queries] 50s
  [110/118 docs, 640/666 queries] 52s
  [115/118 docs, 663/666 queries] 54s
  done in 54s

[eval] SciEGQA
  graph: 80 docs, elements: 29412, queries: 1623
  [5/80 docs, 108/1623 queries] 11s
  [10/80 docs, 218/1623 queries] 25s
  [15/80 docs, 325/1623 queries] 37s
  [20/80 docs, 427/1623 queries] 59s
  [25/80 docs, 532/1623 queries] 71s
  [30/80 docs, 630/1623 queries] 88s
  [35/80 docs, 733/1623 queries] 104s
  [40/80 docs, 818/1623 queries] 112s
  [45/80 docs, 927/1623 queries] 125s
  [50/80 docs, 1031/1623 queries] 136s
  [55/80 docs, 1102/1623 queries] 147s
  [60/80 docs, 1207/1623 queries] 157s
  [65/80 docs, 1314/1623 queries] 176s
  [70/80 docs, 1423/1623 queries] 193s
  [75/80 docs, 1513/1623 queries] 203s
  [80/80 docs, 1623/1623 queries] 219s
  done in 219s

[eval] MMDocIR
  graph: 75 docs, elements: 15032, queries: 389
  [5/75 docs, 31/389 queries] 5s
  [10/75 docs, 58/389 queries] 8s
  [15/75 docs, 87/389 queries] 14s
  [20/75 docs, 116/389 queries] 17s
  [25/75 docs, 137/389 queries] 19s
  [30/75 docs, 162/389 queries] 21s
  [35/75 docs, 187/389 queries] 23s
  [40/75 docs, 212/389 queries] 25s
  [45/75 docs, 243/389 queries] 28s
  [50/75 docs, 267/389 queries] 30s
  [55/75 docs, 288/389 queries] 31s
  [60/75 docs, 306/389 queries] 33s
  [65/75 docs, 332/389 queries] 35s
  [70/75 docs, 364/389 queries] 37s
  [75/75 docs, 389/389 queries] 39s
  done in 39s

saved → /home/work/dl/dl_project/eval/results/experiments/cons_00_cons_00/eval.json

=== Summary ===

SPIQA test-A:
  [no_prop] mrr=0.3779  recall@10=0.8619  hit@10=0.8619  coverage@10=0.8619  perfect@10=0.8619
  [uniform_a01_T2] mrr=0.2867  recall@10=0.7177  hit@10=0.7177  coverage@10=0.7177  perfect@10=0.7177
  [uniform_a03_T1] mrr=0.2891  recall@10=0.7523  hit@10=0.7523  coverage@10=0.7523  perfect@10=0.7523
  [uniform_a03_T2] mrr=0.2800  recall@10=0.6682  hit@10=0.6682  coverage@10=0.6682  perfect@10=0.6682
  [uniform_a03_T3] mrr=0.2859  recall@10=0.6682  hit@10=0.6682  coverage@10=0.6682  perfect@10=0.6682
  [uniform_a05_T2] mrr=0.2842  recall@10=0.6577  hit@10=0.6577  coverage@10=0.6577  perfect@10=0.6577
  [wbase_a03_T2] mrr=0.3036  recall@10=0.7087  hit@10=0.7087  coverage@10=0.7087  perfect@10=0.7087
  [wbase_role_a03_T2] mrr=0.3036  recall@10=0.7087  hit@10=0.7087  coverage@10=0.7087  perfect@10=0.7087
  [wbase_vis_a03_T2] mrr=0.3039  recall@10=0.7087  hit@10=0.7087  coverage@10=0.7087  perfect@10=0.7087
  [wfull_a03_T2] mrr=0.3039  recall@10=0.7087  hit@10=0.7087  coverage@10=0.7087  perfect@10=0.7087
  [wfull_a01_T2] mrr=0.3130  recall@10=0.7462  hit@10=0.7462  coverage@10=0.7462  perfect@10=0.7462
  [wfull_a05_T2] mrr=0.3112  recall@10=0.6772  hit@10=0.6772  coverage@10=0.6772  perfect@10=0.6772
  [wfull_a07_T2] mrr=0.2887  recall@10=0.6456  hit@10=0.6456  coverage@10=0.6456  perfect@10=0.6456
  [wfull_a03_T1] mrr=0.3187  recall@10=0.7973  hit@10=0.7973  coverage@10=0.7973  perfect@10=0.7973
  [wfull_a03_T3] mrr=0.3064  recall@10=0.6862  hit@10=0.6862  coverage@10=0.6862  perfect@10=0.6862
  [ppr_a015] mrr=0.2832  recall@10=0.6336  hit@10=0.6336  coverage@10=0.6336  perfect@10=0.6336
  [ppr_a030] mrr=0.3000  recall@10=0.6577  hit@10=0.6577  coverage@10=0.6577  perfect@10=0.6577
  [ppr_a050] mrr=0.3198  recall@10=0.6877  hit@10=0.6877  coverage@10=0.6877  perfect@10=0.6877
  [ppr_a070] mrr=0.3121  recall@10=0.7192  hit@10=0.7192  coverage@10=0.7192  perfect@10=0.7192
  [ppr_a085] mrr=0.3133  recall@10=0.7357  hit@10=0.7357  coverage@10=0.7357  perfect@10=0.7357
  [ppr_unif_a030] mrr=0.2981  recall@10=0.6441  hit@10=0.6441  coverage@10=0.6441  perfect@10=0.6441
  [ppr_unif_a050] mrr=0.2991  recall@10=0.6817  hit@10=0.6817  coverage@10=0.6817  perfect@10=0.6817
  [prop_a03_T2] mrr=0.3039  recall@10=0.7087  hit@10=0.7087  coverage@10=0.7087  perfect@10=0.7087
  [prop_a01_T2] mrr=0.3130  recall@10=0.7462  hit@10=0.7462  coverage@10=0.7462  perfect@10=0.7462
  [prop_a05_T2] mrr=0.3112  recall@10=0.6772  hit@10=0.6772  coverage@10=0.6772  perfect@10=0.6772
  [prop_a07_T2] mrr=0.2887  recall@10=0.6456  hit@10=0.6456  coverage@10=0.6456  perfect@10=0.6456
  [prop_a03_T1] mrr=0.3187  recall@10=0.7973  hit@10=0.7973  coverage@10=0.7973  perfect@10=0.7973
  [prop_a03_T3] mrr=0.3064  recall@10=0.6862  hit@10=0.6862  coverage@10=0.6862  perfect@10=0.6862

SciEGQA:
  [no_prop] mrr=0.0346  recall@10=0.0094  hit@10=0.0696  coverage@10=0.0094  perfect@10=0.0086  cross_page_hit=0.2848
  [uniform_a01_T2] mrr=0.0326  recall@10=0.0130  hit@10=0.0635  coverage@10=0.0130  perfect@10=0.0111  cross_page_hit=0.1677
  [uniform_a03_T1] mrr=0.0321  recall@10=0.0141  hit@10=0.0678  coverage@10=0.0141  perfect@10=0.0111  cross_page_hit=0.1772
  [uniform_a03_T2] mrr=0.0332  recall@10=0.0142  hit@10=0.0647  coverage@10=0.0142  perfect@10=0.0111  cross_page_hit=0.1551
  [uniform_a03_T3] mrr=0.0333  recall@10=0.0138  hit@10=0.0635  coverage@10=0.0138  perfect@10=0.0111  cross_page_hit=0.1582
  [uniform_a05_T2] mrr=0.0334  recall@10=0.0147  hit@10=0.0647  coverage@10=0.0147  perfect@10=0.0117  cross_page_hit=0.1519
  [wbase_a03_T2] mrr=0.0341  recall@10=0.0146  hit@10=0.0653  coverage@10=0.0146  perfect@10=0.0111  cross_page_hit=0.1551
  [wbase_role_a03_T2] mrr=0.0341  recall@10=0.0146  hit@10=0.0653  coverage@10=0.0146  perfect@10=0.0111  cross_page_hit=0.1551
  [wbase_vis_a03_T2] mrr=0.0341  recall@10=0.0146  hit@10=0.0653  coverage@10=0.0146  perfect@10=0.0111  cross_page_hit=0.1551
  [wfull_a03_T2] mrr=0.0341  recall@10=0.0146  hit@10=0.0653  coverage@10=0.0146  perfect@10=0.0111  cross_page_hit=0.1551
  [wfull_a01_T2] mrr=0.0332  recall@10=0.0135  hit@10=0.0641  coverage@10=0.0135  perfect@10=0.0111  cross_page_hit=0.1677
  [wfull_a05_T2] mrr=0.0340  recall@10=0.0146  hit@10=0.0647  coverage@10=0.0146  perfect@10=0.0111  cross_page_hit=0.1519
  [wfull_a07_T2] mrr=0.0348  recall@10=0.0145  hit@10=0.0647  coverage@10=0.0145  perfect@10=0.0111  cross_page_hit=0.1646
  [wfull_a03_T1] mrr=0.0335  recall@10=0.0144  hit@10=0.0684  coverage@10=0.0144  perfect@10=0.0111  cross_page_hit=0.1772
  [wfull_a03_T3] mrr=0.0341  recall@10=0.0145  hit@10=0.0647  coverage@10=0.0145  perfect@10=0.0111  cross_page_hit=0.1582
  [ppr_a015] mrr=0.0349  recall@10=0.0150  hit@10=0.0635  coverage@10=0.0150  perfect@10=0.0111  cross_page_hit=0.1519
  [ppr_a030] mrr=0.0346  recall@10=0.0146  hit@10=0.0635  coverage@10=0.0146  perfect@10=0.0111  cross_page_hit=0.1582
  [ppr_a050] mrr=0.0329  recall@10=0.0146  hit@10=0.0635  coverage@10=0.0146  perfect@10=0.0111  cross_page_hit=0.1646
  [ppr_a070] mrr=0.0335  recall@10=0.0139  hit@10=0.0628  coverage@10=0.0139  perfect@10=0.0111  cross_page_hit=0.1709
  [ppr_a085] mrr=0.0335  recall@10=0.0135  hit@10=0.0647  coverage@10=0.0135  perfect@10=0.0111  cross_page_hit=0.1709
  [ppr_unif_a030] mrr=0.0330  recall@10=0.0146  hit@10=0.0628  coverage@10=0.0146  perfect@10=0.0117  cross_page_hit=0.1582
  [ppr_unif_a050] mrr=0.0327  recall@10=0.0145  hit@10=0.0628  coverage@10=0.0145  perfect@10=0.0117  cross_page_hit=0.1646
  [prop_a03_T2] mrr=0.0341  recall@10=0.0146  hit@10=0.0653  coverage@10=0.0146  perfect@10=0.0111  cross_page_hit=0.1551
  [prop_a01_T2] mrr=0.0332  recall@10=0.0135  hit@10=0.0641  coverage@10=0.0135  perfect@10=0.0111  cross_page_hit=0.1677
  [prop_a05_T2] mrr=0.0340  recall@10=0.0146  hit@10=0.0647  coverage@10=0.0146  perfect@10=0.0111  cross_page_hit=0.1519
  [prop_a07_T2] mrr=0.0348  recall@10=0.0145  hit@10=0.0647  coverage@10=0.0145  perfect@10=0.0111  cross_page_hit=0.1646
  [prop_a03_T1] mrr=0.0335  recall@10=0.0144  hit@10=0.0684  coverage@10=0.0144  perfect@10=0.0111  cross_page_hit=0.1772
  [prop_a03_T3] mrr=0.0341  recall@10=0.0145  hit@10=0.0647  coverage@10=0.0145  perfect@10=0.0111  cross_page_hit=0.1582

MMDocIR:
  [no_prop] mrr=0.0278  recall@10=0.0245  hit@10=0.0437  coverage@10=0.0245  perfect@10=0.0257  cross_page_hit=0.2034
  [uniform_a01_T2] mrr=0.0274  recall@10=0.0356  hit@10=0.0540  coverage@10=0.0356  perfect@10=0.0334  cross_page_hit=0.0339
  [uniform_a03_T1] mrr=0.0280  recall@10=0.0395  hit@10=0.0566  coverage@10=0.0395  perfect@10=0.0386  cross_page_hit=0.0339
  [uniform_a03_T2] mrr=0.0287  recall@10=0.0356  hit@10=0.0540  coverage@10=0.0356  perfect@10=0.0334  cross_page_hit=0.0339
  [uniform_a03_T3] mrr=0.0287  recall@10=0.0356  hit@10=0.0540  coverage@10=0.0356  perfect@10=0.0334  cross_page_hit=0.0339
  [uniform_a05_T2] mrr=0.0288  recall@10=0.0356  hit@10=0.0540  coverage@10=0.0356  perfect@10=0.0334  cross_page_hit=0.0339
  [wbase_a03_T2] mrr=0.0287  recall@10=0.0356  hit@10=0.0540  coverage@10=0.0356  perfect@10=0.0334  cross_page_hit=0.0339
  [wbase_role_a03_T2] mrr=0.0287  recall@10=0.0356  hit@10=0.0540  coverage@10=0.0356  perfect@10=0.0334  cross_page_hit=0.0339
  [wbase_vis_a03_T2] mrr=0.0287  recall@10=0.0356  hit@10=0.0540  coverage@10=0.0356  perfect@10=0.0334  cross_page_hit=0.0339
  [wfull_a03_T2] mrr=0.0287  recall@10=0.0356  hit@10=0.0540  coverage@10=0.0356  perfect@10=0.0334  cross_page_hit=0.0339
  [wfull_a01_T2] mrr=0.0274  recall@10=0.0356  hit@10=0.0540  coverage@10=0.0356  perfect@10=0.0334  cross_page_hit=0.0339
  [wfull_a05_T2] mrr=0.0288  recall@10=0.0356  hit@10=0.0540  coverage@10=0.0356  perfect@10=0.0334  cross_page_hit=0.0339
  [wfull_a07_T2] mrr=0.0287  recall@10=0.0407  hit@10=0.0566  coverage@10=0.0407  perfect@10=0.0411  cross_page_hit=0.0339
  [wfull_a03_T1] mrr=0.0280  recall@10=0.0395  hit@10=0.0566  coverage@10=0.0395  perfect@10=0.0386  cross_page_hit=0.0339
  [wfull_a03_T3] mrr=0.0287  recall@10=0.0356  hit@10=0.0540  coverage@10=0.0356  perfect@10=0.0334  cross_page_hit=0.0339
  [ppr_a015] mrr=0.0283  recall@10=0.0343  hit@10=0.0514  coverage@10=0.0343  perfect@10=0.0334  cross_page_hit=0.0339
  [ppr_a030] mrr=0.0284  recall@10=0.0356  hit@10=0.0540  coverage@10=0.0356  perfect@10=0.0334  cross_page_hit=0.0339
  [ppr_a050] mrr=0.0272  recall@10=0.0382  hit@10=0.0566  coverage@10=0.0382  perfect@10=0.0360  cross_page_hit=0.0339
  [ppr_a070] mrr=0.0271  recall@10=0.0356  hit@10=0.0540  coverage@10=0.0356  perfect@10=0.0334  cross_page_hit=0.0339
  [ppr_a085] mrr=0.0271  recall@10=0.0356  hit@10=0.0540  coverage@10=0.0356  perfect@10=0.0334  cross_page_hit=0.0339
  [ppr_unif_a030] mrr=0.0284  recall@10=0.0356  hit@10=0.0540  coverage@10=0.0356  perfect@10=0.0334  cross_page_hit=0.0339
  [ppr_unif_a050] mrr=0.0272  recall@10=0.0382  hit@10=0.0566  coverage@10=0.0382  perfect@10=0.0360  cross_page_hit=0.0339
  [prop_a03_T2] mrr=0.0287  recall@10=0.0356  hit@10=0.0540  coverage@10=0.0356  perfect@10=0.0334  cross_page_hit=0.0339
  [prop_a01_T2] mrr=0.0274  recall@10=0.0356  hit@10=0.0540  coverage@10=0.0356  perfect@10=0.0334  cross_page_hit=0.0339
  [prop_a05_T2] mrr=0.0288  recall@10=0.0356  hit@10=0.0540  coverage@10=0.0356  perfect@10=0.0334  cross_page_hit=0.0339
  [prop_a07_T2] mrr=0.0287  recall@10=0.0407  hit@10=0.0566  coverage@10=0.0407  perfect@10=0.0411  cross_page_hit=0.0339
  [prop_a03_T1] mrr=0.0280  recall@10=0.0395  hit@10=0.0566  coverage@10=0.0395  perfect@10=0.0386  cross_page_hit=0.0339
  [prop_a03_T3] mrr=0.0287  recall@10=0.0356  hit@10=0.0540  coverage@10=0.0356  perfect@10=0.0334  cross_page_hit=0.0339
[main1:128883:0:128883] Caught signal 11 (Segmentation fault: address not mapped to object at address 0x7ff20c7adec0)
==== backtrace (tid: 128883) ====
 0  /opt/hpcx/ucx/lib/libucs.so.0(ucs_handle_error+0x2e4) [0x7ff1fab06774]
 1  /opt/hpcx/ucx/lib/libucs.so.0(+0x3796a) [0x7ff1fab0696a]
 2  /opt/hpcx/ucx/lib/libucs.so.0(+0x37ba8) [0x7ff1fab06ba8]
 3  /usr/lib/x86_64-linux-gnu/libc.so.6(+0x45330) [0x7ff20ca33330]
 4  /usr/lib/x86_64-linux-gnu/libnvidia-ml.so.575.51.03(+0x336c1) [0x7ff2060336c1]
 5  /usr/lib/x86_64-linux-gnu/libnvidia-ml.so.575.51.03(nvmlShutdown+0xe) [0x7ff20601cfae]
 6  /opt/kernel/libcudahook.ubuntu18.04.x86_64.so(+0xc3caf) [0x7ff20ccc3caf]
 7  /opt/kernel/libcudahook.ubuntu18.04.x86_64.so(+0xc3d48) [0x7ff20ccc3d48]
 8  /opt/kernel/libcudahook.ubuntu18.04.x86_64.so(+0xc3a2d) [0x7ff20ccc3a2d]
 9  /lib64/ld-linux-x86-64.so.2(+0x10f2) [0x7ff20d7550f2]
10  /lib64/ld-linux-x86-64.so.2(+0x5578) [0x7ff20d759578]
11  /usr/lib/x86_64-linux-gnu/libc.so.6(+0x47a76) [0x7ff20ca35a76]
12  /usr/lib/x86_64-linux-gnu/libc.so.6(+0x47bbe) [0x7ff20ca35bbe]
13  /usr/lib/x86_64-linux-gnu/libc.so.6(+0x2a1d1) [0x7ff20ca181d1]
14  /usr/lib/x86_64-linux-gnu/libc.so.6(__libc_start_main+0x8b) [0x7ff20ca1828b]
15  /usr/bin/python(_start+0x25) [0x657ce5]
=================================
  eval exited with code -11 but eval.json looks complete — treating as success
  eval done in 5.5 min

=== Experiment cons_00 complete → /home/work/dl/dl_project/eval/results/experiments/cons_00_cons_00/summary.json ===
