=== Experiment row cons_03: cons_03 ===
  description: (h) with λ_cons=0.3
  output dir:  /home/work/dl/dl_project/eval/results/experiments/cons_03_cons_03
  checkpoint:  ckpt/cons_03_cons_03.pt

--- Training ---
$ /usr/bin/python -m pipeline.trainer --config cons_03 --out /home/work/dl/dl_project/eval/results/experiments/cons_03_cons_03/train.json --save_ckpt ckpt/cons_03_cons_03.pt
device: cuda
args: {'config': 'cons_03', 'train_sample': 0, 'steps': 8000, 'batch': 16, 'pool': 12, 'lr': 3e-05, 'lora_rank': 8, 'tau': 0.07, 'lambda_cov': 0.3, 'lambda_cons': 0.3, 'use_gpe': 1, 'loss_type': 'grcl', 'infonce_threshold': 0.5, 'anchor_kind': 'mixed', 'warmup_steps': 200, 'weight_decay': 0.01, 'eval_every': 500, 'eval_cf_pairs': 200, 'eval_recall_n': 200, 'seed': 42, 'out': '/home/work/dl/dl_project/eval/results/experiments/cons_03_cons_03/train.json', 'save_ckpt': 'ckpt/cons_03_cons_03.pt', 'gamma': 0.5, 'gpe_facets': 'type,role,depth,pos', 'lora_alpha': 16, 'hf_id': 'google/siglip2-base-patch16-224', 'edge_types_only': None, 'query_pe_dropout': 0.5, 'section_role_mode': 'normal', 'tokens_per_visual': 0}

[1/3] loading SPIQA test-A (held-out eval)...
  loading element_graph_v2.json
    118 papers kept
  loading elements_v2.jsonl
    9,039 element records kept
  loading SPIQA_testA.json
    666 QA pairs kept
    caption_of: 1,115  refer_to: 1,191  (skipped 0 due to missing image)

[2/3] loading SPIQA train (sample N=0)...
  loading element_graph_v2.json
    25,459 papers kept
  loading elements_v2.jsonl
    1,873,124 element records kept
  loading SPIQA_train.json
    262,524 QA pairs kept
    caption_of: 262,524  refer_to: 231,101  (skipped 0 due to missing image)

[3/3] building encoder...
[ElementTokenEncoder] loading google/siglip2-base-patch16-224
Using a slow image processor as `use_fast` is unset and a slow processor was saved with this model. `use_fast=True` will be the default behavior in v4.52, even if the model was saved with a slow processor. This will result in minor differences in outputs. You'll still be able to use a slow processor with `use_fast=False`.
[ElementTokenEncoder] LoRA r=8 α=16 targets=['q_proj', 'k_proj', 'v_proj', 'out_proj'] applied (d_text=768, d_vision=768, cls=False)
trainable params: 1,191,936 || all params: 376,379,906 || trainable%: 0.3167

[eval 0] held-out test-A baseline...
  caption-figure cos: +0.1147
  Recall@1/5/10 (n=200): 0.0% / 0.0% / 0.0%
/home/work/dl/dl_project/pipeline/graph_pe.py:112: UserWarning: Converting a tensor with requires_grad=True to a scalar may lead to unexpected behavior.
Consider using tensor.detach() first. (Triggered internally at /opt/pytorch/pytorch/aten/src/ATen/native/Scalar.cpp:22.)
  "type": torch.sigmoid(self.raw_alpha_type).item(),
step    20  L_grcl=191.78  L_cov=55.49  L_cons=0.000  L_tot=208.43  diag=+0.116  mix=[cap:104/ref:110/nl:106]  β=0.047  α_t=0.047  (17s)
step    40  L_grcl=189.55  L_cov=55.07  L_cons=0.000  L_tot=206.08  diag=+0.136  mix=[cap:120/ref:109/nl:91]  β=0.047  α_t=0.047  (35s)
step    60  L_grcl=171.83  L_cov=50.25  L_cons=0.000  L_tot=186.91  diag=+0.177  mix=[cap:85/ref:117/nl:118]  β=0.047  α_t=0.047  (53s)
step    80  L_grcl=166.41  L_cov=45.38  L_cons=0.000  L_tot=180.03  diag=+0.241  mix=[cap:105/ref:113/nl:102]  β=0.047  α_t=0.047  (70s)
step   100  L_grcl=142.43  L_cov=39.71  L_cons=0.000  L_tot=154.35  diag=+0.345  mix=[cap:108/ref:109/nl:103]  β=0.047  α_t=0.047  (87s)
step   120  L_grcl=124.25  L_cov=30.97  L_cons=0.000  L_tot=133.54  diag=+0.467  mix=[cap:117/ref:113/nl:90]  β=0.047  α_t=0.047  (104s)
step   140  L_grcl= 87.08  L_cov=19.93  L_cons=0.000  L_tot= 93.06  diag=+0.573  mix=[cap:99/ref:118/nl:103]  β=0.047  α_t=0.047  (121s)
step   160  L_grcl= 63.43  L_cov=11.62  L_cons=0.001  L_tot= 66.92  diag=+0.652  mix=[cap:106/ref:117/nl:97]  β=0.047  α_t=0.047  (138s)
step   180  L_grcl= 46.38  L_cov= 6.03  L_cons=0.001  L_tot= 48.19  diag=+0.694  mix=[cap:107/ref:99/nl:114]  β=0.047  α_t=0.047  (155s)
step   200  L_grcl= 33.76  L_cov= 3.23  L_cons=0.001  L_tot= 34.73  diag=+0.753  mix=[cap:112/ref:109/nl:99]  β=0.047  α_t=0.047  (172s)
step   220  L_grcl= 22.06  L_cov= 0.90  L_cons=0.001  L_tot= 22.33  diag=+0.808  mix=[cap:129/ref:113/nl:78]  β=0.047  α_t=0.047  (189s)
step   240  L_grcl= 13.45  L_cov= 0.20  L_cons=0.001  L_tot= 13.51  diag=+0.852  mix=[cap:124/ref:109/nl:87]  β=0.047  α_t=0.047  (206s)
step   260  L_grcl=  9.74  L_cov= 0.16  L_cons=0.001  L_tot=  9.79  diag=+0.895  mix=[cap:106/ref:114/nl:100]  β=0.047  α_t=0.047  (223s)
step   280  L_grcl=  7.43  L_cov= 0.15  L_cons=0.001  L_tot=  7.47  diag=+0.925  mix=[cap:96/ref:129/nl:95]  β=0.047  α_t=0.047  (240s)
step   300  L_grcl=  4.59  L_cov= 0.21  L_cons=0.000  L_tot=  4.65  diag=+0.943  mix=[cap:116/ref:99/nl:105]  β=0.047  α_t=0.047  (257s)
step   320  L_grcl=  3.83  L_cov= 0.25  L_cons=0.000  L_tot=  3.90  diag=+0.961  mix=[cap:88/ref:126/nl:106]  β=0.047  α_t=0.047  (274s)
step   340  L_grcl=  3.07  L_cov= 0.31  L_cons=0.000  L_tot=  3.17  diag=+0.972  mix=[cap:120/ref:105/nl:95]  β=0.047  α_t=0.047  (291s)
step   360  L_grcl=  2.71  L_cov= 0.35  L_cons=0.000  L_tot=  2.82  diag=+0.981  mix=[cap:88/ref:120/nl:112]  β=0.047  α_t=0.047  (308s)
step   380  L_grcl=  2.38  L_cov= 0.36  L_cons=0.000  L_tot=  2.49  diag=+0.985  mix=[cap:92/ref:113/nl:115]  β=0.047  α_t=0.047  (326s)
step   400  L_grcl=  2.54  L_cov= 0.35  L_cons=0.000  L_tot=  2.64  diag=+0.988  mix=[cap:108/ref:127/nl:85]  β=0.047  α_t=0.048  (343s)
step   420  L_grcl=  2.24  L_cov= 0.35  L_cons=0.000  L_tot=  2.34  diag=+0.991  mix=[cap:115/ref:111/nl:94]  β=0.047  α_t=0.048  (360s)
step   440  L_grcl=  2.16  L_cov= 0.35  L_cons=0.000  L_tot=  2.26  diag=+0.992  mix=[cap:113/ref:108/nl:99]  β=0.047  α_t=0.048  (377s)
step   460  L_grcl=  2.16  L_cov= 0.38  L_cons=0.000  L_tot=  2.28  diag=+0.993  mix=[cap:109/ref:104/nl:107]  β=0.047  α_t=0.048  (393s)
step   480  L_grcl=  2.13  L_cov= 0.40  L_cons=0.000  L_tot=  2.25  diag=+0.993  mix=[cap:93/ref:121/nl:106]  β=0.047  α_t=0.048  (410s)
step   500  L_grcl=  2.07  L_cov= 0.38  L_cons=0.000  L_tot=  2.18  diag=+0.993  mix=[cap:131/ref:97/nl:92]  β=0.047  α_t=0.048  (427s)

  [eval @ step 500] held-out test-A...
    cap-fig cos: +0.9945  (Δ +0.8798)
    R@1/5/10: 8.0% / 36.0% / 68.0%  (Δ +8.0 / +36.0 / +68.0)
    [ckpt saved @ step 500 R@10=68.0%]

step   520  L_grcl=  2.07  L_cov= 0.39  L_cons=0.000  L_tot=  2.19  diag=+0.994  mix=[cap:105/ref:103/nl:112]  β=0.047  α_t=0.048  (463s)
step   540  L_grcl=  2.12  L_cov= 0.37  L_cons=0.000  L_tot=  2.23  diag=+0.994  mix=[cap:103/ref:125/nl:92]  β=0.047  α_t=0.048  (480s)
step   560  L_grcl=  2.10  L_cov= 0.40  L_cons=0.000  L_tot=  2.22  diag=+0.995  mix=[cap:102/ref:121/nl:97]  β=0.047  α_t=0.048  (497s)
step   580  L_grcl=  2.03  L_cov= 0.38  L_cons=0.000  L_tot=  2.15  diag=+0.995  mix=[cap:111/ref:111/nl:98]  β=0.047  α_t=0.048  (514s)
step   600  L_grcl=  2.09  L_cov= 0.40  L_cons=0.000  L_tot=  2.21  diag=+0.995  mix=[cap:98/ref:120/nl:102]  β=0.047  α_t=0.048  (531s)
step   620  L_grcl=  2.01  L_cov= 0.39  L_cons=0.000  L_tot=  2.13  diag=+0.995  mix=[cap:108/ref:114/nl:98]  β=0.047  α_t=0.048  (549s)
step   640  L_grcl=  2.02  L_cov= 0.40  L_cons=0.000  L_tot=  2.14  diag=+0.995  mix=[cap:108/ref:106/nl:106]  β=0.047  α_t=0.048  (566s)
step   660  L_grcl=  2.05  L_cov= 0.38  L_cons=0.000  L_tot=  2.16  diag=+0.995  mix=[cap:100/ref:115/nl:105]  β=0.047  α_t=0.048  (583s)
step   680  L_grcl=  2.06  L_cov= 0.39  L_cons=0.000  L_tot=  2.18  diag=+0.995  mix=[cap:99/ref:113/nl:108]  β=0.047  α_t=0.048  (600s)
step   700  L_grcl=  2.10  L_cov= 0.40  L_cons=0.000  L_tot=  2.22  diag=+0.995  mix=[cap:94/ref:116/nl:110]  β=0.047  α_t=0.048  (617s)
step   720  L_grcl=  2.06  L_cov= 0.41  L_cons=0.000  L_tot=  2.18  diag=+0.995  mix=[cap:100/ref:116/nl:104]  β=0.047  α_t=0.048  (634s)
step   740  L_grcl=  2.04  L_cov= 0.41  L_cons=0.000  L_tot=  2.16  diag=+0.995  mix=[cap:106/ref:104/nl:110]  β=0.047  α_t=0.048  (650s)
step   760  L_grcl=  2.07  L_cov= 0.41  L_cons=0.000  L_tot=  2.19  diag=+0.995  mix=[cap:97/ref:102/nl:121]  β=0.047  α_t=0.048  (668s)
step   780  L_grcl=  2.05  L_cov= 0.41  L_cons=0.000  L_tot=  2.17  diag=+0.995  mix=[cap:93/ref:107/nl:120]  β=0.047  α_t=0.048  (685s)
step   800  L_grcl=  2.01  L_cov= 0.39  L_cons=0.000  L_tot=  2.13  diag=+0.994  mix=[cap:98/ref:102/nl:120]  β=0.047  α_t=0.048  (702s)
step   820  L_grcl=  2.02  L_cov= 0.38  L_cons=0.000  L_tot=  2.13  diag=+0.995  mix=[cap:108/ref:107/nl:105]  β=0.047  α_t=0.048  (719s)
step   840  L_grcl=  2.03  L_cov= 0.38  L_cons=0.000  L_tot=  2.14  diag=+0.995  mix=[cap:106/ref:117/nl:97]  β=0.047  α_t=0.048  (736s)
step   860  L_grcl=  2.05  L_cov= 0.40  L_cons=0.000  L_tot=  2.17  diag=+0.995  mix=[cap:92/ref:117/nl:111]  β=0.047  α_t=0.049  (753s)
step   880  L_grcl=  2.02  L_cov= 0.39  L_cons=0.000  L_tot=  2.14  diag=+0.995  mix=[cap:99/ref:112/nl:109]  β=0.047  α_t=0.049  (773s)
step   900  L_grcl=  2.05  L_cov= 0.39  L_cons=0.000  L_tot=  2.17  diag=+0.995  mix=[cap:108/ref:106/nl:106]  β=0.048  α_t=0.049  (790s)
step   920  L_grcl=  1.99  L_cov= 0.39  L_cons=0.000  L_tot=  2.11  diag=+0.996  mix=[cap:91/ref:123/nl:106]  β=0.048  α_t=0.049  (806s)
step   940  L_grcl=  2.02  L_cov= 0.40  L_cons=0.000  L_tot=  2.13  diag=+0.995  mix=[cap:104/ref:108/nl:108]  β=0.048  α_t=0.049  (824s)
step   960  L_grcl=  1.97  L_cov= 0.38  L_cons=0.000  L_tot=  2.09  diag=+0.995  mix=[cap:101/ref:101/nl:118]  β=0.048  α_t=0.049  (840s)
step   980  L_grcl=  2.02  L_cov= 0.39  L_cons=0.000  L_tot=  2.14  diag=+0.995  mix=[cap:85/ref:117/nl:118]  β=0.048  α_t=0.049  (857s)
step  1000  L_grcl=  1.94  L_cov= 0.38  L_cons=0.000  L_tot=  2.05  diag=+0.995  mix=[cap:118/ref:118/nl:84]  β=0.048  α_t=0.049  (875s)

  [eval @ step 1000] held-out test-A...
    cap-fig cos: +0.9955  (Δ +0.8808)
    R@1/5/10: 8.0% / 48.0% / 75.5%  (Δ +8.0 / +48.0 / +75.5)
    [ckpt saved @ step 1000 R@10=75.5%]

step  1020  L_grcl=  2.06  L_cov= 0.39  L_cons=0.000  L_tot=  2.18  diag=+0.995  mix=[cap:119/ref:113/nl:88]  β=0.048  α_t=0.049  (910s)
step  1040  L_grcl=  1.96  L_cov= 0.39  L_cons=0.000  L_tot=  2.08  diag=+0.995  mix=[cap:106/ref:107/nl:107]  β=0.048  α_t=0.049  (928s)
step  1060  L_grcl=  2.06  L_cov= 0.38  L_cons=0.000  L_tot=  2.18  diag=+0.995  mix=[cap:107/ref:110/nl:103]  β=0.048  α_t=0.049  (945s)
step  1080  L_grcl=  1.96  L_cov= 0.37  L_cons=0.000  L_tot=  2.07  diag=+0.995  mix=[cap:112/ref:112/nl:96]  β=0.048  α_t=0.049  (962s)
step  1100  L_grcl=  2.04  L_cov= 0.39  L_cons=0.000  L_tot=  2.16  diag=+0.995  mix=[cap:105/ref:116/nl:99]  β=0.048  α_t=0.049  (979s)
step  1120  L_grcl=  2.01  L_cov= 0.40  L_cons=0.000  L_tot=  2.13  diag=+0.995  mix=[cap:121/ref:89/nl:110]  β=0.048  α_t=0.049  (996s)
step  1140  L_grcl=  2.04  L_cov= 0.40  L_cons=0.000  L_tot=  2.16  diag=+0.995  mix=[cap:111/ref:98/nl:111]  β=0.048  α_t=0.049  (1013s)
step  1160  L_grcl=  1.93  L_cov= 0.39  L_cons=0.000  L_tot=  2.04  diag=+0.995  mix=[cap:121/ref:95/nl:104]  β=0.048  α_t=0.049  (1030s)
step  1180  L_grcl=  1.95  L_cov= 0.37  L_cons=0.000  L_tot=  2.06  diag=+0.994  mix=[cap:121/ref:113/nl:86]  β=0.048  α_t=0.049  (1047s)
step  1200  L_grcl=  1.96  L_cov= 0.37  L_cons=0.000  L_tot=  2.07  diag=+0.994  mix=[cap:112/ref:99/nl:109]  β=0.048  α_t=0.049  (1064s)
step  1220  L_grcl=  1.95  L_cov= 0.37  L_cons=0.000  L_tot=  2.06  diag=+0.995  mix=[cap:105/ref:109/nl:106]  β=0.048  α_t=0.049  (1081s)
step  1240  L_grcl=  2.00  L_cov= 0.38  L_cons=0.000  L_tot=  2.12  diag=+0.995  mix=[cap:111/ref:102/nl:107]  β=0.048  α_t=0.049  (1098s)
step  1260  L_grcl=  2.08  L_cov= 0.37  L_cons=0.000  L_tot=  2.20  diag=+0.995  mix=[cap:104/ref:121/nl:95]  β=0.048  α_t=0.049  (1115s)
step  1280  L_grcl=  1.98  L_cov= 0.40  L_cons=0.000  L_tot=  2.10  diag=+0.995  mix=[cap:110/ref:105/nl:105]  β=0.048  α_t=0.049  (1132s)
step  1300  L_grcl=  2.01  L_cov= 0.38  L_cons=0.000  L_tot=  2.12  diag=+0.995  mix=[cap:107/ref:132/nl:81]  β=0.048  α_t=0.049  (1149s)
step  1320  L_grcl=  1.97  L_cov= 0.39  L_cons=0.000  L_tot=  2.09  diag=+0.995  mix=[cap:104/ref:125/nl:91]  β=0.048  α_t=0.049  (1167s)
step  1340  L_grcl=  1.99  L_cov= 0.38  L_cons=0.000  L_tot=  2.11  diag=+0.995  mix=[cap:110/ref:103/nl:107]  β=0.048  α_t=0.049  (1184s)
step  1360  L_grcl=  2.03  L_cov= 0.41  L_cons=0.000  L_tot=  2.15  diag=+0.995  mix=[cap:90/ref:108/nl:122]  β=0.048  α_t=0.049  (1201s)
step  1380  L_grcl=  1.97  L_cov= 0.40  L_cons=0.000  L_tot=  2.09  diag=+0.995  mix=[cap:111/ref:104/nl:105]  β=0.048  α_t=0.049  (1218s)
step  1400  L_grcl=  1.97  L_cov= 0.39  L_cons=0.000  L_tot=  2.08  diag=+0.995  mix=[cap:110/ref:99/nl:111]  β=0.048  α_t=0.050  (1235s)
step  1420  L_grcl=  1.96  L_cov= 0.37  L_cons=0.000  L_tot=  2.07  diag=+0.995  mix=[cap:106/ref:120/nl:94]  β=0.048  α_t=0.050  (1253s)
step  1440  L_grcl=  1.99  L_cov= 0.38  L_cons=0.000  L_tot=  2.10  diag=+0.995  mix=[cap:102/ref:107/nl:111]  β=0.048  α_t=0.050  (1270s)
step  1460  L_grcl=  2.00  L_cov= 0.39  L_cons=0.000  L_tot=  2.12  diag=+0.995  mix=[cap:99/ref:114/nl:107]  β=0.048  α_t=0.050  (1287s)
step  1480  L_grcl=  1.95  L_cov= 0.40  L_cons=0.000  L_tot=  2.07  diag=+0.995  mix=[cap:104/ref:88/nl:128]  β=0.048  α_t=0.050  (1304s)
step  1500  L_grcl=  1.95  L_cov= 0.36  L_cons=0.000  L_tot=  2.06  diag=+0.994  mix=[cap:97/ref:108/nl:115]  β=0.048  α_t=0.050  (1320s)

  [eval @ step 1500] held-out test-A...
    cap-fig cos: +0.9953  (Δ +0.8806)
    R@1/5/10: 9.5% / 47.5% / 76.0%  (Δ +9.5 / +47.5 / +76.0)
    [ckpt saved @ step 1500 R@10=76.0%]

step  1520  L_grcl=  2.03  L_cov= 0.39  L_cons=0.000  L_tot=  2.15  diag=+0.995  mix=[cap:101/ref:112/nl:107]  β=0.048  α_t=0.050  (1354s)
step  1540  L_grcl=  1.94  L_cov= 0.39  L_cons=0.000  L_tot=  2.06  diag=+0.994  mix=[cap:108/ref:108/nl:104]  β=0.048  α_t=0.050  (1370s)
step  1560  L_grcl=  1.96  L_cov= 0.37  L_cons=0.000  L_tot=  2.07  diag=+0.994  mix=[cap:102/ref:104/nl:114]  β=0.048  α_t=0.050  (1387s)
step  1580  L_grcl=  2.03  L_cov= 0.39  L_cons=0.000  L_tot=  2.14  diag=+0.995  mix=[cap:78/ref:129/nl:113]  β=0.048  α_t=0.050  (1404s)
step  1600  L_grcl=  1.94  L_cov= 0.39  L_cons=0.000  L_tot=  2.06  diag=+0.995  mix=[cap:113/ref:109/nl:98]  β=0.048  α_t=0.050  (1420s)
step  1620  L_grcl=  2.00  L_cov= 0.38  L_cons=0.000  L_tot=  2.11  diag=+0.995  mix=[cap:95/ref:110/nl:115]  β=0.048  α_t=0.050  (1438s)
step  1640  L_grcl=  1.94  L_cov= 0.39  L_cons=0.000  L_tot=  2.05  diag=+0.995  mix=[cap:105/ref:103/nl:112]  β=0.048  α_t=0.050  (1454s)
step  1660  L_grcl=  1.99  L_cov= 0.40  L_cons=0.000  L_tot=  2.11  diag=+0.995  mix=[cap:99/ref:102/nl:119]  β=0.048  α_t=0.050  (1471s)
step  1680  L_grcl=  1.96  L_cov= 0.38  L_cons=0.000  L_tot=  2.07  diag=+0.995  mix=[cap:115/ref:98/nl:107]  β=0.048  α_t=0.050  (1488s)
step  1700  L_grcl=  1.97  L_cov= 0.38  L_cons=0.000  L_tot=  2.09  diag=+0.995  mix=[cap:94/ref:118/nl:108]  β=0.048  α_t=0.050  (1505s)
step  1720  L_grcl=  2.02  L_cov= 0.39  L_cons=0.000  L_tot=  2.13  diag=+0.995  mix=[cap:102/ref:105/nl:113]  β=0.048  α_t=0.050  (1522s)
step  1740  L_grcl=  1.95  L_cov= 0.38  L_cons=0.000  L_tot=  2.07  diag=+0.995  mix=[cap:108/ref:111/nl:101]  β=0.048  α_t=0.050  (1539s)
step  1760  L_grcl=  2.02  L_cov= 0.38  L_cons=0.000  L_tot=  2.14  diag=+0.995  mix=[cap:114/ref:98/nl:108]  β=0.048  α_t=0.050  (1557s)
step  1780  L_grcl=  1.97  L_cov= 0.38  L_cons=0.000  L_tot=  2.09  diag=+0.995  mix=[cap:115/ref:92/nl:113]  β=0.048  α_t=0.050  (1573s)
step  1800  L_grcl=  1.90  L_cov= 0.37  L_cons=0.000  L_tot=  2.01  diag=+0.995  mix=[cap:115/ref:97/nl:108]  β=0.048  α_t=0.050  (1590s)
step  1820  L_grcl=  1.96  L_cov= 0.37  L_cons=0.000  L_tot=  2.07  diag=+0.994  mix=[cap:116/ref:109/nl:95]  β=0.048  α_t=0.050  (1608s)
step  1840  L_grcl=  2.00  L_cov= 0.38  L_cons=0.000  L_tot=  2.11  diag=+0.994  mix=[cap:90/ref:115/nl:115]  β=0.048  α_t=0.050  (1625s)
step  1860  L_grcl=  2.01  L_cov= 0.38  L_cons=0.000  L_tot=  2.13  diag=+0.995  mix=[cap:97/ref:120/nl:103]  β=0.048  α_t=0.050  (1642s)
step  1880  L_grcl=  1.91  L_cov= 0.37  L_cons=0.000  L_tot=  2.02  diag=+0.995  mix=[cap:108/ref:116/nl:96]  β=0.048  α_t=0.050  (1659s)
step  1900  L_grcl=  1.95  L_cov= 0.36  L_cons=0.000  L_tot=  2.06  diag=+0.994  mix=[cap:106/ref:111/nl:103]  β=0.048  α_t=0.050  (1676s)
step  1920  L_grcl=  1.98  L_cov= 0.36  L_cons=0.000  L_tot=  2.08  diag=+0.994  mix=[cap:94/ref:115/nl:111]  β=0.049  α_t=0.050  (1693s)
step  1940  L_grcl=  1.97  L_cov= 0.38  L_cons=0.000  L_tot=  2.08  diag=+0.995  mix=[cap:117/ref:98/nl:105]  β=0.049  α_t=0.050  (1711s)
step  1960  L_grcl=  1.97  L_cov= 0.37  L_cons=0.000  L_tot=  2.08  diag=+0.994  mix=[cap:99/ref:112/nl:109]  β=0.049  α_t=0.050  (1728s)
step  1980  L_grcl=  1.98  L_cov= 0.38  L_cons=0.000  L_tot=  2.10  diag=+0.995  mix=[cap:104/ref:98/nl:118]  β=0.049  α_t=0.050  (1745s)
step  2000  L_grcl=  1.92  L_cov= 0.38  L_cons=0.000  L_tot=  2.03  diag=+0.994  mix=[cap:107/ref:95/nl:118]  β=0.049  α_t=0.050  (1762s)

  [eval @ step 2000] held-out test-A...
    cap-fig cos: +0.9952  (Δ +0.8805)
    R@1/5/10: 10.0% / 43.0% / 75.0%  (Δ +10.0 / +43.0 / +75.0)

step  2020  L_grcl=  1.92  L_cov= 0.36  L_cons=0.000  L_tot=  2.03  diag=+0.994  mix=[cap:120/ref:91/nl:109]  β=0.049  α_t=0.050  (1791s)
step  2040  L_grcl=  1.97  L_cov= 0.37  L_cons=0.000  L_tot=  2.08  diag=+0.994  mix=[cap:104/ref:117/nl:99]  β=0.049  α_t=0.050  (1808s)
step  2060  L_grcl=  1.91  L_cov= 0.35  L_cons=0.000  L_tot=  2.01  diag=+0.995  mix=[cap:112/ref:110/nl:98]  β=0.049  α_t=0.051  (1825s)
step  2080  L_grcl=  1.96  L_cov= 0.38  L_cons=0.000  L_tot=  2.07  diag=+0.994  mix=[cap:112/ref:99/nl:109]  β=0.049  α_t=0.051  (1842s)
step  2100  L_grcl=  1.96  L_cov= 0.37  L_cons=0.000  L_tot=  2.07  diag=+0.994  mix=[cap:109/ref:108/nl:103]  β=0.049  α_t=0.051  (1859s)
step  2120  L_grcl=  1.93  L_cov= 0.35  L_cons=0.000  L_tot=  2.04  diag=+0.994  mix=[cap:119/ref:115/nl:86]  β=0.049  α_t=0.051  (1876s)
step  2140  L_grcl=  1.96  L_cov= 0.37  L_cons=0.000  L_tot=  2.07  diag=+0.995  mix=[cap:102/ref:111/nl:107]  β=0.049  α_t=0.051  (1893s)
step  2160  L_grcl=  1.98  L_cov= 0.38  L_cons=0.000  L_tot=  2.09  diag=+0.995  mix=[cap:96/ref:111/nl:113]  β=0.049  α_t=0.051  (1910s)
step  2180  L_grcl=  1.95  L_cov= 0.38  L_cons=0.000  L_tot=  2.06  diag=+0.995  mix=[cap:96/ref:114/nl:110]  β=0.049  α_t=0.051  (1927s)
step  2200  L_grcl=  1.97  L_cov= 0.37  L_cons=0.000  L_tot=  2.08  diag=+0.994  mix=[cap:92/ref:116/nl:112]  β=0.049  α_t=0.051  (1944s)
step  2220  L_grcl=  1.94  L_cov= 0.37  L_cons=0.000  L_tot=  2.05  diag=+0.995  mix=[cap:97/ref:110/nl:113]  β=0.049  α_t=0.051  (1961s)
step  2240  L_grcl=  2.00  L_cov= 0.38  L_cons=0.000  L_tot=  2.12  diag=+0.995  mix=[cap:95/ref:116/nl:109]  β=0.049  α_t=0.051  (1978s)
step  2260  L_grcl=  2.00  L_cov= 0.39  L_cons=0.000  L_tot=  2.12  diag=+0.995  mix=[cap:111/ref:94/nl:115]  β=0.049  α_t=0.051  (1995s)
step  2280  L_grcl=  1.95  L_cov= 0.37  L_cons=0.000  L_tot=  2.06  diag=+0.995  mix=[cap:93/ref:119/nl:108]  β=0.049  α_t=0.051  (2013s)
step  2300  L_grcl=  1.88  L_cov= 0.36  L_cons=0.000  L_tot=  1.99  diag=+0.994  mix=[cap:117/ref:102/nl:101]  β=0.049  α_t=0.051  (2030s)
step  2320  L_grcl=  1.96  L_cov= 0.34  L_cons=0.000  L_tot=  2.06  diag=+0.994  mix=[cap:113/ref:100/nl:107]  β=0.049  α_t=0.051  (2047s)
step  2340  L_grcl=  1.95  L_cov= 0.37  L_cons=0.000  L_tot=  2.06  diag=+0.994  mix=[cap:100/ref:105/nl:115]  β=0.049  α_t=0.051  (2064s)
step  2360  L_grcl=  1.93  L_cov= 0.37  L_cons=0.000  L_tot=  2.04  diag=+0.994  mix=[cap:108/ref:111/nl:101]  β=0.049  α_t=0.051  (2081s)
step  2380  L_grcl=  1.97  L_cov= 0.37  L_cons=0.000  L_tot=  2.08  diag=+0.995  mix=[cap:100/ref:110/nl:110]  β=0.049  α_t=0.051  (2098s)
step  2400  L_grcl=  1.94  L_cov= 0.38  L_cons=0.000  L_tot=  2.06  diag=+0.994  mix=[cap:103/ref:100/nl:117]  β=0.049  α_t=0.051  (2115s)
step  2420  L_grcl=  1.87  L_cov= 0.36  L_cons=0.000  L_tot=  1.98  diag=+0.994  mix=[cap:131/ref:95/nl:94]  β=0.049  α_t=0.051  (2132s)
step  2440  L_grcl=  1.97  L_cov= 0.36  L_cons=0.000  L_tot=  2.08  diag=+0.994  mix=[cap:112/ref:106/nl:102]  β=0.049  α_t=0.051  (2149s)
step  2460  L_grcl=  2.00  L_cov= 0.38  L_cons=0.000  L_tot=  2.11  diag=+0.995  mix=[cap:97/ref:114/nl:109]  β=0.049  α_t=0.051  (2166s)
step  2480  L_grcl=  1.93  L_cov= 0.37  L_cons=0.000  L_tot=  2.04  diag=+0.995  mix=[cap:119/ref:101/nl:100]  β=0.049  α_t=0.051  (2183s)
step  2500  L_grcl=  1.93  L_cov= 0.36  L_cons=0.000  L_tot=  2.04  diag=+0.994  mix=[cap:103/ref:115/nl:102]  β=0.049  α_t=0.051  (2201s)

  [eval @ step 2500] held-out test-A...
    cap-fig cos: +0.9951  (Δ +0.8804)
    R@1/5/10: 8.5% / 51.0% / 78.5%  (Δ +8.5 / +51.0 / +78.5)
    [ckpt saved @ step 2500 R@10=78.5%]

step  2520  L_grcl=  1.96  L_cov= 0.37  L_cons=0.000  L_tot=  2.08  diag=+0.994  mix=[cap:115/ref:108/nl:97]  β=0.049  α_t=0.051  (2236s)
step  2540  L_grcl=  1.96  L_cov= 0.38  L_cons=0.000  L_tot=  2.08  diag=+0.995  mix=[cap:97/ref:114/nl:109]  β=0.049  α_t=0.051  (2254s)
step  2560  L_grcl=  1.91  L_cov= 0.36  L_cons=0.000  L_tot=  2.02  diag=+0.994  mix=[cap:109/ref:93/nl:118]  β=0.049  α_t=0.051  (2271s)
step  2580  L_grcl=  1.89  L_cov= 0.36  L_cons=0.000  L_tot=  2.00  diag=+0.994  mix=[cap:108/ref:104/nl:108]  β=0.049  α_t=0.051  (2288s)
step  2600  L_grcl=  1.92  L_cov= 0.36  L_cons=0.000  L_tot=  2.02  diag=+0.994  mix=[cap:102/ref:121/nl:97]  β=0.049  α_t=0.051  (2304s)
step  2620  L_grcl=  1.90  L_cov= 0.36  L_cons=0.000  L_tot=  2.01  diag=+0.994  mix=[cap:102/ref:101/nl:117]  β=0.049  α_t=0.051  (2321s)
step  2640  L_grcl=  1.93  L_cov= 0.36  L_cons=0.000  L_tot=  2.04  diag=+0.994  mix=[cap:106/ref:104/nl:110]  β=0.049  α_t=0.051  (2338s)
step  2660  L_grcl=  1.92  L_cov= 0.36  L_cons=0.000  L_tot=  2.03  diag=+0.994  mix=[cap:105/ref:95/nl:120]  β=0.049  α_t=0.051  (2355s)
step  2680  L_grcl=  1.96  L_cov= 0.37  L_cons=0.000  L_tot=  2.07  diag=+0.994  mix=[cap:116/ref:100/nl:104]  β=0.049  α_t=0.051  (2372s)
step  2700  L_grcl=  1.89  L_cov= 0.35  L_cons=0.000  L_tot=  1.99  diag=+0.994  mix=[cap:103/ref:114/nl:103]  β=0.049  α_t=0.051  (2388s)
step  2720  L_grcl=  1.94  L_cov= 0.37  L_cons=0.000  L_tot=  2.05  diag=+0.993  mix=[cap:101/ref:96/nl:123]  β=0.049  α_t=0.051  (2405s)
step  2740  L_grcl=  1.85  L_cov= 0.36  L_cons=0.000  L_tot=  1.96  diag=+0.994  mix=[cap:112/ref:95/nl:113]  β=0.049  α_t=0.051  (2422s)
step  2760  L_grcl=  1.99  L_cov= 0.35  L_cons=0.000  L_tot=  2.10  diag=+0.994  mix=[cap:99/ref:129/nl:92]  β=0.049  α_t=0.051  (2440s)
step  2780  L_grcl=  1.91  L_cov= 0.36  L_cons=0.000  L_tot=  2.02  diag=+0.994  mix=[cap:106/ref:112/nl:102]  β=0.050  α_t=0.051  (2457s)
step  2800  L_grcl=  1.91  L_cov= 0.37  L_cons=0.000  L_tot=  2.02  diag=+0.994  mix=[cap:108/ref:114/nl:98]  β=0.050  α_t=0.051  (2474s)
step  2820  L_grcl=  1.92  L_cov= 0.35  L_cons=0.000  L_tot=  2.03  diag=+0.994  mix=[cap:116/ref:97/nl:107]  β=0.050  α_t=0.052  (2491s)
step  2840  L_grcl=  1.92  L_cov= 0.37  L_cons=0.000  L_tot=  2.03  diag=+0.994  mix=[cap:101/ref:103/nl:116]  β=0.050  α_t=0.052  (2507s)
step  2860  L_grcl=  1.98  L_cov= 0.37  L_cons=0.000  L_tot=  2.09  diag=+0.995  mix=[cap:112/ref:102/nl:106]  β=0.050  α_t=0.052  (2524s)
step  2880  L_grcl=  1.92  L_cov= 0.36  L_cons=0.000  L_tot=  2.03  diag=+0.995  mix=[cap:113/ref:117/nl:90]  β=0.050  α_t=0.052  (2541s)
step  2900  L_grcl=  1.96  L_cov= 0.36  L_cons=0.000  L_tot=  2.06  diag=+0.994  mix=[cap:106/ref:110/nl:104]  β=0.050  α_t=0.052  (2559s)
step  2920  L_grcl=  1.86  L_cov= 0.35  L_cons=0.000  L_tot=  1.96  diag=+0.994  mix=[cap:119/ref:102/nl:99]  β=0.050  α_t=0.052  (2575s)
step  2940  L_grcl=  1.85  L_cov= 0.34  L_cons=0.000  L_tot=  1.96  diag=+0.993  mix=[cap:106/ref:98/nl:116]  β=0.050  α_t=0.052  (2592s)
step  2960  L_grcl=  2.02  L_cov= 0.35  L_cons=0.000  L_tot=  2.12  diag=+0.994  mix=[cap:110/ref:106/nl:104]  β=0.050  α_t=0.052  (2609s)
step  2980  L_grcl=  1.90  L_cov= 0.36  L_cons=0.000  L_tot=  2.01  diag=+0.995  mix=[cap:111/ref:109/nl:100]  β=0.050  α_t=0.052  (2626s)
step  3000  L_grcl=  1.87  L_cov= 0.35  L_cons=0.000  L_tot=  1.98  diag=+0.993  mix=[cap:111/ref:110/nl:99]  β=0.050  α_t=0.052  (2643s)

  [eval @ step 3000] held-out test-A...
    cap-fig cos: +0.9946  (Δ +0.8799)
    R@1/5/10: 11.0% / 46.0% / 67.5%  (Δ +11.0 / +46.0 / +67.5)

step  3020  L_grcl=  1.94  L_cov= 0.36  L_cons=0.000  L_tot=  2.05  diag=+0.993  mix=[cap:96/ref:109/nl:115]  β=0.050  α_t=0.052  (2672s)
step  3040  L_grcl=  1.89  L_cov= 0.37  L_cons=0.000  L_tot=  2.00  diag=+0.993  mix=[cap:104/ref:104/nl:112]  β=0.050  α_t=0.052  (2689s)
step  3060  L_grcl=  1.93  L_cov= 0.34  L_cons=0.000  L_tot=  2.03  diag=+0.993  mix=[cap:101/ref:121/nl:98]  β=0.050  α_t=0.052  (2706s)
step  3080  L_grcl=  1.95  L_cov= 0.36  L_cons=0.000  L_tot=  2.06  diag=+0.994  mix=[cap:96/ref:116/nl:108]  β=0.050  α_t=0.052  (2723s)
step  3100  L_grcl=  1.93  L_cov= 0.35  L_cons=0.000  L_tot=  2.04  diag=+0.994  mix=[cap:106/ref:108/nl:106]  β=0.050  α_t=0.052  (2740s)
step  3120  L_grcl=  1.93  L_cov= 0.35  L_cons=0.000  L_tot=  2.03  diag=+0.994  mix=[cap:106/ref:119/nl:95]  β=0.050  α_t=0.052  (2757s)
step  3140  L_grcl=  1.90  L_cov= 0.37  L_cons=0.000  L_tot=  2.01  diag=+0.994  mix=[cap:115/ref:108/nl:97]  β=0.050  α_t=0.052  (2775s)
step  3160  L_grcl=  1.87  L_cov= 0.35  L_cons=0.000  L_tot=  1.97  diag=+0.993  mix=[cap:110/ref:105/nl:105]  β=0.050  α_t=0.052  (2792s)
step  3180  L_grcl=  1.92  L_cov= 0.35  L_cons=0.000  L_tot=  2.03  diag=+0.992  mix=[cap:92/ref:113/nl:115]  β=0.050  α_t=0.052  (2809s)
step  3200  L_grcl=  1.89  L_cov= 0.34  L_cons=0.000  L_tot=  1.99  diag=+0.992  mix=[cap:102/ref:118/nl:100]  β=0.050  α_t=0.052  (2826s)
step  3220  L_grcl=  1.87  L_cov= 0.34  L_cons=0.000  L_tot=  1.97  diag=+0.993  mix=[cap:111/ref:108/nl:101]  β=0.050  α_t=0.052  (2843s)
step  3240  L_grcl=  1.91  L_cov= 0.34  L_cons=0.000  L_tot=  2.01  diag=+0.993  mix=[cap:109/ref:100/nl:111]  β=0.050  α_t=0.052  (2860s)
step  3260  L_grcl=  1.91  L_cov= 0.35  L_cons=0.000  L_tot=  2.02  diag=+0.993  mix=[cap:115/ref:114/nl:91]  β=0.050  α_t=0.052  (2877s)
step  3280  L_grcl=  1.95  L_cov= 0.36  L_cons=0.000  L_tot=  2.06  diag=+0.994  mix=[cap:97/ref:115/nl:108]  β=0.050  α_t=0.052  (2894s)
step  3300  L_grcl=  1.93  L_cov= 0.37  L_cons=0.000  L_tot=  2.04  diag=+0.994  mix=[cap:98/ref:110/nl:112]  β=0.050  α_t=0.052  (2912s)
step  3320  L_grcl=  1.92  L_cov= 0.36  L_cons=0.000  L_tot=  2.02  diag=+0.994  mix=[cap:108/ref:116/nl:96]  β=0.050  α_t=0.052  (2929s)
step  3340  L_grcl=  1.92  L_cov= 0.35  L_cons=0.000  L_tot=  2.03  diag=+0.993  mix=[cap:102/ref:105/nl:113]  β=0.050  α_t=0.052  (2946s)
step  3360  L_grcl=  1.94  L_cov= 0.37  L_cons=0.000  L_tot=  2.05  diag=+0.994  mix=[cap:101/ref:115/nl:104]  β=0.050  α_t=0.052  (2963s)
step  3380  L_grcl=  1.89  L_cov= 0.34  L_cons=0.000  L_tot=  1.99  diag=+0.993  mix=[cap:113/ref:109/nl:98]  β=0.050  α_t=0.052  (2980s)
step  3400  L_grcl=  1.94  L_cov= 0.35  L_cons=0.000  L_tot=  2.05  diag=+0.994  mix=[cap:107/ref:126/nl:87]  β=0.050  α_t=0.052  (2998s)
step  3420  L_grcl=  1.93  L_cov= 0.38  L_cons=0.000  L_tot=  2.04  diag=+0.994  mix=[cap:103/ref:107/nl:110]  β=0.050  α_t=0.052  (3014s)
step  3440  L_grcl=  1.89  L_cov= 0.36  L_cons=0.000  L_tot=  1.99  diag=+0.993  mix=[cap:99/ref:104/nl:117]  β=0.050  α_t=0.052  (3031s)
step  3460  L_grcl=  1.85  L_cov= 0.34  L_cons=0.000  L_tot=  1.96  diag=+0.993  mix=[cap:106/ref:116/nl:98]  β=0.050  α_t=0.052  (3048s)
step  3480  L_grcl=  1.89  L_cov= 0.35  L_cons=0.000  L_tot=  1.99  diag=+0.992  mix=[cap:105/ref:110/nl:105]  β=0.051  α_t=0.052  (3066s)
step  3500  L_grcl=  1.90  L_cov= 0.33  L_cons=0.000  L_tot=  2.00  diag=+0.992  mix=[cap:106/ref:113/nl:101]  β=0.051  α_t=0.052  (3083s)

  [eval @ step 3500] held-out test-A...
    cap-fig cos: +0.9943  (Δ +0.8795)
    R@1/5/10: 9.5% / 51.0% / 77.5%  (Δ +9.5 / +51.0 / +77.5)

step  3520  L_grcl=  1.92  L_cov= 0.35  L_cons=0.000  L_tot=  2.03  diag=+0.992  mix=[cap:98/ref:122/nl:100]  β=0.051  α_t=0.052  (3115s)
step  3540  L_grcl=  1.93  L_cov= 0.35  L_cons=0.000  L_tot=  2.03  diag=+0.993  mix=[cap:100/ref:117/nl:103]  β=0.051  α_t=0.052  (3132s)
step  3560  L_grcl=  1.92  L_cov= 0.34  L_cons=0.000  L_tot=  2.02  diag=+0.993  mix=[cap:107/ref:113/nl:100]  β=0.051  α_t=0.052  (3149s)
step  3580  L_grcl=  1.88  L_cov= 0.35  L_cons=0.000  L_tot=  1.99  diag=+0.993  mix=[cap:111/ref:91/nl:118]  β=0.051  α_t=0.052  (3166s)
step  3600  L_grcl=  1.85  L_cov= 0.35  L_cons=0.000  L_tot=  1.96  diag=+0.992  mix=[cap:104/ref:102/nl:114]  β=0.051  α_t=0.052  (3183s)
step  3620  L_grcl=  1.91  L_cov= 0.34  L_cons=0.000  L_tot=  2.01  diag=+0.992  mix=[cap:114/ref:96/nl:110]  β=0.051  α_t=0.052  (3200s)
step  3640  L_grcl=  1.94  L_cov= 0.35  L_cons=0.000  L_tot=  2.04  diag=+0.992  mix=[cap:87/ref:112/nl:121]  β=0.051  α_t=0.052  (3217s)
step  3660  L_grcl=  1.89  L_cov= 0.35  L_cons=0.000  L_tot=  2.00  diag=+0.992  mix=[cap:111/ref:101/nl:108]  β=0.051  α_t=0.052  (3234s)
step  3680  L_grcl=  1.87  L_cov= 0.35  L_cons=0.000  L_tot=  1.98  diag=+0.992  mix=[cap:114/ref:105/nl:101]  β=0.051  α_t=0.053  (3251s)
step  3700  L_grcl=  1.92  L_cov= 0.35  L_cons=0.000  L_tot=  2.03  diag=+0.993  mix=[cap:90/ref:134/nl:96]  β=0.051  α_t=0.053  (3267s)
step  3720  L_grcl=  1.90  L_cov= 0.36  L_cons=0.000  L_tot=  2.01  diag=+0.992  mix=[cap:112/ref:97/nl:111]  β=0.051  α_t=0.053  (3285s)
step  3740  L_grcl=  1.83  L_cov= 0.34  L_cons=0.000  L_tot=  1.94  diag=+0.992  mix=[cap:107/ref:97/nl:116]  β=0.051  α_t=0.053  (3302s)
step  3760  L_grcl=  1.91  L_cov= 0.32  L_cons=0.000  L_tot=  2.00  diag=+0.992  mix=[cap:110/ref:108/nl:102]  β=0.051  α_t=0.053  (3320s)
step  3780  L_grcl=  1.87  L_cov= 0.35  L_cons=0.000  L_tot=  1.98  diag=+0.991  mix=[cap:101/ref:114/nl:105]  β=0.051  α_t=0.053  (3336s)
step  3800  L_grcl=  1.90  L_cov= 0.35  L_cons=0.000  L_tot=  2.01  diag=+0.992  mix=[cap:95/ref:112/nl:113]  β=0.051  α_t=0.053  (3353s)
step  3820  L_grcl=  1.87  L_cov= 0.33  L_cons=0.000  L_tot=  1.97  diag=+0.992  mix=[cap:107/ref:109/nl:104]  β=0.051  α_t=0.053  (3370s)
step  3840  L_grcl=  1.85  L_cov= 0.34  L_cons=0.000  L_tot=  1.95  diag=+0.993  mix=[cap:113/ref:108/nl:99]  β=0.051  α_t=0.053  (3387s)
step  3860  L_grcl=  1.95  L_cov= 0.35  L_cons=0.000  L_tot=  2.05  diag=+0.992  mix=[cap:107/ref:121/nl:92]  β=0.051  α_t=0.053  (3405s)
step  3880  L_grcl=  1.91  L_cov= 0.36  L_cons=0.000  L_tot=  2.02  diag=+0.993  mix=[cap:100/ref:120/nl:100]  β=0.051  α_t=0.053  (3422s)
step  3900  L_grcl=  1.86  L_cov= 0.34  L_cons=0.000  L_tot=  1.96  diag=+0.993  mix=[cap:117/ref:104/nl:99]  β=0.051  α_t=0.053  (3439s)
step  3920  L_grcl=  1.85  L_cov= 0.33  L_cons=0.000  L_tot=  1.94  diag=+0.992  mix=[cap:113/ref:104/nl:103]  β=0.051  α_t=0.053  (3456s)
step  3940  L_grcl=  1.84  L_cov= 0.34  L_cons=0.000  L_tot=  1.94  diag=+0.992  mix=[cap:107/ref:116/nl:97]  β=0.051  α_t=0.053  (3473s)
step  3960  L_grcl=  1.84  L_cov= 0.34  L_cons=0.000  L_tot=  1.94  diag=+0.992  mix=[cap:103/ref:112/nl:105]  β=0.051  α_t=0.053  (3490s)
step  3980  L_grcl=  1.88  L_cov= 0.34  L_cons=0.000  L_tot=  1.98  diag=+0.992  mix=[cap:117/ref:112/nl:91]  β=0.051  α_t=0.053  (3507s)
step  4000  L_grcl=  1.87  L_cov= 0.35  L_cons=0.000  L_tot=  1.98  diag=+0.992  mix=[cap:104/ref:100/nl:116]  β=0.051  α_t=0.053  (3524s)

  [eval @ step 4000] held-out test-A...
    cap-fig cos: +0.9953  (Δ +0.8805)
    R@1/5/10: 12.5% / 57.5% / 82.5%  (Δ +12.5 / +57.5 / +82.5)
    [ckpt saved @ step 4000 R@10=82.5%]

step  4020  L_grcl=  1.87  L_cov= 0.34  L_cons=0.000  L_tot=  1.97  diag=+0.993  mix=[cap:109/ref:103/nl:108]  β=0.051  α_t=0.053  (3560s)
step  4040  L_grcl=  1.90  L_cov= 0.35  L_cons=0.000  L_tot=  2.00  diag=+0.992  mix=[cap:108/ref:111/nl:101]  β=0.051  α_t=0.053  (3578s)
step  4060  L_grcl=  1.82  L_cov= 0.34  L_cons=0.000  L_tot=  1.92  diag=+0.992  mix=[cap:113/ref:97/nl:110]  β=0.051  α_t=0.053  (3596s)
step  4080  L_grcl=  1.86  L_cov= 0.34  L_cons=0.000  L_tot=  1.97  diag=+0.990  mix=[cap:102/ref:106/nl:112]  β=0.051  α_t=0.053  (3613s)
step  4100  L_grcl=  1.90  L_cov= 0.33  L_cons=0.000  L_tot=  2.00  diag=+0.992  mix=[cap:100/ref:120/nl:100]  β=0.051  α_t=0.053  (3630s)
step  4120  L_grcl=  1.89  L_cov= 0.34  L_cons=0.000  L_tot=  1.99  diag=+0.993  mix=[cap:104/ref:101/nl:115]  β=0.051  α_t=0.053  (3648s)
step  4140  L_grcl=  1.91  L_cov= 0.35  L_cons=0.000  L_tot=  2.01  diag=+0.993  mix=[cap:97/ref:117/nl:106]  β=0.051  α_t=0.053  (3667s)
step  4160  L_grcl=  1.88  L_cov= 0.34  L_cons=0.000  L_tot=  1.98  diag=+0.993  mix=[cap:109/ref:109/nl:102]  β=0.051  α_t=0.053  (3684s)
step  4180  L_grcl=  1.88  L_cov= 0.36  L_cons=0.000  L_tot=  1.98  diag=+0.992  mix=[cap:109/ref:109/nl:102]  β=0.052  α_t=0.053  (3701s)
step  4200  L_grcl=  1.81  L_cov= 0.34  L_cons=0.000  L_tot=  1.91  diag=+0.991  mix=[cap:105/ref:111/nl:104]  β=0.052  α_t=0.053  (3719s)
step  4220  L_grcl=  1.92  L_cov= 0.34  L_cons=0.000  L_tot=  2.02  diag=+0.992  mix=[cap:94/ref:122/nl:104]  β=0.052  α_t=0.053  (3736s)
step  4240  L_grcl=  1.88  L_cov= 0.35  L_cons=0.000  L_tot=  1.98  diag=+0.992  mix=[cap:99/ref:108/nl:113]  β=0.052  α_t=0.053  (3753s)
step  4260  L_grcl=  1.86  L_cov= 0.33  L_cons=0.000  L_tot=  1.96  diag=+0.991  mix=[cap:116/ref:99/nl:105]  β=0.052  α_t=0.053  (3771s)
step  4280  L_grcl=  1.83  L_cov= 0.35  L_cons=0.000  L_tot=  1.93  diag=+0.991  mix=[cap:114/ref:84/nl:122]  β=0.052  α_t=0.053  (3788s)
step  4300  L_grcl=  1.87  L_cov= 0.34  L_cons=0.000  L_tot=  1.97  diag=+0.992  mix=[cap:100/ref:105/nl:115]  β=0.052  α_t=0.053  (3806s)
step  4320  L_grcl=  1.86  L_cov= 0.33  L_cons=0.000  L_tot=  1.96  diag=+0.991  mix=[cap:96/ref:116/nl:108]  β=0.052  α_t=0.053  (3823s)
step  4340  L_grcl=  1.83  L_cov= 0.35  L_cons=0.000  L_tot=  1.94  diag=+0.991  mix=[cap:114/ref:99/nl:107]  β=0.052  α_t=0.053  (3841s)
step  4360  L_grcl=  1.88  L_cov= 0.34  L_cons=0.000  L_tot=  1.98  diag=+0.991  mix=[cap:92/ref:116/nl:112]  β=0.052  α_t=0.053  (3858s)
step  4380  L_grcl=  1.84  L_cov= 0.35  L_cons=0.000  L_tot=  1.95  diag=+0.991  mix=[cap:102/ref:92/nl:126]  β=0.052  α_t=0.053  (3875s)
step  4400  L_grcl=  1.80  L_cov= 0.32  L_cons=0.000  L_tot=  1.89  diag=+0.992  mix=[cap:115/ref:106/nl:99]  β=0.052  α_t=0.053  (3892s)
step  4420  L_grcl=  1.85  L_cov= 0.32  L_cons=0.000  L_tot=  1.95  diag=+0.991  mix=[cap:97/ref:114/nl:109]  β=0.052  α_t=0.053  (3909s)
step  4440  L_grcl=  1.89  L_cov= 0.34  L_cons=0.000  L_tot=  2.00  diag=+0.991  mix=[cap:117/ref:95/nl:108]  β=0.052  α_t=0.053  (3926s)
step  4460  L_grcl=  1.85  L_cov= 0.34  L_cons=0.000  L_tot=  1.95  diag=+0.991  mix=[cap:80/ref:124/nl:116]  β=0.052  α_t=0.053  (3943s)
step  4480  L_grcl=  1.87  L_cov= 0.34  L_cons=0.000  L_tot=  1.97  diag=+0.991  mix=[cap:97/ref:113/nl:110]  β=0.052  α_t=0.053  (3960s)
step  4500  L_grcl=  1.79  L_cov= 0.32  L_cons=0.000  L_tot=  1.89  diag=+0.992  mix=[cap:119/ref:104/nl:97]  β=0.052  α_t=0.053  (3978s)

  [eval @ step 4500] held-out test-A...
    cap-fig cos: +0.9946  (Δ +0.8799)
    R@1/5/10: 10.0% / 49.5% / 76.5%  (Δ +10.0 / +49.5 / +76.5)

step  4520  L_grcl=  1.86  L_cov= 0.34  L_cons=0.000  L_tot=  1.97  diag=+0.992  mix=[cap:107/ref:114/nl:99]  β=0.052  α_t=0.053  (4007s)
step  4540  L_grcl=  1.83  L_cov= 0.33  L_cons=0.000  L_tot=  1.92  diag=+0.991  mix=[cap:103/ref:109/nl:108]  β=0.052  α_t=0.053  (4024s)
step  4560  L_grcl=  1.84  L_cov= 0.33  L_cons=0.000  L_tot=  1.94  diag=+0.991  mix=[cap:96/ref:109/nl:115]  β=0.052  α_t=0.053  (4041s)
step  4580  L_grcl=  1.82  L_cov= 0.32  L_cons=0.000  L_tot=  1.92  diag=+0.991  mix=[cap:110/ref:100/nl:110]  β=0.052  α_t=0.053  (4058s)
step  4600  L_grcl=  1.87  L_cov= 0.33  L_cons=0.000  L_tot=  1.97  diag=+0.989  mix=[cap:117/ref:100/nl:103]  β=0.052  α_t=0.053  (4075s)
step  4620  L_grcl=  1.85  L_cov= 0.34  L_cons=0.000  L_tot=  1.96  diag=+0.991  mix=[cap:111/ref:114/nl:95]  β=0.052  α_t=0.054  (4092s)
step  4640  L_grcl=  1.81  L_cov= 0.32  L_cons=0.000  L_tot=  1.90  diag=+0.991  mix=[cap:117/ref:105/nl:98]  β=0.052  α_t=0.054  (4109s)
step  4660  L_grcl=  1.87  L_cov= 0.33  L_cons=0.000  L_tot=  1.97  diag=+0.992  mix=[cap:93/ref:121/nl:106]  β=0.052  α_t=0.054  (4127s)
step  4680  L_grcl=  1.85  L_cov= 0.33  L_cons=0.000  L_tot=  1.95  diag=+0.991  mix=[cap:121/ref:101/nl:98]  β=0.052  α_t=0.054  (4144s)
step  4700  L_grcl=  1.87  L_cov= 0.35  L_cons=0.000  L_tot=  1.97  diag=+0.991  mix=[cap:105/ref:125/nl:90]  β=0.052  α_t=0.054  (4162s)
step  4720  L_grcl=  1.86  L_cov= 0.32  L_cons=0.000  L_tot=  1.96  diag=+0.991  mix=[cap:97/ref:114/nl:109]  β=0.052  α_t=0.054  (4179s)
step  4740  L_grcl=  1.86  L_cov= 0.35  L_cons=0.000  L_tot=  1.96  diag=+0.992  mix=[cap:105/ref:98/nl:117]  β=0.052  α_t=0.054  (4197s)
step  4760  L_grcl=  1.89  L_cov= 0.35  L_cons=0.000  L_tot=  2.00  diag=+0.992  mix=[cap:108/ref:114/nl:98]  β=0.052  α_t=0.054  (4214s)
step  4780  L_grcl=  1.82  L_cov= 0.32  L_cons=0.000  L_tot=  1.92  diag=+0.991  mix=[cap:102/ref:118/nl:100]  β=0.052  α_t=0.054  (4231s)
step  4800  L_grcl=  1.78  L_cov= 0.32  L_cons=0.000  L_tot=  1.88  diag=+0.991  mix=[cap:101/ref:111/nl:108]  β=0.052  α_t=0.054  (4248s)
step  4820  L_grcl=  1.78  L_cov= 0.33  L_cons=0.000  L_tot=  1.88  diag=+0.990  mix=[cap:121/ref:97/nl:102]  β=0.053  α_t=0.054  (4265s)
step  4840  L_grcl=  1.89  L_cov= 0.32  L_cons=0.000  L_tot=  1.99  diag=+0.990  mix=[cap:102/ref:109/nl:109]  β=0.053  α_t=0.054  (4283s)
step  4860  L_grcl=  1.87  L_cov= 0.34  L_cons=0.000  L_tot=  1.97  diag=+0.991  mix=[cap:99/ref:121/nl:100]  β=0.053  α_t=0.054  (4301s)
step  4880  L_grcl=  1.86  L_cov= 0.33  L_cons=0.000  L_tot=  1.96  diag=+0.991  mix=[cap:109/ref:108/nl:103]  β=0.053  α_t=0.054  (4319s)
step  4900  L_grcl=  1.85  L_cov= 0.33  L_cons=0.000  L_tot=  1.95  diag=+0.992  mix=[cap:114/ref:114/nl:92]  β=0.053  α_t=0.054  (4336s)
step  4920  L_grcl=  1.86  L_cov= 0.34  L_cons=0.000  L_tot=  1.96  diag=+0.991  mix=[cap:114/ref:108/nl:98]  β=0.053  α_t=0.054  (4354s)
step  4940  L_grcl=  1.79  L_cov= 0.32  L_cons=0.000  L_tot=  1.88  diag=+0.991  mix=[cap:114/ref:104/nl:102]  β=0.053  α_t=0.054  (4371s)
step  4960  L_grcl=  1.87  L_cov= 0.33  L_cons=0.000  L_tot=  1.97  diag=+0.991  mix=[cap:116/ref:114/nl:90]  β=0.053  α_t=0.054  (4388s)
step  4980  L_grcl=  1.82  L_cov= 0.33  L_cons=0.000  L_tot=  1.92  diag=+0.991  mix=[cap:106/ref:96/nl:118]  β=0.053  α_t=0.054  (4406s)
step  5000  L_grcl=  1.85  L_cov= 0.32  L_cons=0.000  L_tot=  1.95  diag=+0.990  mix=[cap:102/ref:117/nl:101]  β=0.053  α_t=0.054  (4423s)

  [eval @ step 5000] held-out test-A...
    cap-fig cos: +0.9954  (Δ +0.8807)
    R@1/5/10: 17.0% / 60.5% / 81.0%  (Δ +17.0 / +60.5 / +81.0)

step  5020  L_grcl=  1.82  L_cov= 0.32  L_cons=0.000  L_tot=  1.92  diag=+0.990  mix=[cap:117/ref:95/nl:108]  β=0.053  α_t=0.054  (4452s)
step  5040  L_grcl=  1.90  L_cov= 0.34  L_cons=0.000  L_tot=  2.00  diag=+0.990  mix=[cap:78/ref:118/nl:124]  β=0.053  α_t=0.054  (4469s)
step  5060  L_grcl=  1.79  L_cov= 0.34  L_cons=0.000  L_tot=  1.89  diag=+0.991  mix=[cap:115/ref:100/nl:105]  β=0.053  α_t=0.054  (4487s)
step  5080  L_grcl=  1.83  L_cov= 0.33  L_cons=0.000  L_tot=  1.93  diag=+0.990  mix=[cap:88/ref:125/nl:107]  β=0.053  α_t=0.054  (4504s)
step  5100  L_grcl=  1.78  L_cov= 0.31  L_cons=0.000  L_tot=  1.87  diag=+0.990  mix=[cap:105/ref:106/nl:109]  β=0.053  α_t=0.054  (4521s)
step  5120  L_grcl=  1.86  L_cov= 0.33  L_cons=0.000  L_tot=  1.96  diag=+0.990  mix=[cap:104/ref:113/nl:103]  β=0.053  α_t=0.054  (4538s)
step  5140  L_grcl=  1.77  L_cov= 0.32  L_cons=0.000  L_tot=  1.87  diag=+0.991  mix=[cap:125/ref:105/nl:90]  β=0.053  α_t=0.054  (4556s)
step  5160  L_grcl=  1.79  L_cov= 0.32  L_cons=0.000  L_tot=  1.89  diag=+0.990  mix=[cap:111/ref:102/nl:107]  β=0.053  α_t=0.054  (4574s)
step  5180  L_grcl=  1.85  L_cov= 0.33  L_cons=0.000  L_tot=  1.95  diag=+0.990  mix=[cap:101/ref:116/nl:103]  β=0.053  α_t=0.054  (4591s)
step  5200  L_grcl=  1.84  L_cov= 0.33  L_cons=0.000  L_tot=  1.94  diag=+0.992  mix=[cap:114/ref:110/nl:96]  β=0.053  α_t=0.054  (4608s)
step  5220  L_grcl=  1.85  L_cov= 0.33  L_cons=0.000  L_tot=  1.94  diag=+0.991  mix=[cap:104/ref:110/nl:106]  β=0.053  α_t=0.054  (4626s)
step  5240  L_grcl=  1.80  L_cov= 0.32  L_cons=0.000  L_tot=  1.90  diag=+0.991  mix=[cap:112/ref:118/nl:90]  β=0.053  α_t=0.054  (4643s)
step  5260  L_grcl=  1.81  L_cov= 0.33  L_cons=0.000  L_tot=  1.91  diag=+0.991  mix=[cap:109/ref:120/nl:91]  β=0.053  α_t=0.054  (4660s)
step  5280  L_grcl=  1.84  L_cov= 0.32  L_cons=0.000  L_tot=  1.93  diag=+0.989  mix=[cap:107/ref:103/nl:110]  β=0.053  α_t=0.054  (4677s)
step  5300  L_grcl=  1.79  L_cov= 0.32  L_cons=0.000  L_tot=  1.89  diag=+0.989  mix=[cap:124/ref:86/nl:110]  β=0.053  α_t=0.054  (4694s)
step  5320  L_grcl=  1.82  L_cov= 0.32  L_cons=0.000  L_tot=  1.92  diag=+0.992  mix=[cap:107/ref:118/nl:95]  β=0.053  α_t=0.054  (4712s)
step  5340  L_grcl=  1.79  L_cov= 0.34  L_cons=0.000  L_tot=  1.89  diag=+0.990  mix=[cap:117/ref:95/nl:108]  β=0.053  α_t=0.054  (4730s)
step  5360  L_grcl=  1.79  L_cov= 0.31  L_cons=0.000  L_tot=  1.88  diag=+0.989  mix=[cap:124/ref:102/nl:94]  β=0.053  α_t=0.054  (4747s)
step  5380  L_grcl=  1.76  L_cov= 0.31  L_cons=0.000  L_tot=  1.85  diag=+0.991  mix=[cap:127/ref:109/nl:84]  β=0.053  α_t=0.054  (4765s)
step  5400  L_grcl=  1.82  L_cov= 0.32  L_cons=0.000  L_tot=  1.91  diag=+0.991  mix=[cap:99/ref:113/nl:108]  β=0.053  α_t=0.054  (4782s)
step  5420  L_grcl=  1.80  L_cov= 0.32  L_cons=0.000  L_tot=  1.90  diag=+0.989  mix=[cap:102/ref:90/nl:128]  β=0.053  α_t=0.054  (4798s)
step  5440  L_grcl=  1.84  L_cov= 0.31  L_cons=0.000  L_tot=  1.93  diag=+0.988  mix=[cap:93/ref:117/nl:110]  β=0.053  α_t=0.054  (4816s)
step  5460  L_grcl=  1.80  L_cov= 0.33  L_cons=0.000  L_tot=  1.90  diag=+0.990  mix=[cap:106/ref:115/nl:99]  β=0.054  α_t=0.054  (4833s)
step  5480  L_grcl=  1.75  L_cov= 0.32  L_cons=0.000  L_tot=  1.85  diag=+0.990  mix=[cap:106/ref:99/nl:115]  β=0.054  α_t=0.054  (4850s)
step  5500  L_grcl=  1.80  L_cov= 0.32  L_cons=0.000  L_tot=  1.90  diag=+0.991  mix=[cap:125/ref:112/nl:83]  β=0.054  α_t=0.054  (4867s)

  [eval @ step 5500] held-out test-A...
    cap-fig cos: +0.9947  (Δ +0.8800)
    R@1/5/10: 16.0% / 59.0% / 83.5%  (Δ +16.0 / +59.0 / +83.5)
    [ckpt saved @ step 5500 R@10=83.5%]

step  5520  L_grcl=  1.81  L_cov= 0.32  L_cons=0.000  L_tot=  1.90  diag=+0.990  mix=[cap:104/ref:109/nl:107]  β=0.054  α_t=0.054  (4903s)
step  5540  L_grcl=  1.84  L_cov= 0.34  L_cons=0.000  L_tot=  1.94  diag=+0.991  mix=[cap:100/ref:103/nl:117]  β=0.054  α_t=0.054  (4920s)
step  5560  L_grcl=  1.86  L_cov= 0.33  L_cons=0.000  L_tot=  1.96  diag=+0.990  mix=[cap:124/ref:102/nl:94]  β=0.054  α_t=0.054  (4937s)
step  5580  L_grcl=  1.79  L_cov= 0.31  L_cons=0.000  L_tot=  1.88  diag=+0.991  mix=[cap:104/ref:114/nl:102]  β=0.054  α_t=0.055  (4954s)
step  5600  L_grcl=  1.83  L_cov= 0.31  L_cons=0.000  L_tot=  1.93  diag=+0.990  mix=[cap:102/ref:115/nl:103]  β=0.054  α_t=0.055  (4971s)
step  5620  L_grcl=  1.78  L_cov= 0.31  L_cons=0.000  L_tot=  1.88  diag=+0.990  mix=[cap:88/ref:125/nl:107]  β=0.054  α_t=0.055  (4988s)
step  5640  L_grcl=  1.74  L_cov= 0.32  L_cons=0.000  L_tot=  1.84  diag=+0.990  mix=[cap:119/ref:103/nl:98]  β=0.054  α_t=0.055  (5005s)
step  5660  L_grcl=  1.78  L_cov= 0.30  L_cons=0.000  L_tot=  1.87  diag=+0.990  mix=[cap:105/ref:112/nl:103]  β=0.054  α_t=0.055  (5022s)
step  5680  L_grcl=  1.82  L_cov= 0.32  L_cons=0.000  L_tot=  1.92  diag=+0.990  mix=[cap:94/ref:123/nl:103]  β=0.054  α_t=0.055  (5039s)
step  5700  L_grcl=  1.77  L_cov= 0.31  L_cons=0.000  L_tot=  1.87  diag=+0.990  mix=[cap:112/ref:104/nl:104]  β=0.054  α_t=0.055  (5056s)
step  5720  L_grcl=  1.85  L_cov= 0.33  L_cons=0.000  L_tot=  1.95  diag=+0.989  mix=[cap:106/ref:108/nl:106]  β=0.054  α_t=0.055  (5073s)
step  5740  L_grcl=  1.79  L_cov= 0.31  L_cons=0.000  L_tot=  1.89  diag=+0.988  mix=[cap:111/ref:100/nl:109]  β=0.054  α_t=0.055  (5090s)
step  5760  L_grcl=  1.82  L_cov= 0.33  L_cons=0.000  L_tot=  1.91  diag=+0.988  mix=[cap:90/ref:113/nl:117]  β=0.054  α_t=0.055  (5108s)
step  5780  L_grcl=  1.80  L_cov= 0.30  L_cons=0.000  L_tot=  1.89  diag=+0.990  mix=[cap:109/ref:102/nl:109]  β=0.054  α_t=0.055  (5124s)
step  5800  L_grcl=  1.77  L_cov= 0.32  L_cons=0.000  L_tot=  1.87  diag=+0.989  mix=[cap:116/ref:98/nl:106]  β=0.054  α_t=0.055  (5142s)
step  5820  L_grcl=  1.78  L_cov= 0.32  L_cons=0.000  L_tot=  1.88  diag=+0.989  mix=[cap:101/ref:114/nl:105]  β=0.054  α_t=0.055  (5159s)
step  5840  L_grcl=  1.82  L_cov= 0.31  L_cons=0.000  L_tot=  1.92  diag=+0.989  mix=[cap:113/ref:101/nl:106]  β=0.054  α_t=0.055  (5176s)
step  5860  L_grcl=  1.82  L_cov= 0.33  L_cons=0.000  L_tot=  1.92  diag=+0.990  mix=[cap:103/ref:122/nl:95]  β=0.054  α_t=0.055  (5194s)
step  5880  L_grcl=  1.84  L_cov= 0.32  L_cons=0.000  L_tot=  1.93  diag=+0.990  mix=[cap:102/ref:119/nl:99]  β=0.054  α_t=0.055  (5211s)
step  5900  L_grcl=  1.83  L_cov= 0.33  L_cons=0.000  L_tot=  1.93  diag=+0.990  mix=[cap:101/ref:109/nl:110]  β=0.054  α_t=0.055  (5228s)
step  5920  L_grcl=  1.79  L_cov= 0.31  L_cons=0.000  L_tot=  1.89  diag=+0.991  mix=[cap:116/ref:112/nl:92]  β=0.054  α_t=0.055  (5245s)
step  5940  L_grcl=  1.79  L_cov= 0.32  L_cons=0.000  L_tot=  1.88  diag=+0.990  mix=[cap:109/ref:109/nl:102]  β=0.054  α_t=0.055  (5263s)
step  5960  L_grcl=  1.73  L_cov= 0.29  L_cons=0.000  L_tot=  1.82  diag=+0.989  mix=[cap:106/ref:107/nl:107]  β=0.054  α_t=0.055  (5280s)
step  5980  L_grcl=  1.81  L_cov= 0.32  L_cons=0.000  L_tot=  1.90  diag=+0.988  mix=[cap:105/ref:121/nl:94]  β=0.054  α_t=0.055  (5297s)
step  6000  L_grcl=  1.83  L_cov= 0.31  L_cons=0.000  L_tot=  1.92  diag=+0.989  mix=[cap:99/ref:111/nl:110]  β=0.054  α_t=0.055  (5314s)

  [eval @ step 6000] held-out test-A...
    cap-fig cos: +0.9945  (Δ +0.8798)
    R@1/5/10: 14.0% / 63.0% / 89.0%  (Δ +14.0 / +63.0 / +89.0)
    [ckpt saved @ step 6000 R@10=89.0%]

step  6020  L_grcl=  1.79  L_cov= 0.31  L_cons=0.000  L_tot=  1.88  diag=+0.991  mix=[cap:105/ref:115/nl:100]  β=0.054  α_t=0.055  (5350s)
step  6040  L_grcl=  1.79  L_cov= 0.31  L_cons=0.000  L_tot=  1.89  diag=+0.990  mix=[cap:94/ref:108/nl:118]  β=0.054  α_t=0.055  (5368s)
step  6060  L_grcl=  1.83  L_cov= 0.33  L_cons=0.000  L_tot=  1.92  diag=+0.991  mix=[cap:102/ref:117/nl:101]  β=0.054  α_t=0.055  (5385s)
step  6080  L_grcl=  1.78  L_cov= 0.32  L_cons=0.000  L_tot=  1.88  diag=+0.991  mix=[cap:116/ref:103/nl:101]  β=0.055  α_t=0.055  (5403s)
step  6100  L_grcl=  1.82  L_cov= 0.30  L_cons=0.000  L_tot=  1.91  diag=+0.989  mix=[cap:100/ref:115/nl:105]  β=0.055  α_t=0.055  (5420s)
step  6120  L_grcl=  1.83  L_cov= 0.32  L_cons=0.000  L_tot=  1.93  diag=+0.991  mix=[cap:107/ref:99/nl:114]  β=0.055  α_t=0.055  (5437s)
step  6140  L_grcl=  1.82  L_cov= 0.33  L_cons=0.000  L_tot=  1.92  diag=+0.990  mix=[cap:100/ref:109/nl:111]  β=0.055  α_t=0.055  (5454s)
step  6160  L_grcl=  1.87  L_cov= 0.34  L_cons=0.000  L_tot=  1.97  diag=+0.989  mix=[cap:100/ref:113/nl:107]  β=0.055  α_t=0.055  (5472s)
step  6180  L_grcl=  1.79  L_cov= 0.31  L_cons=0.000  L_tot=  1.89  diag=+0.989  mix=[cap:104/ref:114/nl:102]  β=0.055  α_t=0.055  (5489s)
step  6200  L_grcl=  1.82  L_cov= 0.33  L_cons=0.000  L_tot=  1.92  diag=+0.989  mix=[cap:97/ref:119/nl:104]  β=0.055  α_t=0.055  (5507s)
step  6220  L_grcl=  1.82  L_cov= 0.31  L_cons=0.000  L_tot=  1.91  diag=+0.990  mix=[cap:117/ref:112/nl:91]  β=0.055  α_t=0.055  (5524s)
step  6240  L_grcl=  1.80  L_cov= 0.32  L_cons=0.000  L_tot=  1.89  diag=+0.989  mix=[cap:105/ref:107/nl:108]  β=0.055  α_t=0.055  (5541s)
step  6260  L_grcl=  1.79  L_cov= 0.31  L_cons=0.000  L_tot=  1.89  diag=+0.989  mix=[cap:108/ref:115/nl:97]  β=0.055  α_t=0.055  (5558s)
step  6280  L_grcl=  1.86  L_cov= 0.32  L_cons=0.000  L_tot=  1.96  diag=+0.990  mix=[cap:114/ref:110/nl:96]  β=0.055  α_t=0.055  (5576s)
step  6300  L_grcl=  1.84  L_cov= 0.34  L_cons=0.000  L_tot=  1.95  diag=+0.990  mix=[cap:99/ref:109/nl:112]  β=0.055  α_t=0.055  (5593s)
step  6320  L_grcl=  1.80  L_cov= 0.31  L_cons=0.000  L_tot=  1.89  diag=+0.989  mix=[cap:127/ref:97/nl:96]  β=0.055  α_t=0.055  (5610s)
step  6340  L_grcl=  1.81  L_cov= 0.32  L_cons=0.000  L_tot=  1.91  diag=+0.991  mix=[cap:110/ref:117/nl:93]  β=0.055  α_t=0.055  (5628s)
step  6360  L_grcl=  1.81  L_cov= 0.32  L_cons=0.000  L_tot=  1.91  diag=+0.990  mix=[cap:111/ref:105/nl:104]  β=0.055  α_t=0.055  (5644s)
step  6380  L_grcl=  1.82  L_cov= 0.32  L_cons=0.000  L_tot=  1.92  diag=+0.990  mix=[cap:101/ref:112/nl:107]  β=0.055  α_t=0.055  (5662s)
step  6400  L_grcl=  1.80  L_cov= 0.31  L_cons=0.000  L_tot=  1.90  diag=+0.989  mix=[cap:103/ref:107/nl:110]  β=0.055  α_t=0.055  (5679s)
step  6420  L_grcl=  1.77  L_cov= 0.31  L_cons=0.000  L_tot=  1.86  diag=+0.988  mix=[cap:97/ref:111/nl:112]  β=0.055  α_t=0.055  (5696s)
step  6440  L_grcl=  1.77  L_cov= 0.32  L_cons=0.000  L_tot=  1.87  diag=+0.988  mix=[cap:102/ref:118/nl:100]  β=0.055  α_t=0.055  (5714s)
step  6460  L_grcl=  1.83  L_cov= 0.32  L_cons=0.000  L_tot=  1.92  diag=+0.988  mix=[cap:103/ref:117/nl:100]  β=0.055  α_t=0.055  (5731s)
step  6480  L_grcl=  1.80  L_cov= 0.32  L_cons=0.000  L_tot=  1.90  diag=+0.989  mix=[cap:109/ref:112/nl:99]  β=0.055  α_t=0.055  (5749s)
step  6500  L_grcl=  1.77  L_cov= 0.31  L_cons=0.000  L_tot=  1.86  diag=+0.988  mix=[cap:91/ref:124/nl:105]  β=0.055  α_t=0.055  (5766s)

  [eval @ step 6500] held-out test-A...
    cap-fig cos: +0.9941  (Δ +0.8794)
    R@1/5/10: 15.0% / 54.5% / 83.5%  (Δ +15.0 / +54.5 / +83.5)

step  6520  L_grcl=  1.72  L_cov= 0.30  L_cons=0.000  L_tot=  1.81  diag=+0.987  mix=[cap:98/ref:118/nl:104]  β=0.055  α_t=0.055  (5795s)
step  6540  L_grcl=  1.77  L_cov= 0.32  L_cons=0.000  L_tot=  1.87  diag=+0.990  mix=[cap:109/ref:111/nl:100]  β=0.055  α_t=0.056  (5812s)
step  6560  L_grcl=  1.76  L_cov= 0.30  L_cons=0.000  L_tot=  1.85  diag=+0.989  mix=[cap:115/ref:114/nl:91]  β=0.055  α_t=0.056  (5829s)
step  6580  L_grcl=  1.78  L_cov= 0.31  L_cons=0.000  L_tot=  1.87  diag=+0.989  mix=[cap:98/ref:115/nl:107]  β=0.055  α_t=0.056  (5847s)
step  6600  L_grcl=  1.78  L_cov= 0.32  L_cons=0.000  L_tot=  1.87  diag=+0.989  mix=[cap:112/ref:111/nl:97]  β=0.055  α_t=0.056  (5864s)
step  6620  L_grcl=  1.83  L_cov= 0.30  L_cons=0.000  L_tot=  1.92  diag=+0.990  mix=[cap:99/ref:107/nl:114]  β=0.055  α_t=0.056  (5881s)
step  6640  L_grcl=  1.79  L_cov= 0.32  L_cons=0.000  L_tot=  1.89  diag=+0.989  mix=[cap:103/ref:114/nl:103]  β=0.055  α_t=0.056  (5898s)
step  6660  L_grcl=  1.83  L_cov= 0.32  L_cons=0.000  L_tot=  1.92  diag=+0.991  mix=[cap:101/ref:107/nl:112]  β=0.055  α_t=0.056  (5916s)
step  6680  L_grcl=  1.79  L_cov= 0.32  L_cons=0.000  L_tot=  1.89  diag=+0.990  mix=[cap:88/ref:113/nl:119]  β=0.056  α_t=0.056  (5933s)
step  6700  L_grcl=  1.78  L_cov= 0.31  L_cons=0.000  L_tot=  1.87  diag=+0.988  mix=[cap:99/ref:114/nl:107]  β=0.056  α_t=0.056  (5950s)
step  6720  L_grcl=  1.75  L_cov= 0.30  L_cons=0.000  L_tot=  1.85  diag=+0.989  mix=[cap:101/ref:114/nl:105]  β=0.056  α_t=0.056  (5967s)
step  6740  L_grcl=  1.80  L_cov= 0.31  L_cons=0.000  L_tot=  1.89  diag=+0.987  mix=[cap:94/ref:112/nl:114]  β=0.056  α_t=0.056  (5985s)
step  6760  L_grcl=  1.80  L_cov= 0.32  L_cons=0.000  L_tot=  1.89  diag=+0.989  mix=[cap:110/ref:111/nl:99]  β=0.056  α_t=0.056  (6002s)
step  6780  L_grcl=  1.81  L_cov= 0.32  L_cons=0.000  L_tot=  1.90  diag=+0.990  mix=[cap:102/ref:120/nl:98]  β=0.056  α_t=0.056  (6019s)
step  6800  L_grcl=  1.77  L_cov= 0.32  L_cons=0.000  L_tot=  1.87  diag=+0.989  mix=[cap:110/ref:105/nl:105]  β=0.056  α_t=0.056  (6036s)
step  6820  L_grcl=  1.85  L_cov= 0.32  L_cons=0.000  L_tot=  1.95  diag=+0.988  mix=[cap:99/ref:109/nl:112]  β=0.056  α_t=0.056  (6054s)
step  6840  L_grcl=  1.79  L_cov= 0.31  L_cons=0.000  L_tot=  1.88  diag=+0.990  mix=[cap:109/ref:109/nl:102]  β=0.056  α_t=0.056  (6071s)
step  6860  L_grcl=  1.78  L_cov= 0.31  L_cons=0.000  L_tot=  1.88  diag=+0.987  mix=[cap:91/ref:114/nl:115]  β=0.056  α_t=0.056  (6089s)
step  6880  L_grcl=  1.77  L_cov= 0.30  L_cons=0.000  L_tot=  1.86  diag=+0.990  mix=[cap:111/ref:113/nl:96]  β=0.056  α_t=0.056  (6105s)
step  6900  L_grcl=  1.79  L_cov= 0.31  L_cons=0.000  L_tot=  1.89  diag=+0.989  mix=[cap:102/ref:99/nl:119]  β=0.056  α_t=0.056  (6123s)
step  6920  L_grcl=  1.78  L_cov= 0.31  L_cons=0.000  L_tot=  1.87  diag=+0.989  mix=[cap:119/ref:94/nl:107]  β=0.056  α_t=0.056  (6140s)
step  6940  L_grcl=  1.80  L_cov= 0.31  L_cons=0.000  L_tot=  1.89  diag=+0.990  mix=[cap:109/ref:119/nl:92]  β=0.056  α_t=0.056  (6157s)
step  6960  L_grcl=  1.75  L_cov= 0.30  L_cons=0.000  L_tot=  1.84  diag=+0.990  mix=[cap:116/ref:103/nl:101]  β=0.056  α_t=0.056  (6175s)
step  6980  L_grcl=  1.77  L_cov= 0.31  L_cons=0.000  L_tot=  1.86  diag=+0.989  mix=[cap:102/ref:111/nl:107]  β=0.056  α_t=0.056  (6192s)
step  7000  L_grcl=  1.78  L_cov= 0.31  L_cons=0.000  L_tot=  1.88  diag=+0.989  mix=[cap:110/ref:100/nl:110]  β=0.056  α_t=0.056  (6209s)

  [eval @ step 7000] held-out test-A...
    cap-fig cos: +0.9950  (Δ +0.8803)
    R@1/5/10: 18.5% / 63.0% / 88.0%  (Δ +18.5 / +63.0 / +88.0)

step  7020  L_grcl=  1.78  L_cov= 0.32  L_cons=0.000  L_tot=  1.88  diag=+0.990  mix=[cap:98/ref:110/nl:112]  β=0.056  α_t=0.056  (6238s)
step  7040  L_grcl=  1.74  L_cov= 0.30  L_cons=0.000  L_tot=  1.83  diag=+0.990  mix=[cap:111/ref:103/nl:106]  β=0.056  α_t=0.056  (6255s)
step  7060  L_grcl=  1.89  L_cov= 0.30  L_cons=0.000  L_tot=  1.99  diag=+0.988  mix=[cap:96/ref:112/nl:112]  β=0.056  α_t=0.056  (6273s)
step  7080  L_grcl=  1.78  L_cov= 0.32  L_cons=0.000  L_tot=  1.88  diag=+0.991  mix=[cap:108/ref:110/nl:102]  β=0.056  α_t=0.056  (6290s)
step  7100  L_grcl=  1.79  L_cov= 0.31  L_cons=0.000  L_tot=  1.88  diag=+0.988  mix=[cap:97/ref:103/nl:120]  β=0.056  α_t=0.056  (6307s)
step  7120  L_grcl=  1.76  L_cov= 0.31  L_cons=0.000  L_tot=  1.86  diag=+0.990  mix=[cap:100/ref:119/nl:101]  β=0.056  α_t=0.056  (6324s)
step  7140  L_grcl=  1.80  L_cov= 0.31  L_cons=0.000  L_tot=  1.89  diag=+0.988  mix=[cap:111/ref:100/nl:109]  β=0.056  α_t=0.056  (6342s)
step  7160  L_grcl=  1.79  L_cov= 0.30  L_cons=0.000  L_tot=  1.88  diag=+0.989  mix=[cap:108/ref:118/nl:94]  β=0.056  α_t=0.056  (6359s)
step  7180  L_grcl=  1.74  L_cov= 0.30  L_cons=0.000  L_tot=  1.83  diag=+0.990  mix=[cap:115/ref:104/nl:101]  β=0.056  α_t=0.056  (6376s)
step  7200  L_grcl=  1.77  L_cov= 0.31  L_cons=0.000  L_tot=  1.87  diag=+0.989  mix=[cap:105/ref:106/nl:109]  β=0.056  α_t=0.056  (6394s)
step  7220  L_grcl=  1.81  L_cov= 0.32  L_cons=0.000  L_tot=  1.90  diag=+0.990  mix=[cap:116/ref:100/nl:104]  β=0.056  α_t=0.056  (6411s)
step  7240  L_grcl=  1.75  L_cov= 0.31  L_cons=0.000  L_tot=  1.85  diag=+0.989  mix=[cap:114/ref:106/nl:100]  β=0.056  α_t=0.056  (6428s)
step  7260  L_grcl=  1.78  L_cov= 0.31  L_cons=0.000  L_tot=  1.87  diag=+0.989  mix=[cap:101/ref:101/nl:118]  β=0.056  α_t=0.056  (6446s)
step  7280  L_grcl=  1.71  L_cov= 0.31  L_cons=0.000  L_tot=  1.80  diag=+0.988  mix=[cap:117/ref:94/nl:109]  β=0.057  α_t=0.056  (6463s)
step  7300  L_grcl=  1.80  L_cov= 0.32  L_cons=0.000  L_tot=  1.90  diag=+0.988  mix=[cap:107/ref:120/nl:93]  β=0.057  α_t=0.056  (6481s)
step  7320  L_grcl=  1.80  L_cov= 0.31  L_cons=0.000  L_tot=  1.90  diag=+0.990  mix=[cap:106/ref:103/nl:111]  β=0.057  α_t=0.056  (6498s)
step  7340  L_grcl=  1.76  L_cov= 0.30  L_cons=0.000  L_tot=  1.85  diag=+0.989  mix=[cap:109/ref:110/nl:101]  β=0.057  α_t=0.056  (6515s)
step  7360  L_grcl=  1.78  L_cov= 0.31  L_cons=0.000  L_tot=  1.88  diag=+0.990  mix=[cap:104/ref:115/nl:101]  β=0.057  α_t=0.056  (6532s)
step  7380  L_grcl=  1.80  L_cov= 0.32  L_cons=0.000  L_tot=  1.89  diag=+0.989  mix=[cap:106/ref:104/nl:110]  β=0.057  α_t=0.056  (6549s)
step  7400  L_grcl=  1.79  L_cov= 0.31  L_cons=0.000  L_tot=  1.88  diag=+0.989  mix=[cap:99/ref:97/nl:124]  β=0.057  α_t=0.056  (6566s)
step  7420  L_grcl=  1.81  L_cov= 0.30  L_cons=0.000  L_tot=  1.90  diag=+0.987  mix=[cap:89/ref:114/nl:117]  β=0.057  α_t=0.056  (6583s)
step  7440  L_grcl=  1.75  L_cov= 0.30  L_cons=0.000  L_tot=  1.84  diag=+0.989  mix=[cap:116/ref:103/nl:101]  β=0.057  α_t=0.056  (6602s)
step  7460  L_grcl=  1.82  L_cov= 0.31  L_cons=0.000  L_tot=  1.92  diag=+0.989  mix=[cap:100/ref:108/nl:112]  β=0.057  α_t=0.056  (6619s)
step  7480  L_grcl=  1.71  L_cov= 0.30  L_cons=0.000  L_tot=  1.80  diag=+0.988  mix=[cap:110/ref:117/nl:93]  β=0.057  α_t=0.057  (6636s)
step  7500  L_grcl=  1.74  L_cov= 0.30  L_cons=0.000  L_tot=  1.83  diag=+0.987  mix=[cap:115/ref:111/nl:94]  β=0.057  α_t=0.057  (6652s)

  [eval @ step 7500] held-out test-A...
    cap-fig cos: +0.9942  (Δ +0.8795)
    R@1/5/10: 18.5% / 57.0% / 87.0%  (Δ +18.5 / +57.0 / +87.0)

step  7520  L_grcl=  1.75  L_cov= 0.29  L_cons=0.000  L_tot=  1.84  diag=+0.990  mix=[cap:113/ref:102/nl:105]  β=0.057  α_t=0.057  (6681s)
step  7540  L_grcl=  1.80  L_cov= 0.32  L_cons=0.000  L_tot=  1.90  diag=+0.989  mix=[cap:120/ref:110/nl:90]  β=0.057  α_t=0.057  (6698s)
step  7560  L_grcl=  1.81  L_cov= 0.31  L_cons=0.000  L_tot=  1.90  diag=+0.987  mix=[cap:101/ref:115/nl:104]  β=0.057  α_t=0.057  (6716s)
step  7580  L_grcl=  1.77  L_cov= 0.32  L_cons=0.000  L_tot=  1.87  diag=+0.988  mix=[cap:114/ref:102/nl:104]  β=0.057  α_t=0.057  (6733s)
step  7600  L_grcl=  1.77  L_cov= 0.31  L_cons=0.000  L_tot=  1.86  diag=+0.987  mix=[cap:108/ref:103/nl:109]  β=0.057  α_t=0.057  (6750s)
step  7620  L_grcl=  1.75  L_cov= 0.30  L_cons=0.000  L_tot=  1.84  diag=+0.989  mix=[cap:117/ref:97/nl:106]  β=0.057  α_t=0.057  (6767s)
step  7640  L_grcl=  1.77  L_cov= 0.31  L_cons=0.000  L_tot=  1.86  diag=+0.988  mix=[cap:104/ref:107/nl:109]  β=0.057  α_t=0.057  (6785s)
step  7660  L_grcl=  1.77  L_cov= 0.31  L_cons=0.000  L_tot=  1.87  diag=+0.989  mix=[cap:107/ref:109/nl:104]  β=0.057  α_t=0.057  (6802s)
step  7680  L_grcl=  1.83  L_cov= 0.31  L_cons=0.000  L_tot=  1.92  diag=+0.989  mix=[cap:97/ref:106/nl:117]  β=0.057  α_t=0.057  (6819s)
step  7700  L_grcl=  1.79  L_cov= 0.31  L_cons=0.000  L_tot=  1.88  diag=+0.990  mix=[cap:122/ref:112/nl:86]  β=0.057  α_t=0.057  (6837s)
step  7720  L_grcl=  1.78  L_cov= 0.30  L_cons=0.000  L_tot=  1.87  diag=+0.988  mix=[cap:93/ref:101/nl:126]  β=0.057  α_t=0.057  (6854s)
step  7740  L_grcl=  1.81  L_cov= 0.31  L_cons=0.000  L_tot=  1.90  diag=+0.988  mix=[cap:99/ref:111/nl:110]  β=0.057  α_t=0.057  (6871s)
step  7760  L_grcl=  1.73  L_cov= 0.32  L_cons=0.000  L_tot=  1.83  diag=+0.989  mix=[cap:111/ref:103/nl:106]  β=0.057  α_t=0.057  (6889s)
step  7780  L_grcl=  1.75  L_cov= 0.31  L_cons=0.000  L_tot=  1.84  diag=+0.990  mix=[cap:130/ref:93/nl:97]  β=0.057  α_t=0.057  (6906s)
step  7800  L_grcl=  1.74  L_cov= 0.30  L_cons=0.000  L_tot=  1.83  diag=+0.989  mix=[cap:118/ref:113/nl:89]  β=0.057  α_t=0.057  (6924s)
step  7820  L_grcl=  1.80  L_cov= 0.32  L_cons=0.000  L_tot=  1.89  diag=+0.988  mix=[cap:100/ref:109/nl:111]  β=0.057  α_t=0.057  (6941s)
step  7840  L_grcl=  1.73  L_cov= 0.29  L_cons=0.000  L_tot=  1.82  diag=+0.989  mix=[cap:125/ref:97/nl:98]  β=0.057  α_t=0.057  (6958s)
step  7860  L_grcl=  1.77  L_cov= 0.31  L_cons=0.000  L_tot=  1.87  diag=+0.988  mix=[cap:108/ref:110/nl:102]  β=0.058  α_t=0.057  (6976s)
step  7880  L_grcl=  1.72  L_cov= 0.29  L_cons=0.000  L_tot=  1.81  diag=+0.989  mix=[cap:108/ref:105/nl:107]  β=0.058  α_t=0.057  (6993s)
step  7900  L_grcl=  1.78  L_cov= 0.31  L_cons=0.000  L_tot=  1.87  diag=+0.990  mix=[cap:109/ref:105/nl:106]  β=0.058  α_t=0.057  (7010s)
step  7920  L_grcl=  1.79  L_cov= 0.31  L_cons=0.000  L_tot=  1.88  diag=+0.990  mix=[cap:107/ref:119/nl:94]  β=0.058  α_t=0.057  (7027s)
step  7940  L_grcl=  1.76  L_cov= 0.30  L_cons=0.000  L_tot=  1.85  diag=+0.988  mix=[cap:103/ref:104/nl:113]  β=0.058  α_t=0.057  (7044s)
step  7960  L_grcl=  1.78  L_cov= 0.31  L_cons=0.000  L_tot=  1.88  diag=+0.988  mix=[cap:100/ref:116/nl:104]  β=0.058  α_t=0.057  (7062s)
step  7980  L_grcl=  1.78  L_cov= 0.31  L_cons=0.000  L_tot=  1.87  diag=+0.988  mix=[cap:102/ref:121/nl:97]  β=0.058  α_t=0.057  (7079s)
step  8000  L_grcl=  1.79  L_cov= 0.30  L_cons=0.000  L_tot=  1.88  diag=+0.988  mix=[cap:100/ref:113/nl:107]  β=0.058  α_t=0.057  (7097s)

  [eval @ step 8000] held-out test-A...
    cap-fig cos: +0.9950  (Δ +0.8802)
    R@1/5/10: 15.0% / 61.0% / 87.5%  (Δ +15.0 / +61.0 / +87.5)


[final] test-A:
  cap-fig cos: +0.9950  (init +0.1147, Δ +0.8802)
  R@1/5/10: 15.0% / 61.0% / 87.5%
  init R@1/5/10: 0.0% / 0.0% / 0.0%

saved → /home/work/dl/dl_project/eval/results/experiments/cons_03_cons_03/train.json
[main1:129077:0:129077] Caught signal 11 (Segmentation fault: address not mapped to object at address 0x7f0370badec0)
==== backtrace (tid: 129077) ====
 0  /opt/hpcx/ucx/lib/libucs.so.0(ucs_handle_error+0x2e4) [0x7f035ef06774]
 1  /opt/hpcx/ucx/lib/libucs.so.0(+0x3796a) [0x7f035ef0696a]
 2  /opt/hpcx/ucx/lib/libucs.so.0(+0x37ba8) [0x7f035ef06ba8]
 3  /usr/lib/x86_64-linux-gnu/libc.so.6(+0x45330) [0x7f0370e33330]
 4  /usr/lib/x86_64-linux-gnu/libnvidia-ml.so.575.51.03(+0x336c1) [0x7f036a4336c1]
 5  /usr/lib/x86_64-linux-gnu/libnvidia-ml.so.575.51.03(nvmlShutdown+0xe) [0x7f036a41cfae]
 6  /opt/kernel/libcudahook.ubuntu18.04.x86_64.so(+0xc3caf) [0x7f03710c3caf]
 7  /opt/kernel/libcudahook.ubuntu18.04.x86_64.so(+0xc3d48) [0x7f03710c3d48]
 8  /opt/kernel/libcudahook.ubuntu18.04.x86_64.so(+0xc3a2d) [0x7f03710c3a2d]
 9  /lib64/ld-linux-x86-64.so.2(+0x10f2) [0x7f0371b6f0f2]
10  /lib64/ld-linux-x86-64.so.2(+0x5578) [0x7f0371b73578]
11  /usr/lib/x86_64-linux-gnu/libc.so.6(+0x47a76) [0x7f0370e35a76]
12  /usr/lib/x86_64-linux-gnu/libc.so.6(+0x47bbe) [0x7f0370e35bbe]
13  /usr/lib/x86_64-linux-gnu/libc.so.6(+0x2a1d1) [0x7f0370e181d1]
14  /usr/lib/x86_64-linux-gnu/libc.so.6(__libc_start_main+0x8b) [0x7f0370e1828b]
15  /usr/bin/python(_start+0x25) [0x657ce5]
=================================
  training exited with code -11 but train.json + ckpt look complete — treating as success
  training done in 122.0 min

--- Evaluation ---
$ /usr/bin/python -m pipeline.eval_full --out /home/work/dl/dl_project/eval/results/experiments/cons_03_cons_03/eval.json --device cuda --ckpt ckpt/cons_03_cons_03.pt --lora_rank 8 --lora_alpha 16 --hf_id google/siglip2-base-patch16-224 --gpe_facets type,role,depth,pos --datasets spiqa_testA sciegqa mmdocir
device: cuda
[ElementTokenEncoder] loading google/siglip2-base-patch16-224
Using a slow image processor as `use_fast` is unset and a slow processor was saved with this model. `use_fast=True` will be the default behavior in v4.52, even if the model was saved with a slow processor. This will result in minor differences in outputs. You'll still be able to use a slow processor with `use_fast=False`.
[ElementTokenEncoder] LoRA r=8 α=16 targets=['q_proj', 'k_proj', 'v_proj', 'out_proj'] applied (d_text=768, d_vision=768, cls=False)
trainable params: 1,191,936 || all params: 376,379,906 || trainable%: 0.3167
[eval_full] loaded checkpoint: ckpt/cons_03_cons_03.pt

[eval] SPIQA test-A
  graph: 118 docs, elements: 9039, queries: 666
  [5/118 docs, 26/666 queries] 3s
  [10/118 docs, 59/666 queries] 5s
  [15/118 docs, 82/666 queries] 7s
  [20/118 docs, 105/666 queries] 9s
  [25/118 docs, 132/666 queries] 11s
  [30/118 docs, 161/666 queries] 13s
  [35/118 docs, 181/666 queries] 15s
  [40/118 docs, 217/666 queries] 18s
  [45/118 docs, 242/666 queries] 20s
  [50/118 docs, 269/666 queries] 22s
  [55/118 docs, 285/666 queries] 24s
  [60/118 docs, 313/666 queries] 26s
  [65/118 docs, 352/666 queries] 29s
  [70/118 docs, 396/666 queries] 33s
  [75/118 docs, 445/666 queries] 36s
  [80/118 docs, 481/666 queries] 39s
  [85/118 docs, 514/666 queries] 42s
  [90/118 docs, 535/666 queries] 43s
  [95/118 docs, 560/666 queries] 46s
  [100/118 docs, 590/666 queries] 48s
  [105/118 docs, 616/666 queries] 50s
  [110/118 docs, 640/666 queries] 52s
  [115/118 docs, 663/666 queries] 54s
  done in 55s

[eval] SciEGQA
  graph: 80 docs, elements: 29412, queries: 1623
  [5/80 docs, 108/1623 queries] 10s
  [10/80 docs, 218/1623 queries] 25s
  [15/80 docs, 325/1623 queries] 37s
  [20/80 docs, 427/1623 queries] 59s
  [25/80 docs, 532/1623 queries] 72s
  [30/80 docs, 630/1623 queries] 89s
  [35/80 docs, 733/1623 queries] 105s
  [40/80 docs, 818/1623 queries] 113s
  [45/80 docs, 927/1623 queries] 125s
  [50/80 docs, 1031/1623 queries] 137s
  [55/80 docs, 1102/1623 queries] 147s
  [60/80 docs, 1207/1623 queries] 158s
  [65/80 docs, 1314/1623 queries] 176s
  [70/80 docs, 1423/1623 queries] 194s
  [75/80 docs, 1513/1623 queries] 203s
  [80/80 docs, 1623/1623 queries] 219s
  done in 219s

[eval] MMDocIR
  graph: 75 docs, elements: 15032, queries: 389
  [5/75 docs, 31/389 queries] 5s
  [10/75 docs, 58/389 queries] 8s
  [15/75 docs, 87/389 queries] 14s
  [20/75 docs, 116/389 queries] 17s
  [25/75 docs, 137/389 queries] 19s
  [30/75 docs, 162/389 queries] 21s
  [35/75 docs, 187/389 queries] 23s
  [40/75 docs, 212/389 queries] 25s
  [45/75 docs, 243/389 queries] 28s
  [50/75 docs, 267/389 queries] 30s
  [55/75 docs, 288/389 queries] 31s
  [60/75 docs, 306/389 queries] 33s
  [65/75 docs, 332/389 queries] 35s
  [70/75 docs, 364/389 queries] 37s
  [75/75 docs, 389/389 queries] 39s
  done in 39s

saved → /home/work/dl/dl_project/eval/results/experiments/cons_03_cons_03/eval.json

=== Summary ===

SPIQA test-A:
  [no_prop] mrr=0.3489  recall@10=0.8694  hit@10=0.8694  coverage@10=0.8694  perfect@10=0.8694
  [uniform_a01_T2] mrr=0.2742  recall@10=0.6892  hit@10=0.6892  coverage@10=0.6892  perfect@10=0.6892
  [uniform_a03_T1] mrr=0.2776  recall@10=0.7267  hit@10=0.7267  coverage@10=0.7267  perfect@10=0.7267
  [uniform_a03_T2] mrr=0.2740  recall@10=0.6562  hit@10=0.6562  coverage@10=0.6562  perfect@10=0.6562
  [uniform_a03_T3] mrr=0.2818  recall@10=0.6712  hit@10=0.6712  coverage@10=0.6712  perfect@10=0.6712
  [uniform_a05_T2] mrr=0.2795  recall@10=0.6577  hit@10=0.6577  coverage@10=0.6577  perfect@10=0.6577
  [wbase_a03_T2] mrr=0.2955  recall@10=0.7012  hit@10=0.7012  coverage@10=0.7012  perfect@10=0.7012
  [wbase_role_a03_T2] mrr=0.2955  recall@10=0.7012  hit@10=0.7012  coverage@10=0.7012  perfect@10=0.7012
  [wbase_vis_a03_T2] mrr=0.2952  recall@10=0.7012  hit@10=0.7012  coverage@10=0.7012  perfect@10=0.7012
  [wfull_a03_T2] mrr=0.2952  recall@10=0.7012  hit@10=0.7012  coverage@10=0.7012  perfect@10=0.7012
  [wfull_a01_T2] mrr=0.3005  recall@10=0.7312  hit@10=0.7312  coverage@10=0.7312  perfect@10=0.7312
  [wfull_a05_T2] mrr=0.3087  recall@10=0.6877  hit@10=0.6877  coverage@10=0.6877  perfect@10=0.6877
  [wfull_a07_T2] mrr=0.2876  recall@10=0.6547  hit@10=0.6547  coverage@10=0.6547  perfect@10=0.6547
  [wfull_a03_T1] mrr=0.3067  recall@10=0.7778  hit@10=0.7778  coverage@10=0.7778  perfect@10=0.7778
  [wfull_a03_T3] mrr=0.3042  recall@10=0.6967  hit@10=0.6967  coverage@10=0.6967  perfect@10=0.6967
  [ppr_a015] mrr=0.2846  recall@10=0.6396  hit@10=0.6396  coverage@10=0.6396  perfect@10=0.6396
  [ppr_a030] mrr=0.2971  recall@10=0.6607  hit@10=0.6607  coverage@10=0.6607  perfect@10=0.6607
  [ppr_a050] mrr=0.3111  recall@10=0.6922  hit@10=0.6922  coverage@10=0.6922  perfect@10=0.6922
  [ppr_a070] mrr=0.2999  recall@10=0.7207  hit@10=0.7207  coverage@10=0.7207  perfect@10=0.7207
  [ppr_a085] mrr=0.3015  recall@10=0.7342  hit@10=0.7342  coverage@10=0.7342  perfect@10=0.7342
  [ppr_unif_a030] mrr=0.2929  recall@10=0.6486  hit@10=0.6486  coverage@10=0.6486  perfect@10=0.6486
  [ppr_unif_a050] mrr=0.2864  recall@10=0.6757  hit@10=0.6757  coverage@10=0.6757  perfect@10=0.6757
  [prop_a03_T2] mrr=0.2952  recall@10=0.7012  hit@10=0.7012  coverage@10=0.7012  perfect@10=0.7012
  [prop_a01_T2] mrr=0.3005  recall@10=0.7312  hit@10=0.7312  coverage@10=0.7312  perfect@10=0.7312
  [prop_a05_T2] mrr=0.3087  recall@10=0.6877  hit@10=0.6877  coverage@10=0.6877  perfect@10=0.6877
  [prop_a07_T2] mrr=0.2876  recall@10=0.6547  hit@10=0.6547  coverage@10=0.6547  perfect@10=0.6547
  [prop_a03_T1] mrr=0.3067  recall@10=0.7778  hit@10=0.7778  coverage@10=0.7778  perfect@10=0.7778
  [prop_a03_T3] mrr=0.3042  recall@10=0.6967  hit@10=0.6967  coverage@10=0.6967  perfect@10=0.6967

SciEGQA:
  [no_prop] mrr=0.0333  recall@10=0.0103  hit@10=0.0702  coverage@10=0.0103  perfect@10=0.0099  cross_page_hit=0.2342
  [uniform_a01_T2] mrr=0.0338  recall@10=0.0132  hit@10=0.0659  coverage@10=0.0132  perfect@10=0.0111  cross_page_hit=0.1614
  [uniform_a03_T1] mrr=0.0344  recall@10=0.0139  hit@10=0.0709  coverage@10=0.0139  perfect@10=0.0111  cross_page_hit=0.1646
  [uniform_a03_T2] mrr=0.0330  recall@10=0.0135  hit@10=0.0659  coverage@10=0.0135  perfect@10=0.0111  cross_page_hit=0.1551
  [uniform_a03_T3] mrr=0.0338  recall@10=0.0134  hit@10=0.0653  coverage@10=0.0134  perfect@10=0.0111  cross_page_hit=0.1519
  [uniform_a05_T2] mrr=0.0339  recall@10=0.0132  hit@10=0.0653  coverage@10=0.0132  perfect@10=0.0111  cross_page_hit=0.1456
  [wbase_a03_T2] mrr=0.0340  recall@10=0.0140  hit@10=0.0672  coverage@10=0.0140  perfect@10=0.0111  cross_page_hit=0.1551
  [wbase_role_a03_T2] mrr=0.0340  recall@10=0.0140  hit@10=0.0672  coverage@10=0.0140  perfect@10=0.0111  cross_page_hit=0.1551
  [wbase_vis_a03_T2] mrr=0.0340  recall@10=0.0140  hit@10=0.0672  coverage@10=0.0140  perfect@10=0.0111  cross_page_hit=0.1551
  [wfull_a03_T2] mrr=0.0340  recall@10=0.0140  hit@10=0.0672  coverage@10=0.0140  perfect@10=0.0111  cross_page_hit=0.1551
  [wfull_a01_T2] mrr=0.0345  recall@10=0.0133  hit@10=0.0665  coverage@10=0.0133  perfect@10=0.0111  cross_page_hit=0.1614
  [wfull_a05_T2] mrr=0.0349  recall@10=0.0141  hit@10=0.0678  coverage@10=0.0141  perfect@10=0.0111  cross_page_hit=0.1456
  [wfull_a07_T2] mrr=0.0360  recall@10=0.0141  hit@10=0.0672  coverage@10=0.0141  perfect@10=0.0111  cross_page_hit=0.1646
  [wfull_a03_T1] mrr=0.0352  recall@10=0.0139  hit@10=0.0709  coverage@10=0.0139  perfect@10=0.0111  cross_page_hit=0.1646
  [wfull_a03_T3] mrr=0.0347  recall@10=0.0143  hit@10=0.0678  coverage@10=0.0143  perfect@10=0.0111  cross_page_hit=0.1519
  [ppr_a015] mrr=0.0357  recall@10=0.0149  hit@10=0.0665  coverage@10=0.0149  perfect@10=0.0111  cross_page_hit=0.1614
  [ppr_a030] mrr=0.0354  recall@10=0.0147  hit@10=0.0665  coverage@10=0.0147  perfect@10=0.0111  cross_page_hit=0.1646
  [ppr_a050] mrr=0.0352  recall@10=0.0145  hit@10=0.0672  coverage@10=0.0145  perfect@10=0.0111  cross_page_hit=0.1646
  [ppr_a070] mrr=0.0346  recall@10=0.0139  hit@10=0.0665  coverage@10=0.0139  perfect@10=0.0111  cross_page_hit=0.1646
  [ppr_a085] mrr=0.0341  recall@10=0.0132  hit@10=0.0659  coverage@10=0.0132  perfect@10=0.0111  cross_page_hit=0.1677
  [ppr_unif_a030] mrr=0.0332  recall@10=0.0138  hit@10=0.0641  coverage@10=0.0138  perfect@10=0.0111  cross_page_hit=0.1646
  [ppr_unif_a050] mrr=0.0341  recall@10=0.0136  hit@10=0.0647  coverage@10=0.0136  perfect@10=0.0111  cross_page_hit=0.1646
  [prop_a03_T2] mrr=0.0340  recall@10=0.0140  hit@10=0.0672  coverage@10=0.0140  perfect@10=0.0111  cross_page_hit=0.1551
  [prop_a01_T2] mrr=0.0345  recall@10=0.0133  hit@10=0.0665  coverage@10=0.0133  perfect@10=0.0111  cross_page_hit=0.1614
  [prop_a05_T2] mrr=0.0349  recall@10=0.0141  hit@10=0.0678  coverage@10=0.0141  perfect@10=0.0111  cross_page_hit=0.1456
  [prop_a07_T2] mrr=0.0360  recall@10=0.0141  hit@10=0.0672  coverage@10=0.0141  perfect@10=0.0111  cross_page_hit=0.1646
  [prop_a03_T1] mrr=0.0352  recall@10=0.0139  hit@10=0.0709  coverage@10=0.0139  perfect@10=0.0111  cross_page_hit=0.1646
  [prop_a03_T3] mrr=0.0347  recall@10=0.0143  hit@10=0.0678  coverage@10=0.0143  perfect@10=0.0111  cross_page_hit=0.1519

MMDocIR:
  [no_prop] mrr=0.0277  recall@10=0.0223  hit@10=0.0360  coverage@10=0.0223  perfect@10=0.0257  cross_page_hit=0.1695
  [uniform_a01_T2] mrr=0.0264  recall@10=0.0307  hit@10=0.0463  coverage@10=0.0307  perfect@10=0.0308  cross_page_hit=0.0339
  [uniform_a03_T1] mrr=0.0267  recall@10=0.0332  hit@10=0.0488  coverage@10=0.0332  perfect@10=0.0334  cross_page_hit=0.0339
  [uniform_a03_T2] mrr=0.0269  recall@10=0.0320  hit@10=0.0463  coverage@10=0.0320  perfect@10=0.0334  cross_page_hit=0.0339
  [uniform_a03_T3] mrr=0.0268  recall@10=0.0320  hit@10=0.0463  coverage@10=0.0320  perfect@10=0.0334  cross_page_hit=0.0339
  [uniform_a05_T2] mrr=0.0273  recall@10=0.0320  hit@10=0.0463  coverage@10=0.0320  perfect@10=0.0334  cross_page_hit=0.0339
  [wbase_a03_T2] mrr=0.0269  recall@10=0.0320  hit@10=0.0463  coverage@10=0.0320  perfect@10=0.0334  cross_page_hit=0.0339
  [wbase_role_a03_T2] mrr=0.0269  recall@10=0.0320  hit@10=0.0463  coverage@10=0.0320  perfect@10=0.0334  cross_page_hit=0.0339
  [wbase_vis_a03_T2] mrr=0.0269  recall@10=0.0320  hit@10=0.0463  coverage@10=0.0320  perfect@10=0.0334  cross_page_hit=0.0339
  [wfull_a03_T2] mrr=0.0269  recall@10=0.0320  hit@10=0.0463  coverage@10=0.0320  perfect@10=0.0334  cross_page_hit=0.0339
  [wfull_a01_T2] mrr=0.0264  recall@10=0.0307  hit@10=0.0463  coverage@10=0.0307  perfect@10=0.0308  cross_page_hit=0.0339
  [wfull_a05_T2] mrr=0.0273  recall@10=0.0320  hit@10=0.0463  coverage@10=0.0320  perfect@10=0.0334  cross_page_hit=0.0339
  [wfull_a07_T2] mrr=0.0275  recall@10=0.0345  hit@10=0.0488  coverage@10=0.0345  perfect@10=0.0360  cross_page_hit=0.0339
  [wfull_a03_T1] mrr=0.0267  recall@10=0.0332  hit@10=0.0488  coverage@10=0.0332  perfect@10=0.0334  cross_page_hit=0.0339
  [wfull_a03_T3] mrr=0.0268  recall@10=0.0320  hit@10=0.0463  coverage@10=0.0320  perfect@10=0.0334  cross_page_hit=0.0339
  [ppr_a015] mrr=0.0273  recall@10=0.0320  hit@10=0.0463  coverage@10=0.0320  perfect@10=0.0334  cross_page_hit=0.0339
  [ppr_a030] mrr=0.0269  recall@10=0.0320  hit@10=0.0463  coverage@10=0.0320  perfect@10=0.0334  cross_page_hit=0.0339
  [ppr_a050] mrr=0.0265  recall@10=0.0307  hit@10=0.0437  coverage@10=0.0307  perfect@10=0.0334  cross_page_hit=0.0339
  [ppr_a070] mrr=0.0264  recall@10=0.0307  hit@10=0.0437  coverage@10=0.0307  perfect@10=0.0334  cross_page_hit=0.0339
  [ppr_a085] mrr=0.0264  recall@10=0.0307  hit@10=0.0463  coverage@10=0.0307  perfect@10=0.0308  cross_page_hit=0.0339
  [ppr_unif_a030] mrr=0.0269  recall@10=0.0320  hit@10=0.0463  coverage@10=0.0320  perfect@10=0.0334  cross_page_hit=0.0339
  [ppr_unif_a050] mrr=0.0265  recall@10=0.0307  hit@10=0.0437  coverage@10=0.0307  perfect@10=0.0334  cross_page_hit=0.0339
  [prop_a03_T2] mrr=0.0269  recall@10=0.0320  hit@10=0.0463  coverage@10=0.0320  perfect@10=0.0334  cross_page_hit=0.0339
  [prop_a01_T2] mrr=0.0264  recall@10=0.0307  hit@10=0.0463  coverage@10=0.0307  perfect@10=0.0308  cross_page_hit=0.0339
  [prop_a05_T2] mrr=0.0273  recall@10=0.0320  hit@10=0.0463  coverage@10=0.0320  perfect@10=0.0334  cross_page_hit=0.0339
  [prop_a07_T2] mrr=0.0275  recall@10=0.0345  hit@10=0.0488  coverage@10=0.0345  perfect@10=0.0360  cross_page_hit=0.0339
  [prop_a03_T1] mrr=0.0267  recall@10=0.0332  hit@10=0.0488  coverage@10=0.0332  perfect@10=0.0334  cross_page_hit=0.0339
  [prop_a03_T3] mrr=0.0268  recall@10=0.0320  hit@10=0.0463  coverage@10=0.0320  perfect@10=0.0334  cross_page_hit=0.0339
[main1:129327:0:129327] Caught signal 11 (Segmentation fault: address not mapped to object at address 0x7fd84f5adec0)
==== backtrace (tid: 129327) ====
 0  /opt/hpcx/ucx/lib/libucs.so.0(ucs_handle_error+0x2e4) [0x7fd83d906774]
 1  /opt/hpcx/ucx/lib/libucs.so.0(+0x3796a) [0x7fd83d90696a]
 2  /opt/hpcx/ucx/lib/libucs.so.0(+0x37ba8) [0x7fd83d906ba8]
 3  /usr/lib/x86_64-linux-gnu/libc.so.6(+0x45330) [0x7fd84f833330]
 4  /usr/lib/x86_64-linux-gnu/libnvidia-ml.so.575.51.03(+0x336c1) [0x7fd848e336c1]
 5  /usr/lib/x86_64-linux-gnu/libnvidia-ml.so.575.51.03(nvmlShutdown+0xe) [0x7fd848e1cfae]
 6  /opt/kernel/libcudahook.ubuntu18.04.x86_64.so(+0xc3caf) [0x7fd84fac3caf]
 7  /opt/kernel/libcudahook.ubuntu18.04.x86_64.so(+0xc3d48) [0x7fd84fac3d48]
 8  /opt/kernel/libcudahook.ubuntu18.04.x86_64.so(+0xc3a2d) [0x7fd84fac3a2d]
 9  /lib64/ld-linux-x86-64.so.2(+0x10f2) [0x7fd8506080f2]
10  /lib64/ld-linux-x86-64.so.2(+0x5578) [0x7fd85060c578]
11  /usr/lib/x86_64-linux-gnu/libc.so.6(+0x47a76) [0x7fd84f835a76]
12  /usr/lib/x86_64-linux-gnu/libc.so.6(+0x47bbe) [0x7fd84f835bbe]
13  /usr/lib/x86_64-linux-gnu/libc.so.6(+0x2a1d1) [0x7fd84f8181d1]
14  /usr/lib/x86_64-linux-gnu/libc.so.6(__libc_start_main+0x8b) [0x7fd84f81828b]
15  /usr/bin/python(_start+0x25) [0x657ce5]
=================================
  eval exited with code -11 but eval.json looks complete — treating as success
  eval done in 6.5 min

=== Experiment cons_03 complete → /home/work/dl/dl_project/eval/results/experiments/cons_03_cons_03/summary.json ===
