=== Experiment row cov_00: cov_00 ===
  description: (h) with λ_cov=0.0
  output dir:  /home/work/dl/dl_project/eval/results/experiments/cov_00_cov_00
  checkpoint:  ckpt/cov_00_cov_00.pt

--- Training ---
$ /usr/bin/python -m pipeline.trainer --config cov_00 --out /home/work/dl/dl_project/eval/results/experiments/cov_00_cov_00/train.json --save_ckpt ckpt/cov_00_cov_00.pt
device: cuda
args: {'config': 'cov_00', 'train_sample': 0, 'steps': 8000, 'batch': 16, 'pool': 12, 'lr': 3e-05, 'lora_rank': 8, 'tau': 0.07, 'lambda_cov': 0.0, 'lambda_cons': 0.5, 'use_gpe': 1, 'loss_type': 'grcl', 'infonce_threshold': 0.5, 'anchor_kind': 'mixed', 'warmup_steps': 200, 'weight_decay': 0.01, 'eval_every': 500, 'eval_cf_pairs': 200, 'eval_recall_n': 200, 'seed': 42, 'out': '/home/work/dl/dl_project/eval/results/experiments/cov_00_cov_00/train.json', 'save_ckpt': 'ckpt/cov_00_cov_00.pt', 'gamma': 0.5, 'gpe_facets': 'type,role,depth,pos', 'lora_alpha': 16, 'hf_id': 'google/siglip2-base-patch16-224', 'edge_types_only': None, 'query_pe_dropout': 0.5, 'section_role_mode': 'normal', 'tokens_per_visual': 0}

[1/3] loading SPIQA test-A (held-out eval)...
  loading element_graph_v2.json
    118 papers kept
  loading elements_v2.jsonl
    9,039 element records kept
  loading SPIQA_testA.json
    666 QA pairs kept
    caption_of: 1,115  refer_to: 1,191  (skipped 0 due to missing image)

[2/3] loading SPIQA train (sample N=0)...
  loading element_graph_v2.json
    25,459 papers kept
  loading elements_v2.jsonl
    1,873,124 element records kept
  loading SPIQA_train.json
    262,524 QA pairs kept
    caption_of: 262,524  refer_to: 231,101  (skipped 0 due to missing image)

[3/3] building encoder...
[ElementTokenEncoder] loading google/siglip2-base-patch16-224
Using a slow image processor as `use_fast` is unset and a slow processor was saved with this model. `use_fast=True` will be the default behavior in v4.52, even if the model was saved with a slow processor. This will result in minor differences in outputs. You'll still be able to use a slow processor with `use_fast=False`.
[ElementTokenEncoder] LoRA r=8 α=16 targets=['q_proj', 'k_proj', 'v_proj', 'out_proj'] applied (d_text=768, d_vision=768, cls=False)
trainable params: 1,191,936 || all params: 376,379,906 || trainable%: 0.3167

[eval 0] held-out test-A baseline...
  caption-figure cos: +0.1147
  Recall@1/5/10 (n=200): 0.0% / 0.0% / 0.0%
/home/work/dl/dl_project/pipeline/graph_pe.py:112: UserWarning: Converting a tensor with requires_grad=True to a scalar may lead to unexpected behavior.
Consider using tensor.detach() first. (Triggered internally at /opt/pytorch/pytorch/aten/src/ATen/native/Scalar.cpp:22.)
  "type": torch.sigmoid(self.raw_alpha_type).item(),
step    20  L_grcl=191.78  L_cov=55.50  L_cons=0.000  L_tot=191.78  diag=+0.116  mix=[cap:104/ref:110/nl:106]  β=0.047  α_t=0.047  (17s)
step    40  L_grcl=189.57  L_cov=55.17  L_cons=0.000  L_tot=189.57  diag=+0.136  mix=[cap:120/ref:109/nl:91]  β=0.047  α_t=0.047  (35s)
step    60  L_grcl=171.95  L_cov=50.53  L_cons=0.000  L_tot=171.95  diag=+0.177  mix=[cap:85/ref:117/nl:118]  β=0.047  α_t=0.047  (53s)
step    80  L_grcl=166.66  L_cov=45.92  L_cons=0.000  L_tot=166.66  diag=+0.241  mix=[cap:105/ref:113/nl:102]  β=0.047  α_t=0.047  (70s)
step   100  L_grcl=143.05  L_cov=40.53  L_cons=0.000  L_tot=143.05  diag=+0.344  mix=[cap:108/ref:109/nl:103]  β=0.047  α_t=0.047  (87s)
step   120  L_grcl=125.24  L_cov=31.97  L_cons=0.000  L_tot=125.24  diag=+0.467  mix=[cap:117/ref:113/nl:90]  β=0.047  α_t=0.047  (104s)
step   140  L_grcl= 88.10  L_cov=20.76  L_cons=0.001  L_tot= 88.10  diag=+0.573  mix=[cap:99/ref:118/nl:103]  β=0.047  α_t=0.047  (122s)
step   160  L_grcl= 64.13  L_cov=12.18  L_cons=0.001  L_tot= 64.13  diag=+0.655  mix=[cap:106/ref:117/nl:97]  β=0.047  α_t=0.047  (138s)
step   180  L_grcl= 46.92  L_cov= 6.46  L_cons=0.001  L_tot= 46.92  diag=+0.698  mix=[cap:107/ref:99/nl:114]  β=0.047  α_t=0.047  (155s)
step   200  L_grcl= 34.17  L_cov= 3.55  L_cons=0.001  L_tot= 34.17  diag=+0.758  mix=[cap:112/ref:109/nl:99]  β=0.047  α_t=0.047  (172s)
step   220  L_grcl= 22.51  L_cov= 1.09  L_cons=0.000  L_tot= 22.51  diag=+0.811  mix=[cap:129/ref:113/nl:78]  β=0.047  α_t=0.047  (189s)
step   240  L_grcl= 13.69  L_cov= 0.24  L_cons=0.001  L_tot= 13.69  diag=+0.854  mix=[cap:124/ref:109/nl:87]  β=0.047  α_t=0.047  (206s)
step   260  L_grcl=  9.86  L_cov= 0.17  L_cons=0.001  L_tot=  9.86  diag=+0.894  mix=[cap:106/ref:114/nl:100]  β=0.047  α_t=0.047  (223s)
step   280  L_grcl=  7.58  L_cov= 0.16  L_cons=0.000  L_tot=  7.58  diag=+0.923  mix=[cap:96/ref:129/nl:95]  β=0.047  α_t=0.047  (240s)
step   300  L_grcl=  4.78  L_cov= 0.20  L_cons=0.000  L_tot=  4.78  diag=+0.943  mix=[cap:116/ref:99/nl:105]  β=0.047  α_t=0.047  (257s)
step   320  L_grcl=  4.16  L_cov= 0.21  L_cons=0.000  L_tot=  4.16  diag=+0.961  mix=[cap:88/ref:126/nl:106]  β=0.047  α_t=0.047  (274s)
step   340  L_grcl=  3.07  L_cov= 0.32  L_cons=0.000  L_tot=  3.07  diag=+0.972  mix=[cap:120/ref:105/nl:95]  β=0.047  α_t=0.047  (292s)
step   360  L_grcl=  2.71  L_cov= 0.36  L_cons=0.000  L_tot=  2.71  diag=+0.981  mix=[cap:88/ref:120/nl:112]  β=0.047  α_t=0.047  (309s)
step   380  L_grcl=  2.36  L_cov= 0.38  L_cons=0.000  L_tot=  2.36  diag=+0.986  mix=[cap:92/ref:113/nl:115]  β=0.047  α_t=0.047  (326s)
step   400  L_grcl=  2.49  L_cov= 0.36  L_cons=0.000  L_tot=  2.49  diag=+0.988  mix=[cap:108/ref:127/nl:85]  β=0.047  α_t=0.048  (343s)
step   420  L_grcl=  2.21  L_cov= 0.37  L_cons=0.000  L_tot=  2.21  diag=+0.991  mix=[cap:115/ref:111/nl:94]  β=0.047  α_t=0.048  (360s)
step   440  L_grcl=  2.14  L_cov= 0.37  L_cons=0.000  L_tot=  2.14  diag=+0.992  mix=[cap:113/ref:108/nl:99]  β=0.047  α_t=0.048  (377s)
step   460  L_grcl=  2.15  L_cov= 0.40  L_cons=0.000  L_tot=  2.15  diag=+0.993  mix=[cap:109/ref:104/nl:107]  β=0.047  α_t=0.048  (393s)
step   480  L_grcl=  2.11  L_cov= 0.41  L_cons=0.000  L_tot=  2.11  diag=+0.994  mix=[cap:93/ref:121/nl:106]  β=0.047  α_t=0.048  (410s)
step   500  L_grcl=  2.05  L_cov= 0.40  L_cons=0.000  L_tot=  2.05  diag=+0.994  mix=[cap:131/ref:97/nl:92]  β=0.047  α_t=0.048  (427s)

  [eval @ step 500] held-out test-A...
    cap-fig cos: +0.9950  (Δ +0.8802)
    R@1/5/10: 8.0% / 38.5% / 66.5%  (Δ +8.0 / +38.5 / +66.5)
    [ckpt saved @ step 500 R@10=66.5%]

step   520  L_grcl=  2.06  L_cov= 0.41  L_cons=0.000  L_tot=  2.06  diag=+0.994  mix=[cap:105/ref:103/nl:112]  β=0.047  α_t=0.048  (466s)
step   540  L_grcl=  2.10  L_cov= 0.39  L_cons=0.000  L_tot=  2.10  diag=+0.995  mix=[cap:103/ref:125/nl:92]  β=0.047  α_t=0.048  (483s)
step   560  L_grcl=  2.09  L_cov= 0.42  L_cons=0.000  L_tot=  2.09  diag=+0.995  mix=[cap:102/ref:121/nl:97]  β=0.047  α_t=0.048  (501s)
step   580  L_grcl=  2.03  L_cov= 0.40  L_cons=0.000  L_tot=  2.03  diag=+0.995  mix=[cap:111/ref:111/nl:98]  β=0.047  α_t=0.048  (517s)
step   600  L_grcl=  2.08  L_cov= 0.42  L_cons=0.000  L_tot=  2.08  diag=+0.995  mix=[cap:98/ref:120/nl:102]  β=0.047  α_t=0.048  (535s)
step   620  L_grcl=  2.00  L_cov= 0.41  L_cons=0.000  L_tot=  2.00  diag=+0.995  mix=[cap:108/ref:114/nl:98]  β=0.047  α_t=0.048  (552s)
step   640  L_grcl=  2.02  L_cov= 0.42  L_cons=0.000  L_tot=  2.02  diag=+0.995  mix=[cap:108/ref:106/nl:106]  β=0.047  α_t=0.048  (570s)
step   660  L_grcl=  2.04  L_cov= 0.40  L_cons=0.000  L_tot=  2.04  diag=+0.995  mix=[cap:100/ref:115/nl:105]  β=0.047  α_t=0.048  (586s)
step   680  L_grcl=  2.05  L_cov= 0.41  L_cons=0.000  L_tot=  2.05  diag=+0.995  mix=[cap:99/ref:113/nl:108]  β=0.047  α_t=0.048  (603s)
step   700  L_grcl=  2.09  L_cov= 0.42  L_cons=0.000  L_tot=  2.09  diag=+0.995  mix=[cap:94/ref:116/nl:110]  β=0.047  α_t=0.048  (620s)
step   720  L_grcl=  2.05  L_cov= 0.43  L_cons=0.000  L_tot=  2.05  diag=+0.996  mix=[cap:100/ref:116/nl:104]  β=0.047  α_t=0.048  (637s)
step   740  L_grcl=  2.04  L_cov= 0.43  L_cons=0.000  L_tot=  2.04  diag=+0.996  mix=[cap:106/ref:104/nl:110]  β=0.047  α_t=0.048  (653s)
step   760  L_grcl=  2.07  L_cov= 0.42  L_cons=0.000  L_tot=  2.07  diag=+0.996  mix=[cap:97/ref:102/nl:121]  β=0.047  α_t=0.048  (670s)
step   780  L_grcl=  2.05  L_cov= 0.43  L_cons=0.000  L_tot=  2.05  diag=+0.995  mix=[cap:93/ref:107/nl:120]  β=0.047  α_t=0.048  (688s)
step   800  L_grcl=  2.01  L_cov= 0.41  L_cons=0.000  L_tot=  2.01  diag=+0.995  mix=[cap:98/ref:102/nl:120]  β=0.047  α_t=0.048  (704s)
step   820  L_grcl=  2.01  L_cov= 0.40  L_cons=0.000  L_tot=  2.01  diag=+0.995  mix=[cap:108/ref:107/nl:105]  β=0.047  α_t=0.048  (721s)
step   840  L_grcl=  2.02  L_cov= 0.40  L_cons=0.000  L_tot=  2.02  diag=+0.995  mix=[cap:106/ref:117/nl:97]  β=0.047  α_t=0.048  (738s)
step   860  L_grcl=  2.05  L_cov= 0.42  L_cons=0.000  L_tot=  2.05  diag=+0.995  mix=[cap:92/ref:117/nl:111]  β=0.047  α_t=0.049  (755s)
step   880  L_grcl=  2.01  L_cov= 0.41  L_cons=0.000  L_tot=  2.01  diag=+0.996  mix=[cap:99/ref:112/nl:109]  β=0.047  α_t=0.049  (775s)
step   900  L_grcl=  2.04  L_cov= 0.41  L_cons=0.000  L_tot=  2.04  diag=+0.996  mix=[cap:108/ref:106/nl:106]  β=0.047  α_t=0.049  (792s)
step   920  L_grcl=  1.99  L_cov= 0.41  L_cons=0.000  L_tot=  1.99  diag=+0.996  mix=[cap:91/ref:123/nl:106]  β=0.047  α_t=0.049  (809s)
step   940  L_grcl=  2.01  L_cov= 0.42  L_cons=0.000  L_tot=  2.01  diag=+0.995  mix=[cap:104/ref:108/nl:108]  β=0.047  α_t=0.049  (826s)
step   960  L_grcl=  1.97  L_cov= 0.39  L_cons=0.000  L_tot=  1.97  diag=+0.996  mix=[cap:101/ref:101/nl:118]  β=0.048  α_t=0.049  (842s)
step   980  L_grcl=  2.02  L_cov= 0.41  L_cons=0.000  L_tot=  2.02  diag=+0.996  mix=[cap:85/ref:117/nl:118]  β=0.048  α_t=0.049  (859s)
step  1000  L_grcl=  1.93  L_cov= 0.40  L_cons=0.000  L_tot=  1.93  diag=+0.995  mix=[cap:118/ref:118/nl:84]  β=0.048  α_t=0.049  (876s)

  [eval @ step 1000] held-out test-A...
    cap-fig cos: +0.9958  (Δ +0.8811)
    R@1/5/10: 7.5% / 43.5% / 76.5%  (Δ +7.5 / +43.5 / +76.5)
    [ckpt saved @ step 1000 R@10=76.5%]

step  1020  L_grcl=  2.06  L_cov= 0.41  L_cons=0.000  L_tot=  2.06  diag=+0.995  mix=[cap:119/ref:113/nl:88]  β=0.048  α_t=0.049  (917s)
step  1040  L_grcl=  1.97  L_cov= 0.41  L_cons=0.000  L_tot=  1.97  diag=+0.996  mix=[cap:106/ref:107/nl:107]  β=0.048  α_t=0.049  (935s)
step  1060  L_grcl=  2.06  L_cov= 0.40  L_cons=0.000  L_tot=  2.06  diag=+0.995  mix=[cap:107/ref:110/nl:103]  β=0.048  α_t=0.049  (952s)
step  1080  L_grcl=  1.96  L_cov= 0.39  L_cons=0.000  L_tot=  1.96  diag=+0.996  mix=[cap:112/ref:112/nl:96]  β=0.048  α_t=0.049  (969s)
step  1100  L_grcl=  2.04  L_cov= 0.41  L_cons=0.000  L_tot=  2.04  diag=+0.996  mix=[cap:105/ref:116/nl:99]  β=0.048  α_t=0.049  (986s)
step  1120  L_grcl=  2.00  L_cov= 0.42  L_cons=0.000  L_tot=  2.00  diag=+0.996  mix=[cap:121/ref:89/nl:110]  β=0.048  α_t=0.049  (1003s)
step  1140  L_grcl=  2.04  L_cov= 0.42  L_cons=0.000  L_tot=  2.04  diag=+0.996  mix=[cap:111/ref:98/nl:111]  β=0.048  α_t=0.049  (1020s)
step  1160  L_grcl=  1.93  L_cov= 0.41  L_cons=0.000  L_tot=  1.93  diag=+0.995  mix=[cap:121/ref:95/nl:104]  β=0.048  α_t=0.049  (1037s)
step  1180  L_grcl=  1.94  L_cov= 0.39  L_cons=0.000  L_tot=  1.94  diag=+0.995  mix=[cap:121/ref:113/nl:86]  β=0.048  α_t=0.049  (1054s)
step  1200  L_grcl=  1.95  L_cov= 0.40  L_cons=0.000  L_tot=  1.95  diag=+0.995  mix=[cap:112/ref:99/nl:109]  β=0.048  α_t=0.049  (1071s)
step  1220  L_grcl=  1.94  L_cov= 0.39  L_cons=0.000  L_tot=  1.94  diag=+0.995  mix=[cap:105/ref:109/nl:106]  β=0.048  α_t=0.049  (1088s)
step  1240  L_grcl=  2.00  L_cov= 0.41  L_cons=0.000  L_tot=  2.00  diag=+0.995  mix=[cap:111/ref:102/nl:107]  β=0.048  α_t=0.049  (1105s)
step  1260  L_grcl=  2.08  L_cov= 0.39  L_cons=0.000  L_tot=  2.08  diag=+0.996  mix=[cap:104/ref:121/nl:95]  β=0.048  α_t=0.049  (1122s)
step  1280  L_grcl=  1.98  L_cov= 0.42  L_cons=0.000  L_tot=  1.98  diag=+0.996  mix=[cap:110/ref:105/nl:105]  β=0.048  α_t=0.049  (1139s)
step  1300  L_grcl=  2.00  L_cov= 0.40  L_cons=0.000  L_tot=  2.00  diag=+0.995  mix=[cap:107/ref:132/nl:81]  β=0.048  α_t=0.049  (1156s)
step  1320  L_grcl=  1.98  L_cov= 0.41  L_cons=0.000  L_tot=  1.98  diag=+0.996  mix=[cap:104/ref:125/nl:91]  β=0.048  α_t=0.049  (1173s)
step  1340  L_grcl=  1.99  L_cov= 0.40  L_cons=0.000  L_tot=  1.99  diag=+0.995  mix=[cap:110/ref:103/nl:107]  β=0.048  α_t=0.049  (1190s)
step  1360  L_grcl=  2.03  L_cov= 0.43  L_cons=0.000  L_tot=  2.03  diag=+0.996  mix=[cap:90/ref:108/nl:122]  β=0.048  α_t=0.049  (1207s)
step  1380  L_grcl=  1.98  L_cov= 0.42  L_cons=0.000  L_tot=  1.98  diag=+0.995  mix=[cap:111/ref:104/nl:105]  β=0.048  α_t=0.049  (1224s)
step  1400  L_grcl=  1.97  L_cov= 0.41  L_cons=0.000  L_tot=  1.97  diag=+0.995  mix=[cap:110/ref:99/nl:111]  β=0.048  α_t=0.049  (1241s)
step  1420  L_grcl=  1.95  L_cov= 0.39  L_cons=0.000  L_tot=  1.95  diag=+0.995  mix=[cap:106/ref:120/nl:94]  β=0.048  α_t=0.050  (1259s)
step  1440  L_grcl=  1.98  L_cov= 0.40  L_cons=0.000  L_tot=  1.98  diag=+0.995  mix=[cap:102/ref:107/nl:111]  β=0.048  α_t=0.050  (1275s)
step  1460  L_grcl=  2.00  L_cov= 0.41  L_cons=0.000  L_tot=  2.00  diag=+0.995  mix=[cap:99/ref:114/nl:107]  β=0.048  α_t=0.050  (1293s)
step  1480  L_grcl=  1.96  L_cov= 0.42  L_cons=0.000  L_tot=  1.96  diag=+0.995  mix=[cap:104/ref:88/nl:128]  β=0.048  α_t=0.050  (1309s)
step  1500  L_grcl=  1.95  L_cov= 0.39  L_cons=0.000  L_tot=  1.95  diag=+0.995  mix=[cap:97/ref:108/nl:115]  β=0.048  α_t=0.050  (1326s)

  [eval @ step 1500] held-out test-A...
    cap-fig cos: +0.9957  (Δ +0.8810)
    R@1/5/10: 6.0% / 43.5% / 77.0%  (Δ +6.0 / +43.5 / +77.0)
    [ckpt saved @ step 1500 R@10=77.0%]

step  1520  L_grcl=  2.03  L_cov= 0.41  L_cons=0.000  L_tot=  2.03  diag=+0.995  mix=[cap:101/ref:112/nl:107]  β=0.048  α_t=0.050  (1364s)
step  1540  L_grcl=  1.94  L_cov= 0.41  L_cons=0.000  L_tot=  1.94  diag=+0.995  mix=[cap:108/ref:108/nl:104]  β=0.048  α_t=0.050  (1380s)
step  1560  L_grcl=  1.96  L_cov= 0.39  L_cons=0.000  L_tot=  1.96  diag=+0.995  mix=[cap:102/ref:104/nl:114]  β=0.048  α_t=0.050  (1397s)
step  1580  L_grcl=  2.03  L_cov= 0.41  L_cons=0.000  L_tot=  2.03  diag=+0.995  mix=[cap:78/ref:129/nl:113]  β=0.048  α_t=0.050  (1414s)
step  1600  L_grcl=  1.95  L_cov= 0.41  L_cons=0.000  L_tot=  1.95  diag=+0.995  mix=[cap:113/ref:109/nl:98]  β=0.048  α_t=0.050  (1431s)
step  1620  L_grcl=  1.99  L_cov= 0.40  L_cons=0.000  L_tot=  1.99  diag=+0.995  mix=[cap:95/ref:110/nl:115]  β=0.048  α_t=0.050  (1448s)
step  1640  L_grcl=  1.94  L_cov= 0.41  L_cons=0.000  L_tot=  1.94  diag=+0.995  mix=[cap:105/ref:103/nl:112]  β=0.048  α_t=0.050  (1465s)
step  1660  L_grcl=  1.98  L_cov= 0.42  L_cons=0.000  L_tot=  1.98  diag=+0.995  mix=[cap:99/ref:102/nl:119]  β=0.048  α_t=0.050  (1482s)
step  1680  L_grcl=  1.96  L_cov= 0.40  L_cons=0.000  L_tot=  1.96  diag=+0.995  mix=[cap:115/ref:98/nl:107]  β=0.048  α_t=0.050  (1499s)
step  1700  L_grcl=  1.97  L_cov= 0.40  L_cons=0.000  L_tot=  1.97  diag=+0.995  mix=[cap:94/ref:118/nl:108]  β=0.048  α_t=0.050  (1516s)
step  1720  L_grcl=  2.02  L_cov= 0.41  L_cons=0.000  L_tot=  2.02  diag=+0.996  mix=[cap:102/ref:105/nl:113]  β=0.048  α_t=0.050  (1533s)
step  1740  L_grcl=  1.96  L_cov= 0.41  L_cons=0.000  L_tot=  1.96  diag=+0.995  mix=[cap:108/ref:111/nl:101]  β=0.048  α_t=0.050  (1550s)
step  1760  L_grcl=  2.02  L_cov= 0.40  L_cons=0.000  L_tot=  2.02  diag=+0.995  mix=[cap:114/ref:98/nl:108]  β=0.048  α_t=0.050  (1568s)
step  1780  L_grcl=  1.97  L_cov= 0.40  L_cons=0.000  L_tot=  1.97  diag=+0.995  mix=[cap:115/ref:92/nl:113]  β=0.048  α_t=0.050  (1585s)
step  1800  L_grcl=  1.90  L_cov= 0.39  L_cons=0.000  L_tot=  1.90  diag=+0.995  mix=[cap:115/ref:97/nl:108]  β=0.048  α_t=0.050  (1602s)
step  1820  L_grcl=  1.96  L_cov= 0.39  L_cons=0.000  L_tot=  1.96  diag=+0.995  mix=[cap:116/ref:109/nl:95]  β=0.048  α_t=0.050  (1619s)
step  1840  L_grcl=  2.00  L_cov= 0.39  L_cons=0.000  L_tot=  2.00  diag=+0.995  mix=[cap:90/ref:115/nl:115]  β=0.048  α_t=0.050  (1636s)
step  1860  L_grcl=  2.02  L_cov= 0.41  L_cons=0.000  L_tot=  2.02  diag=+0.995  mix=[cap:97/ref:120/nl:103]  β=0.048  α_t=0.050  (1653s)
step  1880  L_grcl=  1.92  L_cov= 0.39  L_cons=0.000  L_tot=  1.92  diag=+0.995  mix=[cap:108/ref:116/nl:96]  β=0.048  α_t=0.050  (1670s)
step  1900  L_grcl=  1.95  L_cov= 0.39  L_cons=0.000  L_tot=  1.95  diag=+0.995  mix=[cap:106/ref:111/nl:103]  β=0.048  α_t=0.050  (1687s)
step  1920  L_grcl=  1.97  L_cov= 0.39  L_cons=0.000  L_tot=  1.97  diag=+0.994  mix=[cap:94/ref:115/nl:111]  β=0.048  α_t=0.050  (1704s)
step  1940  L_grcl=  1.96  L_cov= 0.40  L_cons=0.000  L_tot=  1.96  diag=+0.995  mix=[cap:117/ref:98/nl:105]  β=0.048  α_t=0.050  (1722s)
step  1960  L_grcl=  1.96  L_cov= 0.39  L_cons=0.000  L_tot=  1.96  diag=+0.995  mix=[cap:99/ref:112/nl:109]  β=0.048  α_t=0.050  (1739s)
step  1980  L_grcl=  1.99  L_cov= 0.40  L_cons=0.000  L_tot=  1.99  diag=+0.995  mix=[cap:104/ref:98/nl:118]  β=0.049  α_t=0.050  (1756s)
step  2000  L_grcl=  1.92  L_cov= 0.40  L_cons=0.000  L_tot=  1.92  diag=+0.995  mix=[cap:107/ref:95/nl:118]  β=0.049  α_t=0.050  (1773s)

  [eval @ step 2000] held-out test-A...
    cap-fig cos: +0.9957  (Δ +0.8810)
    R@1/5/10: 8.5% / 42.5% / 75.0%  (Δ +8.5 / +42.5 / +75.0)

step  2020  L_grcl=  1.92  L_cov= 0.38  L_cons=0.000  L_tot=  1.92  diag=+0.995  mix=[cap:120/ref:91/nl:109]  β=0.049  α_t=0.050  (1802s)
step  2040  L_grcl=  1.96  L_cov= 0.39  L_cons=0.000  L_tot=  1.96  diag=+0.995  mix=[cap:104/ref:117/nl:99]  β=0.049  α_t=0.050  (1819s)
step  2060  L_grcl=  1.91  L_cov= 0.37  L_cons=0.000  L_tot=  1.91  diag=+0.995  mix=[cap:112/ref:110/nl:98]  β=0.049  α_t=0.051  (1836s)
step  2080  L_grcl=  1.95  L_cov= 0.40  L_cons=0.000  L_tot=  1.95  diag=+0.995  mix=[cap:112/ref:99/nl:109]  β=0.049  α_t=0.051  (1853s)
step  2100  L_grcl=  1.96  L_cov= 0.39  L_cons=0.000  L_tot=  1.96  diag=+0.995  mix=[cap:109/ref:108/nl:103]  β=0.049  α_t=0.051  (1870s)
step  2120  L_grcl=  1.92  L_cov= 0.38  L_cons=0.000  L_tot=  1.92  diag=+0.995  mix=[cap:119/ref:115/nl:86]  β=0.049  α_t=0.051  (1887s)
step  2140  L_grcl=  1.96  L_cov= 0.38  L_cons=0.000  L_tot=  1.96  diag=+0.995  mix=[cap:102/ref:111/nl:107]  β=0.049  α_t=0.051  (1904s)
step  2160  L_grcl=  1.97  L_cov= 0.39  L_cons=0.000  L_tot=  1.97  diag=+0.995  mix=[cap:96/ref:111/nl:113]  β=0.049  α_t=0.051  (1921s)
step  2180  L_grcl=  1.95  L_cov= 0.40  L_cons=0.000  L_tot=  1.95  diag=+0.995  mix=[cap:96/ref:114/nl:110]  β=0.049  α_t=0.051  (1938s)
step  2200  L_grcl=  1.97  L_cov= 0.40  L_cons=0.000  L_tot=  1.97  diag=+0.995  mix=[cap:92/ref:116/nl:112]  β=0.049  α_t=0.051  (1955s)
step  2220  L_grcl=  1.93  L_cov= 0.39  L_cons=0.000  L_tot=  1.93  diag=+0.995  mix=[cap:97/ref:110/nl:113]  β=0.049  α_t=0.051  (1972s)
step  2240  L_grcl=  2.00  L_cov= 0.41  L_cons=0.000  L_tot=  2.00  diag=+0.995  mix=[cap:95/ref:116/nl:109]  β=0.049  α_t=0.051  (1989s)
step  2260  L_grcl=  2.00  L_cov= 0.41  L_cons=0.000  L_tot=  2.00  diag=+0.995  mix=[cap:111/ref:94/nl:115]  β=0.049  α_t=0.051  (2007s)
step  2280  L_grcl=  1.96  L_cov= 0.40  L_cons=0.000  L_tot=  1.96  diag=+0.995  mix=[cap:93/ref:119/nl:108]  β=0.049  α_t=0.051  (2024s)
step  2300  L_grcl=  1.89  L_cov= 0.39  L_cons=0.000  L_tot=  1.89  diag=+0.995  mix=[cap:117/ref:102/nl:101]  β=0.049  α_t=0.051  (2041s)
step  2320  L_grcl=  1.95  L_cov= 0.37  L_cons=0.000  L_tot=  1.95  diag=+0.994  mix=[cap:113/ref:100/nl:107]  β=0.049  α_t=0.051  (2058s)
step  2340  L_grcl=  1.94  L_cov= 0.39  L_cons=0.000  L_tot=  1.94  diag=+0.995  mix=[cap:100/ref:105/nl:115]  β=0.049  α_t=0.051  (2075s)
step  2360  L_grcl=  1.93  L_cov= 0.39  L_cons=0.000  L_tot=  1.93  diag=+0.995  mix=[cap:108/ref:111/nl:101]  β=0.049  α_t=0.051  (2092s)
step  2380  L_grcl=  1.97  L_cov= 0.39  L_cons=0.000  L_tot=  1.97  diag=+0.995  mix=[cap:100/ref:110/nl:110]  β=0.049  α_t=0.051  (2108s)
step  2400  L_grcl=  1.94  L_cov= 0.40  L_cons=0.000  L_tot=  1.94  diag=+0.995  mix=[cap:103/ref:100/nl:117]  β=0.049  α_t=0.051  (2125s)
step  2420  L_grcl=  1.87  L_cov= 0.38  L_cons=0.000  L_tot=  1.87  diag=+0.995  mix=[cap:131/ref:95/nl:94]  β=0.049  α_t=0.051  (2142s)
step  2440  L_grcl=  1.97  L_cov= 0.39  L_cons=0.000  L_tot=  1.97  diag=+0.994  mix=[cap:112/ref:106/nl:102]  β=0.049  α_t=0.051  (2159s)
step  2460  L_grcl=  2.00  L_cov= 0.40  L_cons=0.000  L_tot=  2.00  diag=+0.995  mix=[cap:97/ref:114/nl:109]  β=0.049  α_t=0.051  (2176s)
step  2480  L_grcl=  1.94  L_cov= 0.39  L_cons=0.000  L_tot=  1.94  diag=+0.996  mix=[cap:119/ref:101/nl:100]  β=0.049  α_t=0.051  (2193s)
step  2500  L_grcl=  1.93  L_cov= 0.39  L_cons=0.000  L_tot=  1.93  diag=+0.995  mix=[cap:103/ref:115/nl:102]  β=0.049  α_t=0.051  (2211s)

  [eval @ step 2500] held-out test-A...
    cap-fig cos: +0.9957  (Δ +0.8810)
    R@1/5/10: 9.5% / 45.5% / 75.0%  (Δ +9.5 / +45.5 / +75.0)

step  2520  L_grcl=  1.96  L_cov= 0.39  L_cons=0.000  L_tot=  1.96  diag=+0.995  mix=[cap:115/ref:108/nl:97]  β=0.049  α_t=0.051  (2240s)
step  2540  L_grcl=  1.97  L_cov= 0.41  L_cons=0.000  L_tot=  1.97  diag=+0.995  mix=[cap:97/ref:114/nl:109]  β=0.049  α_t=0.051  (2259s)
step  2560  L_grcl=  1.91  L_cov= 0.38  L_cons=0.000  L_tot=  1.91  diag=+0.995  mix=[cap:109/ref:93/nl:118]  β=0.049  α_t=0.051  (2276s)
step  2580  L_grcl=  1.89  L_cov= 0.38  L_cons=0.000  L_tot=  1.89  diag=+0.994  mix=[cap:108/ref:104/nl:108]  β=0.049  α_t=0.051  (2292s)
step  2600  L_grcl=  1.91  L_cov= 0.38  L_cons=0.000  L_tot=  1.91  diag=+0.995  mix=[cap:102/ref:121/nl:97]  β=0.049  α_t=0.051  (2309s)
step  2620  L_grcl=  1.90  L_cov= 0.38  L_cons=0.000  L_tot=  1.90  diag=+0.994  mix=[cap:102/ref:101/nl:117]  β=0.049  α_t=0.051  (2325s)
step  2640  L_grcl=  1.93  L_cov= 0.38  L_cons=0.000  L_tot=  1.93  diag=+0.995  mix=[cap:106/ref:104/nl:110]  β=0.049  α_t=0.051  (2343s)
step  2660  L_grcl=  1.92  L_cov= 0.39  L_cons=0.000  L_tot=  1.92  diag=+0.994  mix=[cap:105/ref:95/nl:120]  β=0.049  α_t=0.051  (2359s)
step  2680  L_grcl=  1.96  L_cov= 0.39  L_cons=0.000  L_tot=  1.96  diag=+0.994  mix=[cap:116/ref:100/nl:104]  β=0.049  α_t=0.051  (2377s)
step  2700  L_grcl=  1.89  L_cov= 0.38  L_cons=0.000  L_tot=  1.89  diag=+0.994  mix=[cap:103/ref:114/nl:103]  β=0.049  α_t=0.051  (2393s)
step  2720  L_grcl=  1.93  L_cov= 0.39  L_cons=0.000  L_tot=  1.93  diag=+0.994  mix=[cap:101/ref:96/nl:123]  β=0.049  α_t=0.051  (2410s)
step  2740  L_grcl=  1.86  L_cov= 0.38  L_cons=0.000  L_tot=  1.86  diag=+0.994  mix=[cap:112/ref:95/nl:113]  β=0.049  α_t=0.051  (2427s)
step  2760  L_grcl=  1.99  L_cov= 0.37  L_cons=0.000  L_tot=  1.99  diag=+0.994  mix=[cap:99/ref:129/nl:92]  β=0.049  α_t=0.051  (2444s)
step  2780  L_grcl=  1.92  L_cov= 0.38  L_cons=0.000  L_tot=  1.92  diag=+0.995  mix=[cap:106/ref:112/nl:102]  β=0.049  α_t=0.051  (2461s)
step  2800  L_grcl=  1.91  L_cov= 0.39  L_cons=0.000  L_tot=  1.91  diag=+0.995  mix=[cap:108/ref:114/nl:98]  β=0.049  α_t=0.051  (2479s)
step  2820  L_grcl=  1.91  L_cov= 0.37  L_cons=0.000  L_tot=  1.91  diag=+0.994  mix=[cap:116/ref:97/nl:107]  β=0.049  α_t=0.052  (2496s)
step  2840  L_grcl=  1.92  L_cov= 0.39  L_cons=0.000  L_tot=  1.92  diag=+0.995  mix=[cap:101/ref:103/nl:116]  β=0.049  α_t=0.052  (2513s)
step  2860  L_grcl=  1.97  L_cov= 0.39  L_cons=0.000  L_tot=  1.97  diag=+0.995  mix=[cap:112/ref:102/nl:106]  β=0.050  α_t=0.052  (2530s)
step  2880  L_grcl=  1.92  L_cov= 0.38  L_cons=0.000  L_tot=  1.92  diag=+0.995  mix=[cap:113/ref:117/nl:90]  β=0.050  α_t=0.052  (2547s)
step  2900  L_grcl=  1.96  L_cov= 0.38  L_cons=0.000  L_tot=  1.96  diag=+0.995  mix=[cap:106/ref:110/nl:104]  β=0.050  α_t=0.052  (2564s)
step  2920  L_grcl=  1.86  L_cov= 0.37  L_cons=0.000  L_tot=  1.86  diag=+0.995  mix=[cap:119/ref:102/nl:99]  β=0.050  α_t=0.052  (2581s)
step  2940  L_grcl=  1.86  L_cov= 0.36  L_cons=0.000  L_tot=  1.86  diag=+0.994  mix=[cap:106/ref:98/nl:116]  β=0.050  α_t=0.052  (2598s)
step  2960  L_grcl=  2.01  L_cov= 0.37  L_cons=0.000  L_tot=  2.01  diag=+0.994  mix=[cap:110/ref:106/nl:104]  β=0.050  α_t=0.052  (2614s)
step  2980  L_grcl=  1.91  L_cov= 0.38  L_cons=0.000  L_tot=  1.91  diag=+0.995  mix=[cap:111/ref:109/nl:100]  β=0.050  α_t=0.052  (2632s)
step  3000  L_grcl=  1.87  L_cov= 0.37  L_cons=0.000  L_tot=  1.87  diag=+0.994  mix=[cap:111/ref:110/nl:99]  β=0.050  α_t=0.052  (2649s)

  [eval @ step 3000] held-out test-A...
    cap-fig cos: +0.9947  (Δ +0.8800)
    R@1/5/10: 9.5% / 41.5% / 67.5%  (Δ +9.5 / +41.5 / +67.5)

step  3020  L_grcl=  1.94  L_cov= 0.38  L_cons=0.000  L_tot=  1.94  diag=+0.994  mix=[cap:96/ref:109/nl:115]  β=0.050  α_t=0.052  (2678s)
step  3040  L_grcl=  1.90  L_cov= 0.40  L_cons=0.000  L_tot=  1.90  diag=+0.994  mix=[cap:104/ref:104/nl:112]  β=0.050  α_t=0.052  (2695s)
step  3060  L_grcl=  1.93  L_cov= 0.36  L_cons=0.000  L_tot=  1.93  diag=+0.994  mix=[cap:101/ref:121/nl:98]  β=0.050  α_t=0.052  (2712s)
step  3080  L_grcl=  1.95  L_cov= 0.38  L_cons=0.000  L_tot=  1.95  diag=+0.994  mix=[cap:96/ref:116/nl:108]  β=0.050  α_t=0.052  (2729s)
step  3100  L_grcl=  1.93  L_cov= 0.38  L_cons=0.000  L_tot=  1.93  diag=+0.995  mix=[cap:106/ref:108/nl:106]  β=0.050  α_t=0.052  (2746s)
step  3120  L_grcl=  1.93  L_cov= 0.38  L_cons=0.000  L_tot=  1.93  diag=+0.995  mix=[cap:106/ref:119/nl:95]  β=0.050  α_t=0.052  (2763s)
step  3140  L_grcl=  1.91  L_cov= 0.39  L_cons=0.000  L_tot=  1.91  diag=+0.995  mix=[cap:115/ref:108/nl:97]  β=0.050  α_t=0.052  (2780s)
step  3160  L_grcl=  1.87  L_cov= 0.37  L_cons=0.000  L_tot=  1.87  diag=+0.994  mix=[cap:110/ref:105/nl:105]  β=0.050  α_t=0.052  (2797s)
step  3180  L_grcl=  1.92  L_cov= 0.37  L_cons=0.000  L_tot=  1.92  diag=+0.993  mix=[cap:92/ref:113/nl:115]  β=0.050  α_t=0.052  (2814s)
step  3200  L_grcl=  1.89  L_cov= 0.37  L_cons=0.000  L_tot=  1.89  diag=+0.993  mix=[cap:102/ref:118/nl:100]  β=0.050  α_t=0.052  (2831s)
step  3220  L_grcl=  1.87  L_cov= 0.36  L_cons=0.000  L_tot=  1.87  diag=+0.994  mix=[cap:111/ref:108/nl:101]  β=0.050  α_t=0.052  (2849s)
step  3240  L_grcl=  1.90  L_cov= 0.37  L_cons=0.000  L_tot=  1.90  diag=+0.994  mix=[cap:109/ref:100/nl:111]  β=0.050  α_t=0.052  (2866s)
step  3260  L_grcl=  1.91  L_cov= 0.37  L_cons=0.000  L_tot=  1.91  diag=+0.994  mix=[cap:115/ref:114/nl:91]  β=0.050  α_t=0.052  (2883s)
step  3280  L_grcl=  1.95  L_cov= 0.38  L_cons=0.000  L_tot=  1.95  diag=+0.994  mix=[cap:97/ref:115/nl:108]  β=0.050  α_t=0.052  (2900s)
step  3300  L_grcl=  1.94  L_cov= 0.39  L_cons=0.000  L_tot=  1.94  diag=+0.994  mix=[cap:98/ref:110/nl:112]  β=0.050  α_t=0.052  (2918s)
step  3320  L_grcl=  1.91  L_cov= 0.38  L_cons=0.000  L_tot=  1.91  diag=+0.994  mix=[cap:108/ref:116/nl:96]  β=0.050  α_t=0.052  (2935s)
step  3340  L_grcl=  1.92  L_cov= 0.37  L_cons=0.000  L_tot=  1.92  diag=+0.994  mix=[cap:102/ref:105/nl:113]  β=0.050  α_t=0.052  (2952s)
step  3360  L_grcl=  1.94  L_cov= 0.39  L_cons=0.000  L_tot=  1.94  diag=+0.994  mix=[cap:101/ref:115/nl:104]  β=0.050  α_t=0.052  (2969s)
step  3380  L_grcl=  1.89  L_cov= 0.36  L_cons=0.000  L_tot=  1.89  diag=+0.994  mix=[cap:113/ref:109/nl:98]  β=0.050  α_t=0.052  (2987s)
step  3400  L_grcl=  1.95  L_cov= 0.38  L_cons=0.000  L_tot=  1.95  diag=+0.994  mix=[cap:107/ref:126/nl:87]  β=0.050  α_t=0.052  (3004s)
step  3420  L_grcl=  1.93  L_cov= 0.40  L_cons=0.000  L_tot=  1.93  diag=+0.995  mix=[cap:103/ref:107/nl:110]  β=0.050  α_t=0.052  (3021s)
step  3440  L_grcl=  1.89  L_cov= 0.38  L_cons=0.000  L_tot=  1.89  diag=+0.994  mix=[cap:99/ref:104/nl:117]  β=0.050  α_t=0.052  (3037s)
step  3460  L_grcl=  1.86  L_cov= 0.37  L_cons=0.000  L_tot=  1.86  diag=+0.994  mix=[cap:106/ref:116/nl:98]  β=0.050  α_t=0.052  (3055s)
step  3480  L_grcl=  1.89  L_cov= 0.37  L_cons=0.000  L_tot=  1.89  diag=+0.993  mix=[cap:105/ref:110/nl:105]  β=0.050  α_t=0.052  (3072s)
step  3500  L_grcl=  1.89  L_cov= 0.36  L_cons=0.000  L_tot=  1.89  diag=+0.993  mix=[cap:106/ref:113/nl:101]  β=0.050  α_t=0.052  (3089s)

  [eval @ step 3500] held-out test-A...
    cap-fig cos: +0.9947  (Δ +0.8800)
    R@1/5/10: 9.5% / 51.0% / 77.5%  (Δ +9.5 / +51.0 / +77.5)
    [ckpt saved @ step 3500 R@10=77.5%]

step  3520  L_grcl=  1.92  L_cov= 0.37  L_cons=0.000  L_tot=  1.92  diag=+0.993  mix=[cap:98/ref:122/nl:100]  β=0.050  α_t=0.052  (3127s)
step  3540  L_grcl=  1.93  L_cov= 0.37  L_cons=0.000  L_tot=  1.93  diag=+0.993  mix=[cap:100/ref:117/nl:103]  β=0.050  α_t=0.052  (3144s)
step  3560  L_grcl=  1.91  L_cov= 0.37  L_cons=0.000  L_tot=  1.91  diag=+0.994  mix=[cap:107/ref:113/nl:100]  β=0.051  α_t=0.052  (3161s)
step  3580  L_grcl=  1.89  L_cov= 0.37  L_cons=0.000  L_tot=  1.89  diag=+0.993  mix=[cap:111/ref:91/nl:118]  β=0.051  α_t=0.052  (3178s)
step  3600  L_grcl=  1.86  L_cov= 0.37  L_cons=0.000  L_tot=  1.86  diag=+0.993  mix=[cap:104/ref:102/nl:114]  β=0.051  α_t=0.052  (3195s)
step  3620  L_grcl=  1.90  L_cov= 0.36  L_cons=0.000  L_tot=  1.90  diag=+0.993  mix=[cap:114/ref:96/nl:110]  β=0.051  α_t=0.052  (3212s)
step  3640  L_grcl=  1.93  L_cov= 0.37  L_cons=0.000  L_tot=  1.93  diag=+0.992  mix=[cap:87/ref:112/nl:121]  β=0.051  α_t=0.052  (3229s)
step  3660  L_grcl=  1.89  L_cov= 0.37  L_cons=0.000  L_tot=  1.89  diag=+0.993  mix=[cap:111/ref:101/nl:108]  β=0.051  α_t=0.053  (3246s)
step  3680  L_grcl=  1.87  L_cov= 0.37  L_cons=0.000  L_tot=  1.87  diag=+0.993  mix=[cap:114/ref:105/nl:101]  β=0.051  α_t=0.053  (3263s)
step  3700  L_grcl=  1.93  L_cov= 0.37  L_cons=0.000  L_tot=  1.93  diag=+0.993  mix=[cap:90/ref:134/nl:96]  β=0.051  α_t=0.053  (3280s)
step  3720  L_grcl=  1.90  L_cov= 0.38  L_cons=0.000  L_tot=  1.90  diag=+0.993  mix=[cap:112/ref:97/nl:111]  β=0.051  α_t=0.053  (3297s)
step  3740  L_grcl=  1.84  L_cov= 0.36  L_cons=0.000  L_tot=  1.84  diag=+0.993  mix=[cap:107/ref:97/nl:116]  β=0.051  α_t=0.053  (3314s)
step  3760  L_grcl=  1.91  L_cov= 0.35  L_cons=0.000  L_tot=  1.91  diag=+0.992  mix=[cap:110/ref:108/nl:102]  β=0.051  α_t=0.053  (3332s)
step  3780  L_grcl=  1.88  L_cov= 0.37  L_cons=0.000  L_tot=  1.88  diag=+0.993  mix=[cap:101/ref:114/nl:105]  β=0.051  α_t=0.053  (3349s)
step  3800  L_grcl=  1.89  L_cov= 0.37  L_cons=0.000  L_tot=  1.89  diag=+0.993  mix=[cap:95/ref:112/nl:113]  β=0.051  α_t=0.053  (3366s)
step  3820  L_grcl=  1.87  L_cov= 0.35  L_cons=0.000  L_tot=  1.87  diag=+0.993  mix=[cap:107/ref:109/nl:104]  β=0.051  α_t=0.053  (3383s)
step  3840  L_grcl=  1.86  L_cov= 0.36  L_cons=0.000  L_tot=  1.86  diag=+0.993  mix=[cap:113/ref:108/nl:99]  β=0.051  α_t=0.053  (3400s)
step  3860  L_grcl=  1.94  L_cov= 0.37  L_cons=0.000  L_tot=  1.94  diag=+0.993  mix=[cap:107/ref:121/nl:92]  β=0.051  α_t=0.053  (3417s)
step  3880  L_grcl=  1.92  L_cov= 0.39  L_cons=0.000  L_tot=  1.92  diag=+0.993  mix=[cap:100/ref:120/nl:100]  β=0.051  α_t=0.053  (3434s)
step  3900  L_grcl=  1.86  L_cov= 0.36  L_cons=0.000  L_tot=  1.86  diag=+0.993  mix=[cap:117/ref:104/nl:99]  β=0.051  α_t=0.053  (3451s)
step  3920  L_grcl=  1.84  L_cov= 0.36  L_cons=0.000  L_tot=  1.84  diag=+0.992  mix=[cap:113/ref:104/nl:103]  β=0.051  α_t=0.053  (3469s)
step  3940  L_grcl=  1.83  L_cov= 0.35  L_cons=0.000  L_tot=  1.83  diag=+0.993  mix=[cap:107/ref:116/nl:97]  β=0.051  α_t=0.053  (3485s)
step  3960  L_grcl=  1.83  L_cov= 0.36  L_cons=0.000  L_tot=  1.83  diag=+0.992  mix=[cap:103/ref:112/nl:105]  β=0.051  α_t=0.053  (3503s)
step  3980  L_grcl=  1.88  L_cov= 0.36  L_cons=0.000  L_tot=  1.88  diag=+0.993  mix=[cap:117/ref:112/nl:91]  β=0.051  α_t=0.053  (3520s)
step  4000  L_grcl=  1.87  L_cov= 0.37  L_cons=0.000  L_tot=  1.87  diag=+0.993  mix=[cap:104/ref:100/nl:116]  β=0.051  α_t=0.053  (3537s)

  [eval @ step 4000] held-out test-A...
    cap-fig cos: +0.9954  (Δ +0.8807)
    R@1/5/10: 13.0% / 57.0% / 79.5%  (Δ +13.0 / +57.0 / +79.5)
    [ckpt saved @ step 4000 R@10=79.5%]

step  4020  L_grcl=  1.87  L_cov= 0.36  L_cons=0.000  L_tot=  1.87  diag=+0.993  mix=[cap:109/ref:103/nl:108]  β=0.051  α_t=0.053  (3577s)
step  4040  L_grcl=  1.89  L_cov= 0.37  L_cons=0.000  L_tot=  1.89  diag=+0.993  mix=[cap:108/ref:111/nl:101]  β=0.051  α_t=0.053  (3594s)
step  4060  L_grcl=  1.83  L_cov= 0.36  L_cons=0.000  L_tot=  1.83  diag=+0.993  mix=[cap:113/ref:97/nl:110]  β=0.051  α_t=0.053  (3612s)
step  4080  L_grcl=  1.87  L_cov= 0.36  L_cons=0.000  L_tot=  1.87  diag=+0.991  mix=[cap:102/ref:106/nl:112]  β=0.051  α_t=0.053  (3629s)
step  4100  L_grcl=  1.90  L_cov= 0.35  L_cons=0.000  L_tot=  1.90  diag=+0.993  mix=[cap:100/ref:120/nl:100]  β=0.051  α_t=0.053  (3648s)
step  4120  L_grcl=  1.89  L_cov= 0.37  L_cons=0.000  L_tot=  1.89  diag=+0.994  mix=[cap:104/ref:101/nl:115]  β=0.051  α_t=0.053  (3665s)
step  4140  L_grcl=  1.91  L_cov= 0.37  L_cons=0.000  L_tot=  1.91  diag=+0.994  mix=[cap:97/ref:117/nl:106]  β=0.051  α_t=0.053  (3682s)
step  4160  L_grcl=  1.88  L_cov= 0.37  L_cons=0.000  L_tot=  1.88  diag=+0.994  mix=[cap:109/ref:109/nl:102]  β=0.051  α_t=0.053  (3700s)
step  4180  L_grcl=  1.87  L_cov= 0.37  L_cons=0.000  L_tot=  1.87  diag=+0.993  mix=[cap:109/ref:109/nl:102]  β=0.051  α_t=0.053  (3718s)
step  4200  L_grcl=  1.81  L_cov= 0.36  L_cons=0.000  L_tot=  1.81  diag=+0.992  mix=[cap:105/ref:111/nl:104]  β=0.051  α_t=0.053  (3735s)
step  4220  L_grcl=  1.90  L_cov= 0.36  L_cons=0.000  L_tot=  1.90  diag=+0.993  mix=[cap:94/ref:122/nl:104]  β=0.051  α_t=0.053  (3753s)
step  4240  L_grcl=  1.88  L_cov= 0.37  L_cons=0.000  L_tot=  1.88  diag=+0.992  mix=[cap:99/ref:108/nl:113]  β=0.052  α_t=0.053  (3770s)
step  4260  L_grcl=  1.86  L_cov= 0.35  L_cons=0.000  L_tot=  1.86  diag=+0.991  mix=[cap:116/ref:99/nl:105]  β=0.052  α_t=0.053  (3788s)
step  4280  L_grcl=  1.84  L_cov= 0.37  L_cons=0.000  L_tot=  1.84  diag=+0.991  mix=[cap:114/ref:84/nl:122]  β=0.052  α_t=0.053  (3806s)
step  4300  L_grcl=  1.87  L_cov= 0.36  L_cons=0.000  L_tot=  1.87  diag=+0.992  mix=[cap:100/ref:105/nl:115]  β=0.052  α_t=0.053  (3823s)
step  4320  L_grcl=  1.86  L_cov= 0.36  L_cons=0.000  L_tot=  1.86  diag=+0.992  mix=[cap:96/ref:116/nl:108]  β=0.052  α_t=0.053  (3840s)
step  4340  L_grcl=  1.84  L_cov= 0.37  L_cons=0.000  L_tot=  1.84  diag=+0.992  mix=[cap:114/ref:99/nl:107]  β=0.052  α_t=0.053  (3858s)
step  4360  L_grcl=  1.88  L_cov= 0.36  L_cons=0.000  L_tot=  1.88  diag=+0.992  mix=[cap:92/ref:116/nl:112]  β=0.052  α_t=0.053  (3875s)
step  4380  L_grcl=  1.85  L_cov= 0.37  L_cons=0.000  L_tot=  1.85  diag=+0.991  mix=[cap:102/ref:92/nl:126]  β=0.052  α_t=0.053  (3892s)
step  4400  L_grcl=  1.80  L_cov= 0.34  L_cons=0.000  L_tot=  1.80  diag=+0.993  mix=[cap:115/ref:106/nl:99]  β=0.052  α_t=0.053  (3910s)
step  4420  L_grcl=  1.85  L_cov= 0.34  L_cons=0.000  L_tot=  1.85  diag=+0.992  mix=[cap:97/ref:114/nl:109]  β=0.052  α_t=0.053  (3927s)
step  4440  L_grcl=  1.89  L_cov= 0.36  L_cons=0.000  L_tot=  1.89  diag=+0.992  mix=[cap:117/ref:95/nl:108]  β=0.052  α_t=0.053  (3944s)
step  4460  L_grcl=  1.85  L_cov= 0.36  L_cons=0.000  L_tot=  1.85  diag=+0.992  mix=[cap:80/ref:124/nl:116]  β=0.052  α_t=0.053  (3961s)
step  4480  L_grcl=  1.87  L_cov= 0.36  L_cons=0.000  L_tot=  1.87  diag=+0.991  mix=[cap:97/ref:113/nl:110]  β=0.052  α_t=0.053  (3978s)
step  4500  L_grcl=  1.79  L_cov= 0.35  L_cons=0.000  L_tot=  1.79  diag=+0.993  mix=[cap:119/ref:104/nl:97]  β=0.052  α_t=0.053  (3995s)

  [eval @ step 4500] held-out test-A...
    cap-fig cos: +0.9954  (Δ +0.8807)
    R@1/5/10: 11.0% / 52.0% / 78.0%  (Δ +11.0 / +52.0 / +78.0)

step  4520  L_grcl=  1.86  L_cov= 0.36  L_cons=0.000  L_tot=  1.86  diag=+0.992  mix=[cap:107/ref:114/nl:99]  β=0.052  α_t=0.053  (4025s)
step  4540  L_grcl=  1.82  L_cov= 0.35  L_cons=0.000  L_tot=  1.82  diag=+0.992  mix=[cap:103/ref:109/nl:108]  β=0.052  α_t=0.053  (4042s)
step  4560  L_grcl=  1.84  L_cov= 0.35  L_cons=0.000  L_tot=  1.84  diag=+0.991  mix=[cap:96/ref:109/nl:115]  β=0.052  α_t=0.053  (4059s)
step  4580  L_grcl=  1.83  L_cov= 0.34  L_cons=0.000  L_tot=  1.83  diag=+0.991  mix=[cap:110/ref:100/nl:110]  β=0.052  α_t=0.053  (4076s)
step  4600  L_grcl=  1.86  L_cov= 0.35  L_cons=0.000  L_tot=  1.86  diag=+0.991  mix=[cap:117/ref:100/nl:103]  β=0.052  α_t=0.054  (4094s)
step  4620  L_grcl=  1.85  L_cov= 0.36  L_cons=0.000  L_tot=  1.85  diag=+0.992  mix=[cap:111/ref:114/nl:95]  β=0.052  α_t=0.054  (4111s)
step  4640  L_grcl=  1.81  L_cov= 0.34  L_cons=0.000  L_tot=  1.81  diag=+0.992  mix=[cap:117/ref:105/nl:98]  β=0.052  α_t=0.054  (4129s)
step  4660  L_grcl=  1.87  L_cov= 0.35  L_cons=0.000  L_tot=  1.87  diag=+0.993  mix=[cap:93/ref:121/nl:106]  β=0.052  α_t=0.054  (4146s)
step  4680  L_grcl=  1.85  L_cov= 0.35  L_cons=0.000  L_tot=  1.85  diag=+0.991  mix=[cap:121/ref:101/nl:98]  β=0.052  α_t=0.054  (4164s)
step  4700  L_grcl=  1.86  L_cov= 0.37  L_cons=0.000  L_tot=  1.86  diag=+0.992  mix=[cap:105/ref:125/nl:90]  β=0.052  α_t=0.054  (4182s)
step  4720  L_grcl=  1.87  L_cov= 0.34  L_cons=0.000  L_tot=  1.87  diag=+0.992  mix=[cap:97/ref:114/nl:109]  β=0.052  α_t=0.054  (4199s)
step  4740  L_grcl=  1.85  L_cov= 0.37  L_cons=0.000  L_tot=  1.85  diag=+0.992  mix=[cap:105/ref:98/nl:117]  β=0.052  α_t=0.054  (4217s)
step  4760  L_grcl=  1.89  L_cov= 0.37  L_cons=0.000  L_tot=  1.89  diag=+0.992  mix=[cap:108/ref:114/nl:98]  β=0.052  α_t=0.054  (4234s)
step  4780  L_grcl=  1.81  L_cov= 0.34  L_cons=0.000  L_tot=  1.81  diag=+0.992  mix=[cap:102/ref:118/nl:100]  β=0.052  α_t=0.054  (4251s)
step  4800  L_grcl=  1.78  L_cov= 0.34  L_cons=0.000  L_tot=  1.78  diag=+0.991  mix=[cap:101/ref:111/nl:108]  β=0.052  α_t=0.054  (4268s)
step  4820  L_grcl=  1.77  L_cov= 0.35  L_cons=0.000  L_tot=  1.77  diag=+0.990  mix=[cap:121/ref:97/nl:102]  β=0.052  α_t=0.054  (4286s)
step  4840  L_grcl=  1.89  L_cov= 0.34  L_cons=0.000  L_tot=  1.89  diag=+0.990  mix=[cap:102/ref:109/nl:109]  β=0.052  α_t=0.054  (4304s)
step  4860  L_grcl=  1.88  L_cov= 0.36  L_cons=0.000  L_tot=  1.88  diag=+0.992  mix=[cap:99/ref:121/nl:100]  β=0.052  α_t=0.054  (4322s)
step  4880  L_grcl=  1.86  L_cov= 0.36  L_cons=0.000  L_tot=  1.86  diag=+0.992  mix=[cap:109/ref:108/nl:103]  β=0.052  α_t=0.054  (4340s)
step  4900  L_grcl=  1.85  L_cov= 0.35  L_cons=0.000  L_tot=  1.85  diag=+0.993  mix=[cap:114/ref:114/nl:92]  β=0.053  α_t=0.054  (4357s)
step  4920  L_grcl=  1.85  L_cov= 0.36  L_cons=0.000  L_tot=  1.85  diag=+0.992  mix=[cap:114/ref:108/nl:98]  β=0.053  α_t=0.054  (4375s)
step  4940  L_grcl=  1.78  L_cov= 0.34  L_cons=0.000  L_tot=  1.78  diag=+0.992  mix=[cap:114/ref:104/nl:102]  β=0.053  α_t=0.054  (4392s)
step  4960  L_grcl=  1.87  L_cov= 0.35  L_cons=0.000  L_tot=  1.87  diag=+0.991  mix=[cap:116/ref:114/nl:90]  β=0.053  α_t=0.054  (4410s)
step  4980  L_grcl=  1.82  L_cov= 0.35  L_cons=0.000  L_tot=  1.82  diag=+0.992  mix=[cap:106/ref:96/nl:118]  β=0.053  α_t=0.054  (4427s)
step  5000  L_grcl=  1.84  L_cov= 0.34  L_cons=0.000  L_tot=  1.84  diag=+0.991  mix=[cap:102/ref:117/nl:101]  β=0.053  α_t=0.054  (4445s)

  [eval @ step 5000] held-out test-A...
    cap-fig cos: +0.9959  (Δ +0.8812)
    R@1/5/10: 13.5% / 56.5% / 83.5%  (Δ +13.5 / +56.5 / +83.5)
    [ckpt saved @ step 5000 R@10=83.5%]

step  5020  L_grcl=  1.81  L_cov= 0.34  L_cons=0.000  L_tot=  1.81  diag=+0.990  mix=[cap:117/ref:95/nl:108]  β=0.053  α_t=0.054  (4483s)
step  5040  L_grcl=  1.90  L_cov= 0.36  L_cons=0.000  L_tot=  1.90  diag=+0.990  mix=[cap:78/ref:118/nl:124]  β=0.053  α_t=0.054  (4500s)
step  5060  L_grcl=  1.79  L_cov= 0.36  L_cons=0.000  L_tot=  1.79  diag=+0.992  mix=[cap:115/ref:100/nl:105]  β=0.053  α_t=0.054  (4517s)
step  5080  L_grcl=  1.84  L_cov= 0.36  L_cons=0.000  L_tot=  1.84  diag=+0.990  mix=[cap:88/ref:125/nl:107]  β=0.053  α_t=0.054  (4533s)
step  5100  L_grcl=  1.77  L_cov= 0.34  L_cons=0.000  L_tot=  1.77  diag=+0.991  mix=[cap:105/ref:106/nl:109]  β=0.053  α_t=0.054  (4550s)
step  5120  L_grcl=  1.86  L_cov= 0.36  L_cons=0.000  L_tot=  1.86  diag=+0.991  mix=[cap:104/ref:113/nl:103]  β=0.053  α_t=0.054  (4567s)
step  5140  L_grcl=  1.77  L_cov= 0.34  L_cons=0.000  L_tot=  1.77  diag=+0.992  mix=[cap:125/ref:105/nl:90]  β=0.053  α_t=0.054  (4583s)
step  5160  L_grcl=  1.80  L_cov= 0.34  L_cons=0.000  L_tot=  1.80  diag=+0.990  mix=[cap:111/ref:102/nl:107]  β=0.053  α_t=0.054  (4601s)
step  5180  L_grcl=  1.85  L_cov= 0.35  L_cons=0.000  L_tot=  1.85  diag=+0.991  mix=[cap:101/ref:116/nl:103]  β=0.053  α_t=0.054  (4618s)
step  5200  L_grcl=  1.83  L_cov= 0.34  L_cons=0.000  L_tot=  1.83  diag=+0.992  mix=[cap:114/ref:110/nl:96]  β=0.053  α_t=0.054  (4636s)
step  5220  L_grcl=  1.84  L_cov= 0.35  L_cons=0.000  L_tot=  1.84  diag=+0.992  mix=[cap:104/ref:110/nl:106]  β=0.053  α_t=0.054  (4653s)
step  5240  L_grcl=  1.80  L_cov= 0.34  L_cons=0.000  L_tot=  1.80  diag=+0.992  mix=[cap:112/ref:118/nl:90]  β=0.053  α_t=0.054  (4671s)
step  5260  L_grcl=  1.82  L_cov= 0.35  L_cons=0.000  L_tot=  1.82  diag=+0.992  mix=[cap:109/ref:120/nl:91]  β=0.053  α_t=0.054  (4688s)
step  5280  L_grcl=  1.83  L_cov= 0.34  L_cons=0.000  L_tot=  1.83  diag=+0.990  mix=[cap:107/ref:103/nl:110]  β=0.053  α_t=0.054  (4705s)
step  5300  L_grcl=  1.80  L_cov= 0.34  L_cons=0.000  L_tot=  1.80  diag=+0.990  mix=[cap:124/ref:86/nl:110]  β=0.053  α_t=0.054  (4723s)
step  5320  L_grcl=  1.82  L_cov= 0.35  L_cons=0.000  L_tot=  1.82  diag=+0.993  mix=[cap:107/ref:118/nl:95]  β=0.053  α_t=0.054  (4741s)
step  5340  L_grcl=  1.80  L_cov= 0.37  L_cons=0.000  L_tot=  1.80  diag=+0.991  mix=[cap:117/ref:95/nl:108]  β=0.053  α_t=0.054  (4758s)
step  5360  L_grcl=  1.78  L_cov= 0.33  L_cons=0.000  L_tot=  1.78  diag=+0.990  mix=[cap:124/ref:102/nl:94]  β=0.053  α_t=0.054  (4776s)
step  5380  L_grcl=  1.76  L_cov= 0.34  L_cons=0.000  L_tot=  1.76  diag=+0.992  mix=[cap:127/ref:109/nl:84]  β=0.053  α_t=0.054  (4793s)
step  5400  L_grcl=  1.81  L_cov= 0.35  L_cons=0.000  L_tot=  1.81  diag=+0.992  mix=[cap:99/ref:113/nl:108]  β=0.053  α_t=0.054  (4811s)
step  5420  L_grcl=  1.79  L_cov= 0.34  L_cons=0.000  L_tot=  1.79  diag=+0.990  mix=[cap:102/ref:90/nl:128]  β=0.053  α_t=0.054  (4828s)
step  5440  L_grcl=  1.83  L_cov= 0.34  L_cons=0.000  L_tot=  1.83  diag=+0.990  mix=[cap:93/ref:117/nl:110]  β=0.053  α_t=0.054  (4845s)
step  5460  L_grcl=  1.80  L_cov= 0.35  L_cons=0.000  L_tot=  1.80  diag=+0.991  mix=[cap:106/ref:115/nl:99]  β=0.053  α_t=0.054  (4862s)
step  5480  L_grcl=  1.77  L_cov= 0.34  L_cons=0.000  L_tot=  1.77  diag=+0.991  mix=[cap:106/ref:99/nl:115]  β=0.053  α_t=0.054  (4880s)
step  5500  L_grcl=  1.81  L_cov= 0.34  L_cons=0.000  L_tot=  1.81  diag=+0.993  mix=[cap:125/ref:112/nl:83]  β=0.053  α_t=0.054  (4897s)

  [eval @ step 5500] held-out test-A...
    cap-fig cos: +0.9957  (Δ +0.8809)
    R@1/5/10: 16.5% / 60.5% / 83.5%  (Δ +16.5 / +60.5 / +83.5)

step  5520  L_grcl=  1.81  L_cov= 0.34  L_cons=0.000  L_tot=  1.81  diag=+0.991  mix=[cap:104/ref:109/nl:107]  β=0.054  α_t=0.054  (4930s)
step  5540  L_grcl=  1.84  L_cov= 0.36  L_cons=0.000  L_tot=  1.84  diag=+0.992  mix=[cap:100/ref:103/nl:117]  β=0.054  α_t=0.054  (4947s)
step  5560  L_grcl=  1.86  L_cov= 0.35  L_cons=0.000  L_tot=  1.86  diag=+0.992  mix=[cap:124/ref:102/nl:94]  β=0.054  α_t=0.054  (4965s)
step  5580  L_grcl=  1.79  L_cov= 0.33  L_cons=0.000  L_tot=  1.79  diag=+0.991  mix=[cap:104/ref:114/nl:102]  β=0.054  α_t=0.055  (4982s)
step  5600  L_grcl=  1.84  L_cov= 0.34  L_cons=0.000  L_tot=  1.84  diag=+0.991  mix=[cap:102/ref:115/nl:103]  β=0.054  α_t=0.055  (4999s)
step  5620  L_grcl=  1.78  L_cov= 0.34  L_cons=0.000  L_tot=  1.78  diag=+0.991  mix=[cap:88/ref:125/nl:107]  β=0.054  α_t=0.055  (5016s)
step  5640  L_grcl=  1.75  L_cov= 0.34  L_cons=0.000  L_tot=  1.75  diag=+0.991  mix=[cap:119/ref:103/nl:98]  β=0.054  α_t=0.055  (5033s)
step  5660  L_grcl=  1.79  L_cov= 0.32  L_cons=0.000  L_tot=  1.79  diag=+0.991  mix=[cap:105/ref:112/nl:103]  β=0.054  α_t=0.055  (5050s)
step  5680  L_grcl=  1.83  L_cov= 0.34  L_cons=0.000  L_tot=  1.83  diag=+0.990  mix=[cap:94/ref:123/nl:103]  β=0.054  α_t=0.055  (5067s)
step  5700  L_grcl=  1.78  L_cov= 0.34  L_cons=0.000  L_tot=  1.78  diag=+0.991  mix=[cap:112/ref:104/nl:104]  β=0.054  α_t=0.055  (5084s)
step  5720  L_grcl=  1.84  L_cov= 0.35  L_cons=0.000  L_tot=  1.85  diag=+0.990  mix=[cap:106/ref:108/nl:106]  β=0.054  α_t=0.055  (5101s)
step  5740  L_grcl=  1.79  L_cov= 0.33  L_cons=0.000  L_tot=  1.79  diag=+0.989  mix=[cap:111/ref:100/nl:109]  β=0.054  α_t=0.055  (5118s)
step  5760  L_grcl=  1.81  L_cov= 0.35  L_cons=0.000  L_tot=  1.81  diag=+0.989  mix=[cap:90/ref:113/nl:117]  β=0.054  α_t=0.055  (5136s)
step  5780  L_grcl=  1.81  L_cov= 0.32  L_cons=0.000  L_tot=  1.81  diag=+0.991  mix=[cap:109/ref:102/nl:109]  β=0.054  α_t=0.055  (5153s)
step  5800  L_grcl=  1.77  L_cov= 0.34  L_cons=0.000  L_tot=  1.77  diag=+0.990  mix=[cap:116/ref:98/nl:106]  β=0.054  α_t=0.055  (5170s)
step  5820  L_grcl=  1.79  L_cov= 0.34  L_cons=0.000  L_tot=  1.79  diag=+0.989  mix=[cap:101/ref:114/nl:105]  β=0.054  α_t=0.055  (5188s)
step  5840  L_grcl=  1.82  L_cov= 0.34  L_cons=0.000  L_tot=  1.82  diag=+0.990  mix=[cap:113/ref:101/nl:106]  β=0.054  α_t=0.055  (5204s)
step  5860  L_grcl=  1.80  L_cov= 0.35  L_cons=0.000  L_tot=  1.80  diag=+0.991  mix=[cap:103/ref:122/nl:95]  β=0.054  α_t=0.055  (5222s)
step  5880  L_grcl=  1.83  L_cov= 0.34  L_cons=0.000  L_tot=  1.83  diag=+0.991  mix=[cap:102/ref:119/nl:99]  β=0.054  α_t=0.055  (5240s)
step  5900  L_grcl=  1.84  L_cov= 0.35  L_cons=0.000  L_tot=  1.84  diag=+0.990  mix=[cap:101/ref:109/nl:110]  β=0.054  α_t=0.055  (5257s)
step  5920  L_grcl=  1.80  L_cov= 0.33  L_cons=0.000  L_tot=  1.80  diag=+0.992  mix=[cap:116/ref:112/nl:92]  β=0.054  α_t=0.055  (5274s)
step  5940  L_grcl=  1.79  L_cov= 0.34  L_cons=0.000  L_tot=  1.79  diag=+0.992  mix=[cap:109/ref:109/nl:102]  β=0.054  α_t=0.055  (5291s)
step  5960  L_grcl=  1.73  L_cov= 0.31  L_cons=0.000  L_tot=  1.73  diag=+0.990  mix=[cap:106/ref:107/nl:107]  β=0.054  α_t=0.055  (5308s)
step  5980  L_grcl=  1.81  L_cov= 0.34  L_cons=0.000  L_tot=  1.81  diag=+0.990  mix=[cap:105/ref:121/nl:94]  β=0.054  α_t=0.055  (5325s)
step  6000  L_grcl=  1.83  L_cov= 0.34  L_cons=0.000  L_tot=  1.83  diag=+0.991  mix=[cap:99/ref:111/nl:110]  β=0.054  α_t=0.055  (5342s)

  [eval @ step 6000] held-out test-A...
    cap-fig cos: +0.9954  (Δ +0.8807)
    R@1/5/10: 16.0% / 63.0% / 86.0%  (Δ +16.0 / +63.0 / +86.0)
    [ckpt saved @ step 6000 R@10=86.0%]

step  6020  L_grcl=  1.79  L_cov= 0.33  L_cons=0.000  L_tot=  1.79  diag=+0.992  mix=[cap:105/ref:115/nl:100]  β=0.054  α_t=0.055  (5381s)
step  6040  L_grcl=  1.79  L_cov= 0.34  L_cons=0.000  L_tot=  1.79  diag=+0.990  mix=[cap:94/ref:108/nl:118]  β=0.054  α_t=0.055  (5398s)
step  6060  L_grcl=  1.83  L_cov= 0.35  L_cons=0.000  L_tot=  1.83  diag=+0.992  mix=[cap:102/ref:117/nl:101]  β=0.054  α_t=0.055  (5415s)
step  6080  L_grcl=  1.78  L_cov= 0.34  L_cons=0.000  L_tot=  1.78  diag=+0.992  mix=[cap:116/ref:103/nl:101]  β=0.054  α_t=0.055  (5433s)
step  6100  L_grcl=  1.82  L_cov= 0.33  L_cons=0.000  L_tot=  1.82  diag=+0.991  mix=[cap:100/ref:115/nl:105]  β=0.054  α_t=0.055  (5450s)
step  6120  L_grcl=  1.83  L_cov= 0.35  L_cons=0.000  L_tot=  1.83  diag=+0.992  mix=[cap:107/ref:99/nl:114]  β=0.054  α_t=0.055  (5467s)
step  6140  L_grcl=  1.83  L_cov= 0.35  L_cons=0.000  L_tot=  1.83  diag=+0.992  mix=[cap:100/ref:109/nl:111]  β=0.055  α_t=0.055  (5485s)
step  6160  L_grcl=  1.87  L_cov= 0.36  L_cons=0.000  L_tot=  1.87  diag=+0.991  mix=[cap:100/ref:113/nl:107]  β=0.055  α_t=0.055  (5502s)
step  6180  L_grcl=  1.79  L_cov= 0.33  L_cons=0.000  L_tot=  1.79  diag=+0.990  mix=[cap:104/ref:114/nl:102]  β=0.055  α_t=0.055  (5520s)
step  6200  L_grcl=  1.83  L_cov= 0.35  L_cons=0.000  L_tot=  1.83  diag=+0.990  mix=[cap:97/ref:119/nl:104]  β=0.055  α_t=0.055  (5537s)
step  6220  L_grcl=  1.81  L_cov= 0.34  L_cons=0.000  L_tot=  1.81  diag=+0.991  mix=[cap:117/ref:112/nl:91]  β=0.055  α_t=0.055  (5554s)
step  6240  L_grcl=  1.80  L_cov= 0.34  L_cons=0.000  L_tot=  1.80  diag=+0.991  mix=[cap:105/ref:107/nl:108]  β=0.055  α_t=0.055  (5572s)
step  6260  L_grcl=  1.79  L_cov= 0.33  L_cons=0.000  L_tot=  1.79  diag=+0.991  mix=[cap:108/ref:115/nl:97]  β=0.055  α_t=0.055  (5589s)
step  6280  L_grcl=  1.85  L_cov= 0.35  L_cons=0.000  L_tot=  1.85  diag=+0.991  mix=[cap:114/ref:110/nl:96]  β=0.055  α_t=0.055  (5607s)
step  6300  L_grcl=  1.85  L_cov= 0.36  L_cons=0.000  L_tot=  1.85  diag=+0.991  mix=[cap:99/ref:109/nl:112]  β=0.055  α_t=0.055  (5624s)
step  6320  L_grcl=  1.79  L_cov= 0.33  L_cons=0.000  L_tot=  1.79  diag=+0.991  mix=[cap:127/ref:97/nl:96]  β=0.055  α_t=0.055  (5641s)
step  6340  L_grcl=  1.81  L_cov= 0.35  L_cons=0.000  L_tot=  1.81  diag=+0.992  mix=[cap:110/ref:117/nl:93]  β=0.055  α_t=0.055  (5659s)
step  6360  L_grcl=  1.81  L_cov= 0.34  L_cons=0.000  L_tot=  1.81  diag=+0.991  mix=[cap:111/ref:105/nl:104]  β=0.055  α_t=0.055  (5676s)
step  6380  L_grcl=  1.82  L_cov= 0.34  L_cons=0.000  L_tot=  1.82  diag=+0.991  mix=[cap:101/ref:112/nl:107]  β=0.055  α_t=0.055  (5693s)
step  6400  L_grcl=  1.80  L_cov= 0.34  L_cons=0.000  L_tot=  1.80  diag=+0.991  mix=[cap:103/ref:107/nl:110]  β=0.055  α_t=0.055  (5710s)
step  6420  L_grcl=  1.77  L_cov= 0.33  L_cons=0.000  L_tot=  1.77  diag=+0.990  mix=[cap:97/ref:111/nl:112]  β=0.055  α_t=0.055  (5727s)
step  6440  L_grcl=  1.77  L_cov= 0.34  L_cons=0.000  L_tot=  1.77  diag=+0.989  mix=[cap:102/ref:118/nl:100]  β=0.055  α_t=0.055  (5745s)
step  6460  L_grcl=  1.84  L_cov= 0.34  L_cons=0.000  L_tot=  1.84  diag=+0.990  mix=[cap:103/ref:117/nl:100]  β=0.055  α_t=0.055  (5762s)
step  6480  L_grcl=  1.80  L_cov= 0.34  L_cons=0.000  L_tot=  1.80  diag=+0.990  mix=[cap:109/ref:112/nl:99]  β=0.055  α_t=0.055  (5780s)
step  6500  L_grcl=  1.77  L_cov= 0.33  L_cons=0.000  L_tot=  1.77  diag=+0.990  mix=[cap:91/ref:124/nl:105]  β=0.055  α_t=0.055  (5797s)

  [eval @ step 6500] held-out test-A...
    cap-fig cos: +0.9950  (Δ +0.8803)
    R@1/5/10: 13.0% / 57.0% / 83.5%  (Δ +13.0 / +57.0 / +83.5)

step  6520  L_grcl=  1.72  L_cov= 0.32  L_cons=0.000  L_tot=  1.72  diag=+0.989  mix=[cap:98/ref:118/nl:104]  β=0.055  α_t=0.055  (5826s)
step  6540  L_grcl=  1.78  L_cov= 0.34  L_cons=0.000  L_tot=  1.78  diag=+0.991  mix=[cap:109/ref:111/nl:100]  β=0.055  α_t=0.056  (5843s)
step  6560  L_grcl=  1.76  L_cov= 0.32  L_cons=0.000  L_tot=  1.76  diag=+0.991  mix=[cap:115/ref:114/nl:91]  β=0.055  α_t=0.056  (5860s)
step  6580  L_grcl=  1.77  L_cov= 0.34  L_cons=0.000  L_tot=  1.77  diag=+0.990  mix=[cap:98/ref:115/nl:107]  β=0.055  α_t=0.056  (5877s)
step  6600  L_grcl=  1.77  L_cov= 0.34  L_cons=0.000  L_tot=  1.77  diag=+0.990  mix=[cap:112/ref:111/nl:97]  β=0.055  α_t=0.056  (5895s)
step  6620  L_grcl=  1.84  L_cov= 0.33  L_cons=0.000  L_tot=  1.84  diag=+0.991  mix=[cap:99/ref:107/nl:114]  β=0.055  α_t=0.056  (5912s)
step  6640  L_grcl=  1.80  L_cov= 0.35  L_cons=0.000  L_tot=  1.80  diag=+0.990  mix=[cap:103/ref:114/nl:103]  β=0.055  α_t=0.056  (5929s)
step  6660  L_grcl=  1.83  L_cov= 0.35  L_cons=0.000  L_tot=  1.83  diag=+0.991  mix=[cap:101/ref:107/nl:112]  β=0.055  α_t=0.056  (5947s)
step  6680  L_grcl=  1.80  L_cov= 0.34  L_cons=0.000  L_tot=  1.80  diag=+0.991  mix=[cap:88/ref:113/nl:119]  β=0.055  α_t=0.056  (5964s)
step  6700  L_grcl=  1.78  L_cov= 0.34  L_cons=0.000  L_tot=  1.78  diag=+0.989  mix=[cap:99/ref:114/nl:107]  β=0.055  α_t=0.056  (5981s)
step  6720  L_grcl=  1.75  L_cov= 0.33  L_cons=0.000  L_tot=  1.75  diag=+0.990  mix=[cap:101/ref:114/nl:105]  β=0.055  α_t=0.056  (5999s)
step  6740  L_grcl=  1.79  L_cov= 0.33  L_cons=0.000  L_tot=  1.79  diag=+0.988  mix=[cap:94/ref:112/nl:114]  β=0.056  α_t=0.056  (6016s)
step  6760  L_grcl=  1.80  L_cov= 0.35  L_cons=0.000  L_tot=  1.80  diag=+0.990  mix=[cap:110/ref:111/nl:99]  β=0.056  α_t=0.056  (6033s)
step  6780  L_grcl=  1.81  L_cov= 0.34  L_cons=0.000  L_tot=  1.81  diag=+0.991  mix=[cap:102/ref:120/nl:98]  β=0.056  α_t=0.056  (6051s)
step  6800  L_grcl=  1.77  L_cov= 0.34  L_cons=0.000  L_tot=  1.77  diag=+0.990  mix=[cap:110/ref:105/nl:105]  β=0.056  α_t=0.056  (6068s)
step  6820  L_grcl=  1.85  L_cov= 0.34  L_cons=0.000  L_tot=  1.85  diag=+0.990  mix=[cap:99/ref:109/nl:112]  β=0.056  α_t=0.056  (6085s)
step  6840  L_grcl=  1.79  L_cov= 0.34  L_cons=0.000  L_tot=  1.79  diag=+0.991  mix=[cap:109/ref:109/nl:102]  β=0.056  α_t=0.056  (6103s)
step  6860  L_grcl=  1.79  L_cov= 0.34  L_cons=0.000  L_tot=  1.79  diag=+0.988  mix=[cap:91/ref:114/nl:115]  β=0.056  α_t=0.056  (6120s)
step  6880  L_grcl=  1.77  L_cov= 0.33  L_cons=0.000  L_tot=  1.77  diag=+0.991  mix=[cap:111/ref:113/nl:96]  β=0.056  α_t=0.056  (6137s)
step  6900  L_grcl=  1.79  L_cov= 0.34  L_cons=0.000  L_tot=  1.79  diag=+0.990  mix=[cap:102/ref:99/nl:119]  β=0.056  α_t=0.056  (6154s)
step  6920  L_grcl=  1.78  L_cov= 0.33  L_cons=0.000  L_tot=  1.78  diag=+0.990  mix=[cap:119/ref:94/nl:107]  β=0.056  α_t=0.056  (6172s)
step  6940  L_grcl=  1.79  L_cov= 0.34  L_cons=0.000  L_tot=  1.79  diag=+0.990  mix=[cap:109/ref:119/nl:92]  β=0.056  α_t=0.056  (6189s)
step  6960  L_grcl=  1.75  L_cov= 0.32  L_cons=0.000  L_tot=  1.75  diag=+0.991  mix=[cap:116/ref:103/nl:101]  β=0.056  α_t=0.056  (6207s)
step  6980  L_grcl=  1.78  L_cov= 0.34  L_cons=0.000  L_tot=  1.78  diag=+0.990  mix=[cap:102/ref:111/nl:107]  β=0.056  α_t=0.056  (6224s)
step  7000  L_grcl=  1.78  L_cov= 0.34  L_cons=0.000  L_tot=  1.78  diag=+0.990  mix=[cap:110/ref:100/nl:110]  β=0.056  α_t=0.056  (6241s)

  [eval @ step 7000] held-out test-A...
    cap-fig cos: +0.9956  (Δ +0.8809)
    R@1/5/10: 18.0% / 69.0% / 87.0%  (Δ +18.0 / +69.0 / +87.0)
    [ckpt saved @ step 7000 R@10=87.0%]

step  7020  L_grcl=  1.78  L_cov= 0.34  L_cons=0.000  L_tot=  1.78  diag=+0.991  mix=[cap:98/ref:110/nl:112]  β=0.056  α_t=0.056  (6280s)
step  7040  L_grcl=  1.74  L_cov= 0.32  L_cons=0.000  L_tot=  1.74  diag=+0.991  mix=[cap:111/ref:103/nl:106]  β=0.056  α_t=0.056  (6296s)
step  7060  L_grcl=  1.88  L_cov= 0.33  L_cons=0.000  L_tot=  1.88  diag=+0.989  mix=[cap:96/ref:112/nl:112]  β=0.056  α_t=0.056  (6313s)
step  7080  L_grcl=  1.79  L_cov= 0.34  L_cons=0.000  L_tot=  1.79  diag=+0.992  mix=[cap:108/ref:110/nl:102]  β=0.056  α_t=0.056  (6330s)
step  7100  L_grcl=  1.79  L_cov= 0.33  L_cons=0.000  L_tot=  1.79  diag=+0.989  mix=[cap:97/ref:103/nl:120]  β=0.056  α_t=0.056  (6346s)
step  7120  L_grcl=  1.77  L_cov= 0.33  L_cons=0.000  L_tot=  1.77  diag=+0.991  mix=[cap:100/ref:119/nl:101]  β=0.056  α_t=0.056  (6363s)
step  7140  L_grcl=  1.79  L_cov= 0.34  L_cons=0.000  L_tot=  1.79  diag=+0.989  mix=[cap:111/ref:100/nl:109]  β=0.056  α_t=0.056  (6380s)
step  7160  L_grcl=  1.79  L_cov= 0.33  L_cons=0.000  L_tot=  1.79  diag=+0.990  mix=[cap:108/ref:118/nl:94]  β=0.056  α_t=0.056  (6397s)
step  7180  L_grcl=  1.74  L_cov= 0.33  L_cons=0.000  L_tot=  1.74  diag=+0.991  mix=[cap:115/ref:104/nl:101]  β=0.056  α_t=0.056  (6414s)
step  7200  L_grcl=  1.77  L_cov= 0.34  L_cons=0.000  L_tot=  1.77  diag=+0.990  mix=[cap:105/ref:106/nl:109]  β=0.056  α_t=0.056  (6431s)
step  7220  L_grcl=  1.81  L_cov= 0.34  L_cons=0.000  L_tot=  1.81  diag=+0.990  mix=[cap:116/ref:100/nl:104]  β=0.056  α_t=0.056  (6449s)
step  7240  L_grcl=  1.75  L_cov= 0.33  L_cons=0.000  L_tot=  1.75  diag=+0.990  mix=[cap:114/ref:106/nl:100]  β=0.056  α_t=0.056  (6466s)
step  7260  L_grcl=  1.77  L_cov= 0.33  L_cons=0.000  L_tot=  1.77  diag=+0.989  mix=[cap:101/ref:101/nl:118]  β=0.056  α_t=0.056  (6484s)
step  7280  L_grcl=  1.71  L_cov= 0.33  L_cons=0.000  L_tot=  1.71  diag=+0.989  mix=[cap:117/ref:94/nl:109]  β=0.056  α_t=0.056  (6501s)
step  7300  L_grcl=  1.79  L_cov= 0.34  L_cons=0.000  L_tot=  1.79  diag=+0.990  mix=[cap:107/ref:120/nl:93]  β=0.056  α_t=0.056  (6519s)
step  7320  L_grcl=  1.81  L_cov= 0.34  L_cons=0.000  L_tot=  1.81  diag=+0.991  mix=[cap:106/ref:103/nl:111]  β=0.056  α_t=0.056  (6536s)
step  7340  L_grcl=  1.76  L_cov= 0.32  L_cons=0.000  L_tot=  1.76  diag=+0.990  mix=[cap:109/ref:110/nl:101]  β=0.056  α_t=0.056  (6553s)
step  7360  L_grcl=  1.79  L_cov= 0.34  L_cons=0.000  L_tot=  1.79  diag=+0.991  mix=[cap:104/ref:115/nl:101]  β=0.057  α_t=0.056  (6570s)
step  7380  L_grcl=  1.80  L_cov= 0.34  L_cons=0.000  L_tot=  1.80  diag=+0.991  mix=[cap:106/ref:104/nl:110]  β=0.057  α_t=0.056  (6587s)
step  7400  L_grcl=  1.79  L_cov= 0.34  L_cons=0.000  L_tot=  1.79  diag=+0.991  mix=[cap:99/ref:97/nl:124]  β=0.057  α_t=0.056  (6606s)
step  7420  L_grcl=  1.81  L_cov= 0.33  L_cons=0.000  L_tot=  1.81  diag=+0.988  mix=[cap:89/ref:114/nl:117]  β=0.057  α_t=0.056  (6623s)
step  7440  L_grcl=  1.75  L_cov= 0.33  L_cons=0.000  L_tot=  1.75  diag=+0.990  mix=[cap:116/ref:103/nl:101]  β=0.057  α_t=0.056  (6640s)
step  7460  L_grcl=  1.82  L_cov= 0.34  L_cons=0.000  L_tot=  1.82  diag=+0.991  mix=[cap:100/ref:108/nl:112]  β=0.057  α_t=0.056  (6657s)
step  7480  L_grcl=  1.72  L_cov= 0.32  L_cons=0.000  L_tot=  1.72  diag=+0.990  mix=[cap:110/ref:117/nl:93]  β=0.057  α_t=0.057  (6676s)
step  7500  L_grcl=  1.74  L_cov= 0.32  L_cons=0.000  L_tot=  1.74  diag=+0.989  mix=[cap:115/ref:111/nl:94]  β=0.057  α_t=0.057  (6692s)

  [eval @ step 7500] held-out test-A...
    cap-fig cos: +0.9951  (Δ +0.8804)
    R@1/5/10: 13.5% / 57.0% / 81.0%  (Δ +13.5 / +57.0 / +81.0)

step  7520  L_grcl=  1.76  L_cov= 0.32  L_cons=0.000  L_tot=  1.76  diag=+0.991  mix=[cap:113/ref:102/nl:105]  β=0.057  α_t=0.057  (6721s)
step  7540  L_grcl=  1.81  L_cov= 0.34  L_cons=0.000  L_tot=  1.81  diag=+0.991  mix=[cap:120/ref:110/nl:90]  β=0.057  α_t=0.057  (6739s)
step  7560  L_grcl=  1.80  L_cov= 0.33  L_cons=0.000  L_tot=  1.80  diag=+0.990  mix=[cap:101/ref:115/nl:104]  β=0.057  α_t=0.057  (6756s)
step  7580  L_grcl=  1.78  L_cov= 0.34  L_cons=0.000  L_tot=  1.78  diag=+0.990  mix=[cap:114/ref:102/nl:104]  β=0.057  α_t=0.057  (6774s)
step  7600  L_grcl=  1.78  L_cov= 0.33  L_cons=0.000  L_tot=  1.78  diag=+0.989  mix=[cap:108/ref:103/nl:109]  β=0.057  α_t=0.057  (6791s)
step  7620  L_grcl=  1.75  L_cov= 0.33  L_cons=0.000  L_tot=  1.75  diag=+0.991  mix=[cap:117/ref:97/nl:106]  β=0.057  α_t=0.057  (6808s)
step  7640  L_grcl=  1.77  L_cov= 0.34  L_cons=0.000  L_tot=  1.77  diag=+0.990  mix=[cap:104/ref:107/nl:109]  β=0.057  α_t=0.057  (6826s)
step  7660  L_grcl=  1.77  L_cov= 0.34  L_cons=0.000  L_tot=  1.77  diag=+0.990  mix=[cap:107/ref:109/nl:104]  β=0.057  α_t=0.057  (6843s)
step  7680  L_grcl=  1.83  L_cov= 0.34  L_cons=0.000  L_tot=  1.83  diag=+0.990  mix=[cap:97/ref:106/nl:117]  β=0.057  α_t=0.057  (6861s)
step  7700  L_grcl=  1.79  L_cov= 0.33  L_cons=0.000  L_tot=  1.79  diag=+0.992  mix=[cap:122/ref:112/nl:86]  β=0.057  α_t=0.057  (6878s)
step  7720  L_grcl=  1.78  L_cov= 0.33  L_cons=0.000  L_tot=  1.78  diag=+0.990  mix=[cap:93/ref:101/nl:126]  β=0.057  α_t=0.057  (6896s)
step  7740  L_grcl=  1.80  L_cov= 0.33  L_cons=0.000  L_tot=  1.80  diag=+0.989  mix=[cap:99/ref:111/nl:110]  β=0.057  α_t=0.057  (6913s)
step  7760  L_grcl=  1.73  L_cov= 0.34  L_cons=0.000  L_tot=  1.73  diag=+0.990  mix=[cap:111/ref:103/nl:106]  β=0.057  α_t=0.057  (6930s)
step  7780  L_grcl=  1.74  L_cov= 0.33  L_cons=0.000  L_tot=  1.74  diag=+0.991  mix=[cap:130/ref:93/nl:97]  β=0.057  α_t=0.057  (6948s)
step  7800  L_grcl=  1.74  L_cov= 0.32  L_cons=0.000  L_tot=  1.74  diag=+0.990  mix=[cap:118/ref:113/nl:89]  β=0.057  α_t=0.057  (6966s)
step  7820  L_grcl=  1.81  L_cov= 0.34  L_cons=0.000  L_tot=  1.81  diag=+0.990  mix=[cap:100/ref:109/nl:111]  β=0.057  α_t=0.057  (6983s)
step  7840  L_grcl=  1.73  L_cov= 0.31  L_cons=0.000  L_tot=  1.73  diag=+0.990  mix=[cap:125/ref:97/nl:98]  β=0.057  α_t=0.057  (7000s)
step  7860  L_grcl=  1.77  L_cov= 0.33  L_cons=0.000  L_tot=  1.77  diag=+0.990  mix=[cap:108/ref:110/nl:102]  β=0.057  α_t=0.057  (7017s)
step  7880  L_grcl=  1.73  L_cov= 0.32  L_cons=0.000  L_tot=  1.73  diag=+0.990  mix=[cap:108/ref:105/nl:107]  β=0.057  α_t=0.057  (7034s)
step  7900  L_grcl=  1.77  L_cov= 0.33  L_cons=0.000  L_tot=  1.77  diag=+0.991  mix=[cap:109/ref:105/nl:106]  β=0.057  α_t=0.057  (7052s)
step  7920  L_grcl=  1.79  L_cov= 0.34  L_cons=0.000  L_tot=  1.79  diag=+0.991  mix=[cap:107/ref:119/nl:94]  β=0.057  α_t=0.057  (7069s)
step  7940  L_grcl=  1.75  L_cov= 0.32  L_cons=0.000  L_tot=  1.75  diag=+0.989  mix=[cap:103/ref:104/nl:113]  β=0.058  α_t=0.057  (7086s)
step  7960  L_grcl=  1.79  L_cov= 0.34  L_cons=0.000  L_tot=  1.79  diag=+0.989  mix=[cap:100/ref:116/nl:104]  β=0.058  α_t=0.057  (7104s)
step  7980  L_grcl=  1.79  L_cov= 0.34  L_cons=0.000  L_tot=  1.79  diag=+0.989  mix=[cap:102/ref:121/nl:97]  β=0.058  α_t=0.057  (7121s)
step  8000  L_grcl=  1.79  L_cov= 0.33  L_cons=0.000  L_tot=  1.79  diag=+0.989  mix=[cap:100/ref:113/nl:107]  β=0.058  α_t=0.057  (7139s)

  [eval @ step 8000] held-out test-A...
    cap-fig cos: +0.9952  (Δ +0.8804)
    R@1/5/10: 16.0% / 60.0% / 83.0%  (Δ +16.0 / +60.0 / +83.0)


[final] test-A:
  cap-fig cos: +0.9952  (init +0.1147, Δ +0.8804)
  R@1/5/10: 16.0% / 60.0% / 83.0%
  init R@1/5/10: 0.0% / 0.0% / 0.0%

saved → /home/work/dl/dl_project/eval/results/experiments/cov_00_cov_00/train.json
[main1:127777:0:127777] Caught signal 11 (Segmentation fault: address not mapped to object at address 0x7f60249adec0)
  training exited with code -11 but train.json + ckpt look complete — treating as success
  training done in 122.9 min

--- Evaluation ---
$ /usr/bin/python -m pipeline.eval_full --out /home/work/dl/dl_project/eval/results/experiments/cov_00_cov_00/eval.json --device cuda --ckpt ckpt/cov_00_cov_00.pt --lora_rank 8 --lora_alpha 16 --hf_id google/siglip2-base-patch16-224 --gpe_facets type,role,depth,pos --datasets spiqa_testA sciegqa mmdocir
device: cuda
[ElementTokenEncoder] loading google/siglip2-base-patch16-224
Using a slow image processor as `use_fast` is unset and a slow processor was saved with this model. `use_fast=True` will be the default behavior in v4.52, even if the model was saved with a slow processor. This will result in minor differences in outputs. You'll still be able to use a slow processor with `use_fast=False`.
[ElementTokenEncoder] LoRA r=8 α=16 targets=['q_proj', 'k_proj', 'v_proj', 'out_proj'] applied (d_text=768, d_vision=768, cls=False)
trainable params: 1,191,936 || all params: 376,379,906 || trainable%: 0.3167
[eval_full] loaded checkpoint: ckpt/cov_00_cov_00.pt

[eval] SPIQA test-A
  graph: 118 docs, elements: 9039, queries: 666
  [5/118 docs, 26/666 queries] 3s
  [10/118 docs, 59/666 queries] 5s
  [15/118 docs, 82/666 queries] 7s
  [20/118 docs, 105/666 queries] 9s
  [25/118 docs, 132/666 queries] 11s
  [30/118 docs, 161/666 queries] 13s
  [35/118 docs, 181/666 queries] 15s
  [40/118 docs, 217/666 queries] 18s
  [45/118 docs, 242/666 queries] 20s
  [50/118 docs, 269/666 queries] 22s
  [55/118 docs, 285/666 queries] 24s
  [60/118 docs, 313/666 queries] 26s
  [65/118 docs, 352/666 queries] 29s
  [70/118 docs, 396/666 queries] 32s
  [75/118 docs, 445/666 queries] 36s
  [80/118 docs, 481/666 queries] 39s
  [85/118 docs, 514/666 queries] 42s
  [90/118 docs, 535/666 queries] 43s
  [95/118 docs, 560/666 queries] 45s
  [100/118 docs, 590/666 queries] 48s
  [105/118 docs, 616/666 queries] 50s
  [110/118 docs, 640/666 queries] 52s
  [115/118 docs, 663/666 queries] 54s
  done in 54s

[eval] SciEGQA
  graph: 80 docs, elements: 29412, queries: 1623
  [5/80 docs, 108/1623 queries] 10s
  [10/80 docs, 218/1623 queries] 25s
  [15/80 docs, 325/1623 queries] 37s
  [20/80 docs, 427/1623 queries] 60s
  [25/80 docs, 532/1623 queries] 72s
  [30/80 docs, 630/1623 queries] 89s
  [35/80 docs, 733/1623 queries] 105s
  [40/80 docs, 818/1623 queries] 112s
  [45/80 docs, 927/1623 queries] 125s
  [50/80 docs, 1031/1623 queries] 136s
  [55/80 docs, 1102/1623 queries] 147s
  [60/80 docs, 1207/1623 queries] 158s
  [65/80 docs, 1314/1623 queries] 176s
  [70/80 docs, 1423/1623 queries] 194s
  [75/80 docs, 1513/1623 queries] 203s
  [80/80 docs, 1623/1623 queries] 219s
  done in 219s

[eval] MMDocIR
  graph: 75 docs, elements: 15032, queries: 389
  [5/75 docs, 31/389 queries] 5s
  [10/75 docs, 58/389 queries] 8s
  [15/75 docs, 87/389 queries] 14s
  [20/75 docs, 116/389 queries] 17s
  [25/75 docs, 137/389 queries] 20s
  [30/75 docs, 162/389 queries] 22s
  [35/75 docs, 187/389 queries] 24s
  [40/75 docs, 212/389 queries] 26s
  [45/75 docs, 243/389 queries] 28s
  [50/75 docs, 267/389 queries] 30s
  [55/75 docs, 288/389 queries] 31s
  [60/75 docs, 306/389 queries] 33s
  [65/75 docs, 332/389 queries] 35s
  [70/75 docs, 364/389 queries] 38s
  [75/75 docs, 389/389 queries] 40s
  done in 40s

saved → /home/work/dl/dl_project/eval/results/experiments/cov_00_cov_00/eval.json

=== Summary ===

SPIQA test-A:
  [no_prop] mrr=0.3798  recall@10=0.8544  hit@10=0.8544  coverage@10=0.8544  perfect@10=0.8544
  [uniform_a01_T2] mrr=0.2822  recall@10=0.7072  hit@10=0.7072  coverage@10=0.7072  perfect@10=0.7072
  [uniform_a03_T1] mrr=0.2866  recall@10=0.7462  hit@10=0.7462  coverage@10=0.7462  perfect@10=0.7462
  [uniform_a03_T2] mrr=0.2788  recall@10=0.6652  hit@10=0.6652  coverage@10=0.6652  perfect@10=0.6652
  [uniform_a03_T3] mrr=0.2878  recall@10=0.6682  hit@10=0.6682  coverage@10=0.6682  perfect@10=0.6682
  [uniform_a05_T2] mrr=0.2846  recall@10=0.6592  hit@10=0.6592  coverage@10=0.6592  perfect@10=0.6592
  [wbase_a03_T2] mrr=0.3051  recall@10=0.7087  hit@10=0.7087  coverage@10=0.7087  perfect@10=0.7087
  [wbase_role_a03_T2] mrr=0.3051  recall@10=0.7087  hit@10=0.7087  coverage@10=0.7087  perfect@10=0.7087
  [wbase_vis_a03_T2] mrr=0.3051  recall@10=0.7087  hit@10=0.7087  coverage@10=0.7087  perfect@10=0.7087
  [wfull_a03_T2] mrr=0.3051  recall@10=0.7087  hit@10=0.7087  coverage@10=0.7087  perfect@10=0.7087
  [wfull_a01_T2] mrr=0.3112  recall@10=0.7462  hit@10=0.7462  coverage@10=0.7462  perfect@10=0.7462
  [wfull_a05_T2] mrr=0.3125  recall@10=0.6847  hit@10=0.6847  coverage@10=0.6847  perfect@10=0.6847
  [wfull_a07_T2] mrr=0.2884  recall@10=0.6577  hit@10=0.6577  coverage@10=0.6577  perfect@10=0.6577
  [wfull_a03_T1] mrr=0.3198  recall@10=0.7943  hit@10=0.7943  coverage@10=0.7943  perfect@10=0.7943
  [wfull_a03_T3] mrr=0.3111  recall@10=0.6937  hit@10=0.6937  coverage@10=0.6937  perfect@10=0.6937
  [ppr_a015] mrr=0.2858  recall@10=0.6396  hit@10=0.6396  coverage@10=0.6396  perfect@10=0.6396
  [ppr_a030] mrr=0.2982  recall@10=0.6637  hit@10=0.6637  coverage@10=0.6637  perfect@10=0.6637
  [ppr_a050] mrr=0.3183  recall@10=0.6907  hit@10=0.6907  coverage@10=0.6907  perfect@10=0.6907
  [ppr_a070] mrr=0.3140  recall@10=0.7192  hit@10=0.7192  coverage@10=0.7192  perfect@10=0.7192
  [ppr_a085] mrr=0.3125  recall@10=0.7387  hit@10=0.7387  coverage@10=0.7387  perfect@10=0.7387
  [ppr_unif_a030] mrr=0.2960  recall@10=0.6562  hit@10=0.6562  coverage@10=0.6562  perfect@10=0.6562
  [ppr_unif_a050] mrr=0.2996  recall@10=0.6787  hit@10=0.6787  coverage@10=0.6787  perfect@10=0.6787
  [prop_a03_T2] mrr=0.3051  recall@10=0.7087  hit@10=0.7087  coverage@10=0.7087  perfect@10=0.7087
  [prop_a01_T2] mrr=0.3112  recall@10=0.7462  hit@10=0.7462  coverage@10=0.7462  perfect@10=0.7462
  [prop_a05_T2] mrr=0.3125  recall@10=0.6847  hit@10=0.6847  coverage@10=0.6847  perfect@10=0.6847
  [prop_a07_T2] mrr=0.2884  recall@10=0.6577  hit@10=0.6577  coverage@10=0.6577  perfect@10=0.6577
  [prop_a03_T1] mrr=0.3198  recall@10=0.7943  hit@10=0.7943  coverage@10=0.7943  perfect@10=0.7943
  [prop_a03_T3] mrr=0.3111  recall@10=0.6937  hit@10=0.6937  coverage@10=0.6937  perfect@10=0.6937

SciEGQA:
  [no_prop] mrr=0.0372  recall@10=0.0104  hit@10=0.0752  coverage@10=0.0104  perfect@10=0.0092  cross_page_hit=0.2690
  [uniform_a01_T2] mrr=0.0354  recall@10=0.0141  hit@10=0.0721  coverage@10=0.0141  perfect@10=0.0105  cross_page_hit=0.1835
  [uniform_a03_T1] mrr=0.0350  recall@10=0.0144  hit@10=0.0752  coverage@10=0.0144  perfect@10=0.0105  cross_page_hit=0.1804
  [uniform_a03_T2] mrr=0.0354  recall@10=0.0144  hit@10=0.0696  coverage@10=0.0144  perfect@10=0.0105  cross_page_hit=0.1772
  [uniform_a03_T3] mrr=0.0351  recall@10=0.0138  hit@10=0.0678  coverage@10=0.0138  perfect@10=0.0105  cross_page_hit=0.1741
  [uniform_a05_T2] mrr=0.0352  recall@10=0.0143  hit@10=0.0696  coverage@10=0.0143  perfect@10=0.0105  cross_page_hit=0.1772
  [wbase_a03_T2] mrr=0.0367  recall@10=0.0147  hit@10=0.0696  coverage@10=0.0147  perfect@10=0.0105  cross_page_hit=0.1772
  [wbase_role_a03_T2] mrr=0.0367  recall@10=0.0147  hit@10=0.0696  coverage@10=0.0147  perfect@10=0.0105  cross_page_hit=0.1772
  [wbase_vis_a03_T2] mrr=0.0367  recall@10=0.0147  hit@10=0.0696  coverage@10=0.0147  perfect@10=0.0105  cross_page_hit=0.1772
  [wfull_a03_T2] mrr=0.0367  recall@10=0.0147  hit@10=0.0696  coverage@10=0.0147  perfect@10=0.0105  cross_page_hit=0.1772
  [wfull_a01_T2] mrr=0.0363  recall@10=0.0142  hit@10=0.0721  coverage@10=0.0142  perfect@10=0.0105  cross_page_hit=0.1835
  [wfull_a05_T2] mrr=0.0359  recall@10=0.0148  hit@10=0.0702  coverage@10=0.0148  perfect@10=0.0105  cross_page_hit=0.1772
  [wfull_a07_T2] mrr=0.0369  recall@10=0.0146  hit@10=0.0684  coverage@10=0.0146  perfect@10=0.0105  cross_page_hit=0.1772
  [wfull_a03_T1] mrr=0.0361  recall@10=0.0147  hit@10=0.0752  coverage@10=0.0147  perfect@10=0.0105  cross_page_hit=0.1804
  [wfull_a03_T3] mrr=0.0357  recall@10=0.0145  hit@10=0.0690  coverage@10=0.0145  perfect@10=0.0105  cross_page_hit=0.1741
  [ppr_a015] mrr=0.0366  recall@10=0.0151  hit@10=0.0684  coverage@10=0.0151  perfect@10=0.0105  cross_page_hit=0.1741
  [ppr_a030] mrr=0.0364  recall@10=0.0151  hit@10=0.0690  coverage@10=0.0151  perfect@10=0.0105  cross_page_hit=0.1741
  [ppr_a050] mrr=0.0361  recall@10=0.0151  hit@10=0.0702  coverage@10=0.0151  perfect@10=0.0105  cross_page_hit=0.1741
  [ppr_a070] mrr=0.0362  recall@10=0.0147  hit@10=0.0709  coverage@10=0.0147  perfect@10=0.0105  cross_page_hit=0.1772
  [ppr_a085] mrr=0.0369  recall@10=0.0141  hit@10=0.0702  coverage@10=0.0141  perfect@10=0.0105  cross_page_hit=0.1835
  [ppr_unif_a030] mrr=0.0353  recall@10=0.0145  hit@10=0.0678  coverage@10=0.0145  perfect@10=0.0105  cross_page_hit=0.1741
  [ppr_unif_a050] mrr=0.0357  recall@10=0.0145  hit@10=0.0690  coverage@10=0.0145  perfect@10=0.0105  cross_page_hit=0.1741
  [prop_a03_T2] mrr=0.0367  recall@10=0.0147  hit@10=0.0696  coverage@10=0.0147  perfect@10=0.0105  cross_page_hit=0.1772
  [prop_a01_T2] mrr=0.0363  recall@10=0.0142  hit@10=0.0721  coverage@10=0.0142  perfect@10=0.0105  cross_page_hit=0.1835
  [prop_a05_T2] mrr=0.0359  recall@10=0.0148  hit@10=0.0702  coverage@10=0.0148  perfect@10=0.0105  cross_page_hit=0.1772
  [prop_a07_T2] mrr=0.0369  recall@10=0.0146  hit@10=0.0684  coverage@10=0.0146  perfect@10=0.0105  cross_page_hit=0.1772
  [prop_a03_T1] mrr=0.0361  recall@10=0.0147  hit@10=0.0752  coverage@10=0.0147  perfect@10=0.0105  cross_page_hit=0.1804
  [prop_a03_T3] mrr=0.0357  recall@10=0.0145  hit@10=0.0690  coverage@10=0.0145  perfect@10=0.0105  cross_page_hit=0.1741

MMDocIR:
  [no_prop] mrr=0.0286  recall@10=0.0250  hit@10=0.0437  coverage@10=0.0250  perfect@10=0.0257  cross_page_hit=0.1525
  [uniform_a01_T2] mrr=0.0284  recall@10=0.0423  hit@10=0.0617  coverage@10=0.0423  perfect@10=0.0411  cross_page_hit=0.0678
  [uniform_a03_T1] mrr=0.0291  recall@10=0.0423  hit@10=0.0617  coverage@10=0.0423  perfect@10=0.0411  cross_page_hit=0.0678
  [uniform_a03_T2] mrr=0.0291  recall@10=0.0423  hit@10=0.0617  coverage@10=0.0423  perfect@10=0.0411  cross_page_hit=0.0678
  [uniform_a03_T3] mrr=0.0292  recall@10=0.0423  hit@10=0.0617  coverage@10=0.0423  perfect@10=0.0411  cross_page_hit=0.0678
  [uniform_a05_T2] mrr=0.0304  recall@10=0.0423  hit@10=0.0617  coverage@10=0.0423  perfect@10=0.0411  cross_page_hit=0.0678
  [wbase_a03_T2] mrr=0.0291  recall@10=0.0423  hit@10=0.0617  coverage@10=0.0423  perfect@10=0.0411  cross_page_hit=0.0678
  [wbase_role_a03_T2] mrr=0.0291  recall@10=0.0423  hit@10=0.0617  coverage@10=0.0423  perfect@10=0.0411  cross_page_hit=0.0678
  [wbase_vis_a03_T2] mrr=0.0291  recall@10=0.0423  hit@10=0.0617  coverage@10=0.0423  perfect@10=0.0411  cross_page_hit=0.0678
  [wfull_a03_T2] mrr=0.0291  recall@10=0.0423  hit@10=0.0617  coverage@10=0.0423  perfect@10=0.0411  cross_page_hit=0.0678
  [wfull_a01_T2] mrr=0.0284  recall@10=0.0423  hit@10=0.0617  coverage@10=0.0423  perfect@10=0.0411  cross_page_hit=0.0678
  [wfull_a05_T2] mrr=0.0304  recall@10=0.0423  hit@10=0.0617  coverage@10=0.0423  perfect@10=0.0411  cross_page_hit=0.0678
  [wfull_a07_T2] mrr=0.0292  recall@10=0.0461  hit@10=0.0643  coverage@10=0.0461  perfect@10=0.0463  cross_page_hit=0.0678
  [wfull_a03_T1] mrr=0.0291  recall@10=0.0423  hit@10=0.0617  coverage@10=0.0423  perfect@10=0.0411  cross_page_hit=0.0678
  [wfull_a03_T3] mrr=0.0292  recall@10=0.0423  hit@10=0.0617  coverage@10=0.0423  perfect@10=0.0411  cross_page_hit=0.0678
  [ppr_a015] mrr=0.0288  recall@10=0.0435  hit@10=0.0617  coverage@10=0.0435  perfect@10=0.0437  cross_page_hit=0.0678
  [ppr_a030] mrr=0.0289  recall@10=0.0423  hit@10=0.0617  coverage@10=0.0423  perfect@10=0.0411  cross_page_hit=0.0678
  [ppr_a050] mrr=0.0280  recall@10=0.0397  hit@10=0.0591  coverage@10=0.0397  perfect@10=0.0386  cross_page_hit=0.0678
  [ppr_a070] mrr=0.0277  recall@10=0.0423  hit@10=0.0617  coverage@10=0.0423  perfect@10=0.0411  cross_page_hit=0.0678
  [ppr_a085] mrr=0.0275  recall@10=0.0423  hit@10=0.0617  coverage@10=0.0423  perfect@10=0.0411  cross_page_hit=0.0678
  [ppr_unif_a030] mrr=0.0289  recall@10=0.0423  hit@10=0.0617  coverage@10=0.0423  perfect@10=0.0411  cross_page_hit=0.0678
  [ppr_unif_a050] mrr=0.0280  recall@10=0.0397  hit@10=0.0591  coverage@10=0.0397  perfect@10=0.0386  cross_page_hit=0.0678
  [prop_a03_T2] mrr=0.0291  recall@10=0.0423  hit@10=0.0617  coverage@10=0.0423  perfect@10=0.0411  cross_page_hit=0.0678
  [prop_a01_T2] mrr=0.0284  recall@10=0.0423  hit@10=0.0617  coverage@10=0.0423  perfect@10=0.0411  cross_page_hit=0.0678
  [prop_a05_T2] mrr=0.0304  recall@10=0.0423  hit@10=0.0617  coverage@10=0.0423  perfect@10=0.0411  cross_page_hit=0.0678
  [prop_a07_T2] mrr=0.0292  recall@10=0.0461  hit@10=0.0643  coverage@10=0.0461  perfect@10=0.0463  cross_page_hit=0.0678
  [prop_a03_T1] mrr=0.0291  recall@10=0.0423  hit@10=0.0617  coverage@10=0.0423  perfect@10=0.0411  cross_page_hit=0.0678
  [prop_a03_T3] mrr=0.0292  recall@10=0.0423  hit@10=0.0617  coverage@10=0.0423  perfect@10=0.0411  cross_page_hit=0.0678
[main1:128027:0:128027] Caught signal 11 (Segmentation fault: address not mapped to object at address 0x7f4e027adec0)
==== backtrace (tid: 128027) ====
 0  /opt/hpcx/ucx/lib/libucs.so.0(ucs_handle_error+0x2e4) [0x7f4df0b06774]
 1  /opt/hpcx/ucx/lib/libucs.so.0(+0x3796a) [0x7f4df0b0696a]
 2  /opt/hpcx/ucx/lib/libucs.so.0(+0x37ba8) [0x7f4df0b06ba8]
 3  /usr/lib/x86_64-linux-gnu/libc.so.6(+0x45330) [0x7f4e02a33330]
 4  /usr/lib/x86_64-linux-gnu/libnvidia-ml.so.575.51.03(+0x336c1) [0x7f4dfc0336c1]
 5  /usr/lib/x86_64-linux-gnu/libnvidia-ml.so.575.51.03(nvmlShutdown+0xe) [0x7f4dfc01cfae]
 6  /opt/kernel/libcudahook.ubuntu18.04.x86_64.so(+0xc3caf) [0x7f4e02cc3caf]
 7  /opt/kernel/libcudahook.ubuntu18.04.x86_64.so(+0xc3d48) [0x7f4e02cc3d48]
 8  /opt/kernel/libcudahook.ubuntu18.04.x86_64.so(+0xc3a2d) [0x7f4e02cc3a2d]
 9  /lib64/ld-linux-x86-64.so.2(+0x10f2) [0x7f4e037f00f2]
10  /lib64/ld-linux-x86-64.so.2(+0x5578) [0x7f4e037f4578]
11  /usr/lib/x86_64-linux-gnu/libc.so.6(+0x47a76) [0x7f4e02a35a76]
12  /usr/lib/x86_64-linux-gnu/libc.so.6(+0x47bbe) [0x7f4e02a35bbe]
13  /usr/lib/x86_64-linux-gnu/libc.so.6(+0x2a1d1) [0x7f4e02a181d1]
14  /usr/lib/x86_64-linux-gnu/libc.so.6(__libc_start_main+0x8b) [0x7f4e02a1828b]
15  /usr/bin/python(_start+0x25) [0x657ce5]
=================================
  eval exited with code -11 but eval.json looks complete — treating as success
  eval done in 6.4 min

=== Experiment cov_00 complete → /home/work/dl/dl_project/eval/results/experiments/cov_00_cov_00/summary.json ===
