=== Experiment row e: grcl_no_gpe ===
  description: LoRA + GRCL (graded graph-relevance), no GPE
  output dir:  /home/work/dl/dl_project/eval/results/experiments/e_grcl_no_gpe
  checkpoint:  ckpt/e_grcl_no_gpe.pt

--- Training ---
$ /usr/bin/python -m pipeline.trainer --config e --out /home/work/dl/dl_project/eval/results/experiments/e_grcl_no_gpe/train.json --save_ckpt ckpt/e_grcl_no_gpe.pt
device: cuda
args: {'config': 'e', 'train_sample': 0, 'steps': 8000, 'batch': 16, 'pool': 12, 'lr': 3e-05, 'lora_rank': 8, 'tau': 0.07, 'lambda_cov': 0.0, 'lambda_cons': 0.0, 'use_gpe': 0, 'loss_type': 'grcl', 'infonce_threshold': 0.5, 'anchor_kind': 'mixed', 'warmup_steps': 200, 'weight_decay': 0.01, 'eval_every': 500, 'eval_cf_pairs': 200, 'eval_recall_n': 200, 'seed': 42, 'out': '/home/work/dl/dl_project/eval/results/experiments/e_grcl_no_gpe/train.json', 'save_ckpt': 'ckpt/e_grcl_no_gpe.pt', 'gamma': 0.5, 'gpe_facets': 'type,role,depth,pos', 'lora_alpha': 16, 'hf_id': 'google/siglip2-base-patch16-224', 'edge_types_only': None, 'query_pe_dropout': 0.5, 'section_role_mode': 'normal', 'tokens_per_visual': 0}

[1/3] loading SPIQA test-A (held-out eval)...
  loading element_graph_v2.json
    118 papers kept
  loading elements_v2.jsonl
    9,039 element records kept
  loading SPIQA_testA.json
    666 QA pairs kept
    caption_of: 1,115  refer_to: 1,191  (skipped 0 due to missing image)

[2/3] loading SPIQA train (sample N=0)...
  loading element_graph_v2.json
    25,459 papers kept
  loading elements_v2.jsonl
    1,873,124 element records kept
  loading SPIQA_train.json
    262,524 QA pairs kept
    caption_of: 262,524  refer_to: 231,101  (skipped 0 due to missing image)

[3/3] building encoder...
[ElementTokenEncoder] loading google/siglip2-base-patch16-224
Using a slow image processor as `use_fast` is unset and a slow processor was saved with this model. `use_fast=True` will be the default behavior in v4.52, even if the model was saved with a slow processor. This will result in minor differences in outputs. You'll still be able to use a slow processor with `use_fast=False`.
[ElementTokenEncoder] LoRA r=8 α=16 targets=['q_proj', 'k_proj', 'v_proj', 'out_proj'] applied (d_text=768, d_vision=768, cls=False)
trainable params: 1,191,936 || all params: 376,379,906 || trainable%: 0.3167

[eval 0] held-out test-A baseline...
  caption-figure cos: +0.1147
  Recall@1/5/10 (n=200): 0.0% / 0.0% / 0.0%
/home/work/dl/dl_project/pipeline/graph_pe.py:112: UserWarning: Converting a tensor with requires_grad=True to a scalar may lead to unexpected behavior.
Consider using tensor.detach() first. (Triggered internally at /opt/pytorch/pytorch/aten/src/ATen/native/Scalar.cpp:22.)
  "type": torch.sigmoid(self.raw_alpha_type).item(),
step    20  L_grcl=191.78  L_cov=55.51  L_cons=0.000  L_tot=191.78  diag=+0.117  mix=[cap:104/ref:110/nl:106]  β=0.047  α_t=0.047  (14s)
step    40  L_grcl=189.57  L_cov=55.18  L_cons=0.000  L_tot=189.57  diag=+0.136  mix=[cap:120/ref:109/nl:91]  β=0.047  α_t=0.047  (29s)
step    60  L_grcl=171.89  L_cov=50.52  L_cons=0.000  L_tot=171.89  diag=+0.177  mix=[cap:85/ref:117/nl:118]  β=0.047  α_t=0.047  (44s)
step    80  L_grcl=166.61  L_cov=45.93  L_cons=0.000  L_tot=166.61  diag=+0.242  mix=[cap:105/ref:113/nl:102]  β=0.047  α_t=0.047  (60s)
step   100  L_grcl=143.29  L_cov=40.67  L_cons=0.000  L_tot=143.29  diag=+0.343  mix=[cap:108/ref:109/nl:103]  β=0.047  α_t=0.047  (74s)
step   120  L_grcl=125.79  L_cov=32.17  L_cons=0.000  L_tot=125.79  diag=+0.465  mix=[cap:117/ref:113/nl:90]  β=0.047  α_t=0.047  (88s)
step   140  L_grcl= 88.25  L_cov=20.81  L_cons=0.000  L_tot= 88.25  diag=+0.572  mix=[cap:99/ref:118/nl:103]  β=0.047  α_t=0.047  (103s)
step   160  L_grcl= 64.09  L_cov=12.17  L_cons=0.000  L_tot= 64.09  diag=+0.655  mix=[cap:106/ref:117/nl:97]  β=0.047  α_t=0.047  (117s)
step   180  L_grcl= 47.03  L_cov= 6.48  L_cons=0.000  L_tot= 47.03  diag=+0.698  mix=[cap:107/ref:99/nl:114]  β=0.047  α_t=0.047  (131s)
step   200  L_grcl= 34.35  L_cov= 3.58  L_cons=0.000  L_tot= 34.35  diag=+0.757  mix=[cap:112/ref:109/nl:99]  β=0.047  α_t=0.047  (145s)
step   220  L_grcl= 22.21  L_cov= 1.03  L_cons=0.000  L_tot= 22.21  diag=+0.813  mix=[cap:129/ref:113/nl:78]  β=0.047  α_t=0.047  (160s)
step   240  L_grcl= 13.40  L_cov= 0.22  L_cons=0.000  L_tot= 13.40  diag=+0.856  mix=[cap:124/ref:109/nl:87]  β=0.047  α_t=0.047  (174s)
step   260  L_grcl=  9.74  L_cov= 0.17  L_cons=0.000  L_tot=  9.74  diag=+0.896  mix=[cap:106/ref:114/nl:100]  β=0.047  α_t=0.047  (188s)
step   280  L_grcl=  7.48  L_cov= 0.15  L_cons=0.000  L_tot=  7.48  diag=+0.925  mix=[cap:96/ref:129/nl:95]  β=0.047  α_t=0.047  (202s)
step   300  L_grcl=  4.74  L_cov= 0.20  L_cons=0.000  L_tot=  4.74  diag=+0.944  mix=[cap:116/ref:99/nl:105]  β=0.047  α_t=0.047  (216s)
step   320  L_grcl=  4.07  L_cov= 0.21  L_cons=0.000  L_tot=  4.07  diag=+0.962  mix=[cap:88/ref:126/nl:106]  β=0.047  α_t=0.047  (231s)
step   340  L_grcl=  3.05  L_cov= 0.32  L_cons=0.000  L_tot=  3.05  diag=+0.972  mix=[cap:120/ref:105/nl:95]  β=0.047  α_t=0.047  (245s)
step   360  L_grcl=  2.71  L_cov= 0.37  L_cons=0.000  L_tot=  2.71  diag=+0.981  mix=[cap:88/ref:120/nl:112]  β=0.047  α_t=0.047  (260s)
step   380  L_grcl=  2.36  L_cov= 0.38  L_cons=0.000  L_tot=  2.36  diag=+0.986  mix=[cap:92/ref:113/nl:115]  β=0.047  α_t=0.047  (274s)
step   400  L_grcl=  2.49  L_cov= 0.36  L_cons=0.000  L_tot=  2.49  diag=+0.988  mix=[cap:108/ref:127/nl:85]  β=0.047  α_t=0.047  (288s)
step   420  L_grcl=  2.21  L_cov= 0.37  L_cons=0.000  L_tot=  2.21  diag=+0.991  mix=[cap:115/ref:111/nl:94]  β=0.047  α_t=0.047  (303s)
step   440  L_grcl=  2.14  L_cov= 0.37  L_cons=0.000  L_tot=  2.14  diag=+0.992  mix=[cap:113/ref:108/nl:99]  β=0.047  α_t=0.047  (317s)
step   460  L_grcl=  2.15  L_cov= 0.40  L_cons=0.000  L_tot=  2.15  diag=+0.993  mix=[cap:109/ref:104/nl:107]  β=0.047  α_t=0.047  (331s)
step   480  L_grcl=  2.11  L_cov= 0.41  L_cons=0.000  L_tot=  2.11  diag=+0.994  mix=[cap:93/ref:121/nl:106]  β=0.047  α_t=0.047  (345s)
step   500  L_grcl=  2.05  L_cov= 0.40  L_cons=0.000  L_tot=  2.05  diag=+0.994  mix=[cap:131/ref:97/nl:92]  β=0.047  α_t=0.047  (359s)

  [eval @ step 500] held-out test-A...
    cap-fig cos: +0.9950  (Δ +0.8803)
    R@1/5/10: 8.0% / 36.5% / 67.5%  (Δ +8.0 / +36.5 / +67.5)
    [ckpt saved @ step 500 R@10=67.5%]

step   520  L_grcl=  2.06  L_cov= 0.41  L_cons=0.000  L_tot=  2.06  diag=+0.994  mix=[cap:105/ref:103/nl:112]  β=0.047  α_t=0.047  (393s)
step   540  L_grcl=  2.10  L_cov= 0.39  L_cons=0.000  L_tot=  2.10  diag=+0.995  mix=[cap:103/ref:125/nl:92]  β=0.047  α_t=0.047  (407s)
step   560  L_grcl=  2.09  L_cov= 0.42  L_cons=0.000  L_tot=  2.09  diag=+0.995  mix=[cap:102/ref:121/nl:97]  β=0.047  α_t=0.047  (422s)
step   580  L_grcl=  2.03  L_cov= 0.40  L_cons=0.000  L_tot=  2.03  diag=+0.995  mix=[cap:111/ref:111/nl:98]  β=0.047  α_t=0.047  (436s)
step   600  L_grcl=  2.08  L_cov= 0.42  L_cons=0.000  L_tot=  2.08  diag=+0.995  mix=[cap:98/ref:120/nl:102]  β=0.047  α_t=0.047  (450s)
step   620  L_grcl=  2.01  L_cov= 0.41  L_cons=0.000  L_tot=  2.01  diag=+0.995  mix=[cap:108/ref:114/nl:98]  β=0.047  α_t=0.047  (465s)
step   640  L_grcl=  2.01  L_cov= 0.42  L_cons=0.000  L_tot=  2.01  diag=+0.995  mix=[cap:108/ref:106/nl:106]  β=0.047  α_t=0.047  (479s)
step   660  L_grcl=  2.04  L_cov= 0.40  L_cons=0.000  L_tot=  2.04  diag=+0.995  mix=[cap:100/ref:115/nl:105]  β=0.047  α_t=0.047  (494s)
step   680  L_grcl=  2.05  L_cov= 0.41  L_cons=0.000  L_tot=  2.05  diag=+0.995  mix=[cap:99/ref:113/nl:108]  β=0.047  α_t=0.047  (508s)
step   700  L_grcl=  2.09  L_cov= 0.42  L_cons=0.000  L_tot=  2.09  diag=+0.995  mix=[cap:94/ref:116/nl:110]  β=0.047  α_t=0.047  (522s)
step   720  L_grcl=  2.05  L_cov= 0.43  L_cons=0.000  L_tot=  2.05  diag=+0.996  mix=[cap:100/ref:116/nl:104]  β=0.047  α_t=0.047  (536s)
step   740  L_grcl=  2.04  L_cov= 0.43  L_cons=0.000  L_tot=  2.04  diag=+0.996  mix=[cap:106/ref:104/nl:110]  β=0.047  α_t=0.047  (550s)
step   760  L_grcl=  2.07  L_cov= 0.42  L_cons=0.000  L_tot=  2.07  diag=+0.996  mix=[cap:97/ref:102/nl:121]  β=0.047  α_t=0.047  (564s)
step   780  L_grcl=  2.05  L_cov= 0.43  L_cons=0.000  L_tot=  2.05  diag=+0.995  mix=[cap:93/ref:107/nl:120]  β=0.047  α_t=0.047  (579s)
step   800  L_grcl=  2.01  L_cov= 0.41  L_cons=0.000  L_tot=  2.01  diag=+0.995  mix=[cap:98/ref:102/nl:120]  β=0.047  α_t=0.047  (593s)
step   820  L_grcl=  2.01  L_cov= 0.40  L_cons=0.000  L_tot=  2.01  diag=+0.995  mix=[cap:108/ref:107/nl:105]  β=0.047  α_t=0.047  (607s)
step   840  L_grcl=  2.02  L_cov= 0.40  L_cons=0.000  L_tot=  2.02  diag=+0.995  mix=[cap:106/ref:117/nl:97]  β=0.047  α_t=0.047  (622s)
step   860  L_grcl=  2.05  L_cov= 0.42  L_cons=0.000  L_tot=  2.05  diag=+0.995  mix=[cap:92/ref:117/nl:111]  β=0.047  α_t=0.047  (636s)
step   880  L_grcl=  2.01  L_cov= 0.41  L_cons=0.000  L_tot=  2.01  diag=+0.996  mix=[cap:99/ref:112/nl:109]  β=0.047  α_t=0.047  (651s)
step   900  L_grcl=  2.04  L_cov= 0.41  L_cons=0.000  L_tot=  2.04  diag=+0.996  mix=[cap:108/ref:106/nl:106]  β=0.047  α_t=0.047  (665s)
step   920  L_grcl=  1.99  L_cov= 0.40  L_cons=0.000  L_tot=  1.99  diag=+0.996  mix=[cap:91/ref:123/nl:106]  β=0.047  α_t=0.047  (679s)
step   940  L_grcl=  2.01  L_cov= 0.42  L_cons=0.000  L_tot=  2.01  diag=+0.995  mix=[cap:104/ref:108/nl:108]  β=0.047  α_t=0.047  (694s)
step   960  L_grcl=  1.97  L_cov= 0.39  L_cons=0.000  L_tot=  1.97  diag=+0.996  mix=[cap:101/ref:101/nl:118]  β=0.047  α_t=0.047  (708s)
step   980  L_grcl=  2.02  L_cov= 0.41  L_cons=0.000  L_tot=  2.02  diag=+0.996  mix=[cap:85/ref:117/nl:118]  β=0.047  α_t=0.047  (722s)
step  1000  L_grcl=  1.94  L_cov= 0.40  L_cons=0.000  L_tot=  1.94  diag=+0.995  mix=[cap:118/ref:118/nl:84]  β=0.047  α_t=0.047  (736s)

  [eval @ step 1000] held-out test-A...
    cap-fig cos: +0.9958  (Δ +0.8811)
    R@1/5/10: 9.0% / 42.5% / 77.0%  (Δ +9.0 / +42.5 / +77.0)
    [ckpt saved @ step 1000 R@10=77.0%]

step  1020  L_grcl=  2.06  L_cov= 0.41  L_cons=0.000  L_tot=  2.06  diag=+0.995  mix=[cap:119/ref:113/nl:88]  β=0.047  α_t=0.047  (769s)
step  1040  L_grcl=  1.96  L_cov= 0.41  L_cons=0.000  L_tot=  1.96  diag=+0.996  mix=[cap:106/ref:107/nl:107]  β=0.047  α_t=0.047  (784s)
step  1060  L_grcl=  2.06  L_cov= 0.40  L_cons=0.000  L_tot=  2.06  diag=+0.995  mix=[cap:107/ref:110/nl:103]  β=0.047  α_t=0.047  (798s)
step  1080  L_grcl=  1.96  L_cov= 0.39  L_cons=0.000  L_tot=  1.96  diag=+0.996  mix=[cap:112/ref:112/nl:96]  β=0.047  α_t=0.047  (812s)
step  1100  L_grcl=  2.04  L_cov= 0.41  L_cons=0.000  L_tot=  2.04  diag=+0.996  mix=[cap:105/ref:116/nl:99]  β=0.047  α_t=0.047  (826s)
step  1120  L_grcl=  2.01  L_cov= 0.42  L_cons=0.000  L_tot=  2.01  diag=+0.996  mix=[cap:121/ref:89/nl:110]  β=0.047  α_t=0.047  (841s)
step  1140  L_grcl=  2.04  L_cov= 0.42  L_cons=0.000  L_tot=  2.04  diag=+0.996  mix=[cap:111/ref:98/nl:111]  β=0.047  α_t=0.047  (855s)
step  1160  L_grcl=  1.93  L_cov= 0.41  L_cons=0.000  L_tot=  1.93  diag=+0.995  mix=[cap:121/ref:95/nl:104]  β=0.047  α_t=0.047  (869s)
step  1180  L_grcl=  1.94  L_cov= 0.39  L_cons=0.000  L_tot=  1.94  diag=+0.995  mix=[cap:121/ref:113/nl:86]  β=0.047  α_t=0.047  (883s)
step  1200  L_grcl=  1.95  L_cov= 0.40  L_cons=0.000  L_tot=  1.95  diag=+0.995  mix=[cap:112/ref:99/nl:109]  β=0.047  α_t=0.047  (897s)
step  1220  L_grcl=  1.94  L_cov= 0.39  L_cons=0.000  L_tot=  1.94  diag=+0.995  mix=[cap:105/ref:109/nl:106]  β=0.047  α_t=0.047  (911s)
step  1240  L_grcl=  2.00  L_cov= 0.40  L_cons=0.000  L_tot=  2.00  diag=+0.995  mix=[cap:111/ref:102/nl:107]  β=0.047  α_t=0.047  (926s)
step  1260  L_grcl=  2.08  L_cov= 0.39  L_cons=0.000  L_tot=  2.08  diag=+0.996  mix=[cap:104/ref:121/nl:95]  β=0.047  α_t=0.047  (939s)
step  1280  L_grcl=  1.98  L_cov= 0.42  L_cons=0.000  L_tot=  1.98  diag=+0.996  mix=[cap:110/ref:105/nl:105]  β=0.047  α_t=0.047  (954s)
step  1300  L_grcl=  2.00  L_cov= 0.40  L_cons=0.000  L_tot=  2.00  diag=+0.995  mix=[cap:107/ref:132/nl:81]  β=0.047  α_t=0.047  (968s)
step  1320  L_grcl=  1.98  L_cov= 0.41  L_cons=0.000  L_tot=  1.98  diag=+0.996  mix=[cap:104/ref:125/nl:91]  β=0.047  α_t=0.047  (982s)
step  1340  L_grcl=  1.99  L_cov= 0.40  L_cons=0.000  L_tot=  1.99  diag=+0.996  mix=[cap:110/ref:103/nl:107]  β=0.047  α_t=0.047  (999s)
step  1360  L_grcl=  2.03  L_cov= 0.43  L_cons=0.000  L_tot=  2.03  diag=+0.996  mix=[cap:90/ref:108/nl:122]  β=0.047  α_t=0.047  (1014s)
step  1380  L_grcl=  1.98  L_cov= 0.42  L_cons=0.000  L_tot=  1.98  diag=+0.995  mix=[cap:111/ref:104/nl:105]  β=0.047  α_t=0.047  (1028s)
step  1400  L_grcl=  1.97  L_cov= 0.41  L_cons=0.000  L_tot=  1.97  diag=+0.995  mix=[cap:110/ref:99/nl:111]  β=0.047  α_t=0.047  (1043s)
step  1420  L_grcl=  1.95  L_cov= 0.39  L_cons=0.000  L_tot=  1.95  diag=+0.995  mix=[cap:106/ref:120/nl:94]  β=0.047  α_t=0.047  (1057s)
step  1440  L_grcl=  1.98  L_cov= 0.40  L_cons=0.000  L_tot=  1.98  diag=+0.995  mix=[cap:102/ref:107/nl:111]  β=0.047  α_t=0.047  (1071s)
step  1460  L_grcl=  2.00  L_cov= 0.41  L_cons=0.000  L_tot=  2.00  diag=+0.995  mix=[cap:99/ref:114/nl:107]  β=0.047  α_t=0.047  (1086s)
step  1480  L_grcl=  1.95  L_cov= 0.41  L_cons=0.000  L_tot=  1.95  diag=+0.995  mix=[cap:104/ref:88/nl:128]  β=0.047  α_t=0.047  (1100s)
step  1500  L_grcl=  1.95  L_cov= 0.39  L_cons=0.000  L_tot=  1.95  diag=+0.995  mix=[cap:97/ref:108/nl:115]  β=0.047  α_t=0.047  (1114s)

  [eval @ step 1500] held-out test-A...
    cap-fig cos: +0.9957  (Δ +0.8809)
    R@1/5/10: 8.5% / 47.0% / 74.5%  (Δ +8.5 / +47.0 / +74.5)

step  1520  L_grcl=  2.03  L_cov= 0.41  L_cons=0.000  L_tot=  2.03  diag=+0.995  mix=[cap:101/ref:112/nl:107]  β=0.047  α_t=0.047  (1145s)
step  1540  L_grcl=  1.94  L_cov= 0.41  L_cons=0.000  L_tot=  1.94  diag=+0.995  mix=[cap:108/ref:108/nl:104]  β=0.047  α_t=0.047  (1158s)
step  1560  L_grcl=  1.96  L_cov= 0.39  L_cons=0.000  L_tot=  1.96  diag=+0.995  mix=[cap:102/ref:104/nl:114]  β=0.047  α_t=0.047  (1173s)
step  1580  L_grcl=  2.03  L_cov= 0.41  L_cons=0.000  L_tot=  2.03  diag=+0.995  mix=[cap:78/ref:129/nl:113]  β=0.047  α_t=0.047  (1187s)
step  1600  L_grcl=  1.94  L_cov= 0.41  L_cons=0.000  L_tot=  1.94  diag=+0.995  mix=[cap:113/ref:109/nl:98]  β=0.047  α_t=0.047  (1202s)
step  1620  L_grcl=  1.99  L_cov= 0.40  L_cons=0.000  L_tot=  1.99  diag=+0.995  mix=[cap:95/ref:110/nl:115]  β=0.047  α_t=0.047  (1216s)
step  1640  L_grcl=  1.94  L_cov= 0.41  L_cons=0.000  L_tot=  1.94  diag=+0.995  mix=[cap:105/ref:103/nl:112]  β=0.047  α_t=0.047  (1231s)
step  1660  L_grcl=  1.99  L_cov= 0.42  L_cons=0.000  L_tot=  1.99  diag=+0.995  mix=[cap:99/ref:102/nl:119]  β=0.047  α_t=0.047  (1245s)
step  1680  L_grcl=  1.96  L_cov= 0.40  L_cons=0.000  L_tot=  1.96  diag=+0.995  mix=[cap:115/ref:98/nl:107]  β=0.047  α_t=0.047  (1259s)
step  1700  L_grcl=  1.97  L_cov= 0.40  L_cons=0.000  L_tot=  1.97  diag=+0.995  mix=[cap:94/ref:118/nl:108]  β=0.047  α_t=0.047  (1274s)
step  1720  L_grcl=  2.02  L_cov= 0.41  L_cons=0.000  L_tot=  2.02  diag=+0.996  mix=[cap:102/ref:105/nl:113]  β=0.047  α_t=0.047  (1288s)
step  1740  L_grcl=  1.96  L_cov= 0.41  L_cons=0.000  L_tot=  1.96  diag=+0.995  mix=[cap:108/ref:111/nl:101]  β=0.047  α_t=0.047  (1302s)
step  1760  L_grcl=  2.02  L_cov= 0.40  L_cons=0.000  L_tot=  2.02  diag=+0.995  mix=[cap:114/ref:98/nl:108]  β=0.047  α_t=0.047  (1317s)
step  1780  L_grcl=  1.97  L_cov= 0.40  L_cons=0.000  L_tot=  1.97  diag=+0.995  mix=[cap:115/ref:92/nl:113]  β=0.047  α_t=0.047  (1331s)
step  1800  L_grcl=  1.90  L_cov= 0.39  L_cons=0.000  L_tot=  1.90  diag=+0.995  mix=[cap:115/ref:97/nl:108]  β=0.047  α_t=0.047  (1346s)
step  1820  L_grcl=  1.96  L_cov= 0.39  L_cons=0.000  L_tot=  1.96  diag=+0.995  mix=[cap:116/ref:109/nl:95]  β=0.047  α_t=0.047  (1360s)
step  1840  L_grcl=  2.00  L_cov= 0.39  L_cons=0.000  L_tot=  2.00  diag=+0.995  mix=[cap:90/ref:115/nl:115]  β=0.047  α_t=0.047  (1374s)
step  1860  L_grcl=  2.01  L_cov= 0.41  L_cons=0.000  L_tot=  2.01  diag=+0.995  mix=[cap:97/ref:120/nl:103]  β=0.047  α_t=0.047  (1388s)
step  1880  L_grcl=  1.91  L_cov= 0.39  L_cons=0.000  L_tot=  1.91  diag=+0.995  mix=[cap:108/ref:116/nl:96]  β=0.047  α_t=0.047  (1403s)
step  1900  L_grcl=  1.95  L_cov= 0.39  L_cons=0.000  L_tot=  1.95  diag=+0.995  mix=[cap:106/ref:111/nl:103]  β=0.047  α_t=0.047  (1417s)
step  1920  L_grcl=  1.97  L_cov= 0.39  L_cons=0.000  L_tot=  1.97  diag=+0.994  mix=[cap:94/ref:115/nl:111]  β=0.047  α_t=0.047  (1431s)
step  1940  L_grcl=  1.96  L_cov= 0.40  L_cons=0.000  L_tot=  1.96  diag=+0.995  mix=[cap:117/ref:98/nl:105]  β=0.047  α_t=0.047  (1446s)
step  1960  L_grcl=  1.96  L_cov= 0.39  L_cons=0.000  L_tot=  1.96  diag=+0.995  mix=[cap:99/ref:112/nl:109]  β=0.047  α_t=0.047  (1460s)
step  1980  L_grcl=  1.98  L_cov= 0.40  L_cons=0.000  L_tot=  1.98  diag=+0.995  mix=[cap:104/ref:98/nl:118]  β=0.047  α_t=0.047  (1474s)
step  2000  L_grcl=  1.92  L_cov= 0.40  L_cons=0.000  L_tot=  1.92  diag=+0.995  mix=[cap:107/ref:95/nl:118]  β=0.047  α_t=0.047  (1489s)

  [eval @ step 2000] held-out test-A...
    cap-fig cos: +0.9957  (Δ +0.8809)
    R@1/5/10: 8.5% / 46.0% / 75.5%  (Δ +8.5 / +46.0 / +75.5)

step  2020  L_grcl=  1.92  L_cov= 0.38  L_cons=0.000  L_tot=  1.92  diag=+0.995  mix=[cap:120/ref:91/nl:109]  β=0.047  α_t=0.047  (1515s)
step  2040  L_grcl=  1.96  L_cov= 0.39  L_cons=0.000  L_tot=  1.96  diag=+0.995  mix=[cap:104/ref:117/nl:99]  β=0.047  α_t=0.047  (1529s)
step  2060  L_grcl=  1.91  L_cov= 0.37  L_cons=0.000  L_tot=  1.91  diag=+0.995  mix=[cap:112/ref:110/nl:98]  β=0.047  α_t=0.047  (1543s)
step  2080  L_grcl=  1.96  L_cov= 0.40  L_cons=0.000  L_tot=  1.96  diag=+0.995  mix=[cap:112/ref:99/nl:109]  β=0.047  α_t=0.047  (1558s)
step  2100  L_grcl=  1.96  L_cov= 0.40  L_cons=0.000  L_tot=  1.96  diag=+0.995  mix=[cap:109/ref:108/nl:103]  β=0.047  α_t=0.047  (1572s)
step  2120  L_grcl=  1.92  L_cov= 0.38  L_cons=0.000  L_tot=  1.92  diag=+0.995  mix=[cap:119/ref:115/nl:86]  β=0.047  α_t=0.047  (1586s)
step  2140  L_grcl=  1.96  L_cov= 0.38  L_cons=0.000  L_tot=  1.96  diag=+0.995  mix=[cap:102/ref:111/nl:107]  β=0.047  α_t=0.047  (1601s)
step  2160  L_grcl=  1.97  L_cov= 0.39  L_cons=0.000  L_tot=  1.97  diag=+0.995  mix=[cap:96/ref:111/nl:113]  β=0.047  α_t=0.047  (1615s)
step  2180  L_grcl=  1.95  L_cov= 0.40  L_cons=0.000  L_tot=  1.95  diag=+0.995  mix=[cap:96/ref:114/nl:110]  β=0.047  α_t=0.047  (1629s)
step  2200  L_grcl=  1.97  L_cov= 0.40  L_cons=0.000  L_tot=  1.97  diag=+0.994  mix=[cap:92/ref:116/nl:112]  β=0.047  α_t=0.047  (1644s)
step  2220  L_grcl=  1.93  L_cov= 0.39  L_cons=0.000  L_tot=  1.93  diag=+0.995  mix=[cap:97/ref:110/nl:113]  β=0.047  α_t=0.047  (1658s)
step  2240  L_grcl=  2.00  L_cov= 0.40  L_cons=0.000  L_tot=  2.00  diag=+0.995  mix=[cap:95/ref:116/nl:109]  β=0.047  α_t=0.047  (1672s)
step  2260  L_grcl=  2.00  L_cov= 0.41  L_cons=0.000  L_tot=  2.00  diag=+0.995  mix=[cap:111/ref:94/nl:115]  β=0.047  α_t=0.047  (1687s)
step  2280  L_grcl=  1.96  L_cov= 0.40  L_cons=0.000  L_tot=  1.96  diag=+0.995  mix=[cap:93/ref:119/nl:108]  β=0.047  α_t=0.047  (1702s)
step  2300  L_grcl=  1.89  L_cov= 0.39  L_cons=0.000  L_tot=  1.89  diag=+0.995  mix=[cap:117/ref:102/nl:101]  β=0.047  α_t=0.047  (1716s)
step  2320  L_grcl=  1.95  L_cov= 0.37  L_cons=0.000  L_tot=  1.95  diag=+0.994  mix=[cap:113/ref:100/nl:107]  β=0.047  α_t=0.047  (1730s)
step  2340  L_grcl=  1.94  L_cov= 0.39  L_cons=0.000  L_tot=  1.94  diag=+0.994  mix=[cap:100/ref:105/nl:115]  β=0.047  α_t=0.047  (1744s)
step  2360  L_grcl=  1.93  L_cov= 0.39  L_cons=0.000  L_tot=  1.93  diag=+0.995  mix=[cap:108/ref:111/nl:101]  β=0.047  α_t=0.047  (1759s)
step  2380  L_grcl=  1.97  L_cov= 0.39  L_cons=0.000  L_tot=  1.97  diag=+0.995  mix=[cap:100/ref:110/nl:110]  β=0.047  α_t=0.047  (1773s)
step  2400  L_grcl=  1.94  L_cov= 0.40  L_cons=0.000  L_tot=  1.94  diag=+0.995  mix=[cap:103/ref:100/nl:117]  β=0.047  α_t=0.047  (1787s)
step  2420  L_grcl=  1.87  L_cov= 0.38  L_cons=0.000  L_tot=  1.87  diag=+0.995  mix=[cap:131/ref:95/nl:94]  β=0.047  α_t=0.047  (1801s)
step  2440  L_grcl=  1.96  L_cov= 0.38  L_cons=0.000  L_tot=  1.96  diag=+0.994  mix=[cap:112/ref:106/nl:102]  β=0.047  α_t=0.047  (1816s)
step  2460  L_grcl=  2.00  L_cov= 0.40  L_cons=0.000  L_tot=  2.00  diag=+0.995  mix=[cap:97/ref:114/nl:109]  β=0.047  α_t=0.047  (1830s)
step  2480  L_grcl=  1.94  L_cov= 0.39  L_cons=0.000  L_tot=  1.94  diag=+0.995  mix=[cap:119/ref:101/nl:100]  β=0.047  α_t=0.047  (1844s)
step  2500  L_grcl=  1.93  L_cov= 0.39  L_cons=0.000  L_tot=  1.93  diag=+0.995  mix=[cap:103/ref:115/nl:102]  β=0.047  α_t=0.047  (1859s)

  [eval @ step 2500] held-out test-A...
    cap-fig cos: +0.9958  (Δ +0.8810)
    R@1/5/10: 10.0% / 52.0% / 77.0%  (Δ +10.0 / +52.0 / +77.0)

step  2520  L_grcl=  1.96  L_cov= 0.39  L_cons=0.000  L_tot=  1.96  diag=+0.995  mix=[cap:115/ref:108/nl:97]  β=0.047  α_t=0.047  (1885s)
step  2540  L_grcl=  1.97  L_cov= 0.40  L_cons=0.000  L_tot=  1.97  diag=+0.995  mix=[cap:97/ref:114/nl:109]  β=0.047  α_t=0.047  (1901s)
step  2560  L_grcl=  1.91  L_cov= 0.38  L_cons=0.000  L_tot=  1.91  diag=+0.994  mix=[cap:109/ref:93/nl:118]  β=0.047  α_t=0.047  (1915s)
step  2580  L_grcl=  1.89  L_cov= 0.38  L_cons=0.000  L_tot=  1.89  diag=+0.994  mix=[cap:108/ref:104/nl:108]  β=0.047  α_t=0.047  (1929s)
step  2600  L_grcl=  1.91  L_cov= 0.38  L_cons=0.000  L_tot=  1.91  diag=+0.995  mix=[cap:102/ref:121/nl:97]  β=0.047  α_t=0.047  (1942s)
step  2620  L_grcl=  1.90  L_cov= 0.39  L_cons=0.000  L_tot=  1.90  diag=+0.994  mix=[cap:102/ref:101/nl:117]  β=0.047  α_t=0.047  (1957s)
step  2640  L_grcl=  1.93  L_cov= 0.38  L_cons=0.000  L_tot=  1.93  diag=+0.995  mix=[cap:106/ref:104/nl:110]  β=0.047  α_t=0.047  (1971s)
step  2660  L_grcl=  1.91  L_cov= 0.38  L_cons=0.000  L_tot=  1.91  diag=+0.994  mix=[cap:105/ref:95/nl:120]  β=0.047  α_t=0.047  (1985s)
step  2680  L_grcl=  1.95  L_cov= 0.39  L_cons=0.000  L_tot=  1.95  diag=+0.994  mix=[cap:116/ref:100/nl:104]  β=0.047  α_t=0.047  (2000s)
step  2700  L_grcl=  1.89  L_cov= 0.38  L_cons=0.000  L_tot=  1.89  diag=+0.994  mix=[cap:103/ref:114/nl:103]  β=0.047  α_t=0.047  (2014s)
step  2720  L_grcl=  1.93  L_cov= 0.39  L_cons=0.000  L_tot=  1.93  diag=+0.994  mix=[cap:101/ref:96/nl:123]  β=0.047  α_t=0.047  (2028s)
step  2740  L_grcl=  1.86  L_cov= 0.38  L_cons=0.000  L_tot=  1.86  diag=+0.994  mix=[cap:112/ref:95/nl:113]  β=0.047  α_t=0.047  (2043s)
step  2760  L_grcl=  1.99  L_cov= 0.37  L_cons=0.000  L_tot=  1.99  diag=+0.994  mix=[cap:99/ref:129/nl:92]  β=0.047  α_t=0.047  (2057s)
step  2780  L_grcl=  1.92  L_cov= 0.38  L_cons=0.000  L_tot=  1.92  diag=+0.995  mix=[cap:106/ref:112/nl:102]  β=0.047  α_t=0.047  (2072s)
step  2800  L_grcl=  1.91  L_cov= 0.39  L_cons=0.000  L_tot=  1.91  diag=+0.995  mix=[cap:108/ref:114/nl:98]  β=0.047  α_t=0.047  (2086s)
step  2820  L_grcl=  1.92  L_cov= 0.37  L_cons=0.000  L_tot=  1.92  diag=+0.994  mix=[cap:116/ref:97/nl:107]  β=0.047  α_t=0.047  (2100s)
step  2840  L_grcl=  1.92  L_cov= 0.39  L_cons=0.000  L_tot=  1.92  diag=+0.995  mix=[cap:101/ref:103/nl:116]  β=0.047  α_t=0.047  (2114s)
step  2860  L_grcl=  1.97  L_cov= 0.39  L_cons=0.000  L_tot=  1.97  diag=+0.995  mix=[cap:112/ref:102/nl:106]  β=0.047  α_t=0.047  (2129s)
step  2880  L_grcl=  1.92  L_cov= 0.38  L_cons=0.000  L_tot=  1.92  diag=+0.995  mix=[cap:113/ref:117/nl:90]  β=0.047  α_t=0.047  (2143s)
step  2900  L_grcl=  1.96  L_cov= 0.38  L_cons=0.000  L_tot=  1.96  diag=+0.995  mix=[cap:106/ref:110/nl:104]  β=0.047  α_t=0.047  (2157s)
step  2920  L_grcl=  1.86  L_cov= 0.37  L_cons=0.000  L_tot=  1.86  diag=+0.995  mix=[cap:119/ref:102/nl:99]  β=0.047  α_t=0.047  (2171s)
step  2940  L_grcl=  1.85  L_cov= 0.36  L_cons=0.000  L_tot=  1.85  diag=+0.994  mix=[cap:106/ref:98/nl:116]  β=0.047  α_t=0.047  (2185s)
step  2960  L_grcl=  2.01  L_cov= 0.38  L_cons=0.000  L_tot=  2.01  diag=+0.994  mix=[cap:110/ref:106/nl:104]  β=0.047  α_t=0.047  (2199s)
step  2980  L_grcl=  1.91  L_cov= 0.38  L_cons=0.000  L_tot=  1.91  diag=+0.995  mix=[cap:111/ref:109/nl:100]  β=0.047  α_t=0.047  (2214s)
step  3000  L_grcl=  1.87  L_cov= 0.37  L_cons=0.000  L_tot=  1.87  diag=+0.994  mix=[cap:111/ref:110/nl:99]  β=0.047  α_t=0.047  (2228s)

  [eval @ step 3000] held-out test-A...
    cap-fig cos: +0.9949  (Δ +0.8802)
    R@1/5/10: 10.5% / 43.0% / 67.5%  (Δ +10.5 / +43.0 / +67.5)

step  3020  L_grcl=  1.94  L_cov= 0.38  L_cons=0.000  L_tot=  1.94  diag=+0.994  mix=[cap:96/ref:109/nl:115]  β=0.047  α_t=0.047  (2254s)
step  3040  L_grcl=  1.90  L_cov= 0.39  L_cons=0.000  L_tot=  1.90  diag=+0.994  mix=[cap:104/ref:104/nl:112]  β=0.047  α_t=0.047  (2269s)
step  3060  L_grcl=  1.93  L_cov= 0.36  L_cons=0.000  L_tot=  1.93  diag=+0.994  mix=[cap:101/ref:121/nl:98]  β=0.047  α_t=0.047  (2283s)
step  3080  L_grcl=  1.94  L_cov= 0.38  L_cons=0.000  L_tot=  1.94  diag=+0.995  mix=[cap:96/ref:116/nl:108]  β=0.047  α_t=0.047  (2297s)
step  3100  L_grcl=  1.93  L_cov= 0.38  L_cons=0.000  L_tot=  1.93  diag=+0.995  mix=[cap:106/ref:108/nl:106]  β=0.047  α_t=0.047  (2312s)
step  3120  L_grcl=  1.92  L_cov= 0.37  L_cons=0.000  L_tot=  1.92  diag=+0.995  mix=[cap:106/ref:119/nl:95]  β=0.047  α_t=0.047  (2326s)
step  3140  L_grcl=  1.91  L_cov= 0.39  L_cons=0.000  L_tot=  1.91  diag=+0.995  mix=[cap:115/ref:108/nl:97]  β=0.047  α_t=0.047  (2340s)
step  3160  L_grcl=  1.87  L_cov= 0.37  L_cons=0.000  L_tot=  1.87  diag=+0.994  mix=[cap:110/ref:105/nl:105]  β=0.047  α_t=0.047  (2355s)
step  3180  L_grcl=  1.92  L_cov= 0.37  L_cons=0.000  L_tot=  1.92  diag=+0.993  mix=[cap:92/ref:113/nl:115]  β=0.047  α_t=0.047  (2369s)
step  3200  L_grcl=  1.88  L_cov= 0.36  L_cons=0.000  L_tot=  1.88  diag=+0.993  mix=[cap:102/ref:118/nl:100]  β=0.047  α_t=0.047  (2383s)
step  3220  L_grcl=  1.87  L_cov= 0.36  L_cons=0.000  L_tot=  1.87  diag=+0.993  mix=[cap:111/ref:108/nl:101]  β=0.047  α_t=0.047  (2398s)
step  3240  L_grcl=  1.91  L_cov= 0.37  L_cons=0.000  L_tot=  1.91  diag=+0.994  mix=[cap:109/ref:100/nl:111]  β=0.047  α_t=0.047  (2412s)
step  3260  L_grcl=  1.91  L_cov= 0.37  L_cons=0.000  L_tot=  1.91  diag=+0.994  mix=[cap:115/ref:114/nl:91]  β=0.047  α_t=0.047  (2427s)
step  3280  L_grcl=  1.95  L_cov= 0.38  L_cons=0.000  L_tot=  1.95  diag=+0.994  mix=[cap:97/ref:115/nl:108]  β=0.047  α_t=0.047  (2441s)
step  3300  L_grcl=  1.93  L_cov= 0.39  L_cons=0.000  L_tot=  1.93  diag=+0.994  mix=[cap:98/ref:110/nl:112]  β=0.047  α_t=0.047  (2456s)
step  3320  L_grcl=  1.91  L_cov= 0.38  L_cons=0.000  L_tot=  1.91  diag=+0.994  mix=[cap:108/ref:116/nl:96]  β=0.047  α_t=0.047  (2470s)
step  3340  L_grcl=  1.92  L_cov= 0.37  L_cons=0.000  L_tot=  1.92  diag=+0.993  mix=[cap:102/ref:105/nl:113]  β=0.047  α_t=0.047  (2484s)
step  3360  L_grcl=  1.94  L_cov= 0.39  L_cons=0.000  L_tot=  1.94  diag=+0.994  mix=[cap:101/ref:115/nl:104]  β=0.047  α_t=0.047  (2499s)
step  3380  L_grcl=  1.89  L_cov= 0.36  L_cons=0.000  L_tot=  1.89  diag=+0.994  mix=[cap:113/ref:109/nl:98]  β=0.047  α_t=0.047  (2513s)
step  3400  L_grcl=  1.95  L_cov= 0.38  L_cons=0.000  L_tot=  1.95  diag=+0.994  mix=[cap:107/ref:126/nl:87]  β=0.047  α_t=0.047  (2527s)
step  3420  L_grcl=  1.93  L_cov= 0.40  L_cons=0.000  L_tot=  1.93  diag=+0.994  mix=[cap:103/ref:107/nl:110]  β=0.047  α_t=0.047  (2541s)
step  3440  L_grcl=  1.89  L_cov= 0.38  L_cons=0.000  L_tot=  1.89  diag=+0.994  mix=[cap:99/ref:104/nl:117]  β=0.047  α_t=0.047  (2556s)
step  3460  L_grcl=  1.85  L_cov= 0.36  L_cons=0.000  L_tot=  1.85  diag=+0.993  mix=[cap:106/ref:116/nl:98]  β=0.047  α_t=0.047  (2570s)
step  3480  L_grcl=  1.89  L_cov= 0.37  L_cons=0.000  L_tot=  1.89  diag=+0.993  mix=[cap:105/ref:110/nl:105]  β=0.047  α_t=0.047  (2585s)
step  3500  L_grcl=  1.90  L_cov= 0.36  L_cons=0.000  L_tot=  1.90  diag=+0.993  mix=[cap:106/ref:113/nl:101]  β=0.047  α_t=0.047  (2599s)

  [eval @ step 3500] held-out test-A...
    cap-fig cos: +0.9948  (Δ +0.8800)
    R@1/5/10: 9.0% / 48.0% / 77.0%  (Δ +9.0 / +48.0 / +77.0)

step  3520  L_grcl=  1.92  L_cov= 0.37  L_cons=0.000  L_tot=  1.92  diag=+0.993  mix=[cap:98/ref:122/nl:100]  β=0.047  α_t=0.047  (2626s)
step  3540  L_grcl=  1.93  L_cov= 0.37  L_cons=0.000  L_tot=  1.93  diag=+0.993  mix=[cap:100/ref:117/nl:103]  β=0.047  α_t=0.047  (2640s)
step  3560  L_grcl=  1.91  L_cov= 0.37  L_cons=0.000  L_tot=  1.91  diag=+0.993  mix=[cap:107/ref:113/nl:100]  β=0.047  α_t=0.047  (2654s)
step  3580  L_grcl=  1.89  L_cov= 0.37  L_cons=0.000  L_tot=  1.89  diag=+0.993  mix=[cap:111/ref:91/nl:118]  β=0.047  α_t=0.047  (2669s)
step  3600  L_grcl=  1.86  L_cov= 0.37  L_cons=0.000  L_tot=  1.86  diag=+0.993  mix=[cap:104/ref:102/nl:114]  β=0.047  α_t=0.047  (2683s)
step  3620  L_grcl=  1.90  L_cov= 0.36  L_cons=0.000  L_tot=  1.90  diag=+0.993  mix=[cap:114/ref:96/nl:110]  β=0.047  α_t=0.047  (2697s)
step  3640  L_grcl=  1.93  L_cov= 0.37  L_cons=0.000  L_tot=  1.93  diag=+0.992  mix=[cap:87/ref:112/nl:121]  β=0.047  α_t=0.047  (2712s)
step  3660  L_grcl=  1.89  L_cov= 0.37  L_cons=0.000  L_tot=  1.89  diag=+0.992  mix=[cap:111/ref:101/nl:108]  β=0.047  α_t=0.047  (2726s)
step  3680  L_grcl=  1.87  L_cov= 0.37  L_cons=0.000  L_tot=  1.87  diag=+0.993  mix=[cap:114/ref:105/nl:101]  β=0.047  α_t=0.047  (2740s)
step  3700  L_grcl=  1.93  L_cov= 0.37  L_cons=0.000  L_tot=  1.93  diag=+0.993  mix=[cap:90/ref:134/nl:96]  β=0.047  α_t=0.047  (2754s)
step  3720  L_grcl=  1.89  L_cov= 0.38  L_cons=0.000  L_tot=  1.89  diag=+0.992  mix=[cap:112/ref:97/nl:111]  β=0.047  α_t=0.047  (2768s)
step  3740  L_grcl=  1.84  L_cov= 0.36  L_cons=0.000  L_tot=  1.84  diag=+0.992  mix=[cap:107/ref:97/nl:116]  β=0.047  α_t=0.047  (2783s)
step  3760  L_grcl=  1.91  L_cov= 0.35  L_cons=0.000  L_tot=  1.91  diag=+0.992  mix=[cap:110/ref:108/nl:102]  β=0.047  α_t=0.047  (2798s)
step  3780  L_grcl=  1.88  L_cov= 0.37  L_cons=0.000  L_tot=  1.88  diag=+0.992  mix=[cap:101/ref:114/nl:105]  β=0.047  α_t=0.047  (2812s)
step  3800  L_grcl=  1.90  L_cov= 0.37  L_cons=0.000  L_tot=  1.90  diag=+0.993  mix=[cap:95/ref:112/nl:113]  β=0.047  α_t=0.047  (2826s)
step  3820  L_grcl=  1.87  L_cov= 0.36  L_cons=0.000  L_tot=  1.87  diag=+0.993  mix=[cap:107/ref:109/nl:104]  β=0.047  α_t=0.047  (2841s)
step  3840  L_grcl=  1.85  L_cov= 0.36  L_cons=0.000  L_tot=  1.85  diag=+0.993  mix=[cap:113/ref:108/nl:99]  β=0.047  α_t=0.047  (2855s)
step  3860  L_grcl=  1.95  L_cov= 0.37  L_cons=0.000  L_tot=  1.95  diag=+0.993  mix=[cap:107/ref:121/nl:92]  β=0.047  α_t=0.047  (2869s)
step  3880  L_grcl=  1.91  L_cov= 0.39  L_cons=0.000  L_tot=  1.91  diag=+0.993  mix=[cap:100/ref:120/nl:100]  β=0.047  α_t=0.047  (2884s)
step  3900  L_grcl=  1.86  L_cov= 0.36  L_cons=0.000  L_tot=  1.86  diag=+0.993  mix=[cap:117/ref:104/nl:99]  β=0.047  α_t=0.047  (2899s)
step  3920  L_grcl=  1.84  L_cov= 0.36  L_cons=0.000  L_tot=  1.84  diag=+0.992  mix=[cap:113/ref:104/nl:103]  β=0.047  α_t=0.047  (2913s)
step  3940  L_grcl=  1.83  L_cov= 0.35  L_cons=0.000  L_tot=  1.83  diag=+0.992  mix=[cap:107/ref:116/nl:97]  β=0.047  α_t=0.047  (2927s)
step  3960  L_grcl=  1.83  L_cov= 0.36  L_cons=0.000  L_tot=  1.83  diag=+0.993  mix=[cap:103/ref:112/nl:105]  β=0.047  α_t=0.047  (2941s)
step  3980  L_grcl=  1.88  L_cov= 0.36  L_cons=0.000  L_tot=  1.88  diag=+0.993  mix=[cap:117/ref:112/nl:91]  β=0.047  α_t=0.047  (2956s)
step  4000  L_grcl=  1.88  L_cov= 0.37  L_cons=0.000  L_tot=  1.88  diag=+0.993  mix=[cap:104/ref:100/nl:116]  β=0.047  α_t=0.047  (2970s)

  [eval @ step 4000] held-out test-A...
    cap-fig cos: +0.9954  (Δ +0.8806)
    R@1/5/10: 14.5% / 59.0% / 80.5%  (Δ +14.5 / +59.0 / +80.5)
    [ckpt saved @ step 4000 R@10=80.5%]

step  4020  L_grcl=  1.87  L_cov= 0.37  L_cons=0.000  L_tot=  1.87  diag=+0.993  mix=[cap:109/ref:103/nl:108]  β=0.047  α_t=0.047  (3003s)
step  4040  L_grcl=  1.89  L_cov= 0.37  L_cons=0.000  L_tot=  1.89  diag=+0.992  mix=[cap:108/ref:111/nl:101]  β=0.047  α_t=0.047  (3018s)
step  4060  L_grcl=  1.82  L_cov= 0.36  L_cons=0.000  L_tot=  1.82  diag=+0.992  mix=[cap:113/ref:97/nl:110]  β=0.047  α_t=0.047  (3032s)
step  4080  L_grcl=  1.87  L_cov= 0.36  L_cons=0.000  L_tot=  1.87  diag=+0.991  mix=[cap:102/ref:106/nl:112]  β=0.047  α_t=0.047  (3047s)
step  4100  L_grcl=  1.90  L_cov= 0.35  L_cons=0.000  L_tot=  1.90  diag=+0.993  mix=[cap:100/ref:120/nl:100]  β=0.047  α_t=0.047  (3061s)
step  4120  L_grcl=  1.89  L_cov= 0.37  L_cons=0.000  L_tot=  1.89  diag=+0.993  mix=[cap:104/ref:101/nl:115]  β=0.047  α_t=0.047  (3076s)
step  4140  L_grcl=  1.91  L_cov= 0.37  L_cons=0.000  L_tot=  1.91  diag=+0.994  mix=[cap:97/ref:117/nl:106]  β=0.047  α_t=0.047  (3090s)
step  4160  L_grcl=  1.88  L_cov= 0.37  L_cons=0.000  L_tot=  1.88  diag=+0.994  mix=[cap:109/ref:109/nl:102]  β=0.047  α_t=0.047  (3105s)
step  4180  L_grcl=  1.87  L_cov= 0.38  L_cons=0.000  L_tot=  1.87  diag=+0.993  mix=[cap:109/ref:109/nl:102]  β=0.047  α_t=0.047  (3120s)
step  4200  L_grcl=  1.82  L_cov= 0.37  L_cons=0.000  L_tot=  1.82  diag=+0.992  mix=[cap:105/ref:111/nl:104]  β=0.047  α_t=0.047  (3134s)
step  4220  L_grcl=  1.91  L_cov= 0.37  L_cons=0.000  L_tot=  1.91  diag=+0.992  mix=[cap:94/ref:122/nl:104]  β=0.047  α_t=0.047  (3149s)
step  4240  L_grcl=  1.87  L_cov= 0.37  L_cons=0.000  L_tot=  1.87  diag=+0.992  mix=[cap:99/ref:108/nl:113]  β=0.047  α_t=0.047  (3163s)
step  4260  L_grcl=  1.86  L_cov= 0.35  L_cons=0.000  L_tot=  1.86  diag=+0.991  mix=[cap:116/ref:99/nl:105]  β=0.047  α_t=0.047  (3178s)
step  4280  L_grcl=  1.84  L_cov= 0.37  L_cons=0.000  L_tot=  1.84  diag=+0.991  mix=[cap:114/ref:84/nl:122]  β=0.047  α_t=0.047  (3193s)
step  4300  L_grcl=  1.87  L_cov= 0.37  L_cons=0.000  L_tot=  1.87  diag=+0.992  mix=[cap:100/ref:105/nl:115]  β=0.047  α_t=0.047  (3207s)
step  4320  L_grcl=  1.86  L_cov= 0.35  L_cons=0.000  L_tot=  1.86  diag=+0.992  mix=[cap:96/ref:116/nl:108]  β=0.047  α_t=0.047  (3221s)
step  4340  L_grcl=  1.84  L_cov= 0.37  L_cons=0.000  L_tot=  1.84  diag=+0.992  mix=[cap:114/ref:99/nl:107]  β=0.047  α_t=0.047  (3236s)
step  4360  L_grcl=  1.88  L_cov= 0.36  L_cons=0.000  L_tot=  1.88  diag=+0.992  mix=[cap:92/ref:116/nl:112]  β=0.047  α_t=0.047  (3250s)
step  4380  L_grcl=  1.85  L_cov= 0.37  L_cons=0.000  L_tot=  1.85  diag=+0.991  mix=[cap:102/ref:92/nl:126]  β=0.047  α_t=0.047  (3265s)
step  4400  L_grcl=  1.80  L_cov= 0.34  L_cons=0.000  L_tot=  1.80  diag=+0.993  mix=[cap:115/ref:106/nl:99]  β=0.047  α_t=0.047  (3279s)
step  4420  L_grcl=  1.85  L_cov= 0.34  L_cons=0.000  L_tot=  1.85  diag=+0.992  mix=[cap:97/ref:114/nl:109]  β=0.047  α_t=0.047  (3293s)
step  4440  L_grcl=  1.89  L_cov= 0.36  L_cons=0.000  L_tot=  1.89  diag=+0.991  mix=[cap:117/ref:95/nl:108]  β=0.047  α_t=0.047  (3307s)
step  4460  L_grcl=  1.84  L_cov= 0.36  L_cons=0.000  L_tot=  1.84  diag=+0.992  mix=[cap:80/ref:124/nl:116]  β=0.047  α_t=0.047  (3322s)
step  4480  L_grcl=  1.87  L_cov= 0.36  L_cons=0.000  L_tot=  1.87  diag=+0.991  mix=[cap:97/ref:113/nl:110]  β=0.047  α_t=0.047  (3336s)
step  4500  L_grcl=  1.79  L_cov= 0.34  L_cons=0.000  L_tot=  1.79  diag=+0.993  mix=[cap:119/ref:104/nl:97]  β=0.047  α_t=0.047  (3350s)

  [eval @ step 4500] held-out test-A...
    cap-fig cos: +0.9952  (Δ +0.8805)
    R@1/5/10: 12.0% / 49.5% / 76.5%  (Δ +12.0 / +49.5 / +76.5)

step  4520  L_grcl=  1.87  L_cov= 0.36  L_cons=0.000  L_tot=  1.87  diag=+0.992  mix=[cap:107/ref:114/nl:99]  β=0.047  α_t=0.047  (3376s)
step  4540  L_grcl=  1.82  L_cov= 0.35  L_cons=0.000  L_tot=  1.82  diag=+0.992  mix=[cap:103/ref:109/nl:108]  β=0.047  α_t=0.047  (3391s)
step  4560  L_grcl=  1.85  L_cov= 0.35  L_cons=0.000  L_tot=  1.85  diag=+0.991  mix=[cap:96/ref:109/nl:115]  β=0.047  α_t=0.047  (3405s)
step  4580  L_grcl=  1.83  L_cov= 0.35  L_cons=0.000  L_tot=  1.83  diag=+0.991  mix=[cap:110/ref:100/nl:110]  β=0.047  α_t=0.047  (3419s)
step  4600  L_grcl=  1.86  L_cov= 0.35  L_cons=0.000  L_tot=  1.86  diag=+0.991  mix=[cap:117/ref:100/nl:103]  β=0.047  α_t=0.047  (3434s)
step  4620  L_grcl=  1.85  L_cov= 0.36  L_cons=0.000  L_tot=  1.85  diag=+0.992  mix=[cap:111/ref:114/nl:95]  β=0.047  α_t=0.047  (3448s)
step  4640  L_grcl=  1.80  L_cov= 0.34  L_cons=0.000  L_tot=  1.80  diag=+0.992  mix=[cap:117/ref:105/nl:98]  β=0.047  α_t=0.047  (3462s)
step  4660  L_grcl=  1.87  L_cov= 0.35  L_cons=0.000  L_tot=  1.87  diag=+0.993  mix=[cap:93/ref:121/nl:106]  β=0.047  α_t=0.047  (3477s)
step  4680  L_grcl=  1.85  L_cov= 0.35  L_cons=0.000  L_tot=  1.85  diag=+0.991  mix=[cap:121/ref:101/nl:98]  β=0.047  α_t=0.047  (3491s)
step  4700  L_grcl=  1.87  L_cov= 0.37  L_cons=0.000  L_tot=  1.87  diag=+0.991  mix=[cap:105/ref:125/nl:90]  β=0.047  α_t=0.047  (3506s)
step  4720  L_grcl=  1.87  L_cov= 0.35  L_cons=0.000  L_tot=  1.87  diag=+0.992  mix=[cap:97/ref:114/nl:109]  β=0.047  α_t=0.047  (3521s)
step  4740  L_grcl=  1.85  L_cov= 0.37  L_cons=0.000  L_tot=  1.85  diag=+0.992  mix=[cap:105/ref:98/nl:117]  β=0.047  α_t=0.047  (3536s)
step  4760  L_grcl=  1.89  L_cov= 0.37  L_cons=0.000  L_tot=  1.89  diag=+0.992  mix=[cap:108/ref:114/nl:98]  β=0.047  α_t=0.047  (3550s)
step  4780  L_grcl=  1.82  L_cov= 0.35  L_cons=0.000  L_tot=  1.82  diag=+0.992  mix=[cap:102/ref:118/nl:100]  β=0.047  α_t=0.047  (3565s)
step  4800  L_grcl=  1.78  L_cov= 0.34  L_cons=0.000  L_tot=  1.78  diag=+0.992  mix=[cap:101/ref:111/nl:108]  β=0.047  α_t=0.047  (3579s)
step  4820  L_grcl=  1.77  L_cov= 0.35  L_cons=0.000  L_tot=  1.77  diag=+0.990  mix=[cap:121/ref:97/nl:102]  β=0.047  α_t=0.047  (3594s)
step  4840  L_grcl=  1.89  L_cov= 0.34  L_cons=0.000  L_tot=  1.89  diag=+0.990  mix=[cap:102/ref:109/nl:109]  β=0.047  α_t=0.047  (3609s)
step  4860  L_grcl=  1.88  L_cov= 0.36  L_cons=0.000  L_tot=  1.88  diag=+0.992  mix=[cap:99/ref:121/nl:100]  β=0.047  α_t=0.047  (3623s)
step  4880  L_grcl=  1.86  L_cov= 0.36  L_cons=0.000  L_tot=  1.86  diag=+0.992  mix=[cap:109/ref:108/nl:103]  β=0.047  α_t=0.047  (3639s)
step  4900  L_grcl=  1.85  L_cov= 0.35  L_cons=0.000  L_tot=  1.85  diag=+0.993  mix=[cap:114/ref:114/nl:92]  β=0.047  α_t=0.047  (3653s)
step  4920  L_grcl=  1.85  L_cov= 0.36  L_cons=0.000  L_tot=  1.85  diag=+0.992  mix=[cap:114/ref:108/nl:98]  β=0.047  α_t=0.047  (3668s)
step  4940  L_grcl=  1.79  L_cov= 0.34  L_cons=0.000  L_tot=  1.79  diag=+0.992  mix=[cap:114/ref:104/nl:102]  β=0.047  α_t=0.047  (3682s)
step  4960  L_grcl=  1.87  L_cov= 0.35  L_cons=0.000  L_tot=  1.87  diag=+0.991  mix=[cap:116/ref:114/nl:90]  β=0.047  α_t=0.047  (3697s)
step  4980  L_grcl=  1.83  L_cov= 0.35  L_cons=0.000  L_tot=  1.83  diag=+0.991  mix=[cap:106/ref:96/nl:118]  β=0.047  α_t=0.047  (3711s)
step  5000  L_grcl=  1.85  L_cov= 0.35  L_cons=0.000  L_tot=  1.85  diag=+0.991  mix=[cap:102/ref:117/nl:101]  β=0.047  α_t=0.047  (3726s)

  [eval @ step 5000] held-out test-A...
    cap-fig cos: +0.9959  (Δ +0.8812)
    R@1/5/10: 14.0% / 58.0% / 81.5%  (Δ +14.0 / +58.0 / +81.5)
    [ckpt saved @ step 5000 R@10=81.5%]

step  5020  L_grcl=  1.81  L_cov= 0.34  L_cons=0.000  L_tot=  1.81  diag=+0.990  mix=[cap:117/ref:95/nl:108]  β=0.047  α_t=0.047  (3760s)
step  5040  L_grcl=  1.90  L_cov= 0.36  L_cons=0.000  L_tot=  1.90  diag=+0.990  mix=[cap:78/ref:118/nl:124]  β=0.047  α_t=0.047  (3774s)
step  5060  L_grcl=  1.79  L_cov= 0.36  L_cons=0.000  L_tot=  1.79  diag=+0.992  mix=[cap:115/ref:100/nl:105]  β=0.047  α_t=0.047  (3789s)
step  5080  L_grcl=  1.84  L_cov= 0.36  L_cons=0.000  L_tot=  1.84  diag=+0.990  mix=[cap:88/ref:125/nl:107]  β=0.047  α_t=0.047  (3803s)
step  5100  L_grcl=  1.77  L_cov= 0.34  L_cons=0.000  L_tot=  1.77  diag=+0.991  mix=[cap:105/ref:106/nl:109]  β=0.047  α_t=0.047  (3817s)
step  5120  L_grcl=  1.86  L_cov= 0.36  L_cons=0.000  L_tot=  1.86  diag=+0.991  mix=[cap:104/ref:113/nl:103]  β=0.047  α_t=0.047  (3832s)
step  5140  L_grcl=  1.77  L_cov= 0.34  L_cons=0.000  L_tot=  1.77  diag=+0.992  mix=[cap:125/ref:105/nl:90]  β=0.047  α_t=0.047  (3846s)
step  5160  L_grcl=  1.79  L_cov= 0.34  L_cons=0.000  L_tot=  1.79  diag=+0.990  mix=[cap:111/ref:102/nl:107]  β=0.047  α_t=0.047  (3861s)
step  5180  L_grcl=  1.85  L_cov= 0.35  L_cons=0.000  L_tot=  1.85  diag=+0.990  mix=[cap:101/ref:116/nl:103]  β=0.047  α_t=0.047  (3876s)
step  5200  L_grcl=  1.83  L_cov= 0.35  L_cons=0.000  L_tot=  1.83  diag=+0.992  mix=[cap:114/ref:110/nl:96]  β=0.047  α_t=0.047  (3890s)
step  5220  L_grcl=  1.85  L_cov= 0.35  L_cons=0.000  L_tot=  1.85  diag=+0.992  mix=[cap:104/ref:110/nl:106]  β=0.047  α_t=0.047  (3905s)
step  5240  L_grcl=  1.80  L_cov= 0.34  L_cons=0.000  L_tot=  1.80  diag=+0.991  mix=[cap:112/ref:118/nl:90]  β=0.047  α_t=0.047  (3919s)
step  5260  L_grcl=  1.82  L_cov= 0.35  L_cons=0.000  L_tot=  1.82  diag=+0.992  mix=[cap:109/ref:120/nl:91]  β=0.047  α_t=0.047  (3934s)
step  5280  L_grcl=  1.83  L_cov= 0.34  L_cons=0.000  L_tot=  1.83  diag=+0.990  mix=[cap:107/ref:103/nl:110]  β=0.047  α_t=0.047  (3948s)
step  5300  L_grcl=  1.79  L_cov= 0.34  L_cons=0.000  L_tot=  1.79  diag=+0.989  mix=[cap:124/ref:86/nl:110]  β=0.047  α_t=0.047  (3962s)
step  5320  L_grcl=  1.83  L_cov= 0.35  L_cons=0.000  L_tot=  1.83  diag=+0.993  mix=[cap:107/ref:118/nl:95]  β=0.047  α_t=0.047  (3977s)
step  5340  L_grcl=  1.80  L_cov= 0.37  L_cons=0.000  L_tot=  1.80  diag=+0.990  mix=[cap:117/ref:95/nl:108]  β=0.047  α_t=0.047  (3992s)
step  5360  L_grcl=  1.79  L_cov= 0.33  L_cons=0.000  L_tot=  1.79  diag=+0.990  mix=[cap:124/ref:102/nl:94]  β=0.047  α_t=0.047  (4006s)
step  5380  L_grcl=  1.76  L_cov= 0.34  L_cons=0.000  L_tot=  1.76  diag=+0.992  mix=[cap:127/ref:109/nl:84]  β=0.047  α_t=0.047  (4021s)
step  5400  L_grcl=  1.82  L_cov= 0.35  L_cons=0.000  L_tot=  1.82  diag=+0.991  mix=[cap:99/ref:113/nl:108]  β=0.047  α_t=0.047  (4035s)
step  5420  L_grcl=  1.80  L_cov= 0.34  L_cons=0.000  L_tot=  1.80  diag=+0.990  mix=[cap:102/ref:90/nl:128]  β=0.047  α_t=0.047  (4049s)
step  5440  L_grcl=  1.84  L_cov= 0.34  L_cons=0.000  L_tot=  1.84  diag=+0.989  mix=[cap:93/ref:117/nl:110]  β=0.047  α_t=0.047  (4064s)
step  5460  L_grcl=  1.80  L_cov= 0.35  L_cons=0.000  L_tot=  1.80  diag=+0.991  mix=[cap:106/ref:115/nl:99]  β=0.047  α_t=0.047  (4078s)
step  5480  L_grcl=  1.76  L_cov= 0.34  L_cons=0.000  L_tot=  1.76  diag=+0.991  mix=[cap:106/ref:99/nl:115]  β=0.047  α_t=0.047  (4093s)
step  5500  L_grcl=  1.82  L_cov= 0.34  L_cons=0.000  L_tot=  1.82  diag=+0.993  mix=[cap:125/ref:112/nl:83]  β=0.047  α_t=0.047  (4107s)

  [eval @ step 5500] held-out test-A...
    cap-fig cos: +0.9956  (Δ +0.8809)
    R@1/5/10: 18.0% / 58.5% / 83.0%  (Δ +18.0 / +58.5 / +83.0)
    [ckpt saved @ step 5500 R@10=83.0%]

step  5520  L_grcl=  1.81  L_cov= 0.34  L_cons=0.000  L_tot=  1.81  diag=+0.991  mix=[cap:104/ref:109/nl:107]  β=0.047  α_t=0.047  (4137s)
step  5540  L_grcl=  1.84  L_cov= 0.36  L_cons=0.000  L_tot=  1.84  diag=+0.992  mix=[cap:100/ref:103/nl:117]  β=0.047  α_t=0.047  (4151s)
step  5560  L_grcl=  1.86  L_cov= 0.35  L_cons=0.000  L_tot=  1.86  diag=+0.992  mix=[cap:124/ref:102/nl:94]  β=0.047  α_t=0.047  (4165s)
step  5580  L_grcl=  1.79  L_cov= 0.34  L_cons=0.000  L_tot=  1.79  diag=+0.992  mix=[cap:104/ref:114/nl:102]  β=0.047  α_t=0.047  (4178s)
step  5600  L_grcl=  1.84  L_cov= 0.34  L_cons=0.000  L_tot=  1.84  diag=+0.991  mix=[cap:102/ref:115/nl:103]  β=0.047  α_t=0.047  (4193s)
step  5620  L_grcl=  1.78  L_cov= 0.34  L_cons=0.000  L_tot=  1.78  diag=+0.991  mix=[cap:88/ref:125/nl:107]  β=0.047  α_t=0.047  (4207s)
step  5640  L_grcl=  1.75  L_cov= 0.34  L_cons=0.000  L_tot=  1.75  diag=+0.991  mix=[cap:119/ref:103/nl:98]  β=0.047  α_t=0.047  (4221s)
step  5660  L_grcl=  1.78  L_cov= 0.32  L_cons=0.000  L_tot=  1.78  diag=+0.991  mix=[cap:105/ref:112/nl:103]  β=0.047  α_t=0.047  (4235s)
step  5680  L_grcl=  1.82  L_cov= 0.34  L_cons=0.000  L_tot=  1.82  diag=+0.990  mix=[cap:94/ref:123/nl:103]  β=0.047  α_t=0.047  (4249s)
step  5700  L_grcl=  1.77  L_cov= 0.34  L_cons=0.000  L_tot=  1.77  diag=+0.990  mix=[cap:112/ref:104/nl:104]  β=0.047  α_t=0.047  (4263s)
step  5720  L_grcl=  1.84  L_cov= 0.36  L_cons=0.000  L_tot=  1.84  diag=+0.990  mix=[cap:106/ref:108/nl:106]  β=0.047  α_t=0.047  (4278s)
step  5740  L_grcl=  1.79  L_cov= 0.33  L_cons=0.000  L_tot=  1.79  diag=+0.989  mix=[cap:111/ref:100/nl:109]  β=0.047  α_t=0.047  (4292s)
step  5760  L_grcl=  1.81  L_cov= 0.35  L_cons=0.000  L_tot=  1.81  diag=+0.989  mix=[cap:90/ref:113/nl:117]  β=0.047  α_t=0.047  (4307s)
step  5780  L_grcl=  1.81  L_cov= 0.33  L_cons=0.000  L_tot=  1.81  diag=+0.991  mix=[cap:109/ref:102/nl:109]  β=0.047  α_t=0.047  (4321s)
step  5800  L_grcl=  1.77  L_cov= 0.34  L_cons=0.000  L_tot=  1.77  diag=+0.990  mix=[cap:116/ref:98/nl:106]  β=0.047  α_t=0.047  (4336s)
step  5820  L_grcl=  1.79  L_cov= 0.34  L_cons=0.000  L_tot=  1.79  diag=+0.989  mix=[cap:101/ref:114/nl:105]  β=0.047  α_t=0.047  (4350s)
step  5840  L_grcl=  1.82  L_cov= 0.34  L_cons=0.000  L_tot=  1.82  diag=+0.990  mix=[cap:113/ref:101/nl:106]  β=0.047  α_t=0.047  (4364s)
step  5860  L_grcl=  1.81  L_cov= 0.35  L_cons=0.000  L_tot=  1.81  diag=+0.991  mix=[cap:103/ref:122/nl:95]  β=0.047  α_t=0.047  (4379s)
step  5880  L_grcl=  1.82  L_cov= 0.34  L_cons=0.000  L_tot=  1.82  diag=+0.991  mix=[cap:102/ref:119/nl:99]  β=0.047  α_t=0.047  (4394s)
step  5900  L_grcl=  1.83  L_cov= 0.35  L_cons=0.000  L_tot=  1.83  diag=+0.990  mix=[cap:101/ref:109/nl:110]  β=0.047  α_t=0.047  (4408s)
step  5920  L_grcl=  1.80  L_cov= 0.33  L_cons=0.000  L_tot=  1.80  diag=+0.991  mix=[cap:116/ref:112/nl:92]  β=0.047  α_t=0.047  (4422s)
step  5940  L_grcl=  1.79  L_cov= 0.34  L_cons=0.000  L_tot=  1.79  diag=+0.991  mix=[cap:109/ref:109/nl:102]  β=0.047  α_t=0.047  (4437s)
step  5960  L_grcl=  1.72  L_cov= 0.32  L_cons=0.000  L_tot=  1.72  diag=+0.990  mix=[cap:106/ref:107/nl:107]  β=0.047  α_t=0.047  (4451s)
step  5980  L_grcl=  1.81  L_cov= 0.34  L_cons=0.000  L_tot=  1.81  diag=+0.989  mix=[cap:105/ref:121/nl:94]  β=0.047  α_t=0.047  (4466s)
step  6000  L_grcl=  1.82  L_cov= 0.33  L_cons=0.000  L_tot=  1.82  diag=+0.990  mix=[cap:99/ref:111/nl:110]  β=0.047  α_t=0.047  (4480s)

  [eval @ step 6000] held-out test-A...
    cap-fig cos: +0.9949  (Δ +0.8801)
    R@1/5/10: 14.0% / 60.5% / 86.0%  (Δ +14.0 / +60.5 / +86.0)
    [ckpt saved @ step 6000 R@10=86.0%]

step  6020  L_grcl=  1.79  L_cov= 0.33  L_cons=0.000  L_tot=  1.79  diag=+0.991  mix=[cap:105/ref:115/nl:100]  β=0.047  α_t=0.047  (4514s)
step  6040  L_grcl=  1.79  L_cov= 0.34  L_cons=0.000  L_tot=  1.79  diag=+0.990  mix=[cap:94/ref:108/nl:118]  β=0.047  α_t=0.047  (4529s)
step  6060  L_grcl=  1.83  L_cov= 0.35  L_cons=0.000  L_tot=  1.83  diag=+0.992  mix=[cap:102/ref:117/nl:101]  β=0.047  α_t=0.047  (4543s)
step  6080  L_grcl=  1.79  L_cov= 0.34  L_cons=0.000  L_tot=  1.79  diag=+0.992  mix=[cap:116/ref:103/nl:101]  β=0.047  α_t=0.047  (4558s)
step  6100  L_grcl=  1.82  L_cov= 0.33  L_cons=0.000  L_tot=  1.82  diag=+0.990  mix=[cap:100/ref:115/nl:105]  β=0.047  α_t=0.047  (4572s)
step  6120  L_grcl=  1.83  L_cov= 0.35  L_cons=0.000  L_tot=  1.83  diag=+0.992  mix=[cap:107/ref:99/nl:114]  β=0.047  α_t=0.047  (4586s)
step  6140  L_grcl=  1.83  L_cov= 0.35  L_cons=0.000  L_tot=  1.83  diag=+0.991  mix=[cap:100/ref:109/nl:111]  β=0.047  α_t=0.047  (4601s)
step  6160  L_grcl=  1.87  L_cov= 0.36  L_cons=0.000  L_tot=  1.87  diag=+0.990  mix=[cap:100/ref:113/nl:107]  β=0.047  α_t=0.047  (4615s)
step  6180  L_grcl=  1.79  L_cov= 0.33  L_cons=0.000  L_tot=  1.79  diag=+0.990  mix=[cap:104/ref:114/nl:102]  β=0.047  α_t=0.047  (4630s)
step  6200  L_grcl=  1.82  L_cov= 0.35  L_cons=0.000  L_tot=  1.82  diag=+0.989  mix=[cap:97/ref:119/nl:104]  β=0.047  α_t=0.047  (4644s)
step  6220  L_grcl=  1.82  L_cov= 0.33  L_cons=0.000  L_tot=  1.82  diag=+0.991  mix=[cap:117/ref:112/nl:91]  β=0.047  α_t=0.047  (4659s)
step  6240  L_grcl=  1.80  L_cov= 0.34  L_cons=0.000  L_tot=  1.80  diag=+0.991  mix=[cap:105/ref:107/nl:108]  β=0.047  α_t=0.047  (4673s)
step  6260  L_grcl=  1.79  L_cov= 0.33  L_cons=0.000  L_tot=  1.79  diag=+0.990  mix=[cap:108/ref:115/nl:97]  β=0.047  α_t=0.047  (4688s)
step  6280  L_grcl=  1.85  L_cov= 0.35  L_cons=0.000  L_tot=  1.85  diag=+0.991  mix=[cap:114/ref:110/nl:96]  β=0.047  α_t=0.047  (4702s)
step  6300  L_grcl=  1.84  L_cov= 0.36  L_cons=0.000  L_tot=  1.84  diag=+0.991  mix=[cap:99/ref:109/nl:112]  β=0.047  α_t=0.047  (4717s)
step  6320  L_grcl=  1.79  L_cov= 0.33  L_cons=0.000  L_tot=  1.79  diag=+0.991  mix=[cap:127/ref:97/nl:96]  β=0.047  α_t=0.047  (4731s)
step  6340  L_grcl=  1.81  L_cov= 0.35  L_cons=0.000  L_tot=  1.81  diag=+0.992  mix=[cap:110/ref:117/nl:93]  β=0.047  α_t=0.047  (4746s)
step  6360  L_grcl=  1.82  L_cov= 0.35  L_cons=0.000  L_tot=  1.82  diag=+0.991  mix=[cap:111/ref:105/nl:104]  β=0.047  α_t=0.047  (4760s)
step  6380  L_grcl=  1.82  L_cov= 0.34  L_cons=0.000  L_tot=  1.82  diag=+0.991  mix=[cap:101/ref:112/nl:107]  β=0.047  α_t=0.047  (4774s)
step  6400  L_grcl=  1.80  L_cov= 0.34  L_cons=0.000  L_tot=  1.80  diag=+0.991  mix=[cap:103/ref:107/nl:110]  β=0.047  α_t=0.047  (4789s)
step  6420  L_grcl=  1.77  L_cov= 0.33  L_cons=0.000  L_tot=  1.77  diag=+0.990  mix=[cap:97/ref:111/nl:112]  β=0.047  α_t=0.047  (4803s)
step  6440  L_grcl=  1.77  L_cov= 0.34  L_cons=0.000  L_tot=  1.77  diag=+0.989  mix=[cap:102/ref:118/nl:100]  β=0.047  α_t=0.047  (4818s)
step  6460  L_grcl=  1.83  L_cov= 0.34  L_cons=0.000  L_tot=  1.83  diag=+0.989  mix=[cap:103/ref:117/nl:100]  β=0.047  α_t=0.047  (4832s)
step  6480  L_grcl=  1.80  L_cov= 0.34  L_cons=0.000  L_tot=  1.80  diag=+0.990  mix=[cap:109/ref:112/nl:99]  β=0.047  α_t=0.047  (4847s)
step  6500  L_grcl=  1.77  L_cov= 0.33  L_cons=0.000  L_tot=  1.77  diag=+0.989  mix=[cap:91/ref:124/nl:105]  β=0.047  α_t=0.047  (4861s)

  [eval @ step 6500] held-out test-A...
    cap-fig cos: +0.9950  (Δ +0.8803)
    R@1/5/10: 15.0% / 55.5% / 83.0%  (Δ +15.0 / +55.5 / +83.0)

step  6520  L_grcl=  1.72  L_cov= 0.33  L_cons=0.000  L_tot=  1.72  diag=+0.989  mix=[cap:98/ref:118/nl:104]  β=0.047  α_t=0.047  (4888s)
step  6540  L_grcl=  1.77  L_cov= 0.34  L_cons=0.000  L_tot=  1.77  diag=+0.991  mix=[cap:109/ref:111/nl:100]  β=0.047  α_t=0.047  (4902s)
step  6560  L_grcl=  1.76  L_cov= 0.32  L_cons=0.000  L_tot=  1.76  diag=+0.990  mix=[cap:115/ref:114/nl:91]  β=0.047  α_t=0.047  (4916s)
step  6580  L_grcl=  1.78  L_cov= 0.33  L_cons=0.000  L_tot=  1.78  diag=+0.990  mix=[cap:98/ref:115/nl:107]  β=0.047  α_t=0.047  (4931s)
step  6600  L_grcl=  1.77  L_cov= 0.34  L_cons=0.000  L_tot=  1.77  diag=+0.990  mix=[cap:112/ref:111/nl:97]  β=0.047  α_t=0.047  (4945s)
step  6620  L_grcl=  1.83  L_cov= 0.33  L_cons=0.000  L_tot=  1.83  diag=+0.991  mix=[cap:99/ref:107/nl:114]  β=0.047  α_t=0.047  (4962s)
step  6640  L_grcl=  1.80  L_cov= 0.35  L_cons=0.000  L_tot=  1.80  diag=+0.990  mix=[cap:103/ref:114/nl:103]  β=0.047  α_t=0.047  (4975s)
step  6660  L_grcl=  1.83  L_cov= 0.34  L_cons=0.000  L_tot=  1.83  diag=+0.991  mix=[cap:101/ref:107/nl:112]  β=0.047  α_t=0.047  (4990s)
step  6680  L_grcl=  1.80  L_cov= 0.35  L_cons=0.000  L_tot=  1.80  diag=+0.991  mix=[cap:88/ref:113/nl:119]  β=0.047  α_t=0.047  (5003s)
step  6700  L_grcl=  1.78  L_cov= 0.34  L_cons=0.000  L_tot=  1.78  diag=+0.989  mix=[cap:99/ref:114/nl:107]  β=0.047  α_t=0.047  (5018s)
step  6720  L_grcl=  1.75  L_cov= 0.33  L_cons=0.000  L_tot=  1.75  diag=+0.990  mix=[cap:101/ref:114/nl:105]  β=0.047  α_t=0.047  (5032s)
step  6740  L_grcl=  1.80  L_cov= 0.33  L_cons=0.000  L_tot=  1.80  diag=+0.988  mix=[cap:94/ref:112/nl:114]  β=0.047  α_t=0.047  (5047s)
step  6760  L_grcl=  1.80  L_cov= 0.34  L_cons=0.000  L_tot=  1.80  diag=+0.990  mix=[cap:110/ref:111/nl:99]  β=0.047  α_t=0.047  (5062s)
step  6780  L_grcl=  1.81  L_cov= 0.35  L_cons=0.000  L_tot=  1.81  diag=+0.991  mix=[cap:102/ref:120/nl:98]  β=0.047  α_t=0.047  (5076s)
step  6800  L_grcl=  1.77  L_cov= 0.34  L_cons=0.000  L_tot=  1.77  diag=+0.990  mix=[cap:110/ref:105/nl:105]  β=0.047  α_t=0.047  (5090s)
step  6820  L_grcl=  1.85  L_cov= 0.34  L_cons=0.000  L_tot=  1.85  diag=+0.989  mix=[cap:99/ref:109/nl:112]  β=0.047  α_t=0.047  (5105s)
step  6840  L_grcl=  1.79  L_cov= 0.34  L_cons=0.000  L_tot=  1.79  diag=+0.991  mix=[cap:109/ref:109/nl:102]  β=0.047  α_t=0.047  (5120s)
step  6860  L_grcl=  1.78  L_cov= 0.33  L_cons=0.000  L_tot=  1.78  diag=+0.988  mix=[cap:91/ref:114/nl:115]  β=0.047  α_t=0.047  (5134s)
step  6880  L_grcl=  1.77  L_cov= 0.33  L_cons=0.000  L_tot=  1.77  diag=+0.991  mix=[cap:111/ref:113/nl:96]  β=0.047  α_t=0.047  (5148s)
step  6900  L_grcl=  1.79  L_cov= 0.34  L_cons=0.000  L_tot=  1.79  diag=+0.990  mix=[cap:102/ref:99/nl:119]  β=0.047  α_t=0.047  (5163s)
step  6920  L_grcl=  1.77  L_cov= 0.32  L_cons=0.000  L_tot=  1.77  diag=+0.990  mix=[cap:119/ref:94/nl:107]  β=0.047  α_t=0.047  (5178s)
step  6940  L_grcl=  1.79  L_cov= 0.34  L_cons=0.000  L_tot=  1.79  diag=+0.990  mix=[cap:109/ref:119/nl:92]  β=0.047  α_t=0.047  (5192s)
step  6960  L_grcl=  1.75  L_cov= 0.32  L_cons=0.000  L_tot=  1.75  diag=+0.990  mix=[cap:116/ref:103/nl:101]  β=0.047  α_t=0.047  (5206s)
step  6980  L_grcl=  1.77  L_cov= 0.33  L_cons=0.000  L_tot=  1.77  diag=+0.990  mix=[cap:102/ref:111/nl:107]  β=0.047  α_t=0.047  (5221s)
step  7000  L_grcl=  1.78  L_cov= 0.33  L_cons=0.000  L_tot=  1.78  diag=+0.990  mix=[cap:110/ref:100/nl:110]  β=0.047  α_t=0.047  (5235s)

  [eval @ step 7000] held-out test-A...
    cap-fig cos: +0.9955  (Δ +0.8807)
    R@1/5/10: 20.0% / 67.0% / 88.5%  (Δ +20.0 / +67.0 / +88.5)
    [ckpt saved @ step 7000 R@10=88.5%]

step  7020  L_grcl=  1.78  L_cov= 0.34  L_cons=0.000  L_tot=  1.78  diag=+0.990  mix=[cap:98/ref:110/nl:112]  β=0.047  α_t=0.047  (5266s)
step  7040  L_grcl=  1.74  L_cov= 0.32  L_cons=0.000  L_tot=  1.74  diag=+0.990  mix=[cap:111/ref:103/nl:106]  β=0.047  α_t=0.047  (5280s)
step  7060  L_grcl=  1.89  L_cov= 0.33  L_cons=0.000  L_tot=  1.89  diag=+0.989  mix=[cap:96/ref:112/nl:112]  β=0.047  α_t=0.047  (5294s)
step  7080  L_grcl=  1.79  L_cov= 0.34  L_cons=0.000  L_tot=  1.79  diag=+0.992  mix=[cap:108/ref:110/nl:102]  β=0.047  α_t=0.047  (5308s)
step  7100  L_grcl=  1.79  L_cov= 0.33  L_cons=0.000  L_tot=  1.79  diag=+0.989  mix=[cap:97/ref:103/nl:120]  β=0.047  α_t=0.047  (5322s)
step  7120  L_grcl=  1.77  L_cov= 0.33  L_cons=0.000  L_tot=  1.77  diag=+0.991  mix=[cap:100/ref:119/nl:101]  β=0.047  α_t=0.047  (5336s)
step  7140  L_grcl=  1.79  L_cov= 0.34  L_cons=0.000  L_tot=  1.79  diag=+0.989  mix=[cap:111/ref:100/nl:109]  β=0.047  α_t=0.047  (5350s)
step  7160  L_grcl=  1.78  L_cov= 0.33  L_cons=0.000  L_tot=  1.78  diag=+0.990  mix=[cap:108/ref:118/nl:94]  β=0.047  α_t=0.047  (5365s)
step  7180  L_grcl=  1.74  L_cov= 0.33  L_cons=0.000  L_tot=  1.74  diag=+0.991  mix=[cap:115/ref:104/nl:101]  β=0.047  α_t=0.047  (5379s)
step  7200  L_grcl=  1.77  L_cov= 0.34  L_cons=0.000  L_tot=  1.77  diag=+0.990  mix=[cap:105/ref:106/nl:109]  β=0.047  α_t=0.047  (5393s)
step  7220  L_grcl=  1.81  L_cov= 0.35  L_cons=0.000  L_tot=  1.81  diag=+0.990  mix=[cap:116/ref:100/nl:104]  β=0.047  α_t=0.047  (5408s)
step  7240  L_grcl=  1.76  L_cov= 0.33  L_cons=0.000  L_tot=  1.76  diag=+0.990  mix=[cap:114/ref:106/nl:100]  β=0.047  α_t=0.047  (5423s)
step  7260  L_grcl=  1.77  L_cov= 0.33  L_cons=0.000  L_tot=  1.77  diag=+0.989  mix=[cap:101/ref:101/nl:118]  β=0.047  α_t=0.047  (5438s)
step  7280  L_grcl=  1.71  L_cov= 0.33  L_cons=0.000  L_tot=  1.71  diag=+0.989  mix=[cap:117/ref:94/nl:109]  β=0.047  α_t=0.047  (5452s)
step  7300  L_grcl=  1.80  L_cov= 0.34  L_cons=0.000  L_tot=  1.80  diag=+0.989  mix=[cap:107/ref:120/nl:93]  β=0.047  α_t=0.047  (5467s)
step  7320  L_grcl=  1.80  L_cov= 0.34  L_cons=0.000  L_tot=  1.80  diag=+0.991  mix=[cap:106/ref:103/nl:111]  β=0.047  α_t=0.047  (5481s)
step  7340  L_grcl=  1.76  L_cov= 0.32  L_cons=0.000  L_tot=  1.76  diag=+0.989  mix=[cap:109/ref:110/nl:101]  β=0.047  α_t=0.047  (5495s)
step  7360  L_grcl=  1.78  L_cov= 0.33  L_cons=0.000  L_tot=  1.78  diag=+0.991  mix=[cap:104/ref:115/nl:101]  β=0.047  α_t=0.047  (5510s)
step  7380  L_grcl=  1.80  L_cov= 0.34  L_cons=0.000  L_tot=  1.80  diag=+0.990  mix=[cap:106/ref:104/nl:110]  β=0.047  α_t=0.047  (5524s)
step  7400  L_grcl=  1.79  L_cov= 0.34  L_cons=0.000  L_tot=  1.79  diag=+0.990  mix=[cap:99/ref:97/nl:124]  β=0.047  α_t=0.047  (5539s)
step  7420  L_grcl=  1.81  L_cov= 0.33  L_cons=0.000  L_tot=  1.81  diag=+0.988  mix=[cap:89/ref:114/nl:117]  β=0.047  α_t=0.047  (5553s)
step  7440  L_grcl=  1.76  L_cov= 0.33  L_cons=0.000  L_tot=  1.76  diag=+0.990  mix=[cap:116/ref:103/nl:101]  β=0.047  α_t=0.047  (5567s)
step  7460  L_grcl=  1.82  L_cov= 0.34  L_cons=0.000  L_tot=  1.82  diag=+0.991  mix=[cap:100/ref:108/nl:112]  β=0.047  α_t=0.047  (5581s)
step  7480  L_grcl=  1.72  L_cov= 0.32  L_cons=0.000  L_tot=  1.72  diag=+0.989  mix=[cap:110/ref:117/nl:93]  β=0.047  α_t=0.047  (5596s)
step  7500  L_grcl=  1.74  L_cov= 0.32  L_cons=0.000  L_tot=  1.74  diag=+0.989  mix=[cap:115/ref:111/nl:94]  β=0.047  α_t=0.047  (5610s)

  [eval @ step 7500] held-out test-A...
    cap-fig cos: +0.9949  (Δ +0.8802)
    R@1/5/10: 14.0% / 56.5% / 80.5%  (Δ +14.0 / +56.5 / +80.5)

step  7520  L_grcl=  1.75  L_cov= 0.32  L_cons=0.000  L_tot=  1.75  diag=+0.991  mix=[cap:113/ref:102/nl:105]  β=0.047  α_t=0.047  (5637s)
step  7540  L_grcl=  1.81  L_cov= 0.34  L_cons=0.000  L_tot=  1.81  diag=+0.991  mix=[cap:120/ref:110/nl:90]  β=0.047  α_t=0.047  (5652s)
step  7560  L_grcl=  1.80  L_cov= 0.33  L_cons=0.000  L_tot=  1.80  diag=+0.989  mix=[cap:101/ref:115/nl:104]  β=0.047  α_t=0.047  (5666s)
step  7580  L_grcl=  1.78  L_cov= 0.34  L_cons=0.000  L_tot=  1.78  diag=+0.990  mix=[cap:114/ref:102/nl:104]  β=0.047  α_t=0.047  (5681s)
step  7600  L_grcl=  1.77  L_cov= 0.33  L_cons=0.000  L_tot=  1.77  diag=+0.988  mix=[cap:108/ref:103/nl:109]  β=0.047  α_t=0.047  (5695s)
step  7620  L_grcl=  1.75  L_cov= 0.33  L_cons=0.000  L_tot=  1.75  diag=+0.991  mix=[cap:117/ref:97/nl:106]  β=0.047  α_t=0.047  (5709s)
step  7640  L_grcl=  1.77  L_cov= 0.34  L_cons=0.000  L_tot=  1.77  diag=+0.990  mix=[cap:104/ref:107/nl:109]  β=0.047  α_t=0.047  (5724s)
step  7660  L_grcl=  1.77  L_cov= 0.33  L_cons=0.000  L_tot=  1.77  diag=+0.990  mix=[cap:107/ref:109/nl:104]  β=0.047  α_t=0.047  (5739s)
step  7680  L_grcl=  1.84  L_cov= 0.34  L_cons=0.000  L_tot=  1.84  diag=+0.990  mix=[cap:97/ref:106/nl:117]  β=0.047  α_t=0.047  (5753s)
step  7700  L_grcl=  1.78  L_cov= 0.33  L_cons=0.000  L_tot=  1.78  diag=+0.992  mix=[cap:122/ref:112/nl:86]  β=0.047  α_t=0.047  (5768s)
step  7720  L_grcl=  1.78  L_cov= 0.33  L_cons=0.000  L_tot=  1.78  diag=+0.989  mix=[cap:93/ref:101/nl:126]  β=0.047  α_t=0.047  (5783s)
step  7740  L_grcl=  1.80  L_cov= 0.33  L_cons=0.000  L_tot=  1.80  diag=+0.989  mix=[cap:99/ref:111/nl:110]  β=0.047  α_t=0.047  (5797s)
step  7760  L_grcl=  1.73  L_cov= 0.34  L_cons=0.000  L_tot=  1.73  diag=+0.990  mix=[cap:111/ref:103/nl:106]  β=0.047  α_t=0.047  (5811s)
step  7780  L_grcl=  1.75  L_cov= 0.34  L_cons=0.000  L_tot=  1.75  diag=+0.990  mix=[cap:130/ref:93/nl:97]  β=0.047  α_t=0.047  (5826s)
step  7800  L_grcl=  1.74  L_cov= 0.32  L_cons=0.000  L_tot=  1.74  diag=+0.990  mix=[cap:118/ref:113/nl:89]  β=0.047  α_t=0.047  (5841s)
step  7820  L_grcl=  1.80  L_cov= 0.34  L_cons=0.000  L_tot=  1.80  diag=+0.990  mix=[cap:100/ref:109/nl:111]  β=0.047  α_t=0.047  (5855s)
step  7840  L_grcl=  1.73  L_cov= 0.32  L_cons=0.000  L_tot=  1.73  diag=+0.990  mix=[cap:125/ref:97/nl:98]  β=0.047  α_t=0.047  (5870s)
step  7860  L_grcl=  1.77  L_cov= 0.33  L_cons=0.000  L_tot=  1.77  diag=+0.990  mix=[cap:108/ref:110/nl:102]  β=0.047  α_t=0.047  (5884s)
step  7880  L_grcl=  1.73  L_cov= 0.32  L_cons=0.000  L_tot=  1.73  diag=+0.990  mix=[cap:108/ref:105/nl:107]  β=0.047  α_t=0.047  (5899s)
step  7900  L_grcl=  1.77  L_cov= 0.33  L_cons=0.000  L_tot=  1.77  diag=+0.991  mix=[cap:109/ref:105/nl:106]  β=0.047  α_t=0.047  (5913s)
step  7920  L_grcl=  1.79  L_cov= 0.34  L_cons=0.000  L_tot=  1.79  diag=+0.991  mix=[cap:107/ref:119/nl:94]  β=0.047  α_t=0.047  (5928s)
step  7940  L_grcl=  1.75  L_cov= 0.33  L_cons=0.000  L_tot=  1.75  diag=+0.989  mix=[cap:103/ref:104/nl:113]  β=0.047  α_t=0.047  (5942s)
step  7960  L_grcl=  1.79  L_cov= 0.34  L_cons=0.000  L_tot=  1.79  diag=+0.989  mix=[cap:100/ref:116/nl:104]  β=0.047  α_t=0.047  (5957s)
step  7980  L_grcl=  1.78  L_cov= 0.34  L_cons=0.000  L_tot=  1.78  diag=+0.989  mix=[cap:102/ref:121/nl:97]  β=0.047  α_t=0.047  (5971s)
step  8000  L_grcl=  1.79  L_cov= 0.32  L_cons=0.000  L_tot=  1.79  diag=+0.989  mix=[cap:100/ref:113/nl:107]  β=0.047  α_t=0.047  (5986s)

  [eval @ step 8000] held-out test-A...
    cap-fig cos: +0.9951  (Δ +0.8804)
    R@1/5/10: 17.0% / 60.0% / 82.0%  (Δ +17.0 / +60.0 / +82.0)


[final] test-A:
  cap-fig cos: +0.9951  (init +0.1147, Δ +0.8804)
  R@1/5/10: 17.0% / 60.0% / 82.0%
  init R@1/5/10: 0.0% / 0.0% / 0.0%

saved → /home/work/dl/dl_project/eval/results/experiments/e_grcl_no_gpe/train.json
[main1:100821:0:100821] Caught signal 11 (Segmentation fault: address not mapped to object at address 0x7f8d799adec0)
==== backtrace (tid: 100821) ====
 0  /opt/hpcx/ucx/lib/libucs.so.0(ucs_handle_error+0x2e4) [0x7f8d67d06774]
 1  /opt/hpcx/ucx/lib/libucs.so.0(+0x3796a) [0x7f8d67d0696a]
 2  /opt/hpcx/ucx/lib/libucs.so.0(+0x37ba8) [0x7f8d67d06ba8]
 3  /usr/lib/x86_64-linux-gnu/libc.so.6(+0x45330) [0x7f8d79c33330]
 4  /usr/lib/x86_64-linux-gnu/libnvidia-ml.so.575.51.03(+0x336c1) [0x7f8d732336c1]
 5  /usr/lib/x86_64-linux-gnu/libnvidia-ml.so.575.51.03(nvmlShutdown+0xe) [0x7f8d7321cfae]
 6  /opt/kernel/libcudahook.ubuntu18.04.x86_64.so(+0xc3caf) [0x7f8d79ec3caf]
 7  /opt/kernel/libcudahook.ubuntu18.04.x86_64.so(+0xc3d48) [0x7f8d79ec3d48]
 8  /opt/kernel/libcudahook.ubuntu18.04.x86_64.so(+0xc3a2d) [0x7f8d79ec3a2d]
 9  /lib64/ld-linux-x86-64.so.2(+0x10f2) [0x7f8d7a9940f2]
10  /lib64/ld-linux-x86-64.so.2(+0x5578) [0x7f8d7a998578]
11  /usr/lib/x86_64-linux-gnu/libc.so.6(+0x47a76) [0x7f8d79c35a76]
12  /usr/lib/x86_64-linux-gnu/libc.so.6(+0x47bbe) [0x7f8d79c35bbe]
13  /usr/lib/x86_64-linux-gnu/libc.so.6(+0x2a1d1) [0x7f8d79c181d1]
14  /usr/lib/x86_64-linux-gnu/libc.so.6(__libc_start_main+0x8b) [0x7f8d79c1828b]
15  /usr/bin/python(_start+0x25) [0x657ce5]
=================================
  training exited with code -11 but train.json + ckpt look complete — treating as success
  training done in 103.3 min

--- Evaluation ---
$ /usr/bin/python -m pipeline.eval_full --out /home/work/dl/dl_project/eval/results/experiments/e_grcl_no_gpe/eval.json --device cuda --ckpt ckpt/e_grcl_no_gpe.pt --lora_rank 8 --lora_alpha 16 --hf_id google/siglip2-base-patch16-224 --gpe_facets type,role,depth,pos --datasets spiqa_testA sciegqa mmdocir
device: cuda
[ElementTokenEncoder] loading google/siglip2-base-patch16-224
Using a slow image processor as `use_fast` is unset and a slow processor was saved with this model. `use_fast=True` will be the default behavior in v4.52, even if the model was saved with a slow processor. This will result in minor differences in outputs. You'll still be able to use a slow processor with `use_fast=False`.
[ElementTokenEncoder] LoRA r=8 α=16 targets=['q_proj', 'k_proj', 'v_proj', 'out_proj'] applied (d_text=768, d_vision=768, cls=False)
trainable params: 1,191,936 || all params: 376,379,906 || trainable%: 0.3167
[eval_full] loaded checkpoint: ckpt/e_grcl_no_gpe.pt

[eval] SPIQA test-A
  graph: 118 docs, elements: 9039, queries: 666
  [5/118 docs, 26/666 queries] 2s
  [10/118 docs, 59/666 queries] 5s
  [15/118 docs, 82/666 queries] 7s
  [20/118 docs, 105/666 queries] 9s
  [25/118 docs, 132/666 queries] 11s
  [30/118 docs, 161/666 queries] 13s
  [35/118 docs, 181/666 queries] 15s
  [40/118 docs, 217/666 queries] 18s
  [45/118 docs, 242/666 queries] 20s
  [50/118 docs, 269/666 queries] 22s
  [55/118 docs, 285/666 queries] 23s
  [60/118 docs, 313/666 queries] 25s
  [65/118 docs, 352/666 queries] 29s
  [70/118 docs, 396/666 queries] 32s
  [75/118 docs, 445/666 queries] 36s
  [80/118 docs, 481/666 queries] 39s
  [85/118 docs, 514/666 queries] 41s
  [90/118 docs, 535/666 queries] 43s
  [95/118 docs, 560/666 queries] 45s
  [100/118 docs, 590/666 queries] 48s
  [105/118 docs, 616/666 queries] 50s
  [110/118 docs, 640/666 queries] 52s
  [115/118 docs, 663/666 queries] 54s
  done in 54s

[eval] SciEGQA
  graph: 80 docs, elements: 29412, queries: 1623
  [5/80 docs, 108/1623 queries] 11s
  [10/80 docs, 218/1623 queries] 25s
  [15/80 docs, 325/1623 queries] 37s
  [20/80 docs, 427/1623 queries] 59s
  [25/80 docs, 532/1623 queries] 72s
  [30/80 docs, 630/1623 queries] 88s
  [35/80 docs, 733/1623 queries] 104s
  [40/80 docs, 818/1623 queries] 112s
  [45/80 docs, 927/1623 queries] 125s
  [50/80 docs, 1031/1623 queries] 136s
  [55/80 docs, 1102/1623 queries] 147s
  [60/80 docs, 1207/1623 queries] 157s
  [65/80 docs, 1314/1623 queries] 176s
  [70/80 docs, 1423/1623 queries] 193s
  [75/80 docs, 1513/1623 queries] 203s
  [80/80 docs, 1623/1623 queries] 219s
  done in 219s

[eval] MMDocIR
  graph: 75 docs, elements: 15032, queries: 389
  [5/75 docs, 31/389 queries] 5s
  [10/75 docs, 58/389 queries] 8s
  [15/75 docs, 87/389 queries] 14s
  [20/75 docs, 116/389 queries] 17s
  [25/75 docs, 137/389 queries] 19s
  [30/75 docs, 162/389 queries] 21s
  [35/75 docs, 187/389 queries] 24s
  [40/75 docs, 212/389 queries] 26s
  [45/75 docs, 243/389 queries] 28s
  [50/75 docs, 267/389 queries] 30s
  [55/75 docs, 288/389 queries] 31s
  [60/75 docs, 306/389 queries] 33s
  [65/75 docs, 332/389 queries] 35s
  [70/75 docs, 364/389 queries] 38s
  [75/75 docs, 389/389 queries] 39s
  done in 39s

saved → /home/work/dl/dl_project/eval/results/experiments/e_grcl_no_gpe/eval.json

=== Summary ===

SPIQA test-A:
  [no_prop] mrr=0.3818  recall@10=0.8709  hit@10=0.8709  coverage@10=0.8709  perfect@10=0.8709
  [uniform_a01_T2] mrr=0.2836  recall@10=0.7087  hit@10=0.7087  coverage@10=0.7087  perfect@10=0.7087
  [uniform_a03_T1] mrr=0.2875  recall@10=0.7477  hit@10=0.7477  coverage@10=0.7477  perfect@10=0.7477
  [uniform_a03_T2] mrr=0.2781  recall@10=0.6607  hit@10=0.6607  coverage@10=0.6607  perfect@10=0.6607
  [uniform_a03_T3] mrr=0.2884  recall@10=0.6682  hit@10=0.6682  coverage@10=0.6682  perfect@10=0.6682
  [uniform_a05_T2] mrr=0.2868  recall@10=0.6637  hit@10=0.6637  coverage@10=0.6637  perfect@10=0.6637
  [wbase_a03_T2] mrr=0.3025  recall@10=0.7027  hit@10=0.7027  coverage@10=0.7027  perfect@10=0.7027
  [wbase_role_a03_T2] mrr=0.3025  recall@10=0.7027  hit@10=0.7027  coverage@10=0.7027  perfect@10=0.7027
  [wbase_vis_a03_T2] mrr=0.3040  recall@10=0.7027  hit@10=0.7027  coverage@10=0.7027  perfect@10=0.7027
  [wfull_a03_T2] mrr=0.3040  recall@10=0.7027  hit@10=0.7027  coverage@10=0.7027  perfect@10=0.7027
  [wfull_a01_T2] mrr=0.3108  recall@10=0.7387  hit@10=0.7387  coverage@10=0.7387  perfect@10=0.7387
  [wfull_a05_T2] mrr=0.3127  recall@10=0.6862  hit@10=0.6862  coverage@10=0.6862  perfect@10=0.6862
  [wfull_a07_T2] mrr=0.2873  recall@10=0.6577  hit@10=0.6577  coverage@10=0.6577  perfect@10=0.6577
  [wfull_a03_T1] mrr=0.3184  recall@10=0.7928  hit@10=0.7928  coverage@10=0.7928  perfect@10=0.7928
  [wfull_a03_T3] mrr=0.3111  recall@10=0.6922  hit@10=0.6922  coverage@10=0.6922  perfect@10=0.6922
  [ppr_a015] mrr=0.2827  recall@10=0.6351  hit@10=0.6351  coverage@10=0.6351  perfect@10=0.6351
  [ppr_a030] mrr=0.2962  recall@10=0.6562  hit@10=0.6562  coverage@10=0.6562  perfect@10=0.6562
  [ppr_a050] mrr=0.3183  recall@10=0.6907  hit@10=0.6907  coverage@10=0.6907  perfect@10=0.6907
  [ppr_a070] mrr=0.3102  recall@10=0.7177  hit@10=0.7177  coverage@10=0.7177  perfect@10=0.7177
  [ppr_a085] mrr=0.3104  recall@10=0.7312  hit@10=0.7312  coverage@10=0.7312  perfect@10=0.7312
  [ppr_unif_a030] mrr=0.2961  recall@10=0.6532  hit@10=0.6532  coverage@10=0.6532  perfect@10=0.6532
  [ppr_unif_a050] mrr=0.2990  recall@10=0.6787  hit@10=0.6787  coverage@10=0.6787  perfect@10=0.6787
  [prop_a03_T2] mrr=0.3040  recall@10=0.7027  hit@10=0.7027  coverage@10=0.7027  perfect@10=0.7027
  [prop_a01_T2] mrr=0.3108  recall@10=0.7387  hit@10=0.7387  coverage@10=0.7387  perfect@10=0.7387
  [prop_a05_T2] mrr=0.3127  recall@10=0.6862  hit@10=0.6862  coverage@10=0.6862  perfect@10=0.6862
  [prop_a07_T2] mrr=0.2873  recall@10=0.6577  hit@10=0.6577  coverage@10=0.6577  perfect@10=0.6577
  [prop_a03_T1] mrr=0.3184  recall@10=0.7928  hit@10=0.7928  coverage@10=0.7928  perfect@10=0.7928
  [prop_a03_T3] mrr=0.3111  recall@10=0.6922  hit@10=0.6922  coverage@10=0.6922  perfect@10=0.6922

SciEGQA:
  [no_prop] mrr=0.0348  recall@10=0.0101  hit@10=0.0733  coverage@10=0.0101  perfect@10=0.0092  cross_page_hit=0.2658
  [uniform_a01_T2] mrr=0.0364  recall@10=0.0145  hit@10=0.0702  coverage@10=0.0145  perfect@10=0.0105  cross_page_hit=0.1867
  [uniform_a03_T1] mrr=0.0351  recall@10=0.0146  hit@10=0.0709  coverage@10=0.0146  perfect@10=0.0105  cross_page_hit=0.1835
  [uniform_a03_T2] mrr=0.0355  recall@10=0.0145  hit@10=0.0678  coverage@10=0.0145  perfect@10=0.0105  cross_page_hit=0.1741
  [uniform_a03_T3] mrr=0.0360  recall@10=0.0140  hit@10=0.0659  coverage@10=0.0140  perfect@10=0.0105  cross_page_hit=0.1709
  [uniform_a05_T2] mrr=0.0359  recall@10=0.0144  hit@10=0.0659  coverage@10=0.0144  perfect@10=0.0105  cross_page_hit=0.1677
  [wbase_a03_T2] mrr=0.0357  recall@10=0.0148  hit@10=0.0678  coverage@10=0.0148  perfect@10=0.0105  cross_page_hit=0.1741
  [wbase_role_a03_T2] mrr=0.0357  recall@10=0.0148  hit@10=0.0678  coverage@10=0.0148  perfect@10=0.0105  cross_page_hit=0.1741
  [wbase_vis_a03_T2] mrr=0.0357  recall@10=0.0148  hit@10=0.0678  coverage@10=0.0148  perfect@10=0.0105  cross_page_hit=0.1741
  [wfull_a03_T2] mrr=0.0357  recall@10=0.0148  hit@10=0.0678  coverage@10=0.0148  perfect@10=0.0105  cross_page_hit=0.1741
  [wfull_a01_T2] mrr=0.0366  recall@10=0.0146  hit@10=0.0702  coverage@10=0.0146  perfect@10=0.0105  cross_page_hit=0.1899
  [wfull_a05_T2] mrr=0.0360  recall@10=0.0149  hit@10=0.0665  coverage@10=0.0149  perfect@10=0.0105  cross_page_hit=0.1677
  [wfull_a07_T2] mrr=0.0360  recall@10=0.0148  hit@10=0.0672  coverage@10=0.0148  perfect@10=0.0105  cross_page_hit=0.1741
  [wfull_a03_T1] mrr=0.0358  recall@10=0.0146  hit@10=0.0709  coverage@10=0.0146  perfect@10=0.0105  cross_page_hit=0.1835
  [wfull_a03_T3] mrr=0.0361  recall@10=0.0147  hit@10=0.0672  coverage@10=0.0147  perfect@10=0.0105  cross_page_hit=0.1709
  [ppr_a015] mrr=0.0363  recall@10=0.0153  hit@10=0.0665  coverage@10=0.0153  perfect@10=0.0105  cross_page_hit=0.1646
  [ppr_a030] mrr=0.0359  recall@10=0.0151  hit@10=0.0672  coverage@10=0.0151  perfect@10=0.0105  cross_page_hit=0.1677
  [ppr_a050] mrr=0.0360  recall@10=0.0150  hit@10=0.0672  coverage@10=0.0150  perfect@10=0.0105  cross_page_hit=0.1772
  [ppr_a070] mrr=0.0360  recall@10=0.0148  hit@10=0.0684  coverage@10=0.0148  perfect@10=0.0105  cross_page_hit=0.1899
  [ppr_a085] mrr=0.0369  recall@10=0.0148  hit@10=0.0696  coverage@10=0.0148  perfect@10=0.0105  cross_page_hit=0.1930
  [ppr_unif_a030] mrr=0.0357  recall@10=0.0145  hit@10=0.0659  coverage@10=0.0145  perfect@10=0.0105  cross_page_hit=0.1646
  [ppr_unif_a050] mrr=0.0361  recall@10=0.0144  hit@10=0.0659  coverage@10=0.0144  perfect@10=0.0105  cross_page_hit=0.1741
  [prop_a03_T2] mrr=0.0357  recall@10=0.0148  hit@10=0.0678  coverage@10=0.0148  perfect@10=0.0105  cross_page_hit=0.1741
  [prop_a01_T2] mrr=0.0366  recall@10=0.0146  hit@10=0.0702  coverage@10=0.0146  perfect@10=0.0105  cross_page_hit=0.1899
  [prop_a05_T2] mrr=0.0360  recall@10=0.0149  hit@10=0.0665  coverage@10=0.0149  perfect@10=0.0105  cross_page_hit=0.1677
  [prop_a07_T2] mrr=0.0360  recall@10=0.0148  hit@10=0.0672  coverage@10=0.0148  perfect@10=0.0105  cross_page_hit=0.1741
  [prop_a03_T1] mrr=0.0358  recall@10=0.0146  hit@10=0.0709  coverage@10=0.0146  perfect@10=0.0105  cross_page_hit=0.1835
  [prop_a03_T3] mrr=0.0361  recall@10=0.0147  hit@10=0.0672  coverage@10=0.0147  perfect@10=0.0105  cross_page_hit=0.1709

MMDocIR:
  [no_prop] mrr=0.0290  recall@10=0.0250  hit@10=0.0411  coverage@10=0.0250  perfect@10=0.0283  cross_page_hit=0.1525
  [uniform_a01_T2] mrr=0.0273  recall@10=0.0382  hit@10=0.0540  coverage@10=0.0382  perfect@10=0.0386  cross_page_hit=0.0508
  [uniform_a03_T1] mrr=0.0274  recall@10=0.0382  hit@10=0.0540  coverage@10=0.0382  perfect@10=0.0386  cross_page_hit=0.0508
  [uniform_a03_T2] mrr=0.0288  recall@10=0.0382  hit@10=0.0540  coverage@10=0.0382  perfect@10=0.0386  cross_page_hit=0.0508
  [uniform_a03_T3] mrr=0.0291  recall@10=0.0382  hit@10=0.0540  coverage@10=0.0382  perfect@10=0.0386  cross_page_hit=0.0508
  [uniform_a05_T2] mrr=0.0292  recall@10=0.0382  hit@10=0.0540  coverage@10=0.0382  perfect@10=0.0386  cross_page_hit=0.0508
  [wbase_a03_T2] mrr=0.0288  recall@10=0.0382  hit@10=0.0540  coverage@10=0.0382  perfect@10=0.0386  cross_page_hit=0.0508
  [wbase_role_a03_T2] mrr=0.0288  recall@10=0.0382  hit@10=0.0540  coverage@10=0.0382  perfect@10=0.0386  cross_page_hit=0.0508
  [wbase_vis_a03_T2] mrr=0.0288  recall@10=0.0382  hit@10=0.0540  coverage@10=0.0382  perfect@10=0.0386  cross_page_hit=0.0508
  [wfull_a03_T2] mrr=0.0288  recall@10=0.0382  hit@10=0.0540  coverage@10=0.0382  perfect@10=0.0386  cross_page_hit=0.0508
  [wfull_a01_T2] mrr=0.0273  recall@10=0.0382  hit@10=0.0540  coverage@10=0.0382  perfect@10=0.0386  cross_page_hit=0.0508
  [wfull_a05_T2] mrr=0.0292  recall@10=0.0382  hit@10=0.0540  coverage@10=0.0382  perfect@10=0.0386  cross_page_hit=0.0508
  [wfull_a07_T2] mrr=0.0288  recall@10=0.0446  hit@10=0.0591  coverage@10=0.0446  perfect@10=0.0463  cross_page_hit=0.0508
  [wfull_a03_T1] mrr=0.0274  recall@10=0.0382  hit@10=0.0540  coverage@10=0.0382  perfect@10=0.0386  cross_page_hit=0.0508
  [wfull_a03_T3] mrr=0.0291  recall@10=0.0382  hit@10=0.0540  coverage@10=0.0382  perfect@10=0.0386  cross_page_hit=0.0508
  [ppr_a015] mrr=0.0289  recall@10=0.0407  hit@10=0.0566  coverage@10=0.0407  perfect@10=0.0411  cross_page_hit=0.0508
  [ppr_a030] mrr=0.0285  recall@10=0.0382  hit@10=0.0540  coverage@10=0.0382  perfect@10=0.0386  cross_page_hit=0.0508
  [ppr_a050] mrr=0.0275  recall@10=0.0382  hit@10=0.0540  coverage@10=0.0382  perfect@10=0.0386  cross_page_hit=0.0508
  [ppr_a070] mrr=0.0271  recall@10=0.0382  hit@10=0.0540  coverage@10=0.0382  perfect@10=0.0386  cross_page_hit=0.0508
  [ppr_a085] mrr=0.0270  recall@10=0.0382  hit@10=0.0540  coverage@10=0.0382  perfect@10=0.0386  cross_page_hit=0.0508
  [ppr_unif_a030] mrr=0.0285  recall@10=0.0382  hit@10=0.0540  coverage@10=0.0382  perfect@10=0.0386  cross_page_hit=0.0508
  [ppr_unif_a050] mrr=0.0275  recall@10=0.0382  hit@10=0.0540  coverage@10=0.0382  perfect@10=0.0386  cross_page_hit=0.0508
  [prop_a03_T2] mrr=0.0288  recall@10=0.0382  hit@10=0.0540  coverage@10=0.0382  perfect@10=0.0386  cross_page_hit=0.0508
  [prop_a01_T2] mrr=0.0273  recall@10=0.0382  hit@10=0.0540  coverage@10=0.0382  perfect@10=0.0386  cross_page_hit=0.0508
  [prop_a05_T2] mrr=0.0292  recall@10=0.0382  hit@10=0.0540  coverage@10=0.0382  perfect@10=0.0386  cross_page_hit=0.0508
  [prop_a07_T2] mrr=0.0288  recall@10=0.0446  hit@10=0.0591  coverage@10=0.0446  perfect@10=0.0463  cross_page_hit=0.0508
  [prop_a03_T1] mrr=0.0274  recall@10=0.0382  hit@10=0.0540  coverage@10=0.0382  perfect@10=0.0386  cross_page_hit=0.0508
  [prop_a03_T3] mrr=0.0291  recall@10=0.0382  hit@10=0.0540  coverage@10=0.0382  perfect@10=0.0386  cross_page_hit=0.0508
[main1:101079:0:101079] Caught signal 11 (Segmentation fault: address not mapped to object at address 0x7f2774fadec0)
==== backtrace (tid: 101079) ====
 0  /opt/hpcx/ucx/lib/libucs.so.0(ucs_handle_error+0x2e4) [0x7f2763306774]
 1  /opt/hpcx/ucx/lib/libucs.so.0(+0x3796a) [0x7f276330696a]
 2  /opt/hpcx/ucx/lib/libucs.so.0(+0x37ba8) [0x7f2763306ba8]
 3  /usr/lib/x86_64-linux-gnu/libc.so.6(+0x45330) [0x7f2775233330]
 4  /usr/lib/x86_64-linux-gnu/libnvidia-ml.so.575.51.03(+0x336c1) [0x7f276e8336c1]
 5  /usr/lib/x86_64-linux-gnu/libnvidia-ml.so.575.51.03(nvmlShutdown+0xe) [0x7f276e81cfae]
 6  /opt/kernel/libcudahook.ubuntu18.04.x86_64.so(+0xc3caf) [0x7f27754c3caf]
 7  /opt/kernel/libcudahook.ubuntu18.04.x86_64.so(+0xc3d48) [0x7f27754c3d48]
 8  /opt/kernel/libcudahook.ubuntu18.04.x86_64.so(+0xc3a2d) [0x7f27754c3a2d]
 9  /lib64/ld-linux-x86-64.so.2(+0x10f2) [0x7f2775f9d0f2]
10  /lib64/ld-linux-x86-64.so.2(+0x5578) [0x7f2775fa1578]
11  /usr/lib/x86_64-linux-gnu/libc.so.6(+0x47a76) [0x7f2775235a76]
12  /usr/lib/x86_64-linux-gnu/libc.so.6(+0x47bbe) [0x7f2775235bbe]
13  /usr/lib/x86_64-linux-gnu/libc.so.6(+0x2a1d1) [0x7f27752181d1]
14  /usr/lib/x86_64-linux-gnu/libc.so.6(__libc_start_main+0x8b) [0x7f277521828b]
15  /usr/bin/python(_start+0x25) [0x657ce5]
=================================
  eval exited with code -11 but eval.json looks complete — treating as success
  eval done in 5.5 min

=== Experiment e complete → /home/work/dl/dl_project/eval/results/experiments/e_grcl_no_gpe/summary.json ===
