=== Experiment row f: grcl_gpe ===
  description: LoRA + GRCL + GPE (no L_cov, no L_cons)
  output dir:  /home/work/dl/dl_project/eval/results/experiments/f_grcl_gpe
  checkpoint:  ckpt/f_grcl_gpe.pt

--- Training ---
$ /usr/bin/python -m pipeline.trainer --config f --out /home/work/dl/dl_project/eval/results/experiments/f_grcl_gpe/train.json --save_ckpt ckpt/f_grcl_gpe.pt
device: cuda
args: {'config': 'f', 'train_sample': 0, 'steps': 8000, 'batch': 16, 'pool': 12, 'lr': 3e-05, 'lora_rank': 8, 'tau': 0.07, 'lambda_cov': 0.0, 'lambda_cons': 0.0, 'use_gpe': 1, 'loss_type': 'grcl', 'infonce_threshold': 0.5, 'anchor_kind': 'mixed', 'warmup_steps': 200, 'weight_decay': 0.01, 'eval_every': 500, 'eval_cf_pairs': 200, 'eval_recall_n': 200, 'seed': 42, 'out': '/home/work/dl/dl_project/eval/results/experiments/f_grcl_gpe/train.json', 'save_ckpt': 'ckpt/f_grcl_gpe.pt', 'gamma': 0.5, 'gpe_facets': 'type,role,depth,pos', 'lora_alpha': 16, 'hf_id': 'google/siglip2-base-patch16-224', 'edge_types_only': None, 'query_pe_dropout': 0.5, 'section_role_mode': 'normal', 'tokens_per_visual': 0}

[1/3] loading SPIQA test-A (held-out eval)...
  loading element_graph_v2.json
    118 papers kept
  loading elements_v2.jsonl
    9,039 element records kept
  loading SPIQA_testA.json
    666 QA pairs kept
    caption_of: 1,115  refer_to: 1,191  (skipped 0 due to missing image)

[2/3] loading SPIQA train (sample N=0)...
  loading element_graph_v2.json
    25,459 papers kept
  loading elements_v2.jsonl
    1,873,124 element records kept
  loading SPIQA_train.json
    262,524 QA pairs kept
    caption_of: 262,524  refer_to: 231,101  (skipped 0 due to missing image)

[3/3] building encoder...
[ElementTokenEncoder] loading google/siglip2-base-patch16-224
Using a slow image processor as `use_fast` is unset and a slow processor was saved with this model. `use_fast=True` will be the default behavior in v4.52, even if the model was saved with a slow processor. This will result in minor differences in outputs. You'll still be able to use a slow processor with `use_fast=False`.
[ElementTokenEncoder] LoRA r=8 α=16 targets=['q_proj', 'k_proj', 'v_proj', 'out_proj'] applied (d_text=768, d_vision=768, cls=False)
trainable params: 1,191,936 || all params: 376,379,906 || trainable%: 0.3167

[eval 0] held-out test-A baseline...
  caption-figure cos: +0.1147
  Recall@1/5/10 (n=200): 0.0% / 0.0% / 0.0%
/home/work/dl/dl_project/pipeline/graph_pe.py:112: UserWarning: Converting a tensor with requires_grad=True to a scalar may lead to unexpected behavior.
Consider using tensor.detach() first. (Triggered internally at /opt/pytorch/pytorch/aten/src/ATen/native/Scalar.cpp:22.)
  "type": torch.sigmoid(self.raw_alpha_type).item(),
step    20  L_grcl=191.78  L_cov=55.50  L_cons=0.000  L_tot=191.78  diag=+0.116  mix=[cap:104/ref:110/nl:106]  β=0.047  α_t=0.047  (15s)
step    40  L_grcl=189.55  L_cov=55.16  L_cons=0.000  L_tot=189.55  diag=+0.136  mix=[cap:120/ref:109/nl:91]  β=0.047  α_t=0.047  (30s)
step    60  L_grcl=171.89  L_cov=50.51  L_cons=0.000  L_tot=171.89  diag=+0.177  mix=[cap:85/ref:117/nl:118]  β=0.047  α_t=0.047  (45s)
step    80  L_grcl=166.67  L_cov=45.93  L_cons=0.000  L_tot=166.67  diag=+0.241  mix=[cap:105/ref:113/nl:102]  β=0.047  α_t=0.047  (60s)
step   100  L_grcl=143.05  L_cov=40.54  L_cons=0.000  L_tot=143.05  diag=+0.344  mix=[cap:108/ref:109/nl:103]  β=0.047  α_t=0.047  (74s)
step   120  L_grcl=124.93  L_cov=31.87  L_cons=0.000  L_tot=124.93  diag=+0.468  mix=[cap:117/ref:113/nl:90]  β=0.047  α_t=0.047  (88s)
step   140  L_grcl= 87.84  L_cov=20.67  L_cons=0.000  L_tot= 87.84  diag=+0.574  mix=[cap:99/ref:118/nl:103]  β=0.047  α_t=0.047  (103s)
step   160  L_grcl= 64.13  L_cov=12.19  L_cons=0.000  L_tot= 64.13  diag=+0.655  mix=[cap:106/ref:117/nl:97]  β=0.047  α_t=0.047  (117s)
step   180  L_grcl= 47.02  L_cov= 6.48  L_cons=0.000  L_tot= 47.02  diag=+0.698  mix=[cap:107/ref:99/nl:114]  β=0.047  α_t=0.047  (132s)
step   200  L_grcl= 34.65  L_cov= 3.69  L_cons=0.000  L_tot= 34.65  diag=+0.757  mix=[cap:112/ref:109/nl:99]  β=0.047  α_t=0.047  (146s)
step   220  L_grcl= 22.51  L_cov= 1.08  L_cons=0.000  L_tot= 22.51  diag=+0.812  mix=[cap:129/ref:113/nl:78]  β=0.047  α_t=0.047  (160s)
step   240  L_grcl= 13.61  L_cov= 0.24  L_cons=0.000  L_tot= 13.61  diag=+0.855  mix=[cap:124/ref:109/nl:87]  β=0.047  α_t=0.047  (174s)
step   260  L_grcl=  9.82  L_cov= 0.18  L_cons=0.000  L_tot=  9.82  diag=+0.895  mix=[cap:106/ref:114/nl:100]  β=0.047  α_t=0.047  (188s)
step   280  L_grcl=  7.53  L_cov= 0.15  L_cons=0.000  L_tot=  7.53  diag=+0.924  mix=[cap:96/ref:129/nl:95]  β=0.047  α_t=0.047  (202s)
step   300  L_grcl=  4.76  L_cov= 0.20  L_cons=0.000  L_tot=  4.76  diag=+0.943  mix=[cap:116/ref:99/nl:105]  β=0.047  α_t=0.047  (217s)
step   320  L_grcl=  4.15  L_cov= 0.21  L_cons=0.000  L_tot=  4.15  diag=+0.961  mix=[cap:88/ref:126/nl:106]  β=0.047  α_t=0.047  (231s)
step   340  L_grcl=  3.07  L_cov= 0.32  L_cons=0.000  L_tot=  3.07  diag=+0.972  mix=[cap:120/ref:105/nl:95]  β=0.047  α_t=0.047  (246s)
step   360  L_grcl=  2.71  L_cov= 0.36  L_cons=0.000  L_tot=  2.71  diag=+0.981  mix=[cap:88/ref:120/nl:112]  β=0.047  α_t=0.047  (260s)
step   380  L_grcl=  2.36  L_cov= 0.38  L_cons=0.000  L_tot=  2.36  diag=+0.986  mix=[cap:92/ref:113/nl:115]  β=0.047  α_t=0.047  (275s)
step   400  L_grcl=  2.49  L_cov= 0.36  L_cons=0.000  L_tot=  2.49  diag=+0.988  mix=[cap:108/ref:127/nl:85]  β=0.047  α_t=0.048  (289s)
step   420  L_grcl=  2.21  L_cov= 0.36  L_cons=0.000  L_tot=  2.21  diag=+0.991  mix=[cap:115/ref:111/nl:94]  β=0.047  α_t=0.048  (303s)
step   440  L_grcl=  2.14  L_cov= 0.37  L_cons=0.000  L_tot=  2.14  diag=+0.992  mix=[cap:113/ref:108/nl:99]  β=0.047  α_t=0.048  (317s)
step   460  L_grcl=  2.14  L_cov= 0.40  L_cons=0.000  L_tot=  2.14  diag=+0.993  mix=[cap:109/ref:104/nl:107]  β=0.047  α_t=0.048  (331s)
step   480  L_grcl=  2.11  L_cov= 0.41  L_cons=0.000  L_tot=  2.11  diag=+0.994  mix=[cap:93/ref:121/nl:106]  β=0.047  α_t=0.048  (345s)
step   500  L_grcl=  2.05  L_cov= 0.40  L_cons=0.000  L_tot=  2.05  diag=+0.994  mix=[cap:131/ref:97/nl:92]  β=0.047  α_t=0.048  (360s)

  [eval @ step 500] held-out test-A...
    cap-fig cos: +0.9949  (Δ +0.8802)
    R@1/5/10: 8.0% / 35.0% / 68.0%  (Δ +8.0 / +35.0 / +68.0)
    [ckpt saved @ step 500 R@10=68.0%]

step   520  L_grcl=  2.06  L_cov= 0.41  L_cons=0.000  L_tot=  2.06  diag=+0.994  mix=[cap:105/ref:103/nl:112]  β=0.047  α_t=0.048  (395s)
step   540  L_grcl=  2.10  L_cov= 0.39  L_cons=0.000  L_tot=  2.10  diag=+0.995  mix=[cap:103/ref:125/nl:92]  β=0.047  α_t=0.048  (409s)
step   560  L_grcl=  2.09  L_cov= 0.42  L_cons=0.000  L_tot=  2.09  diag=+0.995  mix=[cap:102/ref:121/nl:97]  β=0.047  α_t=0.048  (424s)
step   580  L_grcl=  2.03  L_cov= 0.40  L_cons=0.000  L_tot=  2.03  diag=+0.995  mix=[cap:111/ref:111/nl:98]  β=0.047  α_t=0.048  (438s)
step   600  L_grcl=  2.08  L_cov= 0.42  L_cons=0.000  L_tot=  2.08  diag=+0.995  mix=[cap:98/ref:120/nl:102]  β=0.047  α_t=0.048  (452s)
step   620  L_grcl=  2.00  L_cov= 0.41  L_cons=0.000  L_tot=  2.00  diag=+0.995  mix=[cap:108/ref:114/nl:98]  β=0.047  α_t=0.048  (466s)
step   640  L_grcl=  2.02  L_cov= 0.42  L_cons=0.000  L_tot=  2.02  diag=+0.995  mix=[cap:108/ref:106/nl:106]  β=0.047  α_t=0.048  (481s)
step   660  L_grcl=  2.04  L_cov= 0.40  L_cons=0.000  L_tot=  2.04  diag=+0.995  mix=[cap:100/ref:115/nl:105]  β=0.047  α_t=0.048  (495s)
step   680  L_grcl=  2.05  L_cov= 0.41  L_cons=0.000  L_tot=  2.05  diag=+0.995  mix=[cap:99/ref:113/nl:108]  β=0.047  α_t=0.048  (509s)
step   700  L_grcl=  2.09  L_cov= 0.42  L_cons=0.000  L_tot=  2.09  diag=+0.995  mix=[cap:94/ref:116/nl:110]  β=0.047  α_t=0.048  (523s)
step   720  L_grcl=  2.05  L_cov= 0.43  L_cons=0.000  L_tot=  2.05  diag=+0.996  mix=[cap:100/ref:116/nl:104]  β=0.047  α_t=0.048  (537s)
step   740  L_grcl=  2.04  L_cov= 0.43  L_cons=0.000  L_tot=  2.04  diag=+0.996  mix=[cap:106/ref:104/nl:110]  β=0.047  α_t=0.048  (550s)
step   760  L_grcl=  2.07  L_cov= 0.42  L_cons=0.000  L_tot=  2.07  diag=+0.996  mix=[cap:97/ref:102/nl:121]  β=0.047  α_t=0.048  (565s)
step   780  L_grcl=  2.05  L_cov= 0.43  L_cons=0.000  L_tot=  2.05  diag=+0.995  mix=[cap:93/ref:107/nl:120]  β=0.047  α_t=0.048  (579s)
step   800  L_grcl=  2.01  L_cov= 0.41  L_cons=0.000  L_tot=  2.01  diag=+0.995  mix=[cap:98/ref:102/nl:120]  β=0.047  α_t=0.048  (593s)
step   820  L_grcl=  2.01  L_cov= 0.40  L_cons=0.000  L_tot=  2.01  diag=+0.995  mix=[cap:108/ref:107/nl:105]  β=0.047  α_t=0.048  (608s)
step   840  L_grcl=  2.02  L_cov= 0.40  L_cons=0.000  L_tot=  2.02  diag=+0.995  mix=[cap:106/ref:117/nl:97]  β=0.047  α_t=0.048  (622s)
step   860  L_grcl=  2.05  L_cov= 0.42  L_cons=0.000  L_tot=  2.05  diag=+0.995  mix=[cap:92/ref:117/nl:111]  β=0.047  α_t=0.049  (637s)
step   880  L_grcl=  2.01  L_cov= 0.41  L_cons=0.000  L_tot=  2.01  diag=+0.996  mix=[cap:99/ref:112/nl:109]  β=0.047  α_t=0.049  (651s)
step   900  L_grcl=  2.04  L_cov= 0.41  L_cons=0.000  L_tot=  2.04  diag=+0.996  mix=[cap:108/ref:106/nl:106]  β=0.047  α_t=0.049  (665s)
step   920  L_grcl=  1.99  L_cov= 0.40  L_cons=0.000  L_tot=  1.99  diag=+0.996  mix=[cap:91/ref:123/nl:106]  β=0.047  α_t=0.049  (679s)
step   940  L_grcl=  2.01  L_cov= 0.42  L_cons=0.000  L_tot=  2.01  diag=+0.995  mix=[cap:104/ref:108/nl:108]  β=0.048  α_t=0.049  (694s)
step   960  L_grcl=  1.97  L_cov= 0.39  L_cons=0.000  L_tot=  1.97  diag=+0.996  mix=[cap:101/ref:101/nl:118]  β=0.048  α_t=0.049  (708s)
step   980  L_grcl=  2.02  L_cov= 0.41  L_cons=0.000  L_tot=  2.02  diag=+0.996  mix=[cap:85/ref:117/nl:118]  β=0.048  α_t=0.049  (722s)
step  1000  L_grcl=  1.93  L_cov= 0.40  L_cons=0.000  L_tot=  1.93  diag=+0.995  mix=[cap:118/ref:118/nl:84]  β=0.048  α_t=0.049  (737s)

  [eval @ step 1000] held-out test-A...
    cap-fig cos: +0.9957  (Δ +0.8810)
    R@1/5/10: 6.0% / 42.5% / 76.0%  (Δ +6.0 / +42.5 / +76.0)
    [ckpt saved @ step 1000 R@10=76.0%]

step  1020  L_grcl=  2.06  L_cov= 0.41  L_cons=0.000  L_tot=  2.06  diag=+0.995  mix=[cap:119/ref:113/nl:88]  β=0.048  α_t=0.049  (772s)
step  1040  L_grcl=  1.96  L_cov= 0.41  L_cons=0.000  L_tot=  1.96  diag=+0.996  mix=[cap:106/ref:107/nl:107]  β=0.048  α_t=0.049  (786s)
step  1060  L_grcl=  2.06  L_cov= 0.40  L_cons=0.000  L_tot=  2.06  diag=+0.995  mix=[cap:107/ref:110/nl:103]  β=0.048  α_t=0.049  (800s)
step  1080  L_grcl=  1.96  L_cov= 0.39  L_cons=0.000  L_tot=  1.96  diag=+0.996  mix=[cap:112/ref:112/nl:96]  β=0.048  α_t=0.049  (814s)
step  1100  L_grcl=  2.04  L_cov= 0.41  L_cons=0.000  L_tot=  2.04  diag=+0.996  mix=[cap:105/ref:116/nl:99]  β=0.048  α_t=0.049  (829s)
step  1120  L_grcl=  2.00  L_cov= 0.42  L_cons=0.000  L_tot=  2.00  diag=+0.996  mix=[cap:121/ref:89/nl:110]  β=0.048  α_t=0.049  (843s)
step  1140  L_grcl=  2.04  L_cov= 0.42  L_cons=0.000  L_tot=  2.04  diag=+0.996  mix=[cap:111/ref:98/nl:111]  β=0.048  α_t=0.049  (857s)
step  1160  L_grcl=  1.93  L_cov= 0.41  L_cons=0.000  L_tot=  1.93  diag=+0.995  mix=[cap:121/ref:95/nl:104]  β=0.048  α_t=0.049  (871s)
step  1180  L_grcl=  1.94  L_cov= 0.39  L_cons=0.000  L_tot=  1.94  diag=+0.995  mix=[cap:121/ref:113/nl:86]  β=0.048  α_t=0.049  (885s)
step  1200  L_grcl=  1.95  L_cov= 0.40  L_cons=0.000  L_tot=  1.95  diag=+0.995  mix=[cap:112/ref:99/nl:109]  β=0.048  α_t=0.049  (899s)
step  1220  L_grcl=  1.94  L_cov= 0.39  L_cons=0.000  L_tot=  1.94  diag=+0.995  mix=[cap:105/ref:109/nl:106]  β=0.048  α_t=0.049  (913s)
step  1240  L_grcl=  2.01  L_cov= 0.40  L_cons=0.000  L_tot=  2.01  diag=+0.995  mix=[cap:111/ref:102/nl:107]  β=0.048  α_t=0.049  (927s)
step  1260  L_grcl=  2.08  L_cov= 0.39  L_cons=0.000  L_tot=  2.08  diag=+0.996  mix=[cap:104/ref:121/nl:95]  β=0.048  α_t=0.049  (940s)
step  1280  L_grcl=  1.99  L_cov= 0.42  L_cons=0.000  L_tot=  1.99  diag=+0.996  mix=[cap:110/ref:105/nl:105]  β=0.048  α_t=0.049  (955s)
step  1300  L_grcl=  2.00  L_cov= 0.40  L_cons=0.000  L_tot=  2.00  diag=+0.995  mix=[cap:107/ref:132/nl:81]  β=0.048  α_t=0.049  (969s)
step  1320  L_grcl=  1.98  L_cov= 0.41  L_cons=0.000  L_tot=  1.98  diag=+0.996  mix=[cap:104/ref:125/nl:91]  β=0.048  α_t=0.049  (983s)
step  1340  L_grcl=  1.99  L_cov= 0.40  L_cons=0.000  L_tot=  1.99  diag=+0.995  mix=[cap:110/ref:103/nl:107]  β=0.048  α_t=0.049  (1000s)
step  1360  L_grcl=  2.03  L_cov= 0.43  L_cons=0.000  L_tot=  2.03  diag=+0.996  mix=[cap:90/ref:108/nl:122]  β=0.048  α_t=0.049  (1014s)
step  1380  L_grcl=  1.98  L_cov= 0.42  L_cons=0.000  L_tot=  1.98  diag=+0.995  mix=[cap:111/ref:104/nl:105]  β=0.048  α_t=0.049  (1029s)
step  1400  L_grcl=  1.97  L_cov= 0.41  L_cons=0.000  L_tot=  1.97  diag=+0.995  mix=[cap:110/ref:99/nl:111]  β=0.048  α_t=0.049  (1043s)
step  1420  L_grcl=  1.95  L_cov= 0.39  L_cons=0.000  L_tot=  1.95  diag=+0.995  mix=[cap:106/ref:120/nl:94]  β=0.048  α_t=0.050  (1058s)
step  1440  L_grcl=  1.98  L_cov= 0.40  L_cons=0.000  L_tot=  1.98  diag=+0.995  mix=[cap:102/ref:107/nl:111]  β=0.048  α_t=0.050  (1072s)
step  1460  L_grcl=  2.00  L_cov= 0.41  L_cons=0.000  L_tot=  2.00  diag=+0.995  mix=[cap:99/ref:114/nl:107]  β=0.048  α_t=0.050  (1086s)
step  1480  L_grcl=  1.96  L_cov= 0.42  L_cons=0.000  L_tot=  1.96  diag=+0.995  mix=[cap:104/ref:88/nl:128]  β=0.048  α_t=0.050  (1100s)
step  1500  L_grcl=  1.95  L_cov= 0.39  L_cons=0.000  L_tot=  1.95  diag=+0.995  mix=[cap:97/ref:108/nl:115]  β=0.048  α_t=0.050  (1114s)

  [eval @ step 1500] held-out test-A...
    cap-fig cos: +0.9957  (Δ +0.8810)
    R@1/5/10: 8.0% / 48.0% / 79.0%  (Δ +8.0 / +48.0 / +79.0)
    [ckpt saved @ step 1500 R@10=79.0%]

step  1520  L_grcl=  2.03  L_cov= 0.41  L_cons=0.000  L_tot=  2.03  diag=+0.995  mix=[cap:101/ref:112/nl:107]  β=0.048  α_t=0.050  (1151s)
step  1540  L_grcl=  1.94  L_cov= 0.41  L_cons=0.000  L_tot=  1.94  diag=+0.995  mix=[cap:108/ref:108/nl:104]  β=0.048  α_t=0.050  (1164s)
step  1560  L_grcl=  1.96  L_cov= 0.39  L_cons=0.000  L_tot=  1.96  diag=+0.995  mix=[cap:102/ref:104/nl:114]  β=0.048  α_t=0.050  (1178s)
step  1580  L_grcl=  2.03  L_cov= 0.41  L_cons=0.000  L_tot=  2.03  diag=+0.995  mix=[cap:78/ref:129/nl:113]  β=0.048  α_t=0.050  (1193s)
step  1600  L_grcl=  1.94  L_cov= 0.41  L_cons=0.000  L_tot=  1.94  diag=+0.995  mix=[cap:113/ref:109/nl:98]  β=0.048  α_t=0.050  (1207s)
step  1620  L_grcl=  1.99  L_cov= 0.40  L_cons=0.000  L_tot=  1.99  diag=+0.995  mix=[cap:95/ref:110/nl:115]  β=0.048  α_t=0.050  (1221s)
step  1640  L_grcl=  1.94  L_cov= 0.41  L_cons=0.000  L_tot=  1.94  diag=+0.995  mix=[cap:105/ref:103/nl:112]  β=0.048  α_t=0.050  (1235s)
step  1660  L_grcl=  1.99  L_cov= 0.42  L_cons=0.000  L_tot=  1.99  diag=+0.995  mix=[cap:99/ref:102/nl:119]  β=0.048  α_t=0.050  (1249s)
step  1680  L_grcl=  1.96  L_cov= 0.40  L_cons=0.000  L_tot=  1.96  diag=+0.995  mix=[cap:115/ref:98/nl:107]  β=0.048  α_t=0.050  (1263s)
step  1700  L_grcl=  1.97  L_cov= 0.40  L_cons=0.000  L_tot=  1.97  diag=+0.995  mix=[cap:94/ref:118/nl:108]  β=0.048  α_t=0.050  (1277s)
step  1720  L_grcl=  2.02  L_cov= 0.41  L_cons=0.000  L_tot=  2.02  diag=+0.996  mix=[cap:102/ref:105/nl:113]  β=0.048  α_t=0.050  (1292s)
step  1740  L_grcl=  1.96  L_cov= 0.41  L_cons=0.000  L_tot=  1.96  diag=+0.995  mix=[cap:108/ref:111/nl:101]  β=0.048  α_t=0.050  (1306s)
step  1760  L_grcl=  2.02  L_cov= 0.40  L_cons=0.000  L_tot=  2.02  diag=+0.995  mix=[cap:114/ref:98/nl:108]  β=0.048  α_t=0.050  (1321s)
step  1780  L_grcl=  1.97  L_cov= 0.40  L_cons=0.000  L_tot=  1.97  diag=+0.995  mix=[cap:115/ref:92/nl:113]  β=0.048  α_t=0.050  (1335s)
step  1800  L_grcl=  1.90  L_cov= 0.39  L_cons=0.000  L_tot=  1.90  diag=+0.995  mix=[cap:115/ref:97/nl:108]  β=0.048  α_t=0.050  (1348s)
step  1820  L_grcl=  1.96  L_cov= 0.39  L_cons=0.000  L_tot=  1.96  diag=+0.995  mix=[cap:116/ref:109/nl:95]  β=0.048  α_t=0.050  (1363s)
step  1840  L_grcl=  2.00  L_cov= 0.39  L_cons=0.000  L_tot=  2.00  diag=+0.995  mix=[cap:90/ref:115/nl:115]  β=0.048  α_t=0.050  (1377s)
step  1860  L_grcl=  2.02  L_cov= 0.41  L_cons=0.000  L_tot=  2.02  diag=+0.995  mix=[cap:97/ref:120/nl:103]  β=0.048  α_t=0.050  (1391s)
step  1880  L_grcl=  1.92  L_cov= 0.39  L_cons=0.000  L_tot=  1.92  diag=+0.995  mix=[cap:108/ref:116/nl:96]  β=0.048  α_t=0.050  (1405s)
step  1900  L_grcl=  1.95  L_cov= 0.39  L_cons=0.000  L_tot=  1.95  diag=+0.995  mix=[cap:106/ref:111/nl:103]  β=0.048  α_t=0.050  (1419s)
step  1920  L_grcl=  1.97  L_cov= 0.39  L_cons=0.000  L_tot=  1.97  diag=+0.994  mix=[cap:94/ref:115/nl:111]  β=0.048  α_t=0.050  (1433s)
step  1940  L_grcl=  1.97  L_cov= 0.40  L_cons=0.000  L_tot=  1.97  diag=+0.995  mix=[cap:117/ref:98/nl:105]  β=0.048  α_t=0.050  (1448s)
step  1960  L_grcl=  1.96  L_cov= 0.40  L_cons=0.000  L_tot=  1.96  diag=+0.995  mix=[cap:99/ref:112/nl:109]  β=0.049  α_t=0.050  (1462s)
step  1980  L_grcl=  1.99  L_cov= 0.40  L_cons=0.000  L_tot=  1.99  diag=+0.995  mix=[cap:104/ref:98/nl:118]  β=0.049  α_t=0.050  (1476s)
step  2000  L_grcl=  1.93  L_cov= 0.40  L_cons=0.000  L_tot=  1.93  diag=+0.995  mix=[cap:107/ref:95/nl:118]  β=0.049  α_t=0.050  (1490s)

  [eval @ step 2000] held-out test-A...
    cap-fig cos: +0.9957  (Δ +0.8810)
    R@1/5/10: 8.5% / 42.5% / 74.0%  (Δ +8.5 / +42.5 / +74.0)

step  2020  L_grcl=  1.92  L_cov= 0.39  L_cons=0.000  L_tot=  1.92  diag=+0.995  mix=[cap:120/ref:91/nl:109]  β=0.049  α_t=0.050  (1516s)
step  2040  L_grcl=  1.97  L_cov= 0.39  L_cons=0.000  L_tot=  1.97  diag=+0.995  mix=[cap:104/ref:117/nl:99]  β=0.049  α_t=0.050  (1530s)
step  2060  L_grcl=  1.91  L_cov= 0.37  L_cons=0.000  L_tot=  1.91  diag=+0.995  mix=[cap:112/ref:110/nl:98]  β=0.049  α_t=0.051  (1544s)
step  2080  L_grcl=  1.95  L_cov= 0.40  L_cons=0.000  L_tot=  1.95  diag=+0.995  mix=[cap:112/ref:99/nl:109]  β=0.049  α_t=0.051  (1558s)
step  2100  L_grcl=  1.96  L_cov= 0.39  L_cons=0.000  L_tot=  1.96  diag=+0.995  mix=[cap:109/ref:108/nl:103]  β=0.049  α_t=0.051  (1573s)
step  2120  L_grcl=  1.92  L_cov= 0.38  L_cons=0.000  L_tot=  1.92  diag=+0.995  mix=[cap:119/ref:115/nl:86]  β=0.049  α_t=0.051  (1587s)
step  2140  L_grcl=  1.96  L_cov= 0.39  L_cons=0.000  L_tot=  1.96  diag=+0.995  mix=[cap:102/ref:111/nl:107]  β=0.049  α_t=0.051  (1601s)
step  2160  L_grcl=  1.97  L_cov= 0.39  L_cons=0.000  L_tot=  1.97  diag=+0.995  mix=[cap:96/ref:111/nl:113]  β=0.049  α_t=0.051  (1615s)
step  2180  L_grcl=  1.95  L_cov= 0.40  L_cons=0.000  L_tot=  1.95  diag=+0.995  mix=[cap:96/ref:114/nl:110]  β=0.049  α_t=0.051  (1630s)
step  2200  L_grcl=  1.97  L_cov= 0.40  L_cons=0.000  L_tot=  1.97  diag=+0.994  mix=[cap:92/ref:116/nl:112]  β=0.049  α_t=0.051  (1644s)
step  2220  L_grcl=  1.93  L_cov= 0.39  L_cons=0.000  L_tot=  1.93  diag=+0.995  mix=[cap:97/ref:110/nl:113]  β=0.049  α_t=0.051  (1658s)
step  2240  L_grcl=  2.00  L_cov= 0.40  L_cons=0.000  L_tot=  2.00  diag=+0.995  mix=[cap:95/ref:116/nl:109]  β=0.049  α_t=0.051  (1673s)
step  2260  L_grcl=  2.00  L_cov= 0.41  L_cons=0.000  L_tot=  2.00  diag=+0.995  mix=[cap:111/ref:94/nl:115]  β=0.049  α_t=0.051  (1687s)
step  2280  L_grcl=  1.96  L_cov= 0.40  L_cons=0.000  L_tot=  1.96  diag=+0.995  mix=[cap:93/ref:119/nl:108]  β=0.049  α_t=0.051  (1702s)
step  2300  L_grcl=  1.90  L_cov= 0.39  L_cons=0.000  L_tot=  1.90  diag=+0.995  mix=[cap:117/ref:102/nl:101]  β=0.049  α_t=0.051  (1716s)
step  2320  L_grcl=  1.95  L_cov= 0.37  L_cons=0.000  L_tot=  1.95  diag=+0.994  mix=[cap:113/ref:100/nl:107]  β=0.049  α_t=0.051  (1730s)
step  2340  L_grcl=  1.94  L_cov= 0.39  L_cons=0.000  L_tot=  1.94  diag=+0.995  mix=[cap:100/ref:105/nl:115]  β=0.049  α_t=0.051  (1745s)
step  2360  L_grcl=  1.93  L_cov= 0.39  L_cons=0.000  L_tot=  1.93  diag=+0.995  mix=[cap:108/ref:111/nl:101]  β=0.049  α_t=0.051  (1759s)
step  2380  L_grcl=  1.97  L_cov= 0.39  L_cons=0.000  L_tot=  1.97  diag=+0.995  mix=[cap:100/ref:110/nl:110]  β=0.049  α_t=0.051  (1773s)
step  2400  L_grcl=  1.94  L_cov= 0.40  L_cons=0.000  L_tot=  1.94  diag=+0.995  mix=[cap:103/ref:100/nl:117]  β=0.049  α_t=0.051  (1788s)
step  2420  L_grcl=  1.88  L_cov= 0.38  L_cons=0.000  L_tot=  1.88  diag=+0.995  mix=[cap:131/ref:95/nl:94]  β=0.049  α_t=0.051  (1802s)
step  2440  L_grcl=  1.97  L_cov= 0.39  L_cons=0.000  L_tot=  1.97  diag=+0.994  mix=[cap:112/ref:106/nl:102]  β=0.049  α_t=0.051  (1816s)
step  2460  L_grcl=  2.00  L_cov= 0.40  L_cons=0.000  L_tot=  2.00  diag=+0.995  mix=[cap:97/ref:114/nl:109]  β=0.049  α_t=0.051  (1830s)
step  2480  L_grcl=  1.94  L_cov= 0.39  L_cons=0.000  L_tot=  1.94  diag=+0.996  mix=[cap:119/ref:101/nl:100]  β=0.049  α_t=0.051  (1845s)
step  2500  L_grcl=  1.93  L_cov= 0.39  L_cons=0.000  L_tot=  1.93  diag=+0.995  mix=[cap:103/ref:115/nl:102]  β=0.049  α_t=0.051  (1859s)

  [eval @ step 2500] held-out test-A...
    cap-fig cos: +0.9958  (Δ +0.8811)
    R@1/5/10: 11.5% / 48.5% / 74.0%  (Δ +11.5 / +48.5 / +74.0)

step  2520  L_grcl=  1.96  L_cov= 0.39  L_cons=0.000  L_tot=  1.96  diag=+0.995  mix=[cap:115/ref:108/nl:97]  β=0.049  α_t=0.051  (1886s)
step  2540  L_grcl=  1.97  L_cov= 0.41  L_cons=0.000  L_tot=  1.97  diag=+0.995  mix=[cap:97/ref:114/nl:109]  β=0.049  α_t=0.051  (1901s)
step  2560  L_grcl=  1.92  L_cov= 0.39  L_cons=0.000  L_tot=  1.92  diag=+0.995  mix=[cap:109/ref:93/nl:118]  β=0.049  α_t=0.051  (1915s)
step  2580  L_grcl=  1.88  L_cov= 0.38  L_cons=0.000  L_tot=  1.88  diag=+0.994  mix=[cap:108/ref:104/nl:108]  β=0.049  α_t=0.051  (1929s)
step  2600  L_grcl=  1.92  L_cov= 0.38  L_cons=0.000  L_tot=  1.92  diag=+0.994  mix=[cap:102/ref:121/nl:97]  β=0.049  α_t=0.051  (1943s)
step  2620  L_grcl=  1.91  L_cov= 0.39  L_cons=0.000  L_tot=  1.91  diag=+0.994  mix=[cap:102/ref:101/nl:117]  β=0.049  α_t=0.051  (1957s)
step  2640  L_grcl=  1.93  L_cov= 0.38  L_cons=0.000  L_tot=  1.93  diag=+0.995  mix=[cap:106/ref:104/nl:110]  β=0.049  α_t=0.051  (1971s)
step  2660  L_grcl=  1.92  L_cov= 0.39  L_cons=0.000  L_tot=  1.92  diag=+0.994  mix=[cap:105/ref:95/nl:120]  β=0.049  α_t=0.051  (1986s)
step  2680  L_grcl=  1.96  L_cov= 0.39  L_cons=0.000  L_tot=  1.96  diag=+0.994  mix=[cap:116/ref:100/nl:104]  β=0.049  α_t=0.051  (2001s)
step  2700  L_grcl=  1.89  L_cov= 0.38  L_cons=0.000  L_tot=  1.89  diag=+0.994  mix=[cap:103/ref:114/nl:103]  β=0.049  α_t=0.051  (2014s)
step  2720  L_grcl=  1.93  L_cov= 0.39  L_cons=0.000  L_tot=  1.93  diag=+0.994  mix=[cap:101/ref:96/nl:123]  β=0.049  α_t=0.051  (2029s)
step  2740  L_grcl=  1.86  L_cov= 0.38  L_cons=0.000  L_tot=  1.86  diag=+0.994  mix=[cap:112/ref:95/nl:113]  β=0.049  α_t=0.051  (2043s)
step  2760  L_grcl=  1.99  L_cov= 0.37  L_cons=0.000  L_tot=  1.99  diag=+0.994  mix=[cap:99/ref:129/nl:92]  β=0.049  α_t=0.051  (2058s)
step  2780  L_grcl=  1.92  L_cov= 0.39  L_cons=0.000  L_tot=  1.92  diag=+0.995  mix=[cap:106/ref:112/nl:102]  β=0.049  α_t=0.051  (2072s)
step  2800  L_grcl=  1.91  L_cov= 0.39  L_cons=0.000  L_tot=  1.91  diag=+0.995  mix=[cap:108/ref:114/nl:98]  β=0.049  α_t=0.052  (2086s)
step  2820  L_grcl=  1.92  L_cov= 0.37  L_cons=0.000  L_tot=  1.92  diag=+0.994  mix=[cap:116/ref:97/nl:107]  β=0.049  α_t=0.052  (2101s)
step  2840  L_grcl=  1.93  L_cov= 0.39  L_cons=0.000  L_tot=  1.93  diag=+0.995  mix=[cap:101/ref:103/nl:116]  β=0.050  α_t=0.052  (2115s)
step  2860  L_grcl=  1.97  L_cov= 0.39  L_cons=0.000  L_tot=  1.97  diag=+0.995  mix=[cap:112/ref:102/nl:106]  β=0.050  α_t=0.052  (2129s)
step  2880  L_grcl=  1.92  L_cov= 0.38  L_cons=0.000  L_tot=  1.92  diag=+0.995  mix=[cap:113/ref:117/nl:90]  β=0.050  α_t=0.052  (2143s)
step  2900  L_grcl=  1.96  L_cov= 0.38  L_cons=0.000  L_tot=  1.96  diag=+0.995  mix=[cap:106/ref:110/nl:104]  β=0.050  α_t=0.052  (2158s)
step  2920  L_grcl=  1.86  L_cov= 0.38  L_cons=0.000  L_tot=  1.86  diag=+0.995  mix=[cap:119/ref:102/nl:99]  β=0.050  α_t=0.052  (2172s)
step  2940  L_grcl=  1.85  L_cov= 0.36  L_cons=0.000  L_tot=  1.85  diag=+0.994  mix=[cap:106/ref:98/nl:116]  β=0.050  α_t=0.052  (2186s)
step  2960  L_grcl=  2.01  L_cov= 0.37  L_cons=0.000  L_tot=  2.01  diag=+0.994  mix=[cap:110/ref:106/nl:104]  β=0.050  α_t=0.052  (2200s)
step  2980  L_grcl=  1.91  L_cov= 0.39  L_cons=0.000  L_tot=  1.91  diag=+0.995  mix=[cap:111/ref:109/nl:100]  β=0.050  α_t=0.052  (2214s)
step  3000  L_grcl=  1.88  L_cov= 0.37  L_cons=0.000  L_tot=  1.88  diag=+0.994  mix=[cap:111/ref:110/nl:99]  β=0.050  α_t=0.052  (2228s)

  [eval @ step 3000] held-out test-A...
    cap-fig cos: +0.9950  (Δ +0.8802)
    R@1/5/10: 9.0% / 40.0% / 69.0%  (Δ +9.0 / +40.0 / +69.0)

step  3020  L_grcl=  1.94  L_cov= 0.38  L_cons=0.000  L_tot=  1.94  diag=+0.994  mix=[cap:96/ref:109/nl:115]  β=0.050  α_t=0.052  (2255s)
step  3040  L_grcl=  1.89  L_cov= 0.39  L_cons=0.000  L_tot=  1.89  diag=+0.994  mix=[cap:104/ref:104/nl:112]  β=0.050  α_t=0.052  (2269s)
step  3060  L_grcl=  1.93  L_cov= 0.36  L_cons=0.000  L_tot=  1.93  diag=+0.994  mix=[cap:101/ref:121/nl:98]  β=0.050  α_t=0.052  (2283s)
step  3080  L_grcl=  1.95  L_cov= 0.38  L_cons=0.000  L_tot=  1.95  diag=+0.994  mix=[cap:96/ref:116/nl:108]  β=0.050  α_t=0.052  (2298s)
step  3100  L_grcl=  1.93  L_cov= 0.38  L_cons=0.000  L_tot=  1.93  diag=+0.995  mix=[cap:106/ref:108/nl:106]  β=0.050  α_t=0.052  (2312s)
step  3120  L_grcl=  1.93  L_cov= 0.38  L_cons=0.000  L_tot=  1.93  diag=+0.995  mix=[cap:106/ref:119/nl:95]  β=0.050  α_t=0.052  (2326s)
step  3140  L_grcl=  1.91  L_cov= 0.39  L_cons=0.000  L_tot=  1.91  diag=+0.995  mix=[cap:115/ref:108/nl:97]  β=0.050  α_t=0.052  (2341s)
step  3160  L_grcl=  1.88  L_cov= 0.38  L_cons=0.000  L_tot=  1.88  diag=+0.994  mix=[cap:110/ref:105/nl:105]  β=0.050  α_t=0.052  (2355s)
step  3180  L_grcl=  1.92  L_cov= 0.37  L_cons=0.000  L_tot=  1.92  diag=+0.993  mix=[cap:92/ref:113/nl:115]  β=0.050  α_t=0.052  (2370s)
step  3200  L_grcl=  1.89  L_cov= 0.36  L_cons=0.000  L_tot=  1.89  diag=+0.993  mix=[cap:102/ref:118/nl:100]  β=0.050  α_t=0.052  (2383s)
step  3220  L_grcl=  1.87  L_cov= 0.36  L_cons=0.000  L_tot=  1.87  diag=+0.993  mix=[cap:111/ref:108/nl:101]  β=0.050  α_t=0.052  (2398s)
step  3240  L_grcl=  1.90  L_cov= 0.37  L_cons=0.000  L_tot=  1.90  diag=+0.994  mix=[cap:109/ref:100/nl:111]  β=0.050  α_t=0.052  (2413s)
step  3260  L_grcl=  1.92  L_cov= 0.37  L_cons=0.000  L_tot=  1.92  diag=+0.994  mix=[cap:115/ref:114/nl:91]  β=0.050  α_t=0.052  (2427s)
step  3280  L_grcl=  1.95  L_cov= 0.39  L_cons=0.000  L_tot=  1.95  diag=+0.994  mix=[cap:97/ref:115/nl:108]  β=0.050  α_t=0.052  (2441s)
step  3300  L_grcl=  1.93  L_cov= 0.39  L_cons=0.000  L_tot=  1.93  diag=+0.994  mix=[cap:98/ref:110/nl:112]  β=0.050  α_t=0.052  (2456s)
step  3320  L_grcl=  1.91  L_cov= 0.38  L_cons=0.000  L_tot=  1.91  diag=+0.994  mix=[cap:108/ref:116/nl:96]  β=0.050  α_t=0.052  (2471s)
step  3340  L_grcl=  1.92  L_cov= 0.37  L_cons=0.000  L_tot=  1.92  diag=+0.994  mix=[cap:102/ref:105/nl:113]  β=0.050  α_t=0.052  (2485s)
step  3360  L_grcl=  1.94  L_cov= 0.39  L_cons=0.000  L_tot=  1.94  diag=+0.994  mix=[cap:101/ref:115/nl:104]  β=0.050  α_t=0.052  (2499s)
step  3380  L_grcl=  1.89  L_cov= 0.36  L_cons=0.000  L_tot=  1.89  diag=+0.994  mix=[cap:113/ref:109/nl:98]  β=0.050  α_t=0.052  (2513s)
step  3400  L_grcl=  1.95  L_cov= 0.38  L_cons=0.000  L_tot=  1.95  diag=+0.995  mix=[cap:107/ref:126/nl:87]  β=0.050  α_t=0.052  (2528s)
step  3420  L_grcl=  1.93  L_cov= 0.40  L_cons=0.000  L_tot=  1.93  diag=+0.994  mix=[cap:103/ref:107/nl:110]  β=0.050  α_t=0.052  (2542s)
step  3440  L_grcl=  1.89  L_cov= 0.38  L_cons=0.000  L_tot=  1.89  diag=+0.994  mix=[cap:99/ref:104/nl:117]  β=0.050  α_t=0.052  (2556s)
step  3460  L_grcl=  1.85  L_cov= 0.36  L_cons=0.000  L_tot=  1.85  diag=+0.994  mix=[cap:106/ref:116/nl:98]  β=0.050  α_t=0.052  (2570s)
step  3480  L_grcl=  1.89  L_cov= 0.37  L_cons=0.000  L_tot=  1.89  diag=+0.993  mix=[cap:105/ref:110/nl:105]  β=0.050  α_t=0.052  (2585s)
step  3500  L_grcl=  1.89  L_cov= 0.36  L_cons=0.000  L_tot=  1.89  diag=+0.993  mix=[cap:106/ref:113/nl:101]  β=0.050  α_t=0.052  (2599s)

  [eval @ step 3500] held-out test-A...
    cap-fig cos: +0.9948  (Δ +0.8801)
    R@1/5/10: 8.5% / 50.0% / 75.5%  (Δ +8.5 / +50.0 / +75.5)

step  3520  L_grcl=  1.92  L_cov= 0.37  L_cons=0.000  L_tot=  1.92  diag=+0.993  mix=[cap:98/ref:122/nl:100]  β=0.051  α_t=0.052  (2626s)
step  3540  L_grcl=  1.93  L_cov= 0.37  L_cons=0.000  L_tot=  1.93  diag=+0.994  mix=[cap:100/ref:117/nl:103]  β=0.051  α_t=0.052  (2640s)
step  3560  L_grcl=  1.91  L_cov= 0.37  L_cons=0.000  L_tot=  1.91  diag=+0.994  mix=[cap:107/ref:113/nl:100]  β=0.051  α_t=0.052  (2655s)
step  3580  L_grcl=  1.89  L_cov= 0.37  L_cons=0.000  L_tot=  1.89  diag=+0.993  mix=[cap:111/ref:91/nl:118]  β=0.051  α_t=0.052  (2669s)
step  3600  L_grcl=  1.86  L_cov= 0.37  L_cons=0.000  L_tot=  1.86  diag=+0.993  mix=[cap:104/ref:102/nl:114]  β=0.051  α_t=0.052  (2683s)
step  3620  L_grcl=  1.91  L_cov= 0.36  L_cons=0.000  L_tot=  1.91  diag=+0.993  mix=[cap:114/ref:96/nl:110]  β=0.051  α_t=0.052  (2698s)
step  3640  L_grcl=  1.93  L_cov= 0.37  L_cons=0.000  L_tot=  1.93  diag=+0.992  mix=[cap:87/ref:112/nl:121]  β=0.051  α_t=0.053  (2712s)
step  3660  L_grcl=  1.90  L_cov= 0.37  L_cons=0.000  L_tot=  1.90  diag=+0.992  mix=[cap:111/ref:101/nl:108]  β=0.051  α_t=0.053  (2727s)
step  3680  L_grcl=  1.88  L_cov= 0.38  L_cons=0.000  L_tot=  1.88  diag=+0.993  mix=[cap:114/ref:105/nl:101]  β=0.051  α_t=0.053  (2741s)
step  3700  L_grcl=  1.93  L_cov= 0.38  L_cons=0.000  L_tot=  1.93  diag=+0.993  mix=[cap:90/ref:134/nl:96]  β=0.051  α_t=0.053  (2754s)
step  3720  L_grcl=  1.89  L_cov= 0.38  L_cons=0.000  L_tot=  1.89  diag=+0.993  mix=[cap:112/ref:97/nl:111]  β=0.051  α_t=0.053  (2769s)
step  3740  L_grcl=  1.84  L_cov= 0.36  L_cons=0.000  L_tot=  1.84  diag=+0.992  mix=[cap:107/ref:97/nl:116]  β=0.051  α_t=0.053  (2783s)
step  3760  L_grcl=  1.90  L_cov= 0.35  L_cons=0.000  L_tot=  1.90  diag=+0.992  mix=[cap:110/ref:108/nl:102]  β=0.051  α_t=0.053  (2798s)
step  3780  L_grcl=  1.88  L_cov= 0.37  L_cons=0.000  L_tot=  1.88  diag=+0.992  mix=[cap:101/ref:114/nl:105]  β=0.051  α_t=0.053  (2812s)
step  3800  L_grcl=  1.90  L_cov= 0.37  L_cons=0.000  L_tot=  1.90  diag=+0.993  mix=[cap:95/ref:112/nl:113]  β=0.051  α_t=0.053  (2827s)
step  3820  L_grcl=  1.88  L_cov= 0.36  L_cons=0.000  L_tot=  1.88  diag=+0.993  mix=[cap:107/ref:109/nl:104]  β=0.051  α_t=0.053  (2841s)
step  3840  L_grcl=  1.86  L_cov= 0.36  L_cons=0.000  L_tot=  1.86  diag=+0.993  mix=[cap:113/ref:108/nl:99]  β=0.051  α_t=0.053  (2855s)
step  3860  L_grcl=  1.95  L_cov= 0.37  L_cons=0.000  L_tot=  1.95  diag=+0.993  mix=[cap:107/ref:121/nl:92]  β=0.051  α_t=0.053  (2870s)
step  3880  L_grcl=  1.92  L_cov= 0.39  L_cons=0.000  L_tot=  1.92  diag=+0.993  mix=[cap:100/ref:120/nl:100]  β=0.051  α_t=0.053  (2884s)
step  3900  L_grcl=  1.86  L_cov= 0.36  L_cons=0.000  L_tot=  1.86  diag=+0.993  mix=[cap:117/ref:104/nl:99]  β=0.051  α_t=0.053  (2899s)
step  3920  L_grcl=  1.84  L_cov= 0.36  L_cons=0.000  L_tot=  1.84  diag=+0.992  mix=[cap:113/ref:104/nl:103]  β=0.051  α_t=0.053  (2913s)
step  3940  L_grcl=  1.84  L_cov= 0.35  L_cons=0.000  L_tot=  1.84  diag=+0.993  mix=[cap:107/ref:116/nl:97]  β=0.051  α_t=0.053  (2927s)
step  3960  L_grcl=  1.84  L_cov= 0.36  L_cons=0.000  L_tot=  1.84  diag=+0.992  mix=[cap:103/ref:112/nl:105]  β=0.051  α_t=0.053  (2942s)
step  3980  L_grcl=  1.88  L_cov= 0.36  L_cons=0.000  L_tot=  1.88  diag=+0.993  mix=[cap:117/ref:112/nl:91]  β=0.051  α_t=0.053  (2956s)
step  4000  L_grcl=  1.88  L_cov= 0.37  L_cons=0.000  L_tot=  1.88  diag=+0.993  mix=[cap:104/ref:100/nl:116]  β=0.051  α_t=0.053  (2970s)

  [eval @ step 4000] held-out test-A...
    cap-fig cos: +0.9957  (Δ +0.8810)
    R@1/5/10: 14.5% / 56.0% / 80.0%  (Δ +14.5 / +56.0 / +80.0)
    [ckpt saved @ step 4000 R@10=80.0%]

step  4020  L_grcl=  1.88  L_cov= 0.37  L_cons=0.000  L_tot=  1.88  diag=+0.993  mix=[cap:109/ref:103/nl:108]  β=0.051  α_t=0.053  (3007s)
step  4040  L_grcl=  1.89  L_cov= 0.37  L_cons=0.000  L_tot=  1.89  diag=+0.993  mix=[cap:108/ref:111/nl:101]  β=0.051  α_t=0.053  (3021s)
step  4060  L_grcl=  1.83  L_cov= 0.37  L_cons=0.000  L_tot=  1.83  diag=+0.993  mix=[cap:113/ref:97/nl:110]  β=0.051  α_t=0.053  (3035s)
step  4080  L_grcl=  1.86  L_cov= 0.36  L_cons=0.000  L_tot=  1.86  diag=+0.991  mix=[cap:102/ref:106/nl:112]  β=0.051  α_t=0.053  (3049s)
step  4100  L_grcl=  1.90  L_cov= 0.35  L_cons=0.000  L_tot=  1.90  diag=+0.993  mix=[cap:100/ref:120/nl:100]  β=0.051  α_t=0.053  (3063s)
step  4120  L_grcl=  1.89  L_cov= 0.37  L_cons=0.000  L_tot=  1.89  diag=+0.993  mix=[cap:104/ref:101/nl:115]  β=0.051  α_t=0.053  (3077s)
step  4140  L_grcl=  1.91  L_cov= 0.37  L_cons=0.000  L_tot=  1.91  diag=+0.994  mix=[cap:97/ref:117/nl:106]  β=0.051  α_t=0.053  (3091s)
step  4160  L_grcl=  1.88  L_cov= 0.37  L_cons=0.000  L_tot=  1.88  diag=+0.994  mix=[cap:109/ref:109/nl:102]  β=0.051  α_t=0.053  (3106s)
step  4180  L_grcl=  1.88  L_cov= 0.38  L_cons=0.000  L_tot=  1.88  diag=+0.993  mix=[cap:109/ref:109/nl:102]  β=0.051  α_t=0.053  (3120s)
step  4200  L_grcl=  1.81  L_cov= 0.37  L_cons=0.000  L_tot=  1.81  diag=+0.992  mix=[cap:105/ref:111/nl:104]  β=0.052  α_t=0.053  (3134s)
step  4220  L_grcl=  1.91  L_cov= 0.37  L_cons=0.000  L_tot=  1.91  diag=+0.993  mix=[cap:94/ref:122/nl:104]  β=0.052  α_t=0.053  (3149s)
step  4240  L_grcl=  1.88  L_cov= 0.37  L_cons=0.000  L_tot=  1.88  diag=+0.992  mix=[cap:99/ref:108/nl:113]  β=0.052  α_t=0.053  (3163s)
step  4260  L_grcl=  1.86  L_cov= 0.35  L_cons=0.000  L_tot=  1.86  diag=+0.991  mix=[cap:116/ref:99/nl:105]  β=0.052  α_t=0.053  (3178s)
step  4280  L_grcl=  1.84  L_cov= 0.37  L_cons=0.000  L_tot=  1.84  diag=+0.991  mix=[cap:114/ref:84/nl:122]  β=0.052  α_t=0.053  (3193s)
step  4300  L_grcl=  1.87  L_cov= 0.37  L_cons=0.000  L_tot=  1.87  diag=+0.992  mix=[cap:100/ref:105/nl:115]  β=0.052  α_t=0.053  (3207s)
step  4320  L_grcl=  1.86  L_cov= 0.36  L_cons=0.000  L_tot=  1.86  diag=+0.992  mix=[cap:96/ref:116/nl:108]  β=0.052  α_t=0.053  (3222s)
step  4340  L_grcl=  1.83  L_cov= 0.37  L_cons=0.000  L_tot=  1.83  diag=+0.992  mix=[cap:114/ref:99/nl:107]  β=0.052  α_t=0.053  (3237s)
step  4360  L_grcl=  1.89  L_cov= 0.36  L_cons=0.000  L_tot=  1.89  diag=+0.992  mix=[cap:92/ref:116/nl:112]  β=0.052  α_t=0.053  (3251s)
step  4380  L_grcl=  1.85  L_cov= 0.37  L_cons=0.000  L_tot=  1.85  diag=+0.992  mix=[cap:102/ref:92/nl:126]  β=0.052  α_t=0.053  (3265s)
step  4400  L_grcl=  1.80  L_cov= 0.34  L_cons=0.000  L_tot=  1.80  diag=+0.993  mix=[cap:115/ref:106/nl:99]  β=0.052  α_t=0.053  (3279s)
step  4420  L_grcl=  1.85  L_cov= 0.34  L_cons=0.000  L_tot=  1.85  diag=+0.992  mix=[cap:97/ref:114/nl:109]  β=0.052  α_t=0.053  (3293s)
step  4440  L_grcl=  1.89  L_cov= 0.36  L_cons=0.000  L_tot=  1.89  diag=+0.992  mix=[cap:117/ref:95/nl:108]  β=0.052  α_t=0.053  (3308s)
step  4460  L_grcl=  1.84  L_cov= 0.36  L_cons=0.000  L_tot=  1.84  diag=+0.992  mix=[cap:80/ref:124/nl:116]  β=0.052  α_t=0.053  (3322s)
step  4480  L_grcl=  1.87  L_cov= 0.36  L_cons=0.000  L_tot=  1.87  diag=+0.992  mix=[cap:97/ref:113/nl:110]  β=0.052  α_t=0.053  (3336s)
step  4500  L_grcl=  1.79  L_cov= 0.35  L_cons=0.000  L_tot=  1.79  diag=+0.993  mix=[cap:119/ref:104/nl:97]  β=0.052  α_t=0.053  (3350s)

  [eval @ step 4500] held-out test-A...
    cap-fig cos: +0.9951  (Δ +0.8804)
    R@1/5/10: 10.5% / 50.5% / 75.0%  (Δ +10.5 / +50.5 / +75.0)

step  4520  L_grcl=  1.87  L_cov= 0.36  L_cons=0.000  L_tot=  1.87  diag=+0.993  mix=[cap:107/ref:114/nl:99]  β=0.052  α_t=0.053  (3377s)
step  4540  L_grcl=  1.83  L_cov= 0.35  L_cons=0.000  L_tot=  1.83  diag=+0.992  mix=[cap:103/ref:109/nl:108]  β=0.052  α_t=0.053  (3391s)
step  4560  L_grcl=  1.84  L_cov= 0.35  L_cons=0.000  L_tot=  1.84  diag=+0.991  mix=[cap:96/ref:109/nl:115]  β=0.052  α_t=0.053  (3405s)
step  4580  L_grcl=  1.83  L_cov= 0.35  L_cons=0.000  L_tot=  1.83  diag=+0.992  mix=[cap:110/ref:100/nl:110]  β=0.052  α_t=0.054  (3419s)
step  4600  L_grcl=  1.86  L_cov= 0.35  L_cons=0.000  L_tot=  1.86  diag=+0.991  mix=[cap:117/ref:100/nl:103]  β=0.052  α_t=0.054  (3434s)
step  4620  L_grcl=  1.85  L_cov= 0.36  L_cons=0.000  L_tot=  1.85  diag=+0.992  mix=[cap:111/ref:114/nl:95]  β=0.052  α_t=0.054  (3448s)
step  4640  L_grcl=  1.80  L_cov= 0.34  L_cons=0.000  L_tot=  1.80  diag=+0.992  mix=[cap:117/ref:105/nl:98]  β=0.052  α_t=0.054  (3463s)
step  4660  L_grcl=  1.88  L_cov= 0.35  L_cons=0.000  L_tot=  1.88  diag=+0.993  mix=[cap:93/ref:121/nl:106]  β=0.052  α_t=0.054  (3477s)
step  4680  L_grcl=  1.86  L_cov= 0.36  L_cons=0.000  L_tot=  1.86  diag=+0.992  mix=[cap:121/ref:101/nl:98]  β=0.052  α_t=0.054  (3492s)
step  4700  L_grcl=  1.87  L_cov= 0.37  L_cons=0.000  L_tot=  1.87  diag=+0.992  mix=[cap:105/ref:125/nl:90]  β=0.052  α_t=0.054  (3507s)
step  4720  L_grcl=  1.87  L_cov= 0.35  L_cons=0.000  L_tot=  1.87  diag=+0.992  mix=[cap:97/ref:114/nl:109]  β=0.052  α_t=0.054  (3521s)
step  4740  L_grcl=  1.85  L_cov= 0.37  L_cons=0.000  L_tot=  1.85  diag=+0.993  mix=[cap:105/ref:98/nl:117]  β=0.052  α_t=0.054  (3536s)
step  4760  L_grcl=  1.89  L_cov= 0.37  L_cons=0.000  L_tot=  1.89  diag=+0.992  mix=[cap:108/ref:114/nl:98]  β=0.052  α_t=0.054  (3550s)
step  4780  L_grcl=  1.82  L_cov= 0.34  L_cons=0.000  L_tot=  1.82  diag=+0.991  mix=[cap:102/ref:118/nl:100]  β=0.052  α_t=0.054  (3565s)
step  4800  L_grcl=  1.79  L_cov= 0.34  L_cons=0.000  L_tot=  1.79  diag=+0.992  mix=[cap:101/ref:111/nl:108]  β=0.052  α_t=0.054  (3579s)
step  4820  L_grcl=  1.78  L_cov= 0.35  L_cons=0.000  L_tot=  1.78  diag=+0.990  mix=[cap:121/ref:97/nl:102]  β=0.052  α_t=0.054  (3594s)
step  4840  L_grcl=  1.89  L_cov= 0.34  L_cons=0.000  L_tot=  1.89  diag=+0.990  mix=[cap:102/ref:109/nl:109]  β=0.052  α_t=0.054  (3609s)
step  4860  L_grcl=  1.88  L_cov= 0.36  L_cons=0.000  L_tot=  1.88  diag=+0.992  mix=[cap:99/ref:121/nl:100]  β=0.053  α_t=0.054  (3624s)
step  4880  L_grcl=  1.86  L_cov= 0.36  L_cons=0.000  L_tot=  1.86  diag=+0.992  mix=[cap:109/ref:108/nl:103]  β=0.053  α_t=0.054  (3639s)
step  4900  L_grcl=  1.86  L_cov= 0.35  L_cons=0.000  L_tot=  1.86  diag=+0.993  mix=[cap:114/ref:114/nl:92]  β=0.053  α_t=0.054  (3654s)
step  4920  L_grcl=  1.85  L_cov= 0.36  L_cons=0.000  L_tot=  1.85  diag=+0.992  mix=[cap:114/ref:108/nl:98]  β=0.053  α_t=0.054  (3668s)
step  4940  L_grcl=  1.79  L_cov= 0.34  L_cons=0.000  L_tot=  1.79  diag=+0.992  mix=[cap:114/ref:104/nl:102]  β=0.053  α_t=0.054  (3683s)
step  4960  L_grcl=  1.87  L_cov= 0.35  L_cons=0.000  L_tot=  1.87  diag=+0.991  mix=[cap:116/ref:114/nl:90]  β=0.053  α_t=0.054  (3697s)
step  4980  L_grcl=  1.82  L_cov= 0.35  L_cons=0.000  L_tot=  1.82  diag=+0.992  mix=[cap:106/ref:96/nl:118]  β=0.053  α_t=0.054  (3712s)
step  5000  L_grcl=  1.85  L_cov= 0.34  L_cons=0.000  L_tot=  1.85  diag=+0.991  mix=[cap:102/ref:117/nl:101]  β=0.053  α_t=0.054  (3726s)

  [eval @ step 5000] held-out test-A...
    cap-fig cos: +0.9959  (Δ +0.8812)
    R@1/5/10: 12.0% / 57.0% / 82.0%  (Δ +12.0 / +57.0 / +82.0)
    [ckpt saved @ step 5000 R@10=82.0%]

step  5020  L_grcl=  1.82  L_cov= 0.34  L_cons=0.000  L_tot=  1.82  diag=+0.990  mix=[cap:117/ref:95/nl:108]  β=0.053  α_t=0.054  (3762s)
step  5040  L_grcl=  1.90  L_cov= 0.36  L_cons=0.000  L_tot=  1.90  diag=+0.990  mix=[cap:78/ref:118/nl:124]  β=0.053  α_t=0.054  (3776s)
step  5060  L_grcl=  1.80  L_cov= 0.36  L_cons=0.000  L_tot=  1.80  diag=+0.992  mix=[cap:115/ref:100/nl:105]  β=0.053  α_t=0.054  (3790s)
step  5080  L_grcl=  1.84  L_cov= 0.36  L_cons=0.000  L_tot=  1.84  diag=+0.990  mix=[cap:88/ref:125/nl:107]  β=0.053  α_t=0.054  (3804s)
step  5100  L_grcl=  1.77  L_cov= 0.34  L_cons=0.000  L_tot=  1.77  diag=+0.991  mix=[cap:105/ref:106/nl:109]  β=0.053  α_t=0.054  (3818s)
step  5120  L_grcl=  1.86  L_cov= 0.36  L_cons=0.000  L_tot=  1.86  diag=+0.991  mix=[cap:104/ref:113/nl:103]  β=0.053  α_t=0.054  (3832s)
step  5140  L_grcl=  1.77  L_cov= 0.34  L_cons=0.000  L_tot=  1.77  diag=+0.992  mix=[cap:125/ref:105/nl:90]  β=0.053  α_t=0.054  (3847s)
step  5160  L_grcl=  1.80  L_cov= 0.34  L_cons=0.000  L_tot=  1.80  diag=+0.991  mix=[cap:111/ref:102/nl:107]  β=0.053  α_t=0.054  (3862s)
step  5180  L_grcl=  1.85  L_cov= 0.35  L_cons=0.000  L_tot=  1.85  diag=+0.990  mix=[cap:101/ref:116/nl:103]  β=0.053  α_t=0.054  (3876s)
step  5200  L_grcl=  1.84  L_cov= 0.35  L_cons=0.000  L_tot=  1.84  diag=+0.992  mix=[cap:114/ref:110/nl:96]  β=0.053  α_t=0.054  (3891s)
step  5220  L_grcl=  1.85  L_cov= 0.35  L_cons=0.000  L_tot=  1.85  diag=+0.992  mix=[cap:104/ref:110/nl:106]  β=0.053  α_t=0.054  (3905s)
step  5240  L_grcl=  1.81  L_cov= 0.34  L_cons=0.000  L_tot=  1.81  diag=+0.992  mix=[cap:112/ref:118/nl:90]  β=0.053  α_t=0.054  (3919s)
step  5260  L_grcl=  1.83  L_cov= 0.36  L_cons=0.000  L_tot=  1.83  diag=+0.992  mix=[cap:109/ref:120/nl:91]  β=0.053  α_t=0.054  (3934s)
step  5280  L_grcl=  1.83  L_cov= 0.34  L_cons=0.000  L_tot=  1.83  diag=+0.990  mix=[cap:107/ref:103/nl:110]  β=0.053  α_t=0.054  (3948s)
step  5300  L_grcl=  1.80  L_cov= 0.34  L_cons=0.000  L_tot=  1.80  diag=+0.990  mix=[cap:124/ref:86/nl:110]  β=0.053  α_t=0.054  (3962s)
step  5320  L_grcl=  1.83  L_cov= 0.35  L_cons=0.000  L_tot=  1.83  diag=+0.993  mix=[cap:107/ref:118/nl:95]  β=0.053  α_t=0.054  (3977s)
step  5340  L_grcl=  1.80  L_cov= 0.37  L_cons=0.000  L_tot=  1.80  diag=+0.991  mix=[cap:117/ref:95/nl:108]  β=0.053  α_t=0.054  (3992s)
step  5360  L_grcl=  1.79  L_cov= 0.34  L_cons=0.000  L_tot=  1.79  diag=+0.990  mix=[cap:124/ref:102/nl:94]  β=0.053  α_t=0.054  (4006s)
step  5380  L_grcl=  1.77  L_cov= 0.34  L_cons=0.000  L_tot=  1.77  diag=+0.992  mix=[cap:127/ref:109/nl:84]  β=0.053  α_t=0.054  (4021s)
step  5400  L_grcl=  1.82  L_cov= 0.35  L_cons=0.000  L_tot=  1.82  diag=+0.991  mix=[cap:99/ref:113/nl:108]  β=0.053  α_t=0.054  (4035s)
step  5420  L_grcl=  1.80  L_cov= 0.34  L_cons=0.000  L_tot=  1.80  diag=+0.990  mix=[cap:102/ref:90/nl:128]  β=0.053  α_t=0.054  (4050s)
step  5440  L_grcl=  1.84  L_cov= 0.34  L_cons=0.000  L_tot=  1.84  diag=+0.989  mix=[cap:93/ref:117/nl:110]  β=0.053  α_t=0.054  (4064s)
step  5460  L_grcl=  1.80  L_cov= 0.35  L_cons=0.000  L_tot=  1.80  diag=+0.991  mix=[cap:106/ref:115/nl:99]  β=0.053  α_t=0.054  (4079s)
step  5480  L_grcl=  1.78  L_cov= 0.35  L_cons=0.000  L_tot=  1.78  diag=+0.991  mix=[cap:106/ref:99/nl:115]  β=0.053  α_t=0.054  (4093s)
step  5500  L_grcl=  1.82  L_cov= 0.34  L_cons=0.000  L_tot=  1.82  diag=+0.993  mix=[cap:125/ref:112/nl:83]  β=0.054  α_t=0.054  (4107s)

  [eval @ step 5500] held-out test-A...
    cap-fig cos: +0.9955  (Δ +0.8808)
    R@1/5/10: 19.0% / 62.0% / 81.5%  (Δ +19.0 / +62.0 / +81.5)

step  5520  L_grcl=  1.81  L_cov= 0.34  L_cons=0.000  L_tot=  1.81  diag=+0.991  mix=[cap:104/ref:109/nl:107]  β=0.054  α_t=0.055  (4134s)
step  5540  L_grcl=  1.84  L_cov= 0.36  L_cons=0.000  L_tot=  1.84  diag=+0.992  mix=[cap:100/ref:103/nl:117]  β=0.054  α_t=0.055  (4149s)
step  5560  L_grcl=  1.87  L_cov= 0.36  L_cons=0.000  L_tot=  1.87  diag=+0.992  mix=[cap:124/ref:102/nl:94]  β=0.054  α_t=0.055  (4164s)
step  5580  L_grcl=  1.79  L_cov= 0.34  L_cons=0.000  L_tot=  1.79  diag=+0.992  mix=[cap:104/ref:114/nl:102]  β=0.054  α_t=0.055  (4178s)
step  5600  L_grcl=  1.84  L_cov= 0.34  L_cons=0.000  L_tot=  1.84  diag=+0.991  mix=[cap:102/ref:115/nl:103]  β=0.054  α_t=0.055  (4193s)
step  5620  L_grcl=  1.78  L_cov= 0.34  L_cons=0.000  L_tot=  1.78  diag=+0.991  mix=[cap:88/ref:125/nl:107]  β=0.054  α_t=0.055  (4207s)
step  5640  L_grcl=  1.75  L_cov= 0.34  L_cons=0.000  L_tot=  1.75  diag=+0.991  mix=[cap:119/ref:103/nl:98]  β=0.054  α_t=0.055  (4221s)
step  5660  L_grcl=  1.79  L_cov= 0.32  L_cons=0.000  L_tot=  1.79  diag=+0.991  mix=[cap:105/ref:112/nl:103]  β=0.054  α_t=0.055  (4235s)
step  5680  L_grcl=  1.83  L_cov= 0.34  L_cons=0.000  L_tot=  1.83  diag=+0.991  mix=[cap:94/ref:123/nl:103]  β=0.054  α_t=0.055  (4250s)
step  5700  L_grcl=  1.78  L_cov= 0.34  L_cons=0.000  L_tot=  1.78  diag=+0.991  mix=[cap:112/ref:104/nl:104]  β=0.054  α_t=0.055  (4264s)
step  5720  L_grcl=  1.85  L_cov= 0.36  L_cons=0.000  L_tot=  1.85  diag=+0.990  mix=[cap:106/ref:108/nl:106]  β=0.054  α_t=0.055  (4278s)
step  5740  L_grcl=  1.79  L_cov= 0.33  L_cons=0.000  L_tot=  1.79  diag=+0.989  mix=[cap:111/ref:100/nl:109]  β=0.054  α_t=0.055  (4292s)
step  5760  L_grcl=  1.81  L_cov= 0.35  L_cons=0.000  L_tot=  1.81  diag=+0.989  mix=[cap:90/ref:113/nl:117]  β=0.054  α_t=0.055  (4307s)
step  5780  L_grcl=  1.81  L_cov= 0.33  L_cons=0.000  L_tot=  1.81  diag=+0.991  mix=[cap:109/ref:102/nl:109]  β=0.054  α_t=0.055  (4321s)
step  5800  L_grcl=  1.77  L_cov= 0.34  L_cons=0.000  L_tot=  1.77  diag=+0.990  mix=[cap:116/ref:98/nl:106]  β=0.054  α_t=0.055  (4336s)
step  5820  L_grcl=  1.79  L_cov= 0.34  L_cons=0.000  L_tot=  1.79  diag=+0.989  mix=[cap:101/ref:114/nl:105]  β=0.054  α_t=0.055  (4351s)
step  5840  L_grcl=  1.82  L_cov= 0.34  L_cons=0.000  L_tot=  1.82  diag=+0.990  mix=[cap:113/ref:101/nl:106]  β=0.054  α_t=0.055  (4365s)
step  5860  L_grcl=  1.81  L_cov= 0.35  L_cons=0.000  L_tot=  1.81  diag=+0.991  mix=[cap:103/ref:122/nl:95]  β=0.054  α_t=0.055  (4380s)
step  5880  L_grcl=  1.83  L_cov= 0.34  L_cons=0.000  L_tot=  1.83  diag=+0.991  mix=[cap:102/ref:119/nl:99]  β=0.054  α_t=0.055  (4394s)
step  5900  L_grcl=  1.84  L_cov= 0.35  L_cons=0.000  L_tot=  1.84  diag=+0.991  mix=[cap:101/ref:109/nl:110]  β=0.054  α_t=0.055  (4409s)
step  5920  L_grcl=  1.80  L_cov= 0.33  L_cons=0.000  L_tot=  1.80  diag=+0.992  mix=[cap:116/ref:112/nl:92]  β=0.054  α_t=0.055  (4423s)
step  5940  L_grcl=  1.79  L_cov= 0.34  L_cons=0.000  L_tot=  1.79  diag=+0.992  mix=[cap:109/ref:109/nl:102]  β=0.054  α_t=0.055  (4437s)
step  5960  L_grcl=  1.73  L_cov= 0.32  L_cons=0.000  L_tot=  1.73  diag=+0.990  mix=[cap:106/ref:107/nl:107]  β=0.054  α_t=0.055  (4451s)
step  5980  L_grcl=  1.80  L_cov= 0.34  L_cons=0.000  L_tot=  1.80  diag=+0.990  mix=[cap:105/ref:121/nl:94]  β=0.054  α_t=0.055  (4466s)
step  6000  L_grcl=  1.83  L_cov= 0.34  L_cons=0.000  L_tot=  1.83  diag=+0.991  mix=[cap:99/ref:111/nl:110]  β=0.054  α_t=0.055  (4480s)

  [eval @ step 6000] held-out test-A...
    cap-fig cos: +0.9952  (Δ +0.8805)
    R@1/5/10: 15.5% / 63.5% / 88.5%  (Δ +15.5 / +63.5 / +88.5)
    [ckpt saved @ step 6000 R@10=88.5%]

step  6020  L_grcl=  1.79  L_cov= 0.33  L_cons=0.000  L_tot=  1.79  diag=+0.992  mix=[cap:105/ref:115/nl:100]  β=0.054  α_t=0.055  (4516s)
step  6040  L_grcl=  1.79  L_cov= 0.34  L_cons=0.000  L_tot=  1.79  diag=+0.990  mix=[cap:94/ref:108/nl:118]  β=0.054  α_t=0.055  (4531s)
step  6060  L_grcl=  1.83  L_cov= 0.35  L_cons=0.000  L_tot=  1.83  diag=+0.992  mix=[cap:102/ref:117/nl:101]  β=0.054  α_t=0.055  (4545s)
step  6080  L_grcl=  1.79  L_cov= 0.34  L_cons=0.000  L_tot=  1.79  diag=+0.992  mix=[cap:116/ref:103/nl:101]  β=0.054  α_t=0.055  (4559s)
step  6100  L_grcl=  1.82  L_cov= 0.33  L_cons=0.000  L_tot=  1.82  diag=+0.991  mix=[cap:100/ref:115/nl:105]  β=0.055  α_t=0.055  (4573s)
step  6120  L_grcl=  1.83  L_cov= 0.34  L_cons=0.000  L_tot=  1.83  diag=+0.992  mix=[cap:107/ref:99/nl:114]  β=0.055  α_t=0.055  (4587s)
step  6140  L_grcl=  1.83  L_cov= 0.35  L_cons=0.000  L_tot=  1.83  diag=+0.991  mix=[cap:100/ref:109/nl:111]  β=0.055  α_t=0.055  (4601s)
step  6160  L_grcl=  1.87  L_cov= 0.36  L_cons=0.000  L_tot=  1.87  diag=+0.991  mix=[cap:100/ref:113/nl:107]  β=0.055  α_t=0.055  (4616s)
step  6180  L_grcl=  1.80  L_cov= 0.34  L_cons=0.000  L_tot=  1.80  diag=+0.990  mix=[cap:104/ref:114/nl:102]  β=0.055  α_t=0.055  (4630s)
step  6200  L_grcl=  1.83  L_cov= 0.35  L_cons=0.000  L_tot=  1.83  diag=+0.990  mix=[cap:97/ref:119/nl:104]  β=0.055  α_t=0.055  (4645s)
step  6220  L_grcl=  1.82  L_cov= 0.34  L_cons=0.000  L_tot=  1.82  diag=+0.991  mix=[cap:117/ref:112/nl:91]  β=0.055  α_t=0.055  (4659s)
step  6240  L_grcl=  1.80  L_cov= 0.34  L_cons=0.000  L_tot=  1.80  diag=+0.991  mix=[cap:105/ref:107/nl:108]  β=0.055  α_t=0.055  (4674s)
step  6260  L_grcl=  1.80  L_cov= 0.34  L_cons=0.000  L_tot=  1.80  diag=+0.991  mix=[cap:108/ref:115/nl:97]  β=0.055  α_t=0.055  (4688s)
step  6280  L_grcl=  1.85  L_cov= 0.35  L_cons=0.000  L_tot=  1.85  diag=+0.991  mix=[cap:114/ref:110/nl:96]  β=0.055  α_t=0.055  (4703s)
step  6300  L_grcl=  1.85  L_cov= 0.36  L_cons=0.000  L_tot=  1.85  diag=+0.991  mix=[cap:99/ref:109/nl:112]  β=0.055  α_t=0.055  (4717s)
step  6320  L_grcl=  1.80  L_cov= 0.33  L_cons=0.000  L_tot=  1.80  diag=+0.991  mix=[cap:127/ref:97/nl:96]  β=0.055  α_t=0.055  (4732s)
step  6340  L_grcl=  1.82  L_cov= 0.35  L_cons=0.000  L_tot=  1.82  diag=+0.992  mix=[cap:110/ref:117/nl:93]  β=0.055  α_t=0.055  (4746s)
step  6360  L_grcl=  1.82  L_cov= 0.35  L_cons=0.000  L_tot=  1.82  diag=+0.991  mix=[cap:111/ref:105/nl:104]  β=0.055  α_t=0.055  (4760s)
step  6380  L_grcl=  1.82  L_cov= 0.34  L_cons=0.000  L_tot=  1.82  diag=+0.991  mix=[cap:101/ref:112/nl:107]  β=0.055  α_t=0.055  (4775s)
step  6400  L_grcl=  1.80  L_cov= 0.34  L_cons=0.000  L_tot=  1.80  diag=+0.991  mix=[cap:103/ref:107/nl:110]  β=0.055  α_t=0.055  (4789s)
step  6420  L_grcl=  1.78  L_cov= 0.34  L_cons=0.000  L_tot=  1.78  diag=+0.990  mix=[cap:97/ref:111/nl:112]  β=0.055  α_t=0.055  (4806s)
step  6440  L_grcl=  1.77  L_cov= 0.34  L_cons=0.000  L_tot=  1.77  diag=+0.989  mix=[cap:102/ref:118/nl:100]  β=0.055  α_t=0.055  (4820s)
step  6460  L_grcl=  1.83  L_cov= 0.34  L_cons=0.000  L_tot=  1.83  diag=+0.990  mix=[cap:103/ref:117/nl:100]  β=0.055  α_t=0.056  (4834s)
step  6480  L_grcl=  1.81  L_cov= 0.34  L_cons=0.000  L_tot=  1.81  diag=+0.990  mix=[cap:109/ref:112/nl:99]  β=0.055  α_t=0.056  (4848s)
step  6500  L_grcl=  1.77  L_cov= 0.33  L_cons=0.000  L_tot=  1.77  diag=+0.990  mix=[cap:91/ref:124/nl:105]  β=0.055  α_t=0.056  (4862s)

  [eval @ step 6500] held-out test-A...
    cap-fig cos: +0.9949  (Δ +0.8802)
    R@1/5/10: 14.5% / 52.5% / 80.5%  (Δ +14.5 / +52.5 / +80.5)

step  6520  L_grcl=  1.73  L_cov= 0.32  L_cons=0.000  L_tot=  1.73  diag=+0.989  mix=[cap:98/ref:118/nl:104]  β=0.055  α_t=0.056  (4888s)
step  6540  L_grcl=  1.78  L_cov= 0.34  L_cons=0.000  L_tot=  1.78  diag=+0.991  mix=[cap:109/ref:111/nl:100]  β=0.055  α_t=0.056  (4902s)
step  6560  L_grcl=  1.76  L_cov= 0.33  L_cons=0.000  L_tot=  1.76  diag=+0.990  mix=[cap:115/ref:114/nl:91]  β=0.055  α_t=0.056  (4917s)
step  6580  L_grcl=  1.78  L_cov= 0.34  L_cons=0.000  L_tot=  1.78  diag=+0.990  mix=[cap:98/ref:115/nl:107]  β=0.055  α_t=0.056  (4931s)
step  6600  L_grcl=  1.78  L_cov= 0.34  L_cons=0.000  L_tot=  1.78  diag=+0.991  mix=[cap:112/ref:111/nl:97]  β=0.055  α_t=0.056  (4946s)
step  6620  L_grcl=  1.83  L_cov= 0.34  L_cons=0.000  L_tot=  1.83  diag=+0.991  mix=[cap:99/ref:107/nl:114]  β=0.055  α_t=0.056  (4960s)
step  6640  L_grcl=  1.80  L_cov= 0.35  L_cons=0.000  L_tot=  1.80  diag=+0.990  mix=[cap:103/ref:114/nl:103]  β=0.055  α_t=0.056  (4975s)
step  6660  L_grcl=  1.83  L_cov= 0.34  L_cons=0.000  L_tot=  1.83  diag=+0.991  mix=[cap:101/ref:107/nl:112]  β=0.055  α_t=0.056  (4990s)
step  6680  L_grcl=  1.80  L_cov= 0.34  L_cons=0.000  L_tot=  1.80  diag=+0.991  mix=[cap:88/ref:113/nl:119]  β=0.055  α_t=0.056  (5004s)
step  6700  L_grcl=  1.79  L_cov= 0.34  L_cons=0.000  L_tot=  1.79  diag=+0.989  mix=[cap:99/ref:114/nl:107]  β=0.056  α_t=0.056  (5018s)
step  6720  L_grcl=  1.76  L_cov= 0.33  L_cons=0.000  L_tot=  1.76  diag=+0.990  mix=[cap:101/ref:114/nl:105]  β=0.056  α_t=0.056  (5033s)
step  6740  L_grcl=  1.79  L_cov= 0.33  L_cons=0.000  L_tot=  1.79  diag=+0.988  mix=[cap:94/ref:112/nl:114]  β=0.056  α_t=0.056  (5048s)
step  6760  L_grcl=  1.80  L_cov= 0.34  L_cons=0.000  L_tot=  1.80  diag=+0.990  mix=[cap:110/ref:111/nl:99]  β=0.056  α_t=0.056  (5062s)
step  6780  L_grcl=  1.81  L_cov= 0.34  L_cons=0.000  L_tot=  1.81  diag=+0.991  mix=[cap:102/ref:120/nl:98]  β=0.056  α_t=0.056  (5076s)
step  6800  L_grcl=  1.77  L_cov= 0.34  L_cons=0.000  L_tot=  1.77  diag=+0.990  mix=[cap:110/ref:105/nl:105]  β=0.056  α_t=0.056  (5091s)
step  6820  L_grcl=  1.85  L_cov= 0.35  L_cons=0.000  L_tot=  1.85  diag=+0.989  mix=[cap:99/ref:109/nl:112]  β=0.056  α_t=0.056  (5105s)
step  6840  L_grcl=  1.79  L_cov= 0.34  L_cons=0.000  L_tot=  1.79  diag=+0.991  mix=[cap:109/ref:109/nl:102]  β=0.056  α_t=0.056  (5120s)
step  6860  L_grcl=  1.79  L_cov= 0.33  L_cons=0.000  L_tot=  1.79  diag=+0.988  mix=[cap:91/ref:114/nl:115]  β=0.056  α_t=0.056  (5135s)
step  6880  L_grcl=  1.77  L_cov= 0.33  L_cons=0.000  L_tot=  1.77  diag=+0.990  mix=[cap:111/ref:113/nl:96]  β=0.056  α_t=0.056  (5149s)
step  6900  L_grcl=  1.79  L_cov= 0.34  L_cons=0.000  L_tot=  1.79  diag=+0.990  mix=[cap:102/ref:99/nl:119]  β=0.056  α_t=0.056  (5163s)
step  6920  L_grcl=  1.78  L_cov= 0.33  L_cons=0.000  L_tot=  1.78  diag=+0.990  mix=[cap:119/ref:94/nl:107]  β=0.056  α_t=0.056  (5178s)
step  6940  L_grcl=  1.79  L_cov= 0.34  L_cons=0.000  L_tot=  1.79  diag=+0.990  mix=[cap:109/ref:119/nl:92]  β=0.056  α_t=0.056  (5192s)
step  6960  L_grcl=  1.75  L_cov= 0.32  L_cons=0.000  L_tot=  1.75  diag=+0.990  mix=[cap:116/ref:103/nl:101]  β=0.056  α_t=0.056  (5207s)
step  6980  L_grcl=  1.77  L_cov= 0.34  L_cons=0.000  L_tot=  1.77  diag=+0.990  mix=[cap:102/ref:111/nl:107]  β=0.056  α_t=0.056  (5221s)
step  7000  L_grcl=  1.79  L_cov= 0.34  L_cons=0.000  L_tot=  1.79  diag=+0.989  mix=[cap:110/ref:100/nl:110]  β=0.056  α_t=0.056  (5236s)

  [eval @ step 7000] held-out test-A...
    cap-fig cos: +0.9951  (Δ +0.8804)
    R@1/5/10: 18.0% / 67.5% / 85.0%  (Δ +18.0 / +67.5 / +85.0)

step  7020  L_grcl=  1.78  L_cov= 0.34  L_cons=0.000  L_tot=  1.78  diag=+0.990  mix=[cap:98/ref:110/nl:112]  β=0.056  α_t=0.056  (5263s)
step  7040  L_grcl=  1.74  L_cov= 0.32  L_cons=0.000  L_tot=  1.74  diag=+0.990  mix=[cap:111/ref:103/nl:106]  β=0.056  α_t=0.056  (5277s)
step  7060  L_grcl=  1.90  L_cov= 0.33  L_cons=0.000  L_tot=  1.90  diag=+0.989  mix=[cap:96/ref:112/nl:112]  β=0.056  α_t=0.056  (5292s)
step  7080  L_grcl=  1.79  L_cov= 0.34  L_cons=0.000  L_tot=  1.79  diag=+0.991  mix=[cap:108/ref:110/nl:102]  β=0.056  α_t=0.056  (5306s)
step  7100  L_grcl=  1.79  L_cov= 0.33  L_cons=0.000  L_tot=  1.79  diag=+0.989  mix=[cap:97/ref:103/nl:120]  β=0.056  α_t=0.056  (5321s)
step  7120  L_grcl=  1.77  L_cov= 0.33  L_cons=0.000  L_tot=  1.77  diag=+0.991  mix=[cap:100/ref:119/nl:101]  β=0.056  α_t=0.056  (5336s)
step  7140  L_grcl=  1.80  L_cov= 0.34  L_cons=0.000  L_tot=  1.80  diag=+0.989  mix=[cap:111/ref:100/nl:109]  β=0.056  α_t=0.056  (5351s)
step  7160  L_grcl=  1.79  L_cov= 0.33  L_cons=0.000  L_tot=  1.79  diag=+0.990  mix=[cap:108/ref:118/nl:94]  β=0.056  α_t=0.056  (5365s)
step  7180  L_grcl=  1.74  L_cov= 0.33  L_cons=0.000  L_tot=  1.74  diag=+0.991  mix=[cap:115/ref:104/nl:101]  β=0.056  α_t=0.056  (5379s)
step  7200  L_grcl=  1.78  L_cov= 0.34  L_cons=0.000  L_tot=  1.78  diag=+0.990  mix=[cap:105/ref:106/nl:109]  β=0.056  α_t=0.056  (5394s)
step  7220  L_grcl=  1.81  L_cov= 0.35  L_cons=0.000  L_tot=  1.81  diag=+0.991  mix=[cap:116/ref:100/nl:104]  β=0.056  α_t=0.056  (5409s)
step  7240  L_grcl=  1.76  L_cov= 0.33  L_cons=0.000  L_tot=  1.76  diag=+0.990  mix=[cap:114/ref:106/nl:100]  β=0.056  α_t=0.056  (5423s)
step  7260  L_grcl=  1.77  L_cov= 0.33  L_cons=0.000  L_tot=  1.77  diag=+0.989  mix=[cap:101/ref:101/nl:118]  β=0.056  α_t=0.056  (5438s)
step  7280  L_grcl=  1.72  L_cov= 0.33  L_cons=0.000  L_tot=  1.72  diag=+0.990  mix=[cap:117/ref:94/nl:109]  β=0.056  α_t=0.056  (5452s)
step  7300  L_grcl=  1.80  L_cov= 0.34  L_cons=0.000  L_tot=  1.80  diag=+0.989  mix=[cap:107/ref:120/nl:93]  β=0.056  α_t=0.056  (5467s)
step  7320  L_grcl=  1.81  L_cov= 0.34  L_cons=0.000  L_tot=  1.81  diag=+0.991  mix=[cap:106/ref:103/nl:111]  β=0.057  α_t=0.056  (5482s)
step  7340  L_grcl=  1.76  L_cov= 0.32  L_cons=0.000  L_tot=  1.76  diag=+0.990  mix=[cap:109/ref:110/nl:101]  β=0.057  α_t=0.056  (5496s)
step  7360  L_grcl=  1.78  L_cov= 0.34  L_cons=0.000  L_tot=  1.78  diag=+0.991  mix=[cap:104/ref:115/nl:101]  β=0.057  α_t=0.056  (5510s)
step  7380  L_grcl=  1.80  L_cov= 0.34  L_cons=0.000  L_tot=  1.80  diag=+0.991  mix=[cap:106/ref:104/nl:110]  β=0.057  α_t=0.056  (5525s)
step  7400  L_grcl=  1.79  L_cov= 0.34  L_cons=0.000  L_tot=  1.79  diag=+0.990  mix=[cap:99/ref:97/nl:124]  β=0.057  α_t=0.057  (5539s)
step  7420  L_grcl=  1.81  L_cov= 0.33  L_cons=0.000  L_tot=  1.81  diag=+0.988  mix=[cap:89/ref:114/nl:117]  β=0.057  α_t=0.057  (5553s)
step  7440  L_grcl=  1.75  L_cov= 0.33  L_cons=0.000  L_tot=  1.75  diag=+0.990  mix=[cap:116/ref:103/nl:101]  β=0.057  α_t=0.057  (5567s)
step  7460  L_grcl=  1.82  L_cov= 0.34  L_cons=0.000  L_tot=  1.82  diag=+0.991  mix=[cap:100/ref:108/nl:112]  β=0.057  α_t=0.057  (5582s)
step  7480  L_grcl=  1.72  L_cov= 0.33  L_cons=0.000  L_tot=  1.72  diag=+0.989  mix=[cap:110/ref:117/nl:93]  β=0.057  α_t=0.057  (5597s)
step  7500  L_grcl=  1.74  L_cov= 0.32  L_cons=0.000  L_tot=  1.74  diag=+0.989  mix=[cap:115/ref:111/nl:94]  β=0.057  α_t=0.057  (5611s)

  [eval @ step 7500] held-out test-A...
    cap-fig cos: +0.9949  (Δ +0.8802)
    R@1/5/10: 17.0% / 57.0% / 83.0%  (Δ +17.0 / +57.0 / +83.0)

step  7520  L_grcl=  1.76  L_cov= 0.32  L_cons=0.000  L_tot=  1.76  diag=+0.991  mix=[cap:113/ref:102/nl:105]  β=0.057  α_t=0.057  (5637s)
step  7540  L_grcl=  1.80  L_cov= 0.34  L_cons=0.000  L_tot=  1.80  diag=+0.990  mix=[cap:120/ref:110/nl:90]  β=0.057  α_t=0.057  (5652s)
step  7560  L_grcl=  1.80  L_cov= 0.33  L_cons=0.000  L_tot=  1.80  diag=+0.989  mix=[cap:101/ref:115/nl:104]  β=0.057  α_t=0.057  (5666s)
step  7580  L_grcl=  1.78  L_cov= 0.35  L_cons=0.000  L_tot=  1.78  diag=+0.990  mix=[cap:114/ref:102/nl:104]  β=0.057  α_t=0.057  (5681s)
step  7600  L_grcl=  1.78  L_cov= 0.33  L_cons=0.000  L_tot=  1.78  diag=+0.989  mix=[cap:108/ref:103/nl:109]  β=0.057  α_t=0.057  (5696s)
step  7620  L_grcl=  1.74  L_cov= 0.33  L_cons=0.000  L_tot=  1.74  diag=+0.991  mix=[cap:117/ref:97/nl:106]  β=0.057  α_t=0.057  (5710s)
step  7640  L_grcl=  1.77  L_cov= 0.33  L_cons=0.000  L_tot=  1.77  diag=+0.990  mix=[cap:104/ref:107/nl:109]  β=0.057  α_t=0.057  (5725s)
step  7660  L_grcl=  1.77  L_cov= 0.33  L_cons=0.000  L_tot=  1.77  diag=+0.990  mix=[cap:107/ref:109/nl:104]  β=0.057  α_t=0.057  (5739s)
step  7680  L_grcl=  1.83  L_cov= 0.34  L_cons=0.000  L_tot=  1.83  diag=+0.990  mix=[cap:97/ref:106/nl:117]  β=0.057  α_t=0.057  (5754s)
step  7700  L_grcl=  1.79  L_cov= 0.33  L_cons=0.000  L_tot=  1.79  diag=+0.992  mix=[cap:122/ref:112/nl:86]  β=0.057  α_t=0.057  (5769s)
step  7720  L_grcl=  1.78  L_cov= 0.33  L_cons=0.000  L_tot=  1.78  diag=+0.990  mix=[cap:93/ref:101/nl:126]  β=0.057  α_t=0.057  (5783s)
step  7740  L_grcl=  1.80  L_cov= 0.33  L_cons=0.000  L_tot=  1.80  diag=+0.989  mix=[cap:99/ref:111/nl:110]  β=0.057  α_t=0.057  (5797s)
step  7760  L_grcl=  1.74  L_cov= 0.34  L_cons=0.000  L_tot=  1.74  diag=+0.990  mix=[cap:111/ref:103/nl:106]  β=0.057  α_t=0.057  (5812s)
step  7780  L_grcl=  1.75  L_cov= 0.33  L_cons=0.000  L_tot=  1.75  diag=+0.991  mix=[cap:130/ref:93/nl:97]  β=0.057  α_t=0.057  (5827s)
step  7800  L_grcl=  1.74  L_cov= 0.32  L_cons=0.000  L_tot=  1.74  diag=+0.990  mix=[cap:118/ref:113/nl:89]  β=0.057  α_t=0.057  (5841s)
step  7820  L_grcl=  1.80  L_cov= 0.34  L_cons=0.000  L_tot=  1.80  diag=+0.989  mix=[cap:100/ref:109/nl:111]  β=0.057  α_t=0.057  (5856s)
step  7840  L_grcl=  1.73  L_cov= 0.31  L_cons=0.000  L_tot=  1.73  diag=+0.991  mix=[cap:125/ref:97/nl:98]  β=0.057  α_t=0.057  (5870s)
step  7860  L_grcl=  1.78  L_cov= 0.33  L_cons=0.000  L_tot=  1.78  diag=+0.990  mix=[cap:108/ref:110/nl:102]  β=0.057  α_t=0.057  (5884s)
step  7880  L_grcl=  1.73  L_cov= 0.32  L_cons=0.000  L_tot=  1.73  diag=+0.990  mix=[cap:108/ref:105/nl:107]  β=0.057  α_t=0.057  (5899s)
step  7900  L_grcl=  1.77  L_cov= 0.33  L_cons=0.000  L_tot=  1.77  diag=+0.991  mix=[cap:109/ref:105/nl:106]  β=0.058  α_t=0.057  (5913s)
step  7920  L_grcl=  1.79  L_cov= 0.34  L_cons=0.000  L_tot=  1.79  diag=+0.991  mix=[cap:107/ref:119/nl:94]  β=0.058  α_t=0.057  (5928s)
step  7940  L_grcl=  1.75  L_cov= 0.32  L_cons=0.000  L_tot=  1.75  diag=+0.989  mix=[cap:103/ref:104/nl:113]  β=0.058  α_t=0.057  (5942s)
step  7960  L_grcl=  1.78  L_cov= 0.33  L_cons=0.000  L_tot=  1.78  diag=+0.989  mix=[cap:100/ref:116/nl:104]  β=0.058  α_t=0.057  (5957s)
step  7980  L_grcl=  1.78  L_cov= 0.34  L_cons=0.000  L_tot=  1.78  diag=+0.989  mix=[cap:102/ref:121/nl:97]  β=0.058  α_t=0.057  (5971s)
step  8000  L_grcl=  1.79  L_cov= 0.32  L_cons=0.000  L_tot=  1.79  diag=+0.989  mix=[cap:100/ref:113/nl:107]  β=0.058  α_t=0.057  (5986s)

  [eval @ step 8000] held-out test-A...
    cap-fig cos: +0.9950  (Δ +0.8803)
    R@1/5/10: 16.5% / 61.5% / 84.5%  (Δ +16.5 / +61.5 / +84.5)


[final] test-A:
  cap-fig cos: +0.9950  (init +0.1147, Δ +0.8803)
  R@1/5/10: 16.5% / 61.5% / 84.5%
  init R@1/5/10: 0.0% / 0.0% / 0.0%

saved → /home/work/dl/dl_project/eval/results/experiments/f_grcl_gpe/train.json
[main1:100822:0:100822] Caught signal 11 (Segmentation fault: address not mapped to object at address 0x7f31623adec0)
==== backtrace (tid: 100822) ====
 0  /opt/hpcx/ucx/lib/libucs.so.0(ucs_handle_error+0x2e4) [0x7f3150706774]
 1  /opt/hpcx/ucx/lib/libucs.so.0(+0x3796a) [0x7f315070696a]
 2  /opt/hpcx/ucx/lib/libucs.so.0(+0x37ba8) [0x7f3150706ba8]
 3  /usr/lib/x86_64-linux-gnu/libc.so.6(+0x45330) [0x7f3162633330]
 4  /usr/lib/x86_64-linux-gnu/libnvidia-ml.so.575.51.03(+0x336c1) [0x7f315bc336c1]
 5  /usr/lib/x86_64-linux-gnu/libnvidia-ml.so.575.51.03(nvmlShutdown+0xe) [0x7f315bc1cfae]
 6  /opt/kernel/libcudahook.ubuntu18.04.x86_64.so(+0xc3caf) [0x7f31628c3caf]
 7  /opt/kernel/libcudahook.ubuntu18.04.x86_64.so(+0xc3d48) [0x7f31628c3d48]
 8  /opt/kernel/libcudahook.ubuntu18.04.x86_64.so(+0xc3a2d) [0x7f31628c3a2d]
 9  /lib64/ld-linux-x86-64.so.2(+0x10f2) [0x7f31633b70f2]
10  /lib64/ld-linux-x86-64.so.2(+0x5578) [0x7f31633bb578]
11  /usr/lib/x86_64-linux-gnu/libc.so.6(+0x47a76) [0x7f3162635a76]
12  /usr/lib/x86_64-linux-gnu/libc.so.6(+0x47bbe) [0x7f3162635bbe]
13  /usr/lib/x86_64-linux-gnu/libc.so.6(+0x2a1d1) [0x7f31626181d1]
14  /usr/lib/x86_64-linux-gnu/libc.so.6(__libc_start_main+0x8b) [0x7f316261828b]
15  /usr/bin/python(_start+0x25) [0x657ce5]
=================================
  training exited with code -11 but train.json + ckpt look complete — treating as success
  training done in 103.2 min

--- Evaluation ---
$ /usr/bin/python -m pipeline.eval_full --out /home/work/dl/dl_project/eval/results/experiments/f_grcl_gpe/eval.json --device cuda --ckpt ckpt/f_grcl_gpe.pt --lora_rank 8 --lora_alpha 16 --hf_id google/siglip2-base-patch16-224 --gpe_facets type,role,depth,pos --datasets spiqa_testA sciegqa mmdocir
device: cuda
[ElementTokenEncoder] loading google/siglip2-base-patch16-224
Using a slow image processor as `use_fast` is unset and a slow processor was saved with this model. `use_fast=True` will be the default behavior in v4.52, even if the model was saved with a slow processor. This will result in minor differences in outputs. You'll still be able to use a slow processor with `use_fast=False`.
[ElementTokenEncoder] LoRA r=8 α=16 targets=['q_proj', 'k_proj', 'v_proj', 'out_proj'] applied (d_text=768, d_vision=768, cls=False)
trainable params: 1,191,936 || all params: 376,379,906 || trainable%: 0.3167
[eval_full] loaded checkpoint: ckpt/f_grcl_gpe.pt

[eval] SPIQA test-A
  graph: 118 docs, elements: 9039, queries: 666
  [5/118 docs, 26/666 queries] 2s
  [10/118 docs, 59/666 queries] 5s
  [15/118 docs, 82/666 queries] 7s
  [20/118 docs, 105/666 queries] 9s
  [25/118 docs, 132/666 queries] 11s
  [30/118 docs, 161/666 queries] 13s
  [35/118 docs, 181/666 queries] 15s
  [40/118 docs, 217/666 queries] 18s
  [45/118 docs, 242/666 queries] 20s
  [50/118 docs, 269/666 queries] 22s
  [55/118 docs, 285/666 queries] 24s
  [60/118 docs, 313/666 queries] 26s
  [65/118 docs, 352/666 queries] 29s
  [70/118 docs, 396/666 queries] 32s
  [75/118 docs, 445/666 queries] 36s
  [80/118 docs, 481/666 queries] 39s
  [85/118 docs, 514/666 queries] 41s
  [90/118 docs, 535/666 queries] 43s
  [95/118 docs, 560/666 queries] 45s
  [100/118 docs, 590/666 queries] 48s
  [105/118 docs, 616/666 queries] 50s
  [110/118 docs, 640/666 queries] 52s
  [115/118 docs, 663/666 queries] 54s
  done in 54s

[eval] SciEGQA
  graph: 80 docs, elements: 29412, queries: 1623
  [5/80 docs, 108/1623 queries] 11s
  [10/80 docs, 218/1623 queries] 26s
  [15/80 docs, 325/1623 queries] 38s
  [20/80 docs, 427/1623 queries] 61s
  [25/80 docs, 532/1623 queries] 74s
  [30/80 docs, 630/1623 queries] 90s
  [35/80 docs, 733/1623 queries] 107s
  [40/80 docs, 818/1623 queries] 115s
  [45/80 docs, 927/1623 queries] 128s
  [50/80 docs, 1031/1623 queries] 139s
  [55/80 docs, 1102/1623 queries] 150s
  [60/80 docs, 1207/1623 queries] 161s
  [65/80 docs, 1314/1623 queries] 180s
  [70/80 docs, 1423/1623 queries] 198s
  [75/80 docs, 1513/1623 queries] 207s
  [80/80 docs, 1623/1623 queries] 224s
  done in 224s

[eval] MMDocIR
  graph: 75 docs, elements: 15032, queries: 389
  [5/75 docs, 31/389 queries] 5s
  [10/75 docs, 58/389 queries] 8s
  [15/75 docs, 87/389 queries] 14s
  [20/75 docs, 116/389 queries] 17s
  [25/75 docs, 137/389 queries] 20s
  [30/75 docs, 162/389 queries] 22s
  [35/75 docs, 187/389 queries] 24s
  [40/75 docs, 212/389 queries] 26s
  [45/75 docs, 243/389 queries] 28s
  [50/75 docs, 267/389 queries] 30s
  [55/75 docs, 288/389 queries] 32s
  [60/75 docs, 306/389 queries] 33s
  [65/75 docs, 332/389 queries] 35s
  [70/75 docs, 364/389 queries] 38s
  [75/75 docs, 389/389 queries] 40s
  done in 40s

saved → /home/work/dl/dl_project/eval/results/experiments/f_grcl_gpe/eval.json

=== Summary ===

SPIQA test-A:
  [no_prop] mrr=0.3521  recall@10=0.8514  hit@10=0.8514  coverage@10=0.8514  perfect@10=0.8514
  [uniform_a01_T2] mrr=0.2749  recall@10=0.6862  hit@10=0.6862  coverage@10=0.6862  perfect@10=0.6862
  [uniform_a03_T1] mrr=0.2806  recall@10=0.7282  hit@10=0.7282  coverage@10=0.7282  perfect@10=0.7282
  [uniform_a03_T2] mrr=0.2741  recall@10=0.6607  hit@10=0.6607  coverage@10=0.6607  perfect@10=0.6607
  [uniform_a03_T3] mrr=0.2844  recall@10=0.6652  hit@10=0.6652  coverage@10=0.6652  perfect@10=0.6652
  [uniform_a05_T2] mrr=0.2799  recall@10=0.6547  hit@10=0.6547  coverage@10=0.6547  perfect@10=0.6547
  [wbase_a03_T2] mrr=0.2978  recall@10=0.7087  hit@10=0.7087  coverage@10=0.7087  perfect@10=0.7087
  [wbase_role_a03_T2] mrr=0.2978  recall@10=0.7087  hit@10=0.7087  coverage@10=0.7087  perfect@10=0.7087
  [wbase_vis_a03_T2] mrr=0.2977  recall@10=0.7087  hit@10=0.7087  coverage@10=0.7087  perfect@10=0.7087
  [wfull_a03_T2] mrr=0.2977  recall@10=0.7087  hit@10=0.7087  coverage@10=0.7087  perfect@10=0.7087
  [wfull_a01_T2] mrr=0.3030  recall@10=0.7357  hit@10=0.7357  coverage@10=0.7357  perfect@10=0.7357
  [wfull_a05_T2] mrr=0.3089  recall@10=0.6922  hit@10=0.6922  coverage@10=0.6922  perfect@10=0.6922
  [wfull_a07_T2] mrr=0.2847  recall@10=0.6607  hit@10=0.6607  coverage@10=0.6607  perfect@10=0.6607
  [wfull_a03_T1] mrr=0.3135  recall@10=0.7838  hit@10=0.7838  coverage@10=0.7838  perfect@10=0.7838
  [wfull_a03_T3] mrr=0.3052  recall@10=0.6952  hit@10=0.6952  coverage@10=0.6952  perfect@10=0.6952
  [ppr_a015] mrr=0.2871  recall@10=0.6381  hit@10=0.6381  coverage@10=0.6381  perfect@10=0.6381
  [ppr_a030] mrr=0.2990  recall@10=0.6592  hit@10=0.6592  coverage@10=0.6592  perfect@10=0.6592
  [ppr_a050] mrr=0.3154  recall@10=0.6937  hit@10=0.6937  coverage@10=0.6937  perfect@10=0.6937
  [ppr_a070] mrr=0.3043  recall@10=0.7222  hit@10=0.7222  coverage@10=0.7222  perfect@10=0.7222
  [ppr_a085] mrr=0.3014  recall@10=0.7327  hit@10=0.7327  coverage@10=0.7327  perfect@10=0.7327
  [ppr_unif_a030] mrr=0.2952  recall@10=0.6532  hit@10=0.6532  coverage@10=0.6532  perfect@10=0.6532
  [ppr_unif_a050] mrr=0.2925  recall@10=0.6757  hit@10=0.6757  coverage@10=0.6757  perfect@10=0.6757
  [prop_a03_T2] mrr=0.2977  recall@10=0.7087  hit@10=0.7087  coverage@10=0.7087  perfect@10=0.7087
  [prop_a01_T2] mrr=0.3030  recall@10=0.7357  hit@10=0.7357  coverage@10=0.7357  perfect@10=0.7357
  [prop_a05_T2] mrr=0.3089  recall@10=0.6922  hit@10=0.6922  coverage@10=0.6922  perfect@10=0.6922
  [prop_a07_T2] mrr=0.2847  recall@10=0.6607  hit@10=0.6607  coverage@10=0.6607  perfect@10=0.6607
  [prop_a03_T1] mrr=0.3135  recall@10=0.7838  hit@10=0.7838  coverage@10=0.7838  perfect@10=0.7838
  [prop_a03_T3] mrr=0.3052  recall@10=0.6952  hit@10=0.6952  coverage@10=0.6952  perfect@10=0.6952

SciEGQA:
  [no_prop] mrr=0.0327  recall@10=0.0114  hit@10=0.0715  coverage@10=0.0114  perfect@10=0.0105  cross_page_hit=0.2373
  [uniform_a01_T2] mrr=0.0364  recall@10=0.0143  hit@10=0.0696  coverage@10=0.0143  perfect@10=0.0111  cross_page_hit=0.1614
  [uniform_a03_T1] mrr=0.0354  recall@10=0.0143  hit@10=0.0721  coverage@10=0.0143  perfect@10=0.0111  cross_page_hit=0.1614
  [uniform_a03_T2] mrr=0.0369  recall@10=0.0138  hit@10=0.0665  coverage@10=0.0138  perfect@10=0.0111  cross_page_hit=0.1551
  [uniform_a03_T3] mrr=0.0369  recall@10=0.0138  hit@10=0.0659  coverage@10=0.0138  perfect@10=0.0111  cross_page_hit=0.1519
  [uniform_a05_T2] mrr=0.0373  recall@10=0.0138  hit@10=0.0659  coverage@10=0.0138  perfect@10=0.0111  cross_page_hit=0.1519
  [wbase_a03_T2] mrr=0.0377  recall@10=0.0144  hit@10=0.0678  coverage@10=0.0144  perfect@10=0.0111  cross_page_hit=0.1551
  [wbase_role_a03_T2] mrr=0.0377  recall@10=0.0144  hit@10=0.0678  coverage@10=0.0144  perfect@10=0.0111  cross_page_hit=0.1551
  [wbase_vis_a03_T2] mrr=0.0377  recall@10=0.0144  hit@10=0.0678  coverage@10=0.0144  perfect@10=0.0111  cross_page_hit=0.1551
  [wfull_a03_T2] mrr=0.0377  recall@10=0.0144  hit@10=0.0678  coverage@10=0.0144  perfect@10=0.0111  cross_page_hit=0.1551
  [wfull_a01_T2] mrr=0.0367  recall@10=0.0144  hit@10=0.0702  coverage@10=0.0144  perfect@10=0.0111  cross_page_hit=0.1614
  [wfull_a05_T2] mrr=0.0384  recall@10=0.0144  hit@10=0.0672  coverage@10=0.0144  perfect@10=0.0111  cross_page_hit=0.1519
  [wfull_a07_T2] mrr=0.0391  recall@10=0.0144  hit@10=0.0678  coverage@10=0.0144  perfect@10=0.0111  cross_page_hit=0.1582
  [wfull_a03_T1] mrr=0.0365  recall@10=0.0143  hit@10=0.0721  coverage@10=0.0143  perfect@10=0.0111  cross_page_hit=0.1646
  [wfull_a03_T3] mrr=0.0378  recall@10=0.0145  hit@10=0.0672  coverage@10=0.0145  perfect@10=0.0111  cross_page_hit=0.1519
  [ppr_a015] mrr=0.0388  recall@10=0.0151  hit@10=0.0672  coverage@10=0.0151  perfect@10=0.0111  cross_page_hit=0.1551
  [ppr_a030] mrr=0.0387  recall@10=0.0152  hit@10=0.0684  coverage@10=0.0152  perfect@10=0.0111  cross_page_hit=0.1582
  [ppr_a050] mrr=0.0371  recall@10=0.0150  hit@10=0.0690  coverage@10=0.0150  perfect@10=0.0111  cross_page_hit=0.1646
  [ppr_a070] mrr=0.0371  recall@10=0.0147  hit@10=0.0702  coverage@10=0.0147  perfect@10=0.0111  cross_page_hit=0.1646
  [ppr_a085] mrr=0.0366  recall@10=0.0143  hit@10=0.0702  coverage@10=0.0143  perfect@10=0.0111  cross_page_hit=0.1646
  [ppr_unif_a030] mrr=0.0370  recall@10=0.0146  hit@10=0.0672  coverage@10=0.0146  perfect@10=0.0111  cross_page_hit=0.1582
  [ppr_unif_a050] mrr=0.0363  recall@10=0.0144  hit@10=0.0678  coverage@10=0.0144  perfect@10=0.0111  cross_page_hit=0.1646
  [prop_a03_T2] mrr=0.0377  recall@10=0.0144  hit@10=0.0678  coverage@10=0.0144  perfect@10=0.0111  cross_page_hit=0.1551
  [prop_a01_T2] mrr=0.0367  recall@10=0.0144  hit@10=0.0702  coverage@10=0.0144  perfect@10=0.0111  cross_page_hit=0.1614
  [prop_a05_T2] mrr=0.0384  recall@10=0.0144  hit@10=0.0672  coverage@10=0.0144  perfect@10=0.0111  cross_page_hit=0.1519
  [prop_a07_T2] mrr=0.0391  recall@10=0.0144  hit@10=0.0678  coverage@10=0.0144  perfect@10=0.0111  cross_page_hit=0.1582
  [prop_a03_T1] mrr=0.0365  recall@10=0.0143  hit@10=0.0721  coverage@10=0.0143  perfect@10=0.0111  cross_page_hit=0.1646
  [prop_a03_T3] mrr=0.0378  recall@10=0.0145  hit@10=0.0672  coverage@10=0.0145  perfect@10=0.0111  cross_page_hit=0.1519

MMDocIR:
  [no_prop] mrr=0.0258  recall@10=0.0225  hit@10=0.0360  coverage@10=0.0225  perfect@10=0.0257  cross_page_hit=0.1356
  [uniform_a01_T2] mrr=0.0275  recall@10=0.0332  hit@10=0.0488  coverage@10=0.0332  perfect@10=0.0334  cross_page_hit=0.0339
  [uniform_a03_T1] mrr=0.0277  recall@10=0.0320  hit@10=0.0463  coverage@10=0.0320  perfect@10=0.0334  cross_page_hit=0.0508
  [uniform_a03_T2] mrr=0.0282  recall@10=0.0345  hit@10=0.0488  coverage@10=0.0345  perfect@10=0.0360  cross_page_hit=0.0339
  [uniform_a03_T3] mrr=0.0280  recall@10=0.0345  hit@10=0.0488  coverage@10=0.0345  perfect@10=0.0360  cross_page_hit=0.0339
  [uniform_a05_T2] mrr=0.0279  recall@10=0.0345  hit@10=0.0488  coverage@10=0.0345  perfect@10=0.0360  cross_page_hit=0.0339
  [wbase_a03_T2] mrr=0.0282  recall@10=0.0345  hit@10=0.0488  coverage@10=0.0345  perfect@10=0.0360  cross_page_hit=0.0339
  [wbase_role_a03_T2] mrr=0.0282  recall@10=0.0345  hit@10=0.0488  coverage@10=0.0345  perfect@10=0.0360  cross_page_hit=0.0339
  [wbase_vis_a03_T2] mrr=0.0282  recall@10=0.0345  hit@10=0.0488  coverage@10=0.0345  perfect@10=0.0360  cross_page_hit=0.0339
  [wfull_a03_T2] mrr=0.0282  recall@10=0.0345  hit@10=0.0488  coverage@10=0.0345  perfect@10=0.0360  cross_page_hit=0.0339
  [wfull_a01_T2] mrr=0.0275  recall@10=0.0332  hit@10=0.0488  coverage@10=0.0332  perfect@10=0.0334  cross_page_hit=0.0339
  [wfull_a05_T2] mrr=0.0279  recall@10=0.0345  hit@10=0.0488  coverage@10=0.0345  perfect@10=0.0360  cross_page_hit=0.0339
  [wfull_a07_T2] mrr=0.0287  recall@10=0.0358  hit@10=0.0488  coverage@10=0.0358  perfect@10=0.0386  cross_page_hit=0.0339
  [wfull_a03_T1] mrr=0.0277  recall@10=0.0320  hit@10=0.0463  coverage@10=0.0320  perfect@10=0.0334  cross_page_hit=0.0508
  [wfull_a03_T3] mrr=0.0280  recall@10=0.0345  hit@10=0.0488  coverage@10=0.0345  perfect@10=0.0360  cross_page_hit=0.0339
  [ppr_a015] mrr=0.0288  recall@10=0.0358  hit@10=0.0488  coverage@10=0.0358  perfect@10=0.0386  cross_page_hit=0.0339
  [ppr_a030] mrr=0.0281  recall@10=0.0345  hit@10=0.0488  coverage@10=0.0345  perfect@10=0.0360  cross_page_hit=0.0339
  [ppr_a050] mrr=0.0275  recall@10=0.0345  hit@10=0.0488  coverage@10=0.0345  perfect@10=0.0360  cross_page_hit=0.0339
  [ppr_a070] mrr=0.0274  recall@10=0.0345  hit@10=0.0488  coverage@10=0.0345  perfect@10=0.0360  cross_page_hit=0.0339
  [ppr_a085] mrr=0.0273  recall@10=0.0332  hit@10=0.0488  coverage@10=0.0332  perfect@10=0.0334  cross_page_hit=0.0339
  [ppr_unif_a030] mrr=0.0281  recall@10=0.0345  hit@10=0.0488  coverage@10=0.0345  perfect@10=0.0360  cross_page_hit=0.0339
  [ppr_unif_a050] mrr=0.0275  recall@10=0.0345  hit@10=0.0488  coverage@10=0.0345  perfect@10=0.0360  cross_page_hit=0.0339
  [prop_a03_T2] mrr=0.0282  recall@10=0.0345  hit@10=0.0488  coverage@10=0.0345  perfect@10=0.0360  cross_page_hit=0.0339
  [prop_a01_T2] mrr=0.0275  recall@10=0.0332  hit@10=0.0488  coverage@10=0.0332  perfect@10=0.0334  cross_page_hit=0.0339
  [prop_a05_T2] mrr=0.0279  recall@10=0.0345  hit@10=0.0488  coverage@10=0.0345  perfect@10=0.0360  cross_page_hit=0.0339
  [prop_a07_T2] mrr=0.0287  recall@10=0.0358  hit@10=0.0488  coverage@10=0.0358  perfect@10=0.0386  cross_page_hit=0.0339
  [prop_a03_T1] mrr=0.0277  recall@10=0.0320  hit@10=0.0463  coverage@10=0.0320  perfect@10=0.0334  cross_page_hit=0.0508
  [prop_a03_T3] mrr=0.0280  recall@10=0.0345  hit@10=0.0488  coverage@10=0.0345  perfect@10=0.0360  cross_page_hit=0.0339
[main1:101062:0:101062] Caught signal 11 (Segmentation fault: address not mapped to object at address 0x7f04d65adec0)
==== backtrace (tid: 101062) ====
 0  /opt/hpcx/ucx/lib/libucs.so.0(ucs_handle_error+0x2e4) [0x7f04c4906774]
 1  /opt/hpcx/ucx/lib/libucs.so.0(+0x3796a) [0x7f04c490696a]
 2  /opt/hpcx/ucx/lib/libucs.so.0(+0x37ba8) [0x7f04c4906ba8]
 3  /usr/lib/x86_64-linux-gnu/libc.so.6(+0x45330) [0x7f04d6833330]
 4  /usr/lib/x86_64-linux-gnu/libnvidia-ml.so.575.51.03(+0x336c1) [0x7f04cfe336c1]
 5  /usr/lib/x86_64-linux-gnu/libnvidia-ml.so.575.51.03(nvmlShutdown+0xe) [0x7f04cfe1cfae]
 6  /opt/kernel/libcudahook.ubuntu18.04.x86_64.so(+0xc3caf) [0x7f04d6ac3caf]
 7  /opt/kernel/libcudahook.ubuntu18.04.x86_64.so(+0xc3d48) [0x7f04d6ac3d48]
 8  /opt/kernel/libcudahook.ubuntu18.04.x86_64.so(+0xc3a2d) [0x7f04d6ac3a2d]
 9  /lib64/ld-linux-x86-64.so.2(+0x10f2) [0x7f04d75430f2]
10  /lib64/ld-linux-x86-64.so.2(+0x5578) [0x7f04d7547578]
11  /usr/lib/x86_64-linux-gnu/libc.so.6(+0x47a76) [0x7f04d6835a76]
12  /usr/lib/x86_64-linux-gnu/libc.so.6(+0x47bbe) [0x7f04d6835bbe]
13  /usr/lib/x86_64-linux-gnu/libc.so.6(+0x2a1d1) [0x7f04d68181d1]
14  /usr/lib/x86_64-linux-gnu/libc.so.6(__libc_start_main+0x8b) [0x7f04d681828b]
15  /usr/bin/python(_start+0x25) [0x657ce5]
=================================
  eval exited with code -11 but eval.json looks complete — treating as success
  eval done in 5.6 min

=== Experiment f complete → /home/work/dl/dl_project/eval/results/experiments/f_grcl_gpe/summary.json ===
