=== Experiment row h: full_method ===
  description: Full method: LoRA + GRCL + GPE + L_cov + L_cons
  output dir:  /home/work/dl/dl_project/eval/results/experiments/h_full_method
  checkpoint:  ckpt/h_full_method.pt

--- Training ---
$ /usr/bin/python -m pipeline.trainer --config h --out /home/work/dl/dl_project/eval/results/experiments/h_full_method/train.json --save_ckpt ckpt/h_full_method.pt
device: cuda
args: {'config': 'h', 'train_sample': 0, 'steps': 8000, 'batch': 16, 'pool': 12, 'lr': 3e-05, 'lora_rank': 8, 'tau': 0.07, 'lambda_cov': 0.3, 'lambda_cons': 0.5, 'use_gpe': 1, 'loss_type': 'grcl', 'infonce_threshold': 0.5, 'anchor_kind': 'mixed', 'warmup_steps': 200, 'weight_decay': 0.01, 'eval_every': 500, 'eval_cf_pairs': 200, 'eval_recall_n': 200, 'seed': 42, 'out': '/home/work/dl/dl_project/eval/results/experiments/h_full_method/train.json', 'save_ckpt': 'ckpt/h_full_method.pt', 'gamma': 0.5, 'gpe_facets': 'type,role,depth,pos', 'lora_alpha': 16, 'hf_id': 'google/siglip2-base-patch16-224', 'edge_types_only': None, 'query_pe_dropout': 0.5, 'section_role_mode': 'normal', 'tokens_per_visual': 0}

[1/3] loading SPIQA test-A (held-out eval)...
  loading element_graph_v2.json
    118 papers kept
  loading elements_v2.jsonl
    9,039 element records kept
  loading SPIQA_testA.json
    666 QA pairs kept
    caption_of: 1,115  refer_to: 1,191  (skipped 0 due to missing image)

[2/3] loading SPIQA train (sample N=0)...
  loading element_graph_v2.json
    25,459 papers kept
  loading elements_v2.jsonl
    1,873,124 element records kept
  loading SPIQA_train.json
    262,524 QA pairs kept
    caption_of: 262,524  refer_to: 231,101  (skipped 0 due to missing image)

[3/3] building encoder...
[ElementTokenEncoder] loading google/siglip2-base-patch16-224
Using a slow image processor as `use_fast` is unset and a slow processor was saved with this model. `use_fast=True` will be the default behavior in v4.52, even if the model was saved with a slow processor. This will result in minor differences in outputs. You'll still be able to use a slow processor with `use_fast=False`.
[ElementTokenEncoder] LoRA r=8 α=16 targets=['q_proj', 'k_proj', 'v_proj', 'out_proj'] applied (d_text=768, d_vision=768, cls=False)
trainable params: 1,191,936 || all params: 376,379,906 || trainable%: 0.3167

[eval 0] held-out test-A baseline...
  caption-figure cos: +0.1147
  Recall@1/5/10 (n=200): 0.0% / 0.0% / 0.0%
/home/work/dl/dl_project/pipeline/graph_pe.py:112: UserWarning: Converting a tensor with requires_grad=True to a scalar may lead to unexpected behavior.
Consider using tensor.detach() first. (Triggered internally at /opt/pytorch/pytorch/aten/src/ATen/native/Scalar.cpp:22.)
  "type": torch.sigmoid(self.raw_alpha_type).item(),
step    20  L_grcl=191.78  L_cov=55.49  L_cons=0.000  L_tot=208.43  diag=+0.116  mix=[cap:104/ref:110/nl:106]  β=0.047  α_t=0.047  (17s)
step    40  L_grcl=189.57  L_cov=55.08  L_cons=0.000  L_tot=206.10  diag=+0.136  mix=[cap:120/ref:109/nl:91]  β=0.047  α_t=0.047  (34s)
step    60  L_grcl=171.94  L_cov=50.30  L_cons=0.000  L_tot=187.03  diag=+0.176  mix=[cap:85/ref:117/nl:118]  β=0.047  α_t=0.047  (51s)
step    80  L_grcl=166.53  L_cov=45.41  L_cons=0.000  L_tot=180.15  diag=+0.241  mix=[cap:105/ref:113/nl:102]  β=0.047  α_t=0.047  (68s)
step   100  L_grcl=142.80  L_cov=39.81  L_cons=0.000  L_tot=154.74  diag=+0.343  mix=[cap:108/ref:109/nl:103]  β=0.047  α_t=0.047  (85s)
step   120  L_grcl=124.26  L_cov=30.94  L_cons=0.000  L_tot=133.54  diag=+0.467  mix=[cap:117/ref:113/nl:90]  β=0.047  α_t=0.047  (101s)
step   140  L_grcl= 86.90  L_cov=19.86  L_cons=0.000  L_tot= 92.86  diag=+0.573  mix=[cap:99/ref:118/nl:103]  β=0.047  α_t=0.047  (118s)
step   160  L_grcl= 63.40  L_cov=11.61  L_cons=0.001  L_tot= 66.89  diag=+0.652  mix=[cap:106/ref:117/nl:97]  β=0.047  α_t=0.047  (135s)
step   180  L_grcl= 46.42  L_cov= 6.04  L_cons=0.001  L_tot= 48.24  diag=+0.694  mix=[cap:107/ref:99/nl:114]  β=0.047  α_t=0.047  (151s)
step   200  L_grcl= 33.82  L_cov= 3.20  L_cons=0.001  L_tot= 34.78  diag=+0.752  mix=[cap:112/ref:109/nl:99]  β=0.047  α_t=0.047  (168s)
step   220  L_grcl= 21.81  L_cov= 0.88  L_cons=0.001  L_tot= 22.08  diag=+0.809  mix=[cap:129/ref:113/nl:78]  β=0.047  α_t=0.047  (184s)
step   240  L_grcl= 13.26  L_cov= 0.20  L_cons=0.001  L_tot= 13.32  diag=+0.854  mix=[cap:124/ref:109/nl:87]  β=0.047  α_t=0.047  (201s)
step   260  L_grcl=  9.64  L_cov= 0.15  L_cons=0.001  L_tot=  9.68  diag=+0.896  mix=[cap:106/ref:114/nl:100]  β=0.047  α_t=0.047  (218s)
step   280  L_grcl=  7.35  L_cov= 0.14  L_cons=0.001  L_tot=  7.39  diag=+0.926  mix=[cap:96/ref:129/nl:95]  β=0.047  α_t=0.047  (234s)
step   300  L_grcl=  4.57  L_cov= 0.21  L_cons=0.000  L_tot=  4.63  diag=+0.944  mix=[cap:116/ref:99/nl:105]  β=0.047  α_t=0.047  (251s)
step   320  L_grcl=  3.81  L_cov= 0.25  L_cons=0.000  L_tot=  3.89  diag=+0.961  mix=[cap:88/ref:126/nl:106]  β=0.047  α_t=0.047  (267s)
step   340  L_grcl=  3.05  L_cov= 0.31  L_cons=0.000  L_tot=  3.15  diag=+0.973  mix=[cap:120/ref:105/nl:95]  β=0.047  α_t=0.047  (285s)
step   360  L_grcl=  2.71  L_cov= 0.35  L_cons=0.000  L_tot=  2.82  diag=+0.981  mix=[cap:88/ref:120/nl:112]  β=0.047  α_t=0.047  (301s)
step   380  L_grcl=  2.38  L_cov= 0.37  L_cons=0.000  L_tot=  2.49  diag=+0.986  mix=[cap:92/ref:113/nl:115]  β=0.047  α_t=0.047  (318s)
step   400  L_grcl=  2.53  L_cov= 0.35  L_cons=0.000  L_tot=  2.63  diag=+0.988  mix=[cap:108/ref:127/nl:85]  β=0.047  α_t=0.048  (335s)
step   420  L_grcl=  2.23  L_cov= 0.35  L_cons=0.000  L_tot=  2.33  diag=+0.991  mix=[cap:115/ref:111/nl:94]  β=0.047  α_t=0.048  (351s)
step   440  L_grcl=  2.15  L_cov= 0.35  L_cons=0.000  L_tot=  2.26  diag=+0.992  mix=[cap:113/ref:108/nl:99]  β=0.047  α_t=0.048  (368s)
step   460  L_grcl=  2.16  L_cov= 0.38  L_cons=0.000  L_tot=  2.27  diag=+0.993  mix=[cap:109/ref:104/nl:107]  β=0.047  α_t=0.048  (384s)
step   480  L_grcl=  2.12  L_cov= 0.40  L_cons=0.000  L_tot=  2.24  diag=+0.993  mix=[cap:93/ref:121/nl:106]  β=0.047  α_t=0.048  (401s)
step   500  L_grcl=  2.07  L_cov= 0.38  L_cons=0.000  L_tot=  2.18  diag=+0.994  mix=[cap:131/ref:97/nl:92]  β=0.047  α_t=0.048  (418s)

  [eval @ step 500] held-out test-A...
    cap-fig cos: +0.9946  (Δ +0.8799)
    R@1/5/10: 8.0% / 39.5% / 66.5%  (Δ +8.0 / +39.5 / +66.5)
    [ckpt saved @ step 500 R@10=66.5%]

step   520  L_grcl=  2.07  L_cov= 0.39  L_cons=0.000  L_tot=  2.19  diag=+0.994  mix=[cap:105/ref:103/nl:112]  β=0.047  α_t=0.048  (455s)
step   540  L_grcl=  2.11  L_cov= 0.37  L_cons=0.000  L_tot=  2.22  diag=+0.994  mix=[cap:103/ref:125/nl:92]  β=0.047  α_t=0.048  (472s)
step   560  L_grcl=  2.10  L_cov= 0.40  L_cons=0.000  L_tot=  2.22  diag=+0.995  mix=[cap:102/ref:121/nl:97]  β=0.047  α_t=0.048  (489s)
step   580  L_grcl=  2.03  L_cov= 0.38  L_cons=0.000  L_tot=  2.15  diag=+0.995  mix=[cap:111/ref:111/nl:98]  β=0.047  α_t=0.048  (506s)
step   600  L_grcl=  2.09  L_cov= 0.40  L_cons=0.000  L_tot=  2.21  diag=+0.995  mix=[cap:98/ref:120/nl:102]  β=0.047  α_t=0.048  (524s)
step   620  L_grcl=  2.01  L_cov= 0.39  L_cons=0.000  L_tot=  2.13  diag=+0.995  mix=[cap:108/ref:114/nl:98]  β=0.047  α_t=0.048  (541s)
step   640  L_grcl=  2.02  L_cov= 0.40  L_cons=0.000  L_tot=  2.14  diag=+0.995  mix=[cap:108/ref:106/nl:106]  β=0.047  α_t=0.048  (558s)
step   660  L_grcl=  2.05  L_cov= 0.38  L_cons=0.000  L_tot=  2.16  diag=+0.995  mix=[cap:100/ref:115/nl:105]  β=0.047  α_t=0.048  (575s)
step   680  L_grcl=  2.06  L_cov= 0.39  L_cons=0.000  L_tot=  2.17  diag=+0.995  mix=[cap:99/ref:113/nl:108]  β=0.047  α_t=0.048  (591s)
step   700  L_grcl=  2.10  L_cov= 0.40  L_cons=0.000  L_tot=  2.22  diag=+0.995  mix=[cap:94/ref:116/nl:110]  β=0.047  α_t=0.048  (608s)
step   720  L_grcl=  2.06  L_cov= 0.41  L_cons=0.000  L_tot=  2.18  diag=+0.995  mix=[cap:100/ref:116/nl:104]  β=0.047  α_t=0.048  (625s)
step   740  L_grcl=  2.04  L_cov= 0.41  L_cons=0.000  L_tot=  2.16  diag=+0.995  mix=[cap:106/ref:104/nl:110]  β=0.047  α_t=0.048  (641s)
step   760  L_grcl=  2.07  L_cov= 0.41  L_cons=0.000  L_tot=  2.19  diag=+0.995  mix=[cap:97/ref:102/nl:121]  β=0.047  α_t=0.048  (658s)
step   780  L_grcl=  2.05  L_cov= 0.41  L_cons=0.000  L_tot=  2.17  diag=+0.995  mix=[cap:93/ref:107/nl:120]  β=0.047  α_t=0.048  (675s)
step   800  L_grcl=  2.01  L_cov= 0.39  L_cons=0.000  L_tot=  2.13  diag=+0.994  mix=[cap:98/ref:102/nl:120]  β=0.047  α_t=0.048  (692s)
step   820  L_grcl=  2.02  L_cov= 0.38  L_cons=0.000  L_tot=  2.13  diag=+0.995  mix=[cap:108/ref:107/nl:105]  β=0.047  α_t=0.048  (709s)
step   840  L_grcl=  2.03  L_cov= 0.38  L_cons=0.000  L_tot=  2.14  diag=+0.995  mix=[cap:106/ref:117/nl:97]  β=0.047  α_t=0.048  (726s)
step   860  L_grcl=  2.05  L_cov= 0.40  L_cons=0.000  L_tot=  2.17  diag=+0.995  mix=[cap:92/ref:117/nl:111]  β=0.047  α_t=0.049  (742s)
step   880  L_grcl=  2.02  L_cov= 0.39  L_cons=0.000  L_tot=  2.13  diag=+0.995  mix=[cap:99/ref:112/nl:109]  β=0.048  α_t=0.049  (763s)
step   900  L_grcl=  2.05  L_cov= 0.39  L_cons=0.000  L_tot=  2.17  diag=+0.995  mix=[cap:108/ref:106/nl:106]  β=0.048  α_t=0.049  (780s)
step   920  L_grcl=  2.00  L_cov= 0.38  L_cons=0.000  L_tot=  2.11  diag=+0.996  mix=[cap:91/ref:123/nl:106]  β=0.048  α_t=0.049  (797s)
step   940  L_grcl=  2.02  L_cov= 0.40  L_cons=0.000  L_tot=  2.13  diag=+0.995  mix=[cap:104/ref:108/nl:108]  β=0.048  α_t=0.049  (813s)
step   960  L_grcl=  1.97  L_cov= 0.38  L_cons=0.000  L_tot=  2.09  diag=+0.995  mix=[cap:101/ref:101/nl:118]  β=0.048  α_t=0.049  (830s)
step   980  L_grcl=  2.02  L_cov= 0.39  L_cons=0.000  L_tot=  2.14  diag=+0.995  mix=[cap:85/ref:117/nl:118]  β=0.048  α_t=0.049  (847s)
step  1000  L_grcl=  1.94  L_cov= 0.38  L_cons=0.000  L_tot=  2.05  diag=+0.995  mix=[cap:118/ref:118/nl:84]  β=0.048  α_t=0.049  (864s)

  [eval @ step 1000] held-out test-A...
    cap-fig cos: +0.9954  (Δ +0.8807)
    R@1/5/10: 8.5% / 44.5% / 77.0%  (Δ +8.5 / +44.5 / +77.0)
    [ckpt saved @ step 1000 R@10=77.0%]

step  1020  L_grcl=  2.06  L_cov= 0.39  L_cons=0.000  L_tot=  2.18  diag=+0.995  mix=[cap:119/ref:113/nl:88]  β=0.048  α_t=0.049  (902s)
step  1040  L_grcl=  1.96  L_cov= 0.39  L_cons=0.000  L_tot=  2.08  diag=+0.995  mix=[cap:106/ref:107/nl:107]  β=0.048  α_t=0.049  (919s)
step  1060  L_grcl=  2.06  L_cov= 0.38  L_cons=0.000  L_tot=  2.18  diag=+0.995  mix=[cap:107/ref:110/nl:103]  β=0.048  α_t=0.049  (936s)
step  1080  L_grcl=  1.96  L_cov= 0.37  L_cons=0.000  L_tot=  2.07  diag=+0.995  mix=[cap:112/ref:112/nl:96]  β=0.048  α_t=0.049  (953s)
step  1100  L_grcl=  2.04  L_cov= 0.39  L_cons=0.000  L_tot=  2.16  diag=+0.995  mix=[cap:105/ref:116/nl:99]  β=0.048  α_t=0.049  (970s)
step  1120  L_grcl=  2.01  L_cov= 0.40  L_cons=0.000  L_tot=  2.13  diag=+0.995  mix=[cap:121/ref:89/nl:110]  β=0.048  α_t=0.049  (986s)
step  1140  L_grcl=  2.04  L_cov= 0.40  L_cons=0.000  L_tot=  2.16  diag=+0.995  mix=[cap:111/ref:98/nl:111]  β=0.048  α_t=0.049  (1003s)
step  1160  L_grcl=  1.93  L_cov= 0.39  L_cons=0.000  L_tot=  2.04  diag=+0.995  mix=[cap:121/ref:95/nl:104]  β=0.048  α_t=0.049  (1020s)
step  1180  L_grcl=  1.95  L_cov= 0.37  L_cons=0.000  L_tot=  2.06  diag=+0.994  mix=[cap:121/ref:113/nl:86]  β=0.048  α_t=0.049  (1037s)
step  1200  L_grcl=  1.96  L_cov= 0.37  L_cons=0.000  L_tot=  2.07  diag=+0.994  mix=[cap:112/ref:99/nl:109]  β=0.048  α_t=0.049  (1053s)
step  1220  L_grcl=  1.95  L_cov= 0.37  L_cons=0.000  L_tot=  2.06  diag=+0.995  mix=[cap:105/ref:109/nl:106]  β=0.048  α_t=0.049  (1070s)
step  1240  L_grcl=  2.00  L_cov= 0.38  L_cons=0.000  L_tot=  2.12  diag=+0.995  mix=[cap:111/ref:102/nl:107]  β=0.048  α_t=0.049  (1086s)
step  1260  L_grcl=  2.08  L_cov= 0.37  L_cons=0.000  L_tot=  2.20  diag=+0.995  mix=[cap:104/ref:121/nl:95]  β=0.048  α_t=0.049  (1103s)
step  1280  L_grcl=  1.98  L_cov= 0.40  L_cons=0.000  L_tot=  2.10  diag=+0.995  mix=[cap:110/ref:105/nl:105]  β=0.048  α_t=0.049  (1120s)
step  1300  L_grcl=  2.01  L_cov= 0.38  L_cons=0.000  L_tot=  2.12  diag=+0.995  mix=[cap:107/ref:132/nl:81]  β=0.048  α_t=0.049  (1137s)
step  1320  L_grcl=  1.97  L_cov= 0.39  L_cons=0.000  L_tot=  2.09  diag=+0.995  mix=[cap:104/ref:125/nl:91]  β=0.048  α_t=0.049  (1154s)
step  1340  L_grcl=  1.99  L_cov= 0.38  L_cons=0.000  L_tot=  2.11  diag=+0.995  mix=[cap:110/ref:103/nl:107]  β=0.048  α_t=0.049  (1171s)
step  1360  L_grcl=  2.03  L_cov= 0.41  L_cons=0.000  L_tot=  2.15  diag=+0.995  mix=[cap:90/ref:108/nl:122]  β=0.048  α_t=0.049  (1187s)
step  1380  L_grcl=  1.97  L_cov= 0.40  L_cons=0.000  L_tot=  2.09  diag=+0.995  mix=[cap:111/ref:104/nl:105]  β=0.048  α_t=0.049  (1205s)
step  1400  L_grcl=  1.96  L_cov= 0.38  L_cons=0.000  L_tot=  2.08  diag=+0.995  mix=[cap:110/ref:99/nl:111]  β=0.048  α_t=0.050  (1222s)
step  1420  L_grcl=  1.96  L_cov= 0.37  L_cons=0.000  L_tot=  2.07  diag=+0.995  mix=[cap:106/ref:120/nl:94]  β=0.048  α_t=0.050  (1239s)
step  1440  L_grcl=  1.99  L_cov= 0.38  L_cons=0.000  L_tot=  2.10  diag=+0.994  mix=[cap:102/ref:107/nl:111]  β=0.048  α_t=0.050  (1255s)
step  1460  L_grcl=  2.01  L_cov= 0.39  L_cons=0.000  L_tot=  2.12  diag=+0.995  mix=[cap:99/ref:114/nl:107]  β=0.048  α_t=0.050  (1272s)
step  1480  L_grcl=  1.95  L_cov= 0.40  L_cons=0.000  L_tot=  2.07  diag=+0.995  mix=[cap:104/ref:88/nl:128]  β=0.048  α_t=0.050  (1289s)
step  1500  L_grcl=  1.95  L_cov= 0.36  L_cons=0.000  L_tot=  2.06  diag=+0.994  mix=[cap:97/ref:108/nl:115]  β=0.048  α_t=0.050  (1305s)

  [eval @ step 1500] held-out test-A...
    cap-fig cos: +0.9952  (Δ +0.8805)
    R@1/5/10: 9.5% / 49.0% / 75.0%  (Δ +9.5 / +49.0 / +75.0)

step  1520  L_grcl=  2.03  L_cov= 0.39  L_cons=0.000  L_tot=  2.15  diag=+0.994  mix=[cap:101/ref:112/nl:107]  β=0.048  α_t=0.050  (1334s)
step  1540  L_grcl=  1.94  L_cov= 0.39  L_cons=0.000  L_tot=  2.06  diag=+0.995  mix=[cap:108/ref:108/nl:104]  β=0.048  α_t=0.050  (1351s)
step  1560  L_grcl=  1.96  L_cov= 0.37  L_cons=0.000  L_tot=  2.07  diag=+0.994  mix=[cap:102/ref:104/nl:114]  β=0.048  α_t=0.050  (1368s)
step  1580  L_grcl=  2.03  L_cov= 0.39  L_cons=0.000  L_tot=  2.14  diag=+0.995  mix=[cap:78/ref:129/nl:113]  β=0.048  α_t=0.050  (1385s)
step  1600  L_grcl=  1.94  L_cov= 0.39  L_cons=0.000  L_tot=  2.06  diag=+0.995  mix=[cap:113/ref:109/nl:98]  β=0.048  α_t=0.050  (1402s)
step  1620  L_grcl=  2.00  L_cov= 0.38  L_cons=0.000  L_tot=  2.11  diag=+0.995  mix=[cap:95/ref:110/nl:115]  β=0.048  α_t=0.050  (1419s)
step  1640  L_grcl=  1.94  L_cov= 0.39  L_cons=0.000  L_tot=  2.05  diag=+0.995  mix=[cap:105/ref:103/nl:112]  β=0.048  α_t=0.050  (1436s)
step  1660  L_grcl=  1.99  L_cov= 0.40  L_cons=0.000  L_tot=  2.10  diag=+0.995  mix=[cap:99/ref:102/nl:119]  β=0.048  α_t=0.050  (1453s)
step  1680  L_grcl=  1.96  L_cov= 0.38  L_cons=0.000  L_tot=  2.07  diag=+0.995  mix=[cap:115/ref:98/nl:107]  β=0.048  α_t=0.050  (1470s)
step  1700  L_grcl=  1.97  L_cov= 0.38  L_cons=0.000  L_tot=  2.09  diag=+0.995  mix=[cap:94/ref:118/nl:108]  β=0.048  α_t=0.050  (1487s)
step  1720  L_grcl=  2.02  L_cov= 0.39  L_cons=0.000  L_tot=  2.13  diag=+0.995  mix=[cap:102/ref:105/nl:113]  β=0.048  α_t=0.050  (1504s)
step  1740  L_grcl=  1.95  L_cov= 0.38  L_cons=0.000  L_tot=  2.07  diag=+0.995  mix=[cap:108/ref:111/nl:101]  β=0.048  α_t=0.050  (1521s)
step  1760  L_grcl=  2.02  L_cov= 0.38  L_cons=0.000  L_tot=  2.14  diag=+0.995  mix=[cap:114/ref:98/nl:108]  β=0.048  α_t=0.050  (1538s)
step  1780  L_grcl=  1.97  L_cov= 0.37  L_cons=0.000  L_tot=  2.08  diag=+0.995  mix=[cap:115/ref:92/nl:113]  β=0.048  α_t=0.050  (1555s)
step  1800  L_grcl=  1.90  L_cov= 0.37  L_cons=0.000  L_tot=  2.01  diag=+0.995  mix=[cap:115/ref:97/nl:108]  β=0.048  α_t=0.050  (1571s)
step  1820  L_grcl=  1.96  L_cov= 0.37  L_cons=0.000  L_tot=  2.07  diag=+0.995  mix=[cap:116/ref:109/nl:95]  β=0.048  α_t=0.050  (1589s)
step  1840  L_grcl=  2.00  L_cov= 0.37  L_cons=0.000  L_tot=  2.11  diag=+0.994  mix=[cap:90/ref:115/nl:115]  β=0.048  α_t=0.050  (1605s)
step  1860  L_grcl=  2.01  L_cov= 0.38  L_cons=0.000  L_tot=  2.13  diag=+0.995  mix=[cap:97/ref:120/nl:103]  β=0.048  α_t=0.050  (1622s)
step  1880  L_grcl=  1.91  L_cov= 0.37  L_cons=0.000  L_tot=  2.02  diag=+0.995  mix=[cap:108/ref:116/nl:96]  β=0.048  α_t=0.050  (1639s)
step  1900  L_grcl=  1.95  L_cov= 0.37  L_cons=0.000  L_tot=  2.06  diag=+0.994  mix=[cap:106/ref:111/nl:103]  β=0.048  α_t=0.050  (1656s)
step  1920  L_grcl=  1.97  L_cov= 0.36  L_cons=0.000  L_tot=  2.08  diag=+0.994  mix=[cap:94/ref:115/nl:111]  β=0.048  α_t=0.050  (1673s)
step  1940  L_grcl=  1.97  L_cov= 0.38  L_cons=0.000  L_tot=  2.08  diag=+0.995  mix=[cap:117/ref:98/nl:105]  β=0.049  α_t=0.050  (1690s)
step  1960  L_grcl=  1.97  L_cov= 0.37  L_cons=0.000  L_tot=  2.08  diag=+0.994  mix=[cap:99/ref:112/nl:109]  β=0.049  α_t=0.050  (1707s)
step  1980  L_grcl=  1.99  L_cov= 0.38  L_cons=0.000  L_tot=  2.10  diag=+0.995  mix=[cap:104/ref:98/nl:118]  β=0.049  α_t=0.050  (1724s)
step  2000  L_grcl=  1.92  L_cov= 0.38  L_cons=0.000  L_tot=  2.03  diag=+0.994  mix=[cap:107/ref:95/nl:118]  β=0.049  α_t=0.050  (1741s)

  [eval @ step 2000] held-out test-A...
    cap-fig cos: +0.9953  (Δ +0.8806)
    R@1/5/10: 10.0% / 45.0% / 75.5%  (Δ +10.0 / +45.0 / +75.5)

step  2020  L_grcl=  1.92  L_cov= 0.36  L_cons=0.000  L_tot=  2.03  diag=+0.994  mix=[cap:120/ref:91/nl:109]  β=0.049  α_t=0.050  (1770s)
step  2040  L_grcl=  1.97  L_cov= 0.37  L_cons=0.000  L_tot=  2.08  diag=+0.994  mix=[cap:104/ref:117/nl:99]  β=0.049  α_t=0.050  (1786s)
step  2060  L_grcl=  1.91  L_cov= 0.35  L_cons=0.000  L_tot=  2.01  diag=+0.995  mix=[cap:112/ref:110/nl:98]  β=0.049  α_t=0.051  (1803s)
step  2080  L_grcl=  1.95  L_cov= 0.38  L_cons=0.000  L_tot=  2.07  diag=+0.994  mix=[cap:112/ref:99/nl:109]  β=0.049  α_t=0.051  (1820s)
step  2100  L_grcl=  1.97  L_cov= 0.37  L_cons=0.000  L_tot=  2.08  diag=+0.995  mix=[cap:109/ref:108/nl:103]  β=0.049  α_t=0.051  (1837s)
step  2120  L_grcl=  1.93  L_cov= 0.35  L_cons=0.000  L_tot=  2.03  diag=+0.994  mix=[cap:119/ref:115/nl:86]  β=0.049  α_t=0.051  (1854s)
step  2140  L_grcl=  1.96  L_cov= 0.36  L_cons=0.000  L_tot=  2.07  diag=+0.994  mix=[cap:102/ref:111/nl:107]  β=0.049  α_t=0.051  (1870s)
step  2160  L_grcl=  1.98  L_cov= 0.38  L_cons=0.000  L_tot=  2.09  diag=+0.995  mix=[cap:96/ref:111/nl:113]  β=0.049  α_t=0.051  (1888s)
step  2180  L_grcl=  1.95  L_cov= 0.38  L_cons=0.000  L_tot=  2.06  diag=+0.995  mix=[cap:96/ref:114/nl:110]  β=0.049  α_t=0.051  (1905s)
step  2200  L_grcl=  1.97  L_cov= 0.37  L_cons=0.000  L_tot=  2.08  diag=+0.994  mix=[cap:92/ref:116/nl:112]  β=0.049  α_t=0.051  (1922s)
step  2220  L_grcl=  1.94  L_cov= 0.37  L_cons=0.000  L_tot=  2.05  diag=+0.995  mix=[cap:97/ref:110/nl:113]  β=0.049  α_t=0.051  (1939s)
step  2240  L_grcl=  2.00  L_cov= 0.38  L_cons=0.000  L_tot=  2.12  diag=+0.995  mix=[cap:95/ref:116/nl:109]  β=0.049  α_t=0.051  (1956s)
step  2260  L_grcl=  2.00  L_cov= 0.39  L_cons=0.000  L_tot=  2.12  diag=+0.995  mix=[cap:111/ref:94/nl:115]  β=0.049  α_t=0.051  (1973s)
step  2280  L_grcl=  1.95  L_cov= 0.37  L_cons=0.000  L_tot=  2.07  diag=+0.995  mix=[cap:93/ref:119/nl:108]  β=0.049  α_t=0.051  (1990s)
step  2300  L_grcl=  1.89  L_cov= 0.36  L_cons=0.000  L_tot=  2.00  diag=+0.994  mix=[cap:117/ref:102/nl:101]  β=0.049  α_t=0.051  (2006s)
step  2320  L_grcl=  1.95  L_cov= 0.35  L_cons=0.000  L_tot=  2.06  diag=+0.994  mix=[cap:113/ref:100/nl:107]  β=0.049  α_t=0.051  (2023s)
step  2340  L_grcl=  1.94  L_cov= 0.37  L_cons=0.000  L_tot=  2.06  diag=+0.994  mix=[cap:100/ref:105/nl:115]  β=0.049  α_t=0.051  (2040s)
step  2360  L_grcl=  1.93  L_cov= 0.37  L_cons=0.000  L_tot=  2.04  diag=+0.994  mix=[cap:108/ref:111/nl:101]  β=0.049  α_t=0.051  (2057s)
step  2380  L_grcl=  1.97  L_cov= 0.37  L_cons=0.000  L_tot=  2.08  diag=+0.995  mix=[cap:100/ref:110/nl:110]  β=0.049  α_t=0.051  (2074s)
step  2400  L_grcl=  1.94  L_cov= 0.38  L_cons=0.000  L_tot=  2.06  diag=+0.994  mix=[cap:103/ref:100/nl:117]  β=0.049  α_t=0.051  (2091s)
step  2420  L_grcl=  1.87  L_cov= 0.36  L_cons=0.000  L_tot=  1.97  diag=+0.994  mix=[cap:131/ref:95/nl:94]  β=0.049  α_t=0.051  (2107s)
step  2440  L_grcl=  1.97  L_cov= 0.36  L_cons=0.000  L_tot=  2.08  diag=+0.994  mix=[cap:112/ref:106/nl:102]  β=0.049  α_t=0.051  (2124s)
step  2460  L_grcl=  2.00  L_cov= 0.38  L_cons=0.000  L_tot=  2.11  diag=+0.994  mix=[cap:97/ref:114/nl:109]  β=0.049  α_t=0.051  (2141s)
step  2480  L_grcl=  1.93  L_cov= 0.37  L_cons=0.000  L_tot=  2.04  diag=+0.995  mix=[cap:119/ref:101/nl:100]  β=0.049  α_t=0.051  (2158s)
step  2500  L_grcl=  1.93  L_cov= 0.36  L_cons=0.000  L_tot=  2.04  diag=+0.994  mix=[cap:103/ref:115/nl:102]  β=0.049  α_t=0.051  (2175s)

  [eval @ step 2500] held-out test-A...
    cap-fig cos: +0.9952  (Δ +0.8805)
    R@1/5/10: 9.5% / 49.5% / 81.0%  (Δ +9.5 / +49.5 / +81.0)
    [ckpt saved @ step 2500 R@10=81.0%]

step  2520  L_grcl=  1.96  L_cov= 0.37  L_cons=0.000  L_tot=  2.08  diag=+0.995  mix=[cap:115/ref:108/nl:97]  β=0.049  α_t=0.051  (2214s)
step  2540  L_grcl=  1.96  L_cov= 0.38  L_cons=0.000  L_tot=  2.08  diag=+0.995  mix=[cap:97/ref:114/nl:109]  β=0.049  α_t=0.051  (2231s)
step  2560  L_grcl=  1.91  L_cov= 0.36  L_cons=0.000  L_tot=  2.02  diag=+0.994  mix=[cap:109/ref:93/nl:118]  β=0.049  α_t=0.051  (2248s)
step  2580  L_grcl=  1.89  L_cov= 0.36  L_cons=0.000  L_tot=  2.00  diag=+0.994  mix=[cap:108/ref:104/nl:108]  β=0.049  α_t=0.051  (2264s)
step  2600  L_grcl=  1.92  L_cov= 0.36  L_cons=0.000  L_tot=  2.02  diag=+0.994  mix=[cap:102/ref:121/nl:97]  β=0.049  α_t=0.051  (2281s)
step  2620  L_grcl=  1.90  L_cov= 0.36  L_cons=0.000  L_tot=  2.01  diag=+0.994  mix=[cap:102/ref:101/nl:117]  β=0.049  α_t=0.051  (2297s)
step  2640  L_grcl=  1.93  L_cov= 0.36  L_cons=0.000  L_tot=  2.04  diag=+0.994  mix=[cap:106/ref:104/nl:110]  β=0.049  α_t=0.051  (2314s)
step  2660  L_grcl=  1.92  L_cov= 0.36  L_cons=0.000  L_tot=  2.03  diag=+0.994  mix=[cap:105/ref:95/nl:120]  β=0.049  α_t=0.051  (2331s)
step  2680  L_grcl=  1.96  L_cov= 0.37  L_cons=0.000  L_tot=  2.07  diag=+0.994  mix=[cap:116/ref:100/nl:104]  β=0.049  α_t=0.051  (2348s)
step  2700  L_grcl=  1.88  L_cov= 0.35  L_cons=0.000  L_tot=  1.99  diag=+0.994  mix=[cap:103/ref:114/nl:103]  β=0.049  α_t=0.051  (2365s)
step  2720  L_grcl=  1.94  L_cov= 0.37  L_cons=0.000  L_tot=  2.05  diag=+0.993  mix=[cap:101/ref:96/nl:123]  β=0.049  α_t=0.051  (2381s)
step  2740  L_grcl=  1.86  L_cov= 0.36  L_cons=0.000  L_tot=  1.96  diag=+0.994  mix=[cap:112/ref:95/nl:113]  β=0.049  α_t=0.051  (2398s)
step  2760  L_grcl=  1.99  L_cov= 0.35  L_cons=0.000  L_tot=  2.10  diag=+0.994  mix=[cap:99/ref:129/nl:92]  β=0.049  α_t=0.051  (2415s)
step  2780  L_grcl=  1.92  L_cov= 0.36  L_cons=0.000  L_tot=  2.02  diag=+0.994  mix=[cap:106/ref:112/nl:102]  β=0.050  α_t=0.051  (2432s)
step  2800  L_grcl=  1.91  L_cov= 0.37  L_cons=0.000  L_tot=  2.02  diag=+0.995  mix=[cap:108/ref:114/nl:98]  β=0.050  α_t=0.051  (2449s)
step  2820  L_grcl=  1.92  L_cov= 0.35  L_cons=0.000  L_tot=  2.03  diag=+0.994  mix=[cap:116/ref:97/nl:107]  β=0.050  α_t=0.052  (2466s)
step  2840  L_grcl=  1.92  L_cov= 0.37  L_cons=0.000  L_tot=  2.03  diag=+0.994  mix=[cap:101/ref:103/nl:116]  β=0.050  α_t=0.052  (2482s)
step  2860  L_grcl=  1.98  L_cov= 0.37  L_cons=0.000  L_tot=  2.09  diag=+0.994  mix=[cap:112/ref:102/nl:106]  β=0.050  α_t=0.052  (2499s)
step  2880  L_grcl=  1.92  L_cov= 0.36  L_cons=0.000  L_tot=  2.03  diag=+0.995  mix=[cap:113/ref:117/nl:90]  β=0.050  α_t=0.052  (2516s)
step  2900  L_grcl=  1.96  L_cov= 0.36  L_cons=0.000  L_tot=  2.06  diag=+0.994  mix=[cap:106/ref:110/nl:104]  β=0.050  α_t=0.052  (2533s)
step  2920  L_grcl=  1.86  L_cov= 0.35  L_cons=0.000  L_tot=  1.96  diag=+0.994  mix=[cap:119/ref:102/nl:99]  β=0.050  α_t=0.052  (2550s)
step  2940  L_grcl=  1.85  L_cov= 0.34  L_cons=0.000  L_tot=  1.96  diag=+0.993  mix=[cap:106/ref:98/nl:116]  β=0.050  α_t=0.052  (2566s)
step  2960  L_grcl=  2.02  L_cov= 0.35  L_cons=0.000  L_tot=  2.12  diag=+0.994  mix=[cap:110/ref:106/nl:104]  β=0.050  α_t=0.052  (2583s)
step  2980  L_grcl=  1.90  L_cov= 0.36  L_cons=0.000  L_tot=  2.01  diag=+0.995  mix=[cap:111/ref:109/nl:100]  β=0.050  α_t=0.052  (2600s)
step  3000  L_grcl=  1.88  L_cov= 0.35  L_cons=0.000  L_tot=  1.98  diag=+0.994  mix=[cap:111/ref:110/nl:99]  β=0.050  α_t=0.052  (2617s)

  [eval @ step 3000] held-out test-A...
    cap-fig cos: +0.9947  (Δ +0.8800)
    R@1/5/10: 11.0% / 46.5% / 70.5%  (Δ +11.0 / +46.5 / +70.5)

step  3020  L_grcl=  1.94  L_cov= 0.36  L_cons=0.000  L_tot=  2.05  diag=+0.993  mix=[cap:96/ref:109/nl:115]  β=0.050  α_t=0.052  (2645s)
step  3040  L_grcl=  1.89  L_cov= 0.37  L_cons=0.000  L_tot=  2.00  diag=+0.993  mix=[cap:104/ref:104/nl:112]  β=0.050  α_t=0.052  (2662s)
step  3060  L_grcl=  1.93  L_cov= 0.34  L_cons=0.000  L_tot=  2.04  diag=+0.993  mix=[cap:101/ref:121/nl:98]  β=0.050  α_t=0.052  (2679s)
step  3080  L_grcl=  1.95  L_cov= 0.36  L_cons=0.000  L_tot=  2.06  diag=+0.994  mix=[cap:96/ref:116/nl:108]  β=0.050  α_t=0.052  (2696s)
step  3100  L_grcl=  1.93  L_cov= 0.35  L_cons=0.000  L_tot=  2.04  diag=+0.994  mix=[cap:106/ref:108/nl:106]  β=0.050  α_t=0.052  (2712s)
step  3120  L_grcl=  1.92  L_cov= 0.35  L_cons=0.000  L_tot=  2.03  diag=+0.994  mix=[cap:106/ref:119/nl:95]  β=0.050  α_t=0.052  (2729s)
step  3140  L_grcl=  1.90  L_cov= 0.37  L_cons=0.000  L_tot=  2.01  diag=+0.994  mix=[cap:115/ref:108/nl:97]  β=0.050  α_t=0.052  (2746s)
step  3160  L_grcl=  1.86  L_cov= 0.35  L_cons=0.000  L_tot=  1.97  diag=+0.993  mix=[cap:110/ref:105/nl:105]  β=0.050  α_t=0.052  (2763s)
step  3180  L_grcl=  1.92  L_cov= 0.35  L_cons=0.000  L_tot=  2.03  diag=+0.992  mix=[cap:92/ref:113/nl:115]  β=0.050  α_t=0.052  (2780s)
step  3200  L_grcl=  1.88  L_cov= 0.34  L_cons=0.000  L_tot=  1.98  diag=+0.992  mix=[cap:102/ref:118/nl:100]  β=0.050  α_t=0.052  (2796s)
step  3220  L_grcl=  1.87  L_cov= 0.34  L_cons=0.000  L_tot=  1.97  diag=+0.993  mix=[cap:111/ref:108/nl:101]  β=0.050  α_t=0.052  (2813s)
step  3240  L_grcl=  1.91  L_cov= 0.34  L_cons=0.000  L_tot=  2.01  diag=+0.993  mix=[cap:109/ref:100/nl:111]  β=0.050  α_t=0.052  (2831s)
step  3260  L_grcl=  1.91  L_cov= 0.35  L_cons=0.000  L_tot=  2.02  diag=+0.993  mix=[cap:115/ref:114/nl:91]  β=0.050  α_t=0.052  (2848s)
step  3280  L_grcl=  1.95  L_cov= 0.36  L_cons=0.000  L_tot=  2.06  diag=+0.993  mix=[cap:97/ref:115/nl:108]  β=0.050  α_t=0.052  (2865s)
step  3300  L_grcl=  1.93  L_cov= 0.37  L_cons=0.000  L_tot=  2.04  diag=+0.993  mix=[cap:98/ref:110/nl:112]  β=0.050  α_t=0.052  (2882s)
step  3320  L_grcl=  1.91  L_cov= 0.36  L_cons=0.000  L_tot=  2.02  diag=+0.993  mix=[cap:108/ref:116/nl:96]  β=0.050  α_t=0.052  (2899s)
step  3340  L_grcl=  1.92  L_cov= 0.35  L_cons=0.000  L_tot=  2.03  diag=+0.993  mix=[cap:102/ref:105/nl:113]  β=0.050  α_t=0.052  (2916s)
step  3360  L_grcl=  1.94  L_cov= 0.37  L_cons=0.000  L_tot=  2.05  diag=+0.994  mix=[cap:101/ref:115/nl:104]  β=0.050  α_t=0.052  (2932s)
step  3380  L_grcl=  1.89  L_cov= 0.34  L_cons=0.000  L_tot=  1.99  diag=+0.993  mix=[cap:113/ref:109/nl:98]  β=0.050  α_t=0.052  (2949s)
step  3400  L_grcl=  1.95  L_cov= 0.35  L_cons=0.000  L_tot=  2.05  diag=+0.994  mix=[cap:107/ref:126/nl:87]  β=0.050  α_t=0.052  (2966s)
step  3420  L_grcl=  1.93  L_cov= 0.38  L_cons=0.000  L_tot=  2.04  diag=+0.994  mix=[cap:103/ref:107/nl:110]  β=0.050  α_t=0.052  (2983s)
step  3440  L_grcl=  1.89  L_cov= 0.36  L_cons=0.000  L_tot=  1.99  diag=+0.993  mix=[cap:99/ref:104/nl:117]  β=0.050  α_t=0.052  (3001s)
step  3460  L_grcl=  1.85  L_cov= 0.34  L_cons=0.000  L_tot=  1.95  diag=+0.993  mix=[cap:106/ref:116/nl:98]  β=0.050  α_t=0.052  (3018s)
step  3480  L_grcl=  1.89  L_cov= 0.35  L_cons=0.000  L_tot=  1.99  diag=+0.993  mix=[cap:105/ref:110/nl:105]  β=0.050  α_t=0.052  (3035s)
step  3500  L_grcl=  1.90  L_cov= 0.34  L_cons=0.000  L_tot=  2.00  diag=+0.992  mix=[cap:106/ref:113/nl:101]  β=0.051  α_t=0.052  (3052s)

  [eval @ step 3500] held-out test-A...
    cap-fig cos: +0.9942  (Δ +0.8795)
    R@1/5/10: 11.0% / 50.5% / 76.5%  (Δ +11.0 / +50.5 / +76.5)

step  3520  L_grcl=  1.92  L_cov= 0.35  L_cons=0.000  L_tot=  2.03  diag=+0.992  mix=[cap:98/ref:122/nl:100]  β=0.051  α_t=0.052  (3080s)
step  3540  L_grcl=  1.93  L_cov= 0.35  L_cons=0.000  L_tot=  2.03  diag=+0.992  mix=[cap:100/ref:117/nl:103]  β=0.051  α_t=0.052  (3097s)
step  3560  L_grcl=  1.92  L_cov= 0.34  L_cons=0.000  L_tot=  2.02  diag=+0.993  mix=[cap:107/ref:113/nl:100]  β=0.051  α_t=0.052  (3114s)
step  3580  L_grcl=  1.88  L_cov= 0.35  L_cons=0.000  L_tot=  1.99  diag=+0.993  mix=[cap:111/ref:91/nl:118]  β=0.051  α_t=0.052  (3131s)
step  3600  L_grcl=  1.85  L_cov= 0.35  L_cons=0.000  L_tot=  1.96  diag=+0.992  mix=[cap:104/ref:102/nl:114]  β=0.051  α_t=0.052  (3147s)
step  3620  L_grcl=  1.91  L_cov= 0.34  L_cons=0.000  L_tot=  2.01  diag=+0.992  mix=[cap:114/ref:96/nl:110]  β=0.051  α_t=0.052  (3164s)
step  3640  L_grcl=  1.94  L_cov= 0.35  L_cons=0.000  L_tot=  2.04  diag=+0.992  mix=[cap:87/ref:112/nl:121]  β=0.051  α_t=0.052  (3181s)
step  3660  L_grcl=  1.89  L_cov= 0.35  L_cons=0.000  L_tot=  2.00  diag=+0.992  mix=[cap:111/ref:101/nl:108]  β=0.051  α_t=0.052  (3198s)
step  3680  L_grcl=  1.87  L_cov= 0.35  L_cons=0.000  L_tot=  1.98  diag=+0.992  mix=[cap:114/ref:105/nl:101]  β=0.051  α_t=0.053  (3215s)
step  3700  L_grcl=  1.92  L_cov= 0.35  L_cons=0.000  L_tot=  2.03  diag=+0.993  mix=[cap:90/ref:134/nl:96]  β=0.051  α_t=0.053  (3231s)
step  3720  L_grcl=  1.90  L_cov= 0.36  L_cons=0.000  L_tot=  2.01  diag=+0.992  mix=[cap:112/ref:97/nl:111]  β=0.051  α_t=0.053  (3248s)
step  3740  L_grcl=  1.84  L_cov= 0.34  L_cons=0.000  L_tot=  1.94  diag=+0.992  mix=[cap:107/ref:97/nl:116]  β=0.051  α_t=0.053  (3265s)
step  3760  L_grcl=  1.91  L_cov= 0.32  L_cons=0.000  L_tot=  2.01  diag=+0.992  mix=[cap:110/ref:108/nl:102]  β=0.051  α_t=0.053  (3283s)
step  3780  L_grcl=  1.87  L_cov= 0.35  L_cons=0.000  L_tot=  1.98  diag=+0.991  mix=[cap:101/ref:114/nl:105]  β=0.051  α_t=0.053  (3300s)
step  3800  L_grcl=  1.90  L_cov= 0.35  L_cons=0.000  L_tot=  2.00  diag=+0.992  mix=[cap:95/ref:112/nl:113]  β=0.051  α_t=0.053  (3317s)
step  3820  L_grcl=  1.87  L_cov= 0.33  L_cons=0.000  L_tot=  1.98  diag=+0.992  mix=[cap:107/ref:109/nl:104]  β=0.051  α_t=0.053  (3333s)
step  3840  L_grcl=  1.86  L_cov= 0.34  L_cons=0.000  L_tot=  1.96  diag=+0.993  mix=[cap:113/ref:108/nl:99]  β=0.051  α_t=0.053  (3350s)
step  3860  L_grcl=  1.95  L_cov= 0.35  L_cons=0.000  L_tot=  2.05  diag=+0.993  mix=[cap:107/ref:121/nl:92]  β=0.051  α_t=0.053  (3367s)
step  3880  L_grcl=  1.91  L_cov= 0.36  L_cons=0.000  L_tot=  2.02  diag=+0.993  mix=[cap:100/ref:120/nl:100]  β=0.051  α_t=0.053  (3384s)
step  3900  L_grcl=  1.86  L_cov= 0.34  L_cons=0.000  L_tot=  1.96  diag=+0.993  mix=[cap:117/ref:104/nl:99]  β=0.051  α_t=0.053  (3402s)
step  3920  L_grcl=  1.84  L_cov= 0.33  L_cons=0.000  L_tot=  1.94  diag=+0.991  mix=[cap:113/ref:104/nl:103]  β=0.051  α_t=0.053  (3419s)
step  3940  L_grcl=  1.84  L_cov= 0.33  L_cons=0.000  L_tot=  1.94  diag=+0.992  mix=[cap:107/ref:116/nl:97]  β=0.051  α_t=0.053  (3435s)
step  3960  L_grcl=  1.84  L_cov= 0.34  L_cons=0.000  L_tot=  1.94  diag=+0.992  mix=[cap:103/ref:112/nl:105]  β=0.051  α_t=0.053  (3452s)
step  3980  L_grcl=  1.88  L_cov= 0.34  L_cons=0.000  L_tot=  1.98  diag=+0.992  mix=[cap:117/ref:112/nl:91]  β=0.051  α_t=0.053  (3469s)
step  4000  L_grcl=  1.88  L_cov= 0.35  L_cons=0.000  L_tot=  1.98  diag=+0.993  mix=[cap:104/ref:100/nl:116]  β=0.051  α_t=0.053  (3486s)

  [eval @ step 4000] held-out test-A...
    cap-fig cos: +0.9952  (Δ +0.8805)
    R@1/5/10: 12.0% / 60.5% / 81.0%  (Δ +12.0 / +60.5 / +81.0)

step  4020  L_grcl=  1.87  L_cov= 0.35  L_cons=0.000  L_tot=  1.97  diag=+0.992  mix=[cap:109/ref:103/nl:108]  β=0.051  α_t=0.053  (3515s)
step  4040  L_grcl=  1.90  L_cov= 0.35  L_cons=0.000  L_tot=  2.00  diag=+0.992  mix=[cap:108/ref:111/nl:101]  β=0.051  α_t=0.053  (3532s)
step  4060  L_grcl=  1.82  L_cov= 0.34  L_cons=0.000  L_tot=  1.92  diag=+0.992  mix=[cap:113/ref:97/nl:110]  β=0.051  α_t=0.053  (3549s)
step  4080  L_grcl=  1.87  L_cov= 0.34  L_cons=0.000  L_tot=  1.97  diag=+0.990  mix=[cap:102/ref:106/nl:112]  β=0.051  α_t=0.053  (3568s)
step  4100  L_grcl=  1.90  L_cov= 0.33  L_cons=0.000  L_tot=  2.00  diag=+0.993  mix=[cap:100/ref:120/nl:100]  β=0.051  α_t=0.053  (3585s)
step  4120  L_grcl=  1.89  L_cov= 0.34  L_cons=0.000  L_tot=  1.99  diag=+0.993  mix=[cap:104/ref:101/nl:115]  β=0.051  α_t=0.053  (3602s)
step  4140  L_grcl=  1.91  L_cov= 0.35  L_cons=0.000  L_tot=  2.01  diag=+0.993  mix=[cap:97/ref:117/nl:106]  β=0.051  α_t=0.053  (3619s)
step  4160  L_grcl=  1.88  L_cov= 0.34  L_cons=0.000  L_tot=  1.98  diag=+0.993  mix=[cap:109/ref:109/nl:102]  β=0.051  α_t=0.053  (3637s)
step  4180  L_grcl=  1.88  L_cov= 0.36  L_cons=0.000  L_tot=  1.98  diag=+0.992  mix=[cap:109/ref:109/nl:102]  β=0.052  α_t=0.053  (3654s)
step  4200  L_grcl=  1.81  L_cov= 0.35  L_cons=0.000  L_tot=  1.92  diag=+0.991  mix=[cap:105/ref:111/nl:104]  β=0.052  α_t=0.053  (3671s)
step  4220  L_grcl=  1.92  L_cov= 0.35  L_cons=0.000  L_tot=  2.03  diag=+0.992  mix=[cap:94/ref:122/nl:104]  β=0.052  α_t=0.053  (3688s)
step  4240  L_grcl=  1.88  L_cov= 0.35  L_cons=0.000  L_tot=  1.99  diag=+0.992  mix=[cap:99/ref:108/nl:113]  β=0.052  α_t=0.053  (3705s)
step  4260  L_grcl=  1.86  L_cov= 0.33  L_cons=0.000  L_tot=  1.96  diag=+0.991  mix=[cap:116/ref:99/nl:105]  β=0.052  α_t=0.053  (3722s)
step  4280  L_grcl=  1.83  L_cov= 0.35  L_cons=0.000  L_tot=  1.94  diag=+0.991  mix=[cap:114/ref:84/nl:122]  β=0.052  α_t=0.053  (3739s)
step  4300  L_grcl=  1.87  L_cov= 0.34  L_cons=0.000  L_tot=  1.97  diag=+0.992  mix=[cap:100/ref:105/nl:115]  β=0.052  α_t=0.053  (3757s)
step  4320  L_grcl=  1.86  L_cov= 0.33  L_cons=0.000  L_tot=  1.96  diag=+0.991  mix=[cap:96/ref:116/nl:108]  β=0.052  α_t=0.053  (3774s)
step  4340  L_grcl=  1.83  L_cov= 0.35  L_cons=0.000  L_tot=  1.94  diag=+0.992  mix=[cap:114/ref:99/nl:107]  β=0.052  α_t=0.053  (3791s)
step  4360  L_grcl=  1.88  L_cov= 0.34  L_cons=0.000  L_tot=  1.98  diag=+0.991  mix=[cap:92/ref:116/nl:112]  β=0.052  α_t=0.053  (3807s)
step  4380  L_grcl=  1.84  L_cov= 0.35  L_cons=0.000  L_tot=  1.95  diag=+0.991  mix=[cap:102/ref:92/nl:126]  β=0.052  α_t=0.053  (3824s)
step  4400  L_grcl=  1.80  L_cov= 0.32  L_cons=0.000  L_tot=  1.89  diag=+0.992  mix=[cap:115/ref:106/nl:99]  β=0.052  α_t=0.053  (3841s)
step  4420  L_grcl=  1.85  L_cov= 0.32  L_cons=0.000  L_tot=  1.95  diag=+0.991  mix=[cap:97/ref:114/nl:109]  β=0.052  α_t=0.053  (3858s)
step  4440  L_grcl=  1.89  L_cov= 0.34  L_cons=0.000  L_tot=  2.00  diag=+0.991  mix=[cap:117/ref:95/nl:108]  β=0.052  α_t=0.053  (3875s)
step  4460  L_grcl=  1.84  L_cov= 0.34  L_cons=0.000  L_tot=  1.95  diag=+0.991  mix=[cap:80/ref:124/nl:116]  β=0.052  α_t=0.053  (3891s)
step  4480  L_grcl=  1.87  L_cov= 0.34  L_cons=0.000  L_tot=  1.98  diag=+0.991  mix=[cap:97/ref:113/nl:110]  β=0.052  α_t=0.053  (3908s)
step  4500  L_grcl=  1.79  L_cov= 0.33  L_cons=0.000  L_tot=  1.89  diag=+0.991  mix=[cap:119/ref:104/nl:97]  β=0.052  α_t=0.053  (3925s)

  [eval @ step 4500] held-out test-A...
    cap-fig cos: +0.9940  (Δ +0.8793)
    R@1/5/10: 10.0% / 50.0% / 75.0%  (Δ +10.0 / +50.0 / +75.0)

step  4520  L_grcl=  1.87  L_cov= 0.34  L_cons=0.000  L_tot=  1.97  diag=+0.990  mix=[cap:107/ref:114/nl:99]  β=0.052  α_t=0.053  (3953s)
step  4540  L_grcl=  1.83  L_cov= 0.33  L_cons=0.000  L_tot=  1.92  diag=+0.990  mix=[cap:103/ref:109/nl:108]  β=0.052  α_t=0.053  (3970s)
step  4560  L_grcl=  1.85  L_cov= 0.33  L_cons=0.000  L_tot=  1.95  diag=+0.990  mix=[cap:96/ref:109/nl:115]  β=0.052  α_t=0.053  (3987s)
step  4580  L_grcl=  1.83  L_cov= 0.32  L_cons=0.000  L_tot=  1.93  diag=+0.991  mix=[cap:110/ref:100/nl:110]  β=0.052  α_t=0.053  (4003s)
step  4600  L_grcl=  1.88  L_cov= 0.33  L_cons=0.000  L_tot=  1.98  diag=+0.990  mix=[cap:117/ref:100/nl:103]  β=0.052  α_t=0.053  (4020s)
step  4620  L_grcl=  1.85  L_cov= 0.34  L_cons=0.000  L_tot=  1.96  diag=+0.991  mix=[cap:111/ref:114/nl:95]  β=0.052  α_t=0.053  (4037s)
step  4640  L_grcl=  1.80  L_cov= 0.32  L_cons=0.000  L_tot=  1.90  diag=+0.991  mix=[cap:117/ref:105/nl:98]  β=0.052  α_t=0.054  (4054s)
step  4660  L_grcl=  1.88  L_cov= 0.33  L_cons=0.000  L_tot=  1.97  diag=+0.992  mix=[cap:93/ref:121/nl:106]  β=0.052  α_t=0.054  (4071s)
step  4680  L_grcl=  1.85  L_cov= 0.33  L_cons=0.000  L_tot=  1.95  diag=+0.991  mix=[cap:121/ref:101/nl:98]  β=0.052  α_t=0.054  (4088s)
step  4700  L_grcl=  1.87  L_cov= 0.34  L_cons=0.000  L_tot=  1.97  diag=+0.991  mix=[cap:105/ref:125/nl:90]  β=0.052  α_t=0.054  (4106s)
step  4720  L_grcl=  1.87  L_cov= 0.32  L_cons=0.000  L_tot=  1.96  diag=+0.991  mix=[cap:97/ref:114/nl:109]  β=0.052  α_t=0.054  (4123s)
step  4740  L_grcl=  1.85  L_cov= 0.35  L_cons=0.000  L_tot=  1.96  diag=+0.992  mix=[cap:105/ref:98/nl:117]  β=0.052  α_t=0.054  (4141s)
step  4760  L_grcl=  1.90  L_cov= 0.35  L_cons=0.000  L_tot=  2.00  diag=+0.992  mix=[cap:108/ref:114/nl:98]  β=0.052  α_t=0.054  (4158s)
step  4780  L_grcl=  1.82  L_cov= 0.32  L_cons=0.000  L_tot=  1.92  diag=+0.991  mix=[cap:102/ref:118/nl:100]  β=0.052  α_t=0.054  (4175s)
step  4800  L_grcl=  1.78  L_cov= 0.32  L_cons=0.000  L_tot=  1.88  diag=+0.991  mix=[cap:101/ref:111/nl:108]  β=0.052  α_t=0.054  (4191s)
step  4820  L_grcl=  1.77  L_cov= 0.33  L_cons=0.000  L_tot=  1.87  diag=+0.990  mix=[cap:121/ref:97/nl:102]  β=0.052  α_t=0.054  (4208s)
step  4840  L_grcl=  1.90  L_cov= 0.32  L_cons=0.000  L_tot=  1.99  diag=+0.989  mix=[cap:102/ref:109/nl:109]  β=0.053  α_t=0.054  (4226s)
step  4860  L_grcl=  1.87  L_cov= 0.34  L_cons=0.000  L_tot=  1.97  diag=+0.991  mix=[cap:99/ref:121/nl:100]  β=0.053  α_t=0.054  (4243s)
step  4880  L_grcl=  1.86  L_cov= 0.33  L_cons=0.000  L_tot=  1.96  diag=+0.991  mix=[cap:109/ref:108/nl:103]  β=0.053  α_t=0.054  (4261s)
step  4900  L_grcl=  1.85  L_cov= 0.33  L_cons=0.000  L_tot=  1.95  diag=+0.992  mix=[cap:114/ref:114/nl:92]  β=0.053  α_t=0.054  (4278s)
step  4920  L_grcl=  1.85  L_cov= 0.34  L_cons=0.000  L_tot=  1.96  diag=+0.991  mix=[cap:114/ref:108/nl:98]  β=0.053  α_t=0.054  (4295s)
step  4940  L_grcl=  1.79  L_cov= 0.32  L_cons=0.000  L_tot=  1.88  diag=+0.991  mix=[cap:114/ref:104/nl:102]  β=0.053  α_t=0.054  (4312s)
step  4960  L_grcl=  1.88  L_cov= 0.33  L_cons=0.000  L_tot=  1.97  diag=+0.991  mix=[cap:116/ref:114/nl:90]  β=0.053  α_t=0.054  (4329s)
step  4980  L_grcl=  1.83  L_cov= 0.33  L_cons=0.000  L_tot=  1.92  diag=+0.991  mix=[cap:106/ref:96/nl:118]  β=0.053  α_t=0.054  (4346s)
step  5000  L_grcl=  1.85  L_cov= 0.32  L_cons=0.000  L_tot=  1.94  diag=+0.990  mix=[cap:102/ref:117/nl:101]  β=0.053  α_t=0.054  (4363s)

  [eval @ step 5000] held-out test-A...
    cap-fig cos: +0.9954  (Δ +0.8806)
    R@1/5/10: 17.0% / 62.5% / 82.5%  (Δ +17.0 / +62.5 / +82.5)
    [ckpt saved @ step 5000 R@10=82.5%]

step  5020  L_grcl=  1.82  L_cov= 0.32  L_cons=0.000  L_tot=  1.92  diag=+0.989  mix=[cap:117/ref:95/nl:108]  β=0.053  α_t=0.054  (4401s)
step  5040  L_grcl=  1.90  L_cov= 0.34  L_cons=0.000  L_tot=  2.00  diag=+0.990  mix=[cap:78/ref:118/nl:124]  β=0.053  α_t=0.054  (4418s)
step  5060  L_grcl=  1.79  L_cov= 0.33  L_cons=0.000  L_tot=  1.89  diag=+0.991  mix=[cap:115/ref:100/nl:105]  β=0.053  α_t=0.054  (4435s)
step  5080  L_grcl=  1.84  L_cov= 0.33  L_cons=0.000  L_tot=  1.94  diag=+0.990  mix=[cap:88/ref:125/nl:107]  β=0.053  α_t=0.054  (4452s)
step  5100  L_grcl=  1.78  L_cov= 0.32  L_cons=0.000  L_tot=  1.88  diag=+0.990  mix=[cap:105/ref:106/nl:109]  β=0.053  α_t=0.054  (4469s)
step  5120  L_grcl=  1.86  L_cov= 0.33  L_cons=0.000  L_tot=  1.96  diag=+0.990  mix=[cap:104/ref:113/nl:103]  β=0.053  α_t=0.054  (4486s)
step  5140  L_grcl=  1.77  L_cov= 0.31  L_cons=0.000  L_tot=  1.86  diag=+0.991  mix=[cap:125/ref:105/nl:90]  β=0.053  α_t=0.054  (4503s)
step  5160  L_grcl=  1.80  L_cov= 0.32  L_cons=0.000  L_tot=  1.89  diag=+0.990  mix=[cap:111/ref:102/nl:107]  β=0.053  α_t=0.054  (4521s)
step  5180  L_grcl=  1.84  L_cov= 0.32  L_cons=0.000  L_tot=  1.94  diag=+0.990  mix=[cap:101/ref:116/nl:103]  β=0.053  α_t=0.054  (4538s)
step  5200  L_grcl=  1.84  L_cov= 0.32  L_cons=0.000  L_tot=  1.94  diag=+0.992  mix=[cap:114/ref:110/nl:96]  β=0.053  α_t=0.054  (4555s)
step  5220  L_grcl=  1.85  L_cov= 0.33  L_cons=0.000  L_tot=  1.95  diag=+0.991  mix=[cap:104/ref:110/nl:106]  β=0.053  α_t=0.054  (4572s)
step  5240  L_grcl=  1.80  L_cov= 0.32  L_cons=0.000  L_tot=  1.90  diag=+0.991  mix=[cap:112/ref:118/nl:90]  β=0.053  α_t=0.054  (4588s)
step  5260  L_grcl=  1.81  L_cov= 0.33  L_cons=0.000  L_tot=  1.91  diag=+0.992  mix=[cap:109/ref:120/nl:91]  β=0.053  α_t=0.054  (4606s)
step  5280  L_grcl=  1.84  L_cov= 0.32  L_cons=0.000  L_tot=  1.93  diag=+0.989  mix=[cap:107/ref:103/nl:110]  β=0.053  α_t=0.054  (4622s)
step  5300  L_grcl=  1.80  L_cov= 0.32  L_cons=0.000  L_tot=  1.89  diag=+0.989  mix=[cap:124/ref:86/nl:110]  β=0.053  α_t=0.054  (4639s)
step  5320  L_grcl=  1.82  L_cov= 0.32  L_cons=0.000  L_tot=  1.92  diag=+0.992  mix=[cap:107/ref:118/nl:95]  β=0.053  α_t=0.054  (4656s)
step  5340  L_grcl=  1.79  L_cov= 0.34  L_cons=0.000  L_tot=  1.89  diag=+0.990  mix=[cap:117/ref:95/nl:108]  β=0.053  α_t=0.054  (4674s)
step  5360  L_grcl=  1.79  L_cov= 0.31  L_cons=0.000  L_tot=  1.88  diag=+0.989  mix=[cap:124/ref:102/nl:94]  β=0.053  α_t=0.054  (4690s)
step  5380  L_grcl=  1.76  L_cov= 0.31  L_cons=0.000  L_tot=  1.85  diag=+0.992  mix=[cap:127/ref:109/nl:84]  β=0.053  α_t=0.054  (4708s)
step  5400  L_grcl=  1.82  L_cov= 0.33  L_cons=0.000  L_tot=  1.92  diag=+0.990  mix=[cap:99/ref:113/nl:108]  β=0.053  α_t=0.054  (4725s)
step  5420  L_grcl=  1.80  L_cov= 0.32  L_cons=0.000  L_tot=  1.89  diag=+0.989  mix=[cap:102/ref:90/nl:128]  β=0.053  α_t=0.054  (4741s)
step  5440  L_grcl=  1.84  L_cov= 0.31  L_cons=0.000  L_tot=  1.93  diag=+0.989  mix=[cap:93/ref:117/nl:110]  β=0.053  α_t=0.054  (4758s)
step  5460  L_grcl=  1.80  L_cov= 0.33  L_cons=0.000  L_tot=  1.90  diag=+0.989  mix=[cap:106/ref:115/nl:99]  β=0.053  α_t=0.054  (4775s)
step  5480  L_grcl=  1.76  L_cov= 0.32  L_cons=0.000  L_tot=  1.85  diag=+0.989  mix=[cap:106/ref:99/nl:115]  β=0.054  α_t=0.054  (4792s)
step  5500  L_grcl=  1.81  L_cov= 0.32  L_cons=0.000  L_tot=  1.90  diag=+0.991  mix=[cap:125/ref:112/nl:83]  β=0.054  α_t=0.054  (4809s)

  [eval @ step 5500] held-out test-A...
    cap-fig cos: +0.9944  (Δ +0.8797)
    R@1/5/10: 21.5% / 60.0% / 83.0%  (Δ +21.5 / +60.0 / +83.0)
    [ckpt saved @ step 5500 R@10=83.0%]

step  5520  L_grcl=  1.81  L_cov= 0.31  L_cons=0.000  L_tot=  1.91  diag=+0.990  mix=[cap:104/ref:109/nl:107]  β=0.054  α_t=0.054  (4847s)
step  5540  L_grcl=  1.84  L_cov= 0.34  L_cons=0.000  L_tot=  1.94  diag=+0.991  mix=[cap:100/ref:103/nl:117]  β=0.054  α_t=0.054  (4864s)
step  5560  L_grcl=  1.87  L_cov= 0.33  L_cons=0.000  L_tot=  1.97  diag=+0.990  mix=[cap:124/ref:102/nl:94]  β=0.054  α_t=0.054  (4881s)
step  5580  L_grcl=  1.79  L_cov= 0.31  L_cons=0.000  L_tot=  1.88  diag=+0.991  mix=[cap:104/ref:114/nl:102]  β=0.054  α_t=0.054  (4897s)
step  5600  L_grcl=  1.84  L_cov= 0.31  L_cons=0.000  L_tot=  1.93  diag=+0.990  mix=[cap:102/ref:115/nl:103]  β=0.054  α_t=0.055  (4915s)
step  5620  L_grcl=  1.79  L_cov= 0.31  L_cons=0.000  L_tot=  1.88  diag=+0.990  mix=[cap:88/ref:125/nl:107]  β=0.054  α_t=0.055  (4931s)
step  5640  L_grcl=  1.74  L_cov= 0.32  L_cons=0.000  L_tot=  1.84  diag=+0.990  mix=[cap:119/ref:103/nl:98]  β=0.054  α_t=0.055  (4948s)
step  5660  L_grcl=  1.79  L_cov= 0.30  L_cons=0.000  L_tot=  1.88  diag=+0.990  mix=[cap:105/ref:112/nl:103]  β=0.054  α_t=0.055  (4965s)
step  5680  L_grcl=  1.82  L_cov= 0.32  L_cons=0.000  L_tot=  1.92  diag=+0.990  mix=[cap:94/ref:123/nl:103]  β=0.054  α_t=0.055  (4981s)
step  5700  L_grcl=  1.77  L_cov= 0.31  L_cons=0.000  L_tot=  1.87  diag=+0.990  mix=[cap:112/ref:104/nl:104]  β=0.054  α_t=0.055  (4998s)
step  5720  L_grcl=  1.85  L_cov= 0.33  L_cons=0.000  L_tot=  1.95  diag=+0.989  mix=[cap:106/ref:108/nl:106]  β=0.054  α_t=0.055  (5015s)
step  5740  L_grcl=  1.80  L_cov= 0.31  L_cons=0.000  L_tot=  1.89  diag=+0.989  mix=[cap:111/ref:100/nl:109]  β=0.054  α_t=0.055  (5032s)
step  5760  L_grcl=  1.82  L_cov= 0.33  L_cons=0.000  L_tot=  1.91  diag=+0.989  mix=[cap:90/ref:113/nl:117]  β=0.054  α_t=0.055  (5049s)
step  5780  L_grcl=  1.80  L_cov= 0.30  L_cons=0.000  L_tot=  1.89  diag=+0.990  mix=[cap:109/ref:102/nl:109]  β=0.054  α_t=0.055  (5065s)
step  5800  L_grcl=  1.77  L_cov= 0.32  L_cons=0.000  L_tot=  1.86  diag=+0.990  mix=[cap:116/ref:98/nl:106]  β=0.054  α_t=0.055  (5082s)
step  5820  L_grcl=  1.78  L_cov= 0.32  L_cons=0.000  L_tot=  1.88  diag=+0.989  mix=[cap:101/ref:114/nl:105]  β=0.054  α_t=0.055  (5099s)
step  5840  L_grcl=  1.82  L_cov= 0.31  L_cons=0.000  L_tot=  1.91  diag=+0.989  mix=[cap:113/ref:101/nl:106]  β=0.054  α_t=0.055  (5116s)
step  5860  L_grcl=  1.81  L_cov= 0.33  L_cons=0.000  L_tot=  1.91  diag=+0.990  mix=[cap:103/ref:122/nl:95]  β=0.054  α_t=0.055  (5133s)
step  5880  L_grcl=  1.83  L_cov= 0.32  L_cons=0.000  L_tot=  1.93  diag=+0.990  mix=[cap:102/ref:119/nl:99]  β=0.054  α_t=0.055  (5150s)
step  5900  L_grcl=  1.83  L_cov= 0.33  L_cons=0.000  L_tot=  1.93  diag=+0.990  mix=[cap:101/ref:109/nl:110]  β=0.054  α_t=0.055  (5167s)
step  5920  L_grcl=  1.80  L_cov= 0.31  L_cons=0.000  L_tot=  1.89  diag=+0.991  mix=[cap:116/ref:112/nl:92]  β=0.054  α_t=0.055  (5184s)
step  5940  L_grcl=  1.79  L_cov= 0.32  L_cons=0.000  L_tot=  1.88  diag=+0.990  mix=[cap:109/ref:109/nl:102]  β=0.054  α_t=0.055  (5201s)
step  5960  L_grcl=  1.73  L_cov= 0.29  L_cons=0.000  L_tot=  1.81  diag=+0.989  mix=[cap:106/ref:107/nl:107]  β=0.054  α_t=0.055  (5218s)
step  5980  L_grcl=  1.81  L_cov= 0.32  L_cons=0.000  L_tot=  1.90  diag=+0.988  mix=[cap:105/ref:121/nl:94]  β=0.054  α_t=0.055  (5235s)
step  6000  L_grcl=  1.83  L_cov= 0.31  L_cons=0.000  L_tot=  1.93  diag=+0.989  mix=[cap:99/ref:111/nl:110]  β=0.054  α_t=0.055  (5252s)

  [eval @ step 6000] held-out test-A...
    cap-fig cos: +0.9948  (Δ +0.8800)
    R@1/5/10: 17.0% / 64.0% / 87.0%  (Δ +17.0 / +64.0 / +87.0)
    [ckpt saved @ step 6000 R@10=87.0%]

step  6020  L_grcl=  1.79  L_cov= 0.31  L_cons=0.000  L_tot=  1.88  diag=+0.991  mix=[cap:105/ref:115/nl:100]  β=0.054  α_t=0.055  (5291s)
step  6040  L_grcl=  1.79  L_cov= 0.31  L_cons=0.000  L_tot=  1.88  diag=+0.990  mix=[cap:94/ref:108/nl:118]  β=0.054  α_t=0.055  (5309s)
step  6060  L_grcl=  1.83  L_cov= 0.33  L_cons=0.000  L_tot=  1.93  diag=+0.991  mix=[cap:102/ref:117/nl:101]  β=0.054  α_t=0.055  (5325s)
step  6080  L_grcl=  1.78  L_cov= 0.32  L_cons=0.000  L_tot=  1.88  diag=+0.990  mix=[cap:116/ref:103/nl:101]  β=0.054  α_t=0.055  (5343s)
step  6100  L_grcl=  1.82  L_cov= 0.30  L_cons=0.000  L_tot=  1.91  diag=+0.989  mix=[cap:100/ref:115/nl:105]  β=0.055  α_t=0.055  (5360s)
step  6120  L_grcl=  1.83  L_cov= 0.32  L_cons=0.000  L_tot=  1.93  diag=+0.991  mix=[cap:107/ref:99/nl:114]  β=0.055  α_t=0.055  (5376s)
step  6140  L_grcl=  1.83  L_cov= 0.33  L_cons=0.000  L_tot=  1.93  diag=+0.990  mix=[cap:100/ref:109/nl:111]  β=0.055  α_t=0.055  (5393s)
step  6160  L_grcl=  1.86  L_cov= 0.34  L_cons=0.000  L_tot=  1.96  diag=+0.989  mix=[cap:100/ref:113/nl:107]  β=0.055  α_t=0.055  (5411s)
step  6180  L_grcl=  1.79  L_cov= 0.31  L_cons=0.000  L_tot=  1.89  diag=+0.989  mix=[cap:104/ref:114/nl:102]  β=0.055  α_t=0.055  (5428s)
step  6200  L_grcl=  1.82  L_cov= 0.33  L_cons=0.000  L_tot=  1.92  diag=+0.989  mix=[cap:97/ref:119/nl:104]  β=0.055  α_t=0.055  (5445s)
step  6220  L_grcl=  1.82  L_cov= 0.31  L_cons=0.000  L_tot=  1.92  diag=+0.990  mix=[cap:117/ref:112/nl:91]  β=0.055  α_t=0.055  (5462s)
step  6240  L_grcl=  1.79  L_cov= 0.31  L_cons=0.000  L_tot=  1.89  diag=+0.990  mix=[cap:105/ref:107/nl:108]  β=0.055  α_t=0.055  (5479s)
step  6260  L_grcl=  1.80  L_cov= 0.31  L_cons=0.000  L_tot=  1.89  diag=+0.989  mix=[cap:108/ref:115/nl:97]  β=0.055  α_t=0.055  (5496s)
step  6280  L_grcl=  1.86  L_cov= 0.32  L_cons=0.000  L_tot=  1.95  diag=+0.990  mix=[cap:114/ref:110/nl:96]  β=0.055  α_t=0.055  (5513s)
step  6300  L_grcl=  1.84  L_cov= 0.34  L_cons=0.000  L_tot=  1.94  diag=+0.990  mix=[cap:99/ref:109/nl:112]  β=0.055  α_t=0.055  (5530s)
step  6320  L_grcl=  1.80  L_cov= 0.31  L_cons=0.000  L_tot=  1.89  diag=+0.990  mix=[cap:127/ref:97/nl:96]  β=0.055  α_t=0.055  (5547s)
step  6340  L_grcl=  1.81  L_cov= 0.32  L_cons=0.000  L_tot=  1.91  diag=+0.991  mix=[cap:110/ref:117/nl:93]  β=0.055  α_t=0.055  (5564s)
step  6360  L_grcl=  1.81  L_cov= 0.32  L_cons=0.000  L_tot=  1.91  diag=+0.990  mix=[cap:111/ref:105/nl:104]  β=0.055  α_t=0.055  (5580s)
step  6380  L_grcl=  1.82  L_cov= 0.32  L_cons=0.000  L_tot=  1.92  diag=+0.990  mix=[cap:101/ref:112/nl:107]  β=0.055  α_t=0.055  (5597s)
step  6400  L_grcl=  1.80  L_cov= 0.31  L_cons=0.000  L_tot=  1.90  diag=+0.990  mix=[cap:103/ref:107/nl:110]  β=0.055  α_t=0.055  (5614s)
step  6420  L_grcl=  1.77  L_cov= 0.31  L_cons=0.000  L_tot=  1.86  diag=+0.989  mix=[cap:97/ref:111/nl:112]  β=0.055  α_t=0.055  (5631s)
step  6440  L_grcl=  1.77  L_cov= 0.32  L_cons=0.000  L_tot=  1.86  diag=+0.989  mix=[cap:102/ref:118/nl:100]  β=0.055  α_t=0.055  (5648s)
step  6460  L_grcl=  1.83  L_cov= 0.32  L_cons=0.000  L_tot=  1.93  diag=+0.989  mix=[cap:103/ref:117/nl:100]  β=0.055  α_t=0.055  (5665s)
step  6480  L_grcl=  1.80  L_cov= 0.32  L_cons=0.000  L_tot=  1.90  diag=+0.990  mix=[cap:109/ref:112/nl:99]  β=0.055  α_t=0.055  (5683s)
step  6500  L_grcl=  1.77  L_cov= 0.31  L_cons=0.000  L_tot=  1.86  diag=+0.989  mix=[cap:91/ref:124/nl:105]  β=0.055  α_t=0.055  (5700s)

  [eval @ step 6500] held-out test-A...
    cap-fig cos: +0.9943  (Δ +0.8796)
    R@1/5/10: 13.5% / 54.0% / 81.5%  (Δ +13.5 / +54.0 / +81.5)

step  6520  L_grcl=  1.72  L_cov= 0.30  L_cons=0.000  L_tot=  1.81  diag=+0.988  mix=[cap:98/ref:118/nl:104]  β=0.055  α_t=0.055  (5728s)
step  6540  L_grcl=  1.77  L_cov= 0.32  L_cons=0.000  L_tot=  1.87  diag=+0.990  mix=[cap:109/ref:111/nl:100]  β=0.055  α_t=0.056  (5745s)
step  6560  L_grcl=  1.76  L_cov= 0.30  L_cons=0.000  L_tot=  1.85  diag=+0.989  mix=[cap:115/ref:114/nl:91]  β=0.055  α_t=0.056  (5762s)
step  6580  L_grcl=  1.78  L_cov= 0.31  L_cons=0.000  L_tot=  1.87  diag=+0.989  mix=[cap:98/ref:115/nl:107]  β=0.055  α_t=0.056  (5779s)
step  6600  L_grcl=  1.78  L_cov= 0.31  L_cons=0.000  L_tot=  1.87  diag=+0.989  mix=[cap:112/ref:111/nl:97]  β=0.055  α_t=0.056  (5796s)
step  6620  L_grcl=  1.83  L_cov= 0.31  L_cons=0.000  L_tot=  1.92  diag=+0.990  mix=[cap:99/ref:107/nl:114]  β=0.055  α_t=0.056  (5813s)
step  6640  L_grcl=  1.80  L_cov= 0.32  L_cons=0.000  L_tot=  1.89  diag=+0.989  mix=[cap:103/ref:114/nl:103]  β=0.055  α_t=0.056  (5830s)
step  6660  L_grcl=  1.82  L_cov= 0.32  L_cons=0.000  L_tot=  1.92  diag=+0.990  mix=[cap:101/ref:107/nl:112]  β=0.055  α_t=0.056  (5847s)
step  6680  L_grcl=  1.79  L_cov= 0.32  L_cons=0.000  L_tot=  1.89  diag=+0.990  mix=[cap:88/ref:113/nl:119]  β=0.055  α_t=0.056  (5863s)
step  6700  L_grcl=  1.77  L_cov= 0.31  L_cons=0.000  L_tot=  1.87  diag=+0.988  mix=[cap:99/ref:114/nl:107]  β=0.056  α_t=0.056  (5880s)
step  6720  L_grcl=  1.76  L_cov= 0.30  L_cons=0.000  L_tot=  1.85  diag=+0.989  mix=[cap:101/ref:114/nl:105]  β=0.056  α_t=0.056  (5897s)
step  6740  L_grcl=  1.80  L_cov= 0.31  L_cons=0.000  L_tot=  1.89  diag=+0.987  mix=[cap:94/ref:112/nl:114]  β=0.056  α_t=0.056  (5914s)
step  6760  L_grcl=  1.80  L_cov= 0.32  L_cons=0.000  L_tot=  1.89  diag=+0.989  mix=[cap:110/ref:111/nl:99]  β=0.056  α_t=0.056  (5931s)
step  6780  L_grcl=  1.81  L_cov= 0.32  L_cons=0.000  L_tot=  1.90  diag=+0.990  mix=[cap:102/ref:120/nl:98]  β=0.056  α_t=0.056  (5948s)
step  6800  L_grcl=  1.77  L_cov= 0.32  L_cons=0.000  L_tot=  1.87  diag=+0.989  mix=[cap:110/ref:105/nl:105]  β=0.056  α_t=0.056  (5965s)
step  6820  L_grcl=  1.85  L_cov= 0.32  L_cons=0.000  L_tot=  1.95  diag=+0.988  mix=[cap:99/ref:109/nl:112]  β=0.056  α_t=0.056  (5982s)
step  6840  L_grcl=  1.79  L_cov= 0.31  L_cons=0.000  L_tot=  1.88  diag=+0.990  mix=[cap:109/ref:109/nl:102]  β=0.056  α_t=0.056  (5999s)
step  6860  L_grcl=  1.78  L_cov= 0.31  L_cons=0.000  L_tot=  1.88  diag=+0.988  mix=[cap:91/ref:114/nl:115]  β=0.056  α_t=0.056  (6016s)
step  6880  L_grcl=  1.76  L_cov= 0.30  L_cons=0.000  L_tot=  1.85  diag=+0.990  mix=[cap:111/ref:113/nl:96]  β=0.056  α_t=0.056  (6032s)
step  6900  L_grcl=  1.79  L_cov= 0.31  L_cons=0.000  L_tot=  1.89  diag=+0.990  mix=[cap:102/ref:99/nl:119]  β=0.056  α_t=0.056  (6049s)
step  6920  L_grcl=  1.78  L_cov= 0.31  L_cons=0.000  L_tot=  1.87  diag=+0.989  mix=[cap:119/ref:94/nl:107]  β=0.056  α_t=0.056  (6067s)
step  6940  L_grcl=  1.79  L_cov= 0.31  L_cons=0.000  L_tot=  1.89  diag=+0.990  mix=[cap:109/ref:119/nl:92]  β=0.056  α_t=0.056  (6084s)
step  6960  L_grcl=  1.75  L_cov= 0.30  L_cons=0.000  L_tot=  1.84  diag=+0.990  mix=[cap:116/ref:103/nl:101]  β=0.056  α_t=0.056  (6101s)
step  6980  L_grcl=  1.77  L_cov= 0.31  L_cons=0.000  L_tot=  1.86  diag=+0.989  mix=[cap:102/ref:111/nl:107]  β=0.056  α_t=0.056  (6118s)
step  7000  L_grcl=  1.79  L_cov= 0.31  L_cons=0.000  L_tot=  1.88  diag=+0.989  mix=[cap:110/ref:100/nl:110]  β=0.056  α_t=0.056  (6134s)

  [eval @ step 7000] held-out test-A...
    cap-fig cos: +0.9949  (Δ +0.8801)
    R@1/5/10: 18.0% / 67.0% / 87.5%  (Δ +18.0 / +67.0 / +87.5)
    [ckpt saved @ step 7000 R@10=87.5%]

step  7020  L_grcl=  1.78  L_cov= 0.32  L_cons=0.000  L_tot=  1.88  diag=+0.990  mix=[cap:98/ref:110/nl:112]  β=0.056  α_t=0.056  (6173s)
step  7040  L_grcl=  1.74  L_cov= 0.30  L_cons=0.000  L_tot=  1.83  diag=+0.990  mix=[cap:111/ref:103/nl:106]  β=0.056  α_t=0.056  (6189s)
step  7060  L_grcl=  1.89  L_cov= 0.31  L_cons=0.000  L_tot=  1.98  diag=+0.988  mix=[cap:96/ref:112/nl:112]  β=0.056  α_t=0.056  (6207s)
step  7080  L_grcl=  1.79  L_cov= 0.32  L_cons=0.000  L_tot=  1.89  diag=+0.991  mix=[cap:108/ref:110/nl:102]  β=0.056  α_t=0.056  (6223s)
step  7100  L_grcl=  1.78  L_cov= 0.31  L_cons=0.000  L_tot=  1.88  diag=+0.988  mix=[cap:97/ref:103/nl:120]  β=0.056  α_t=0.056  (6240s)
step  7120  L_grcl=  1.76  L_cov= 0.31  L_cons=0.000  L_tot=  1.86  diag=+0.990  mix=[cap:100/ref:119/nl:101]  β=0.056  α_t=0.056  (6257s)
step  7140  L_grcl=  1.80  L_cov= 0.31  L_cons=0.000  L_tot=  1.89  diag=+0.988  mix=[cap:111/ref:100/nl:109]  β=0.056  α_t=0.056  (6274s)
step  7160  L_grcl=  1.79  L_cov= 0.31  L_cons=0.000  L_tot=  1.88  diag=+0.989  mix=[cap:108/ref:118/nl:94]  β=0.056  α_t=0.056  (6291s)
step  7180  L_grcl=  1.74  L_cov= 0.30  L_cons=0.000  L_tot=  1.83  diag=+0.990  mix=[cap:115/ref:104/nl:101]  β=0.056  α_t=0.056  (6308s)
step  7200  L_grcl=  1.78  L_cov= 0.31  L_cons=0.000  L_tot=  1.87  diag=+0.989  mix=[cap:105/ref:106/nl:109]  β=0.056  α_t=0.056  (6325s)
step  7220  L_grcl=  1.81  L_cov= 0.32  L_cons=0.000  L_tot=  1.90  diag=+0.990  mix=[cap:116/ref:100/nl:104]  β=0.056  α_t=0.056  (6342s)
step  7240  L_grcl=  1.76  L_cov= 0.31  L_cons=0.000  L_tot=  1.85  diag=+0.989  mix=[cap:114/ref:106/nl:100]  β=0.056  α_t=0.056  (6358s)
step  7260  L_grcl=  1.78  L_cov= 0.31  L_cons=0.000  L_tot=  1.87  diag=+0.989  mix=[cap:101/ref:101/nl:118]  β=0.056  α_t=0.056  (6375s)
step  7280  L_grcl=  1.70  L_cov= 0.31  L_cons=0.000  L_tot=  1.80  diag=+0.988  mix=[cap:117/ref:94/nl:109]  β=0.056  α_t=0.056  (6392s)
step  7300  L_grcl=  1.80  L_cov= 0.32  L_cons=0.000  L_tot=  1.89  diag=+0.989  mix=[cap:107/ref:120/nl:93]  β=0.057  α_t=0.056  (6410s)
step  7320  L_grcl=  1.81  L_cov= 0.31  L_cons=0.000  L_tot=  1.90  diag=+0.990  mix=[cap:106/ref:103/nl:111]  β=0.057  α_t=0.056  (6429s)
step  7340  L_grcl=  1.76  L_cov= 0.30  L_cons=0.000  L_tot=  1.85  diag=+0.988  mix=[cap:109/ref:110/nl:101]  β=0.057  α_t=0.056  (6445s)
step  7360  L_grcl=  1.78  L_cov= 0.31  L_cons=0.000  L_tot=  1.88  diag=+0.989  mix=[cap:104/ref:115/nl:101]  β=0.057  α_t=0.056  (6462s)
step  7380  L_grcl=  1.80  L_cov= 0.31  L_cons=0.000  L_tot=  1.90  diag=+0.989  mix=[cap:106/ref:104/nl:110]  β=0.057  α_t=0.056  (6479s)
step  7400  L_grcl=  1.79  L_cov= 0.32  L_cons=0.000  L_tot=  1.88  diag=+0.990  mix=[cap:99/ref:97/nl:124]  β=0.057  α_t=0.056  (6496s)
step  7420  L_grcl=  1.81  L_cov= 0.31  L_cons=0.000  L_tot=  1.90  diag=+0.988  mix=[cap:89/ref:114/nl:117]  β=0.057  α_t=0.056  (6512s)
step  7440  L_grcl=  1.75  L_cov= 0.30  L_cons=0.000  L_tot=  1.85  diag=+0.989  mix=[cap:116/ref:103/nl:101]  β=0.057  α_t=0.056  (6529s)
step  7460  L_grcl=  1.82  L_cov= 0.31  L_cons=0.000  L_tot=  1.91  diag=+0.990  mix=[cap:100/ref:108/nl:112]  β=0.057  α_t=0.056  (6545s)
step  7480  L_grcl=  1.72  L_cov= 0.30  L_cons=0.000  L_tot=  1.81  diag=+0.988  mix=[cap:110/ref:117/nl:93]  β=0.057  α_t=0.056  (6563s)
step  7500  L_grcl=  1.74  L_cov= 0.30  L_cons=0.000  L_tot=  1.83  diag=+0.987  mix=[cap:115/ref:111/nl:94]  β=0.057  α_t=0.057  (6579s)

  [eval @ step 7500] held-out test-A...
    cap-fig cos: +0.9938  (Δ +0.8791)
    R@1/5/10: 15.5% / 63.0% / 86.0%  (Δ +15.5 / +63.0 / +86.0)

step  7520  L_grcl=  1.75  L_cov= 0.29  L_cons=0.000  L_tot=  1.84  diag=+0.990  mix=[cap:113/ref:102/nl:105]  β=0.057  α_t=0.057  (6608s)
step  7540  L_grcl=  1.80  L_cov= 0.32  L_cons=0.000  L_tot=  1.90  diag=+0.990  mix=[cap:120/ref:110/nl:90]  β=0.057  α_t=0.057  (6626s)
step  7560  L_grcl=  1.81  L_cov= 0.31  L_cons=0.000  L_tot=  1.90  diag=+0.988  mix=[cap:101/ref:115/nl:104]  β=0.057  α_t=0.057  (6643s)
step  7580  L_grcl=  1.77  L_cov= 0.32  L_cons=0.000  L_tot=  1.87  diag=+0.989  mix=[cap:114/ref:102/nl:104]  β=0.057  α_t=0.057  (6660s)
step  7600  L_grcl=  1.77  L_cov= 0.31  L_cons=0.000  L_tot=  1.86  diag=+0.988  mix=[cap:108/ref:103/nl:109]  β=0.057  α_t=0.057  (6677s)
step  7620  L_grcl=  1.75  L_cov= 0.30  L_cons=0.000  L_tot=  1.84  diag=+0.989  mix=[cap:117/ref:97/nl:106]  β=0.057  α_t=0.057  (6693s)
step  7640  L_grcl=  1.77  L_cov= 0.31  L_cons=0.000  L_tot=  1.86  diag=+0.989  mix=[cap:104/ref:107/nl:109]  β=0.057  α_t=0.057  (6710s)
step  7660  L_grcl=  1.78  L_cov= 0.31  L_cons=0.000  L_tot=  1.87  diag=+0.989  mix=[cap:107/ref:109/nl:104]  β=0.057  α_t=0.057  (6727s)
step  7680  L_grcl=  1.83  L_cov= 0.31  L_cons=0.000  L_tot=  1.92  diag=+0.989  mix=[cap:97/ref:106/nl:117]  β=0.057  α_t=0.057  (6744s)
step  7700  L_grcl=  1.79  L_cov= 0.31  L_cons=0.000  L_tot=  1.88  diag=+0.991  mix=[cap:122/ref:112/nl:86]  β=0.057  α_t=0.057  (6762s)
step  7720  L_grcl=  1.78  L_cov= 0.30  L_cons=0.000  L_tot=  1.87  diag=+0.989  mix=[cap:93/ref:101/nl:126]  β=0.057  α_t=0.057  (6778s)
step  7740  L_grcl=  1.81  L_cov= 0.31  L_cons=0.000  L_tot=  1.90  diag=+0.988  mix=[cap:99/ref:111/nl:110]  β=0.057  α_t=0.057  (6795s)
step  7760  L_grcl=  1.73  L_cov= 0.32  L_cons=0.000  L_tot=  1.83  diag=+0.989  mix=[cap:111/ref:103/nl:106]  β=0.057  α_t=0.057  (6812s)
step  7780  L_grcl=  1.74  L_cov= 0.31  L_cons=0.000  L_tot=  1.84  diag=+0.990  mix=[cap:130/ref:93/nl:97]  β=0.057  α_t=0.057  (6829s)
step  7800  L_grcl=  1.74  L_cov= 0.30  L_cons=0.000  L_tot=  1.83  diag=+0.989  mix=[cap:118/ref:113/nl:89]  β=0.057  α_t=0.057  (6847s)
step  7820  L_grcl=  1.80  L_cov= 0.32  L_cons=0.000  L_tot=  1.89  diag=+0.988  mix=[cap:100/ref:109/nl:111]  β=0.057  α_t=0.057  (6863s)
step  7840  L_grcl=  1.73  L_cov= 0.29  L_cons=0.000  L_tot=  1.82  diag=+0.990  mix=[cap:125/ref:97/nl:98]  β=0.057  α_t=0.057  (6880s)
step  7860  L_grcl=  1.78  L_cov= 0.30  L_cons=0.000  L_tot=  1.87  diag=+0.989  mix=[cap:108/ref:110/nl:102]  β=0.057  α_t=0.057  (6897s)
step  7880  L_grcl=  1.72  L_cov= 0.29  L_cons=0.000  L_tot=  1.81  diag=+0.990  mix=[cap:108/ref:105/nl:107]  β=0.058  α_t=0.057  (6914s)
step  7900  L_grcl=  1.77  L_cov= 0.31  L_cons=0.000  L_tot=  1.87  diag=+0.990  mix=[cap:109/ref:105/nl:106]  β=0.058  α_t=0.057  (6931s)
step  7920  L_grcl=  1.79  L_cov= 0.31  L_cons=0.000  L_tot=  1.89  diag=+0.990  mix=[cap:107/ref:119/nl:94]  β=0.058  α_t=0.057  (6948s)
step  7940  L_grcl=  1.76  L_cov= 0.30  L_cons=0.000  L_tot=  1.85  diag=+0.988  mix=[cap:103/ref:104/nl:113]  β=0.058  α_t=0.057  (6965s)
step  7960  L_grcl=  1.78  L_cov= 0.31  L_cons=0.000  L_tot=  1.87  diag=+0.989  mix=[cap:100/ref:116/nl:104]  β=0.058  α_t=0.057  (6982s)
step  7980  L_grcl=  1.77  L_cov= 0.31  L_cons=0.000  L_tot=  1.87  diag=+0.988  mix=[cap:102/ref:121/nl:97]  β=0.058  α_t=0.057  (6999s)
step  8000  L_grcl=  1.80  L_cov= 0.30  L_cons=0.000  L_tot=  1.89  diag=+0.988  mix=[cap:100/ref:113/nl:107]  β=0.058  α_t=0.057  (7016s)

  [eval @ step 8000] held-out test-A...
    cap-fig cos: +0.9950  (Δ +0.8803)
    R@1/5/10: 19.5% / 61.0% / 87.0%  (Δ +19.5 / +61.0 / +87.0)


[final] test-A:
  cap-fig cos: +0.9950  (init +0.1147, Δ +0.8803)
  R@1/5/10: 19.5% / 61.0% / 87.0%
  init R@1/5/10: 0.0% / 0.0% / 0.0%

saved → /home/work/dl/dl_project/eval/results/experiments/h_full_method/train.json
[main1:101243:0:101243] Caught signal 11 (Segmentation fault: address not mapped to object at address 0x7f9960fadec0)
==== backtrace (tid: 101243) ====
 0  /opt/hpcx/ucx/lib/libucs.so.0(ucs_handle_error+0x2e4) [0x7f994f306774]
 1  /opt/hpcx/ucx/lib/libucs.so.0(+0x3796a) [0x7f994f30696a]
 2  /opt/hpcx/ucx/lib/libucs.so.0(+0x37ba8) [0x7f994f306ba8]
 3  /usr/lib/x86_64-linux-gnu/libc.so.6(+0x45330) [0x7f9961233330]
 4  /usr/lib/x86_64-linux-gnu/libnvidia-ml.so.575.51.03(+0x336c1) [0x7f995a8336c1]
 5  /usr/lib/x86_64-linux-gnu/libnvidia-ml.so.575.51.03(nvmlShutdown+0xe) [0x7f995a81cfae]
 6  /opt/kernel/libcudahook.ubuntu18.04.x86_64.so(+0xc3caf) [0x7f99614c3caf]
 7  /opt/kernel/libcudahook.ubuntu18.04.x86_64.so(+0xc3d48) [0x7f99614c3d48]
 8  /opt/kernel/libcudahook.ubuntu18.04.x86_64.so(+0xc3a2d) [0x7f99614c3a2d]
 9  /lib64/ld-linux-x86-64.so.2(+0x10f2) [0x7f9961fbb0f2]
10  /lib64/ld-linux-x86-64.so.2(+0x5578) [0x7f9961fbf578]
11  /usr/lib/x86_64-linux-gnu/libc.so.6(+0x47a76) [0x7f9961235a76]
12  /usr/lib/x86_64-linux-gnu/libc.so.6(+0x47bbe) [0x7f9961235bbe]
13  /usr/lib/x86_64-linux-gnu/libc.so.6(+0x2a1d1) [0x7f99612181d1]
14  /usr/lib/x86_64-linux-gnu/libc.so.6(__libc_start_main+0x8b) [0x7f996121828b]
15  /usr/bin/python(_start+0x25) [0x657ce5]
=================================
  training exited with code -11 but train.json + ckpt look complete — treating as success
  training done in 120.5 min

--- Evaluation ---
$ /usr/bin/python -m pipeline.eval_full --out /home/work/dl/dl_project/eval/results/experiments/h_full_method/eval.json --device cuda --ckpt ckpt/h_full_method.pt --lora_rank 8 --lora_alpha 16 --hf_id google/siglip2-base-patch16-224 --gpe_facets type,role,depth,pos --datasets spiqa_testA sciegqa mmdocir
device: cuda
[ElementTokenEncoder] loading google/siglip2-base-patch16-224
Using a slow image processor as `use_fast` is unset and a slow processor was saved with this model. `use_fast=True` will be the default behavior in v4.52, even if the model was saved with a slow processor. This will result in minor differences in outputs. You'll still be able to use a slow processor with `use_fast=False`.
[ElementTokenEncoder] LoRA r=8 α=16 targets=['q_proj', 'k_proj', 'v_proj', 'out_proj'] applied (d_text=768, d_vision=768, cls=False)
trainable params: 1,191,936 || all params: 376,379,906 || trainable%: 0.3167
[eval_full] loaded checkpoint: ckpt/h_full_method.pt

[eval] SPIQA test-A
  graph: 118 docs, elements: 9039, queries: 666
  [5/118 docs, 26/666 queries] 2s
  [10/118 docs, 59/666 queries] 5s
  [15/118 docs, 82/666 queries] 7s
  [20/118 docs, 105/666 queries] 9s
  [25/118 docs, 132/666 queries] 11s
  [30/118 docs, 161/666 queries] 13s
  [35/118 docs, 181/666 queries] 15s
  [40/118 docs, 217/666 queries] 18s
  [45/118 docs, 242/666 queries] 20s
  [50/118 docs, 269/666 queries] 22s
  [55/118 docs, 285/666 queries] 23s
  [60/118 docs, 313/666 queries] 26s
  [65/118 docs, 352/666 queries] 29s
  [70/118 docs, 396/666 queries] 32s
  [75/118 docs, 445/666 queries] 36s
  [80/118 docs, 481/666 queries] 39s
  [85/118 docs, 514/666 queries] 41s
  [90/118 docs, 535/666 queries] 43s
  [95/118 docs, 560/666 queries] 45s
  [100/118 docs, 590/666 queries] 48s
  [105/118 docs, 616/666 queries] 50s
  [110/118 docs, 640/666 queries] 52s
  [115/118 docs, 663/666 queries] 54s
  done in 54s

[eval] SciEGQA
  graph: 80 docs, elements: 29412, queries: 1623
  [5/80 docs, 108/1623 queries] 11s
  [10/80 docs, 218/1623 queries] 25s
  [15/80 docs, 325/1623 queries] 37s
  [20/80 docs, 427/1623 queries] 60s
  [25/80 docs, 532/1623 queries] 72s
  [30/80 docs, 630/1623 queries] 89s
  [35/80 docs, 733/1623 queries] 105s
  [40/80 docs, 818/1623 queries] 113s
  [45/80 docs, 927/1623 queries] 126s
  [50/80 docs, 1031/1623 queries] 138s
  [55/80 docs, 1102/1623 queries] 148s
  [60/80 docs, 1207/1623 queries] 159s
  [65/80 docs, 1314/1623 queries] 178s
  [70/80 docs, 1423/1623 queries] 196s
  [75/80 docs, 1513/1623 queries] 205s
  [80/80 docs, 1623/1623 queries] 221s
  done in 221s

[eval] MMDocIR
  graph: 75 docs, elements: 15032, queries: 389
  [5/75 docs, 31/389 queries] 5s
  [10/75 docs, 58/389 queries] 8s
  [15/75 docs, 87/389 queries] 14s
  [20/75 docs, 116/389 queries] 17s
  [25/75 docs, 137/389 queries] 20s
  [30/75 docs, 162/389 queries] 22s
  [35/75 docs, 187/389 queries] 24s
  [40/75 docs, 212/389 queries] 26s
  [45/75 docs, 243/389 queries] 28s
  [50/75 docs, 267/389 queries] 30s
  [55/75 docs, 288/389 queries] 32s
  [60/75 docs, 306/389 queries] 33s
  [65/75 docs, 332/389 queries] 35s
  [70/75 docs, 364/389 queries] 38s
  [75/75 docs, 389/389 queries] 40s
  done in 40s

saved → /home/work/dl/dl_project/eval/results/experiments/h_full_method/eval.json

=== Summary ===

SPIQA test-A:
  [no_prop] mrr=0.3737  recall@10=0.8694  hit@10=0.8694  coverage@10=0.8694  perfect@10=0.8694
  [uniform_a01_T2] mrr=0.2797  recall@10=0.7147  hit@10=0.7147  coverage@10=0.7147  perfect@10=0.7147
  [uniform_a03_T1] mrr=0.2822  recall@10=0.7447  hit@10=0.7447  coverage@10=0.7447  perfect@10=0.7447
  [uniform_a03_T2] mrr=0.2743  recall@10=0.6697  hit@10=0.6697  coverage@10=0.6697  perfect@10=0.6697
  [uniform_a03_T3] mrr=0.2833  recall@10=0.6682  hit@10=0.6682  coverage@10=0.6682  perfect@10=0.6682
  [uniform_a05_T2] mrr=0.2813  recall@10=0.6532  hit@10=0.6532  coverage@10=0.6532  perfect@10=0.6532
  [wbase_a03_T2] mrr=0.2995  recall@10=0.7072  hit@10=0.7072  coverage@10=0.7072  perfect@10=0.7072
  [wbase_role_a03_T2] mrr=0.2995  recall@10=0.7072  hit@10=0.7072  coverage@10=0.7072  perfect@10=0.7072
  [wbase_vis_a03_T2] mrr=0.3003  recall@10=0.7072  hit@10=0.7072  coverage@10=0.7072  perfect@10=0.7072
  [wfull_a03_T2] mrr=0.3003  recall@10=0.7072  hit@10=0.7072  coverage@10=0.7072  perfect@10=0.7072
  [wfull_a01_T2] mrr=0.3064  recall@10=0.7432  hit@10=0.7432  coverage@10=0.7432  perfect@10=0.7432
  [wfull_a05_T2] mrr=0.3069  recall@10=0.6757  hit@10=0.6757  coverage@10=0.6757  perfect@10=0.6757
  [wfull_a07_T2] mrr=0.2848  recall@10=0.6547  hit@10=0.6547  coverage@10=0.6547  perfect@10=0.6547
  [wfull_a03_T1] mrr=0.3144  recall@10=0.7868  hit@10=0.7868  coverage@10=0.7868  perfect@10=0.7868
  [wfull_a03_T3] mrr=0.3045  recall@10=0.6892  hit@10=0.6892  coverage@10=0.6892  perfect@10=0.6892
  [ppr_a015] mrr=0.2824  recall@10=0.6351  hit@10=0.6351  coverage@10=0.6351  perfect@10=0.6351
  [ppr_a030] mrr=0.2958  recall@10=0.6592  hit@10=0.6592  coverage@10=0.6592  perfect@10=0.6592
  [ppr_a050] mrr=0.3142  recall@10=0.6907  hit@10=0.6907  coverage@10=0.6907  perfect@10=0.6907
  [ppr_a070] mrr=0.3097  recall@10=0.7222  hit@10=0.7222  coverage@10=0.7222  perfect@10=0.7222
  [ppr_a085] mrr=0.3086  recall@10=0.7342  hit@10=0.7342  coverage@10=0.7342  perfect@10=0.7342
  [ppr_unif_a030] mrr=0.2927  recall@10=0.6441  hit@10=0.6441  coverage@10=0.6441  perfect@10=0.6441
  [ppr_unif_a050] mrr=0.2957  recall@10=0.6832  hit@10=0.6832  coverage@10=0.6832  perfect@10=0.6832
  [prop_a03_T2] mrr=0.3003  recall@10=0.7072  hit@10=0.7072  coverage@10=0.7072  perfect@10=0.7072
  [prop_a01_T2] mrr=0.3064  recall@10=0.7432  hit@10=0.7432  coverage@10=0.7432  perfect@10=0.7432
  [prop_a05_T2] mrr=0.3069  recall@10=0.6757  hit@10=0.6757  coverage@10=0.6757  perfect@10=0.6757
  [prop_a07_T2] mrr=0.2848  recall@10=0.6547  hit@10=0.6547  coverage@10=0.6547  perfect@10=0.6547
  [prop_a03_T1] mrr=0.3144  recall@10=0.7868  hit@10=0.7868  coverage@10=0.7868  perfect@10=0.7868
  [prop_a03_T3] mrr=0.3045  recall@10=0.6892  hit@10=0.6892  coverage@10=0.6892  perfect@10=0.6892

SciEGQA:
  [no_prop] mrr=0.0351  recall@10=0.0101  hit@10=0.0715  coverage@10=0.0101  perfect@10=0.0086  cross_page_hit=0.2690
  [uniform_a01_T2] mrr=0.0346  recall@10=0.0131  hit@10=0.0647  coverage@10=0.0131  perfect@10=0.0105  cross_page_hit=0.1741
  [uniform_a03_T1] mrr=0.0339  recall@10=0.0126  hit@10=0.0641  coverage@10=0.0126  perfect@10=0.0105  cross_page_hit=0.1804
  [uniform_a03_T2] mrr=0.0349  recall@10=0.0134  hit@10=0.0641  coverage@10=0.0134  perfect@10=0.0105  cross_page_hit=0.1646
  [uniform_a03_T3] mrr=0.0350  recall@10=0.0132  hit@10=0.0622  coverage@10=0.0132  perfect@10=0.0105  cross_page_hit=0.1614
  [uniform_a05_T2] mrr=0.0347  recall@10=0.0134  hit@10=0.0622  coverage@10=0.0134  perfect@10=0.0105  cross_page_hit=0.1551
  [wbase_a03_T2] mrr=0.0363  recall@10=0.0137  hit@10=0.0641  coverage@10=0.0137  perfect@10=0.0105  cross_page_hit=0.1646
  [wbase_role_a03_T2] mrr=0.0363  recall@10=0.0137  hit@10=0.0641  coverage@10=0.0137  perfect@10=0.0105  cross_page_hit=0.1646
  [wbase_vis_a03_T2] mrr=0.0363  recall@10=0.0137  hit@10=0.0641  coverage@10=0.0137  perfect@10=0.0105  cross_page_hit=0.1646
  [wfull_a03_T2] mrr=0.0363  recall@10=0.0137  hit@10=0.0641  coverage@10=0.0137  perfect@10=0.0105  cross_page_hit=0.1646
  [wfull_a01_T2] mrr=0.0358  recall@10=0.0132  hit@10=0.0647  coverage@10=0.0132  perfect@10=0.0105  cross_page_hit=0.1741
  [wfull_a05_T2] mrr=0.0355  recall@10=0.0140  hit@10=0.0628  coverage@10=0.0140  perfect@10=0.0105  cross_page_hit=0.1551
  [wfull_a07_T2] mrr=0.0360  recall@10=0.0136  hit@10=0.0641  coverage@10=0.0136  perfect@10=0.0105  cross_page_hit=0.1646
  [wfull_a03_T1] mrr=0.0353  recall@10=0.0126  hit@10=0.0641  coverage@10=0.0126  perfect@10=0.0105  cross_page_hit=0.1804
  [wfull_a03_T3] mrr=0.0360  recall@10=0.0139  hit@10=0.0635  coverage@10=0.0139  perfect@10=0.0105  cross_page_hit=0.1614
  [ppr_a015] mrr=0.0359  recall@10=0.0145  hit@10=0.0635  coverage@10=0.0145  perfect@10=0.0105  cross_page_hit=0.1582
  [ppr_a030] mrr=0.0356  recall@10=0.0142  hit@10=0.0635  coverage@10=0.0142  perfect@10=0.0105  cross_page_hit=0.1646
  [ppr_a050] mrr=0.0348  recall@10=0.0135  hit@10=0.0622  coverage@10=0.0135  perfect@10=0.0105  cross_page_hit=0.1709
  [ppr_a070] mrr=0.0347  recall@10=0.0133  hit@10=0.0647  coverage@10=0.0133  perfect@10=0.0105  cross_page_hit=0.1804
  [ppr_a085] mrr=0.0354  recall@10=0.0134  hit@10=0.0653  coverage@10=0.0134  perfect@10=0.0105  cross_page_hit=0.1741
  [ppr_unif_a030] mrr=0.0347  recall@10=0.0135  hit@10=0.0622  coverage@10=0.0135  perfect@10=0.0105  cross_page_hit=0.1646
  [ppr_unif_a050] mrr=0.0343  recall@10=0.0129  hit@10=0.0610  coverage@10=0.0129  perfect@10=0.0105  cross_page_hit=0.1709
  [prop_a03_T2] mrr=0.0363  recall@10=0.0137  hit@10=0.0641  coverage@10=0.0137  perfect@10=0.0105  cross_page_hit=0.1646
  [prop_a01_T2] mrr=0.0358  recall@10=0.0132  hit@10=0.0647  coverage@10=0.0132  perfect@10=0.0105  cross_page_hit=0.1741
  [prop_a05_T2] mrr=0.0355  recall@10=0.0140  hit@10=0.0628  coverage@10=0.0140  perfect@10=0.0105  cross_page_hit=0.1551
  [prop_a07_T2] mrr=0.0360  recall@10=0.0136  hit@10=0.0641  coverage@10=0.0136  perfect@10=0.0105  cross_page_hit=0.1646
  [prop_a03_T1] mrr=0.0353  recall@10=0.0126  hit@10=0.0641  coverage@10=0.0126  perfect@10=0.0105  cross_page_hit=0.1804
  [prop_a03_T3] mrr=0.0360  recall@10=0.0139  hit@10=0.0635  coverage@10=0.0139  perfect@10=0.0105  cross_page_hit=0.1614

MMDocIR:
  [no_prop] mrr=0.0282  recall@10=0.0237  hit@10=0.0411  coverage@10=0.0237  perfect@10=0.0257  cross_page_hit=0.2034
  [uniform_a01_T2] mrr=0.0284  recall@10=0.0407  hit@10=0.0591  coverage@10=0.0407  perfect@10=0.0386  cross_page_hit=0.0508
  [uniform_a03_T1] mrr=0.0284  recall@10=0.0407  hit@10=0.0591  coverage@10=0.0407  perfect@10=0.0386  cross_page_hit=0.0508
  [uniform_a03_T2] mrr=0.0292  recall@10=0.0407  hit@10=0.0591  coverage@10=0.0407  perfect@10=0.0386  cross_page_hit=0.0508
  [uniform_a03_T3] mrr=0.0292  recall@10=0.0407  hit@10=0.0591  coverage@10=0.0407  perfect@10=0.0386  cross_page_hit=0.0508
  [uniform_a05_T2] mrr=0.0297  recall@10=0.0407  hit@10=0.0591  coverage@10=0.0407  perfect@10=0.0386  cross_page_hit=0.0508
  [wbase_a03_T2] mrr=0.0292  recall@10=0.0407  hit@10=0.0591  coverage@10=0.0407  perfect@10=0.0386  cross_page_hit=0.0508
  [wbase_role_a03_T2] mrr=0.0292  recall@10=0.0407  hit@10=0.0591  coverage@10=0.0407  perfect@10=0.0386  cross_page_hit=0.0508
  [wbase_vis_a03_T2] mrr=0.0292  recall@10=0.0407  hit@10=0.0591  coverage@10=0.0407  perfect@10=0.0386  cross_page_hit=0.0508
  [wfull_a03_T2] mrr=0.0292  recall@10=0.0407  hit@10=0.0591  coverage@10=0.0407  perfect@10=0.0386  cross_page_hit=0.0508
  [wfull_a01_T2] mrr=0.0284  recall@10=0.0407  hit@10=0.0591  coverage@10=0.0407  perfect@10=0.0386  cross_page_hit=0.0508
  [wfull_a05_T2] mrr=0.0297  recall@10=0.0407  hit@10=0.0591  coverage@10=0.0407  perfect@10=0.0386  cross_page_hit=0.0508
  [wfull_a07_T2] mrr=0.0292  recall@10=0.0420  hit@10=0.0591  coverage@10=0.0420  perfect@10=0.0411  cross_page_hit=0.0508
  [wfull_a03_T1] mrr=0.0284  recall@10=0.0407  hit@10=0.0591  coverage@10=0.0407  perfect@10=0.0386  cross_page_hit=0.0508
  [wfull_a03_T3] mrr=0.0292  recall@10=0.0407  hit@10=0.0591  coverage@10=0.0407  perfect@10=0.0386  cross_page_hit=0.0508
  [ppr_a015] mrr=0.0287  recall@10=0.0395  hit@10=0.0566  coverage@10=0.0395  perfect@10=0.0386  cross_page_hit=0.0508
  [ppr_a030] mrr=0.0288  recall@10=0.0407  hit@10=0.0591  coverage@10=0.0407  perfect@10=0.0386  cross_page_hit=0.0508
  [ppr_a050] mrr=0.0277  recall@10=0.0395  hit@10=0.0566  coverage@10=0.0395  perfect@10=0.0386  cross_page_hit=0.0508
  [ppr_a070] mrr=0.0276  recall@10=0.0395  hit@10=0.0566  coverage@10=0.0395  perfect@10=0.0386  cross_page_hit=0.0508
  [ppr_a085] mrr=0.0278  recall@10=0.0407  hit@10=0.0591  coverage@10=0.0407  perfect@10=0.0386  cross_page_hit=0.0508
  [ppr_unif_a030] mrr=0.0288  recall@10=0.0407  hit@10=0.0591  coverage@10=0.0407  perfect@10=0.0386  cross_page_hit=0.0508
  [ppr_unif_a050] mrr=0.0277  recall@10=0.0395  hit@10=0.0566  coverage@10=0.0395  perfect@10=0.0386  cross_page_hit=0.0508
  [prop_a03_T2] mrr=0.0292  recall@10=0.0407  hit@10=0.0591  coverage@10=0.0407  perfect@10=0.0386  cross_page_hit=0.0508
  [prop_a01_T2] mrr=0.0284  recall@10=0.0407  hit@10=0.0591  coverage@10=0.0407  perfect@10=0.0386  cross_page_hit=0.0508
  [prop_a05_T2] mrr=0.0297  recall@10=0.0407  hit@10=0.0591  coverage@10=0.0407  perfect@10=0.0386  cross_page_hit=0.0508
  [prop_a07_T2] mrr=0.0292  recall@10=0.0420  hit@10=0.0591  coverage@10=0.0420  perfect@10=0.0411  cross_page_hit=0.0508
  [prop_a03_T1] mrr=0.0284  recall@10=0.0407  hit@10=0.0591  coverage@10=0.0407  perfect@10=0.0386  cross_page_hit=0.0508
  [prop_a03_T3] mrr=0.0292  recall@10=0.0407  hit@10=0.0591  coverage@10=0.0407  perfect@10=0.0386  cross_page_hit=0.0508
[main1:101581:0:101581] Caught signal 11 (Segmentation fault: address not mapped to object at address 0x7f185cdadec0)
==== backtrace (tid: 101581) ====
 0  /opt/hpcx/ucx/lib/libucs.so.0(ucs_handle_error+0x2e4) [0x7f184b106774]
 1  /opt/hpcx/ucx/lib/libucs.so.0(+0x3796a) [0x7f184b10696a]
 2  /opt/hpcx/ucx/lib/libucs.so.0(+0x37ba8) [0x7f184b106ba8]
 3  /usr/lib/x86_64-linux-gnu/libc.so.6(+0x45330) [0x7f185d033330]
 4  /usr/lib/x86_64-linux-gnu/libnvidia-ml.so.575.51.03(+0x336c1) [0x7f18566336c1]
 5  /usr/lib/x86_64-linux-gnu/libnvidia-ml.so.575.51.03(nvmlShutdown+0xe) [0x7f185661cfae]
 6  /opt/kernel/libcudahook.ubuntu18.04.x86_64.so(+0xc3caf) [0x7f185d2c3caf]
 7  /opt/kernel/libcudahook.ubuntu18.04.x86_64.so(+0xc3d48) [0x7f185d2c3d48]
 8  /opt/kernel/libcudahook.ubuntu18.04.x86_64.so(+0xc3a2d) [0x7f185d2c3a2d]
 9  /lib64/ld-linux-x86-64.so.2(+0x10f2) [0x7f185dd8e0f2]
10  /lib64/ld-linux-x86-64.so.2(+0x5578) [0x7f185dd92578]
11  /usr/lib/x86_64-linux-gnu/libc.so.6(+0x47a76) [0x7f185d035a76]
12  /usr/lib/x86_64-linux-gnu/libc.so.6(+0x47bbe) [0x7f185d035bbe]
13  /usr/lib/x86_64-linux-gnu/libc.so.6(+0x2a1d1) [0x7f185d0181d1]
14  /usr/lib/x86_64-linux-gnu/libc.so.6(__libc_start_main+0x8b) [0x7f185d01828b]
15  /usr/bin/python(_start+0x25) [0x657ce5]
=================================
  eval exited with code -11 but eval.json looks complete — treating as success
  eval done in 5.5 min

=== Experiment h complete → /home/work/dl/dl_project/eval/results/experiments/h_full_method/summary.json ===
