=== Experiment row h_gpe_strong: h_gpe_strong ===
  description: (h) with stronger GPE init (α/β raw=0 → σ≈0.5, ~10× the default contribution)
  output dir:  /home/work/dl/dl_project/eval/results/experiments/h_gpe_strong_h_gpe_strong
  checkpoint:  ckpt/h_gpe_strong_h_gpe_strong.pt

--- Training ---
$ /usr/bin/python -m pipeline.trainer --config h_gpe_strong --out /home/work/dl/dl_project/eval/results/experiments/h_gpe_strong_h_gpe_strong/train.json --save_ckpt ckpt/h_gpe_strong_h_gpe_strong.pt
device: cuda
args: {'config': 'h_gpe_strong', 'train_sample': 0, 'steps': 8000, 'batch': 16, 'pool': 12, 'lr': 3e-05, 'lora_rank': 8, 'tau': 0.07, 'lambda_cov': 0.3, 'lambda_cons': 0.5, 'use_gpe': 1, 'loss_type': 'grcl', 'infonce_threshold': 0.5, 'anchor_kind': 'mixed', 'warmup_steps': 200, 'weight_decay': 0.01, 'eval_every': 500, 'eval_cf_pairs': 200, 'eval_recall_n': 200, 'seed': 42, 'out': '/home/work/dl/dl_project/eval/results/experiments/h_gpe_strong_h_gpe_strong/train.json', 'save_ckpt': 'ckpt/h_gpe_strong_h_gpe_strong.pt', 'gamma': 0.5, 'gpe_facets': 'type,role,depth,pos', 'lora_alpha': 16, 'hf_id': 'google/siglip2-base-patch16-224', 'edge_types_only': None, 'query_pe_dropout': 0.5, 'section_role_mode': 'normal', 'tokens_per_visual': 0}

[1/3] loading SPIQA test-A (held-out eval)...
  loading element_graph_v2.json
    118 papers kept
  loading elements_v2.jsonl
    9,039 element records kept
  loading SPIQA_testA.json
    666 QA pairs kept
    caption_of: 1,115  refer_to: 1,191  (skipped 0 due to missing image)

[2/3] loading SPIQA train (sample N=0)...
  loading element_graph_v2.json
    25,459 papers kept
  loading elements_v2.jsonl
    1,873,124 element records kept
  loading SPIQA_train.json
    262,524 QA pairs kept
    caption_of: 262,524  refer_to: 231,101  (skipped 0 due to missing image)

[3/3] building encoder...
[ElementTokenEncoder] loading google/siglip2-base-patch16-224
Using a slow image processor as `use_fast` is unset and a slow processor was saved with this model. `use_fast=True` will be the default behavior in v4.52, even if the model was saved with a slow processor. This will result in minor differences in outputs. You'll still be able to use a slow processor with `use_fast=False`.
[ElementTokenEncoder] LoRA r=8 α=16 targets=['q_proj', 'k_proj', 'v_proj', 'out_proj'] applied (d_text=768, d_vision=768, cls=False)
trainable params: 1,191,936 || all params: 376,379,906 || trainable%: 0.3167

[eval 0] held-out test-A baseline...
  caption-figure cos: +0.1147
  Recall@1/5/10 (n=200): 0.0% / 0.0% / 0.0%
/home/work/dl/dl_project/pipeline/graph_pe.py:112: UserWarning: Converting a tensor with requires_grad=True to a scalar may lead to unexpected behavior.
Consider using tensor.detach() first. (Triggered internally at /opt/pytorch/pytorch/aten/src/ATen/native/Scalar.cpp:22.)
  "type": torch.sigmoid(self.raw_alpha_type).item(),
step    20  L_grcl=191.78  L_cov=55.49  L_cons=0.000  L_tot=208.43  diag=+0.116  mix=[cap:104/ref:110/nl:106]  β=0.047  α_t=0.047  (18s)
step    40  L_grcl=189.55  L_cov=55.07  L_cons=0.000  L_tot=206.07  diag=+0.136  mix=[cap:120/ref:109/nl:91]  β=0.047  α_t=0.047  (35s)
step    60  L_grcl=171.80  L_cov=50.24  L_cons=0.000  L_tot=186.87  diag=+0.177  mix=[cap:85/ref:117/nl:118]  β=0.047  α_t=0.047  (53s)
step    80  L_grcl=166.48  L_cov=45.39  L_cons=0.000  L_tot=180.10  diag=+0.241  mix=[cap:105/ref:113/nl:102]  β=0.047  α_t=0.047  (71s)
step   100  L_grcl=142.87  L_cov=39.84  L_cons=0.000  L_tot=154.82  diag=+0.343  mix=[cap:108/ref:109/nl:103]  β=0.047  α_t=0.047  (88s)
step   120  L_grcl=124.34  L_cov=30.97  L_cons=0.000  L_tot=133.63  diag=+0.467  mix=[cap:117/ref:113/nl:90]  β=0.047  α_t=0.047  (104s)
step   140  L_grcl= 86.83  L_cov=19.83  L_cons=0.000  L_tot= 92.78  diag=+0.574  mix=[cap:99/ref:118/nl:103]  β=0.047  α_t=0.047  (122s)
step   160  L_grcl= 63.61  L_cov=11.67  L_cons=0.001  L_tot= 67.11  diag=+0.652  mix=[cap:106/ref:117/nl:97]  β=0.047  α_t=0.047  (139s)
step   180  L_grcl= 46.67  L_cov= 6.10  L_cons=0.001  L_tot= 48.50  diag=+0.693  mix=[cap:107/ref:99/nl:114]  β=0.047  α_t=0.047  (155s)
step   200  L_grcl= 33.41  L_cov= 3.14  L_cons=0.001  L_tot= 34.35  diag=+0.754  mix=[cap:112/ref:109/nl:99]  β=0.047  α_t=0.047  (172s)
step   220  L_grcl= 21.41  L_cov= 0.83  L_cons=0.001  L_tot= 21.66  diag=+0.812  mix=[cap:129/ref:113/nl:78]  β=0.047  α_t=0.047  (189s)
step   240  L_grcl= 13.17  L_cov= 0.19  L_cons=0.001  L_tot= 13.23  diag=+0.856  mix=[cap:124/ref:109/nl:87]  β=0.047  α_t=0.047  (206s)
step   260  L_grcl=  9.60  L_cov= 0.16  L_cons=0.001  L_tot=  9.65  diag=+0.897  mix=[cap:106/ref:114/nl:100]  β=0.047  α_t=0.047  (223s)
step   280  L_grcl=  7.35  L_cov= 0.14  L_cons=0.001  L_tot=  7.39  diag=+0.926  mix=[cap:96/ref:129/nl:95]  β=0.047  α_t=0.047  (240s)
step   300  L_grcl=  4.56  L_cov= 0.22  L_cons=0.000  L_tot=  4.62  diag=+0.943  mix=[cap:116/ref:99/nl:105]  β=0.047  α_t=0.047  (257s)
step   320  L_grcl=  3.80  L_cov= 0.26  L_cons=0.000  L_tot=  3.87  diag=+0.961  mix=[cap:88/ref:126/nl:106]  β=0.047  α_t=0.047  (273s)
step   340  L_grcl=  3.07  L_cov= 0.31  L_cons=0.000  L_tot=  3.16  diag=+0.973  mix=[cap:120/ref:105/nl:95]  β=0.047  α_t=0.047  (291s)
step   360  L_grcl=  2.72  L_cov= 0.35  L_cons=0.000  L_tot=  2.82  diag=+0.981  mix=[cap:88/ref:120/nl:112]  β=0.047  α_t=0.047  (308s)
step   380  L_grcl=  2.38  L_cov= 0.36  L_cons=0.000  L_tot=  2.49  diag=+0.986  mix=[cap:92/ref:113/nl:115]  β=0.047  α_t=0.047  (325s)
step   400  L_grcl=  2.53  L_cov= 0.35  L_cons=0.000  L_tot=  2.64  diag=+0.988  mix=[cap:108/ref:127/nl:85]  β=0.047  α_t=0.048  (342s)
step   420  L_grcl=  2.23  L_cov= 0.35  L_cons=0.000  L_tot=  2.34  diag=+0.991  mix=[cap:115/ref:111/nl:94]  β=0.047  α_t=0.048  (359s)
step   440  L_grcl=  2.15  L_cov= 0.35  L_cons=0.000  L_tot=  2.26  diag=+0.992  mix=[cap:113/ref:108/nl:99]  β=0.047  α_t=0.048  (376s)
step   460  L_grcl=  2.16  L_cov= 0.38  L_cons=0.000  L_tot=  2.28  diag=+0.993  mix=[cap:109/ref:104/nl:107]  β=0.047  α_t=0.048  (392s)
step   480  L_grcl=  2.13  L_cov= 0.40  L_cons=0.000  L_tot=  2.24  diag=+0.993  mix=[cap:93/ref:121/nl:106]  β=0.047  α_t=0.048  (410s)
step   500  L_grcl=  2.07  L_cov= 0.38  L_cons=0.000  L_tot=  2.18  diag=+0.994  mix=[cap:131/ref:97/nl:92]  β=0.047  α_t=0.048  (427s)

  [eval @ step 500] held-out test-A...
    cap-fig cos: +0.9945  (Δ +0.8798)
    R@1/5/10: 7.0% / 35.5% / 66.5%  (Δ +7.0 / +35.5 / +66.5)
    [ckpt saved @ step 500 R@10=66.5%]

step   520  L_grcl=  2.07  L_cov= 0.39  L_cons=0.000  L_tot=  2.19  diag=+0.994  mix=[cap:105/ref:103/nl:112]  β=0.047  α_t=0.048  (464s)
step   540  L_grcl=  2.11  L_cov= 0.37  L_cons=0.000  L_tot=  2.23  diag=+0.994  mix=[cap:103/ref:125/nl:92]  β=0.047  α_t=0.048  (482s)
step   560  L_grcl=  2.10  L_cov= 0.40  L_cons=0.000  L_tot=  2.22  diag=+0.995  mix=[cap:102/ref:121/nl:97]  β=0.047  α_t=0.048  (499s)
step   580  L_grcl=  2.03  L_cov= 0.38  L_cons=0.000  L_tot=  2.15  diag=+0.995  mix=[cap:111/ref:111/nl:98]  β=0.047  α_t=0.048  (516s)
step   600  L_grcl=  2.09  L_cov= 0.40  L_cons=0.000  L_tot=  2.21  diag=+0.995  mix=[cap:98/ref:120/nl:102]  β=0.047  α_t=0.048  (533s)
step   620  L_grcl=  2.01  L_cov= 0.39  L_cons=0.000  L_tot=  2.13  diag=+0.995  mix=[cap:108/ref:114/nl:98]  β=0.047  α_t=0.048  (550s)
step   640  L_grcl=  2.02  L_cov= 0.40  L_cons=0.000  L_tot=  2.14  diag=+0.995  mix=[cap:108/ref:106/nl:106]  β=0.047  α_t=0.048  (568s)
step   660  L_grcl=  2.05  L_cov= 0.38  L_cons=0.000  L_tot=  2.16  diag=+0.995  mix=[cap:100/ref:115/nl:105]  β=0.047  α_t=0.048  (585s)
step   680  L_grcl=  2.06  L_cov= 0.39  L_cons=0.000  L_tot=  2.18  diag=+0.994  mix=[cap:99/ref:113/nl:108]  β=0.047  α_t=0.048  (602s)
step   700  L_grcl=  2.10  L_cov= 0.40  L_cons=0.000  L_tot=  2.22  diag=+0.995  mix=[cap:94/ref:116/nl:110]  β=0.047  α_t=0.048  (619s)
step   720  L_grcl=  2.06  L_cov= 0.41  L_cons=0.000  L_tot=  2.18  diag=+0.995  mix=[cap:100/ref:116/nl:104]  β=0.047  α_t=0.048  (636s)
step   740  L_grcl=  2.04  L_cov= 0.41  L_cons=0.000  L_tot=  2.16  diag=+0.995  mix=[cap:106/ref:104/nl:110]  β=0.047  α_t=0.048  (652s)
step   760  L_grcl=  2.07  L_cov= 0.41  L_cons=0.000  L_tot=  2.20  diag=+0.995  mix=[cap:97/ref:102/nl:121]  β=0.047  α_t=0.048  (669s)
step   780  L_grcl=  2.05  L_cov= 0.41  L_cons=0.000  L_tot=  2.17  diag=+0.995  mix=[cap:93/ref:107/nl:120]  β=0.047  α_t=0.048  (687s)
step   800  L_grcl=  2.01  L_cov= 0.39  L_cons=0.000  L_tot=  2.13  diag=+0.994  mix=[cap:98/ref:102/nl:120]  β=0.047  α_t=0.048  (703s)
step   820  L_grcl=  2.02  L_cov= 0.38  L_cons=0.000  L_tot=  2.13  diag=+0.995  mix=[cap:108/ref:107/nl:105]  β=0.047  α_t=0.048  (720s)
step   840  L_grcl=  2.03  L_cov= 0.38  L_cons=0.000  L_tot=  2.14  diag=+0.995  mix=[cap:106/ref:117/nl:97]  β=0.047  α_t=0.048  (738s)
step   860  L_grcl=  2.05  L_cov= 0.40  L_cons=0.000  L_tot=  2.17  diag=+0.995  mix=[cap:92/ref:117/nl:111]  β=0.047  α_t=0.049  (755s)
step   880  L_grcl=  2.02  L_cov= 0.39  L_cons=0.000  L_tot=  2.13  diag=+0.995  mix=[cap:99/ref:112/nl:109]  β=0.047  α_t=0.049  (774s)
step   900  L_grcl=  2.05  L_cov= 0.39  L_cons=0.000  L_tot=  2.17  diag=+0.995  mix=[cap:108/ref:106/nl:106]  β=0.048  α_t=0.049  (791s)
step   920  L_grcl=  2.00  L_cov= 0.39  L_cons=0.000  L_tot=  2.11  diag=+0.996  mix=[cap:91/ref:123/nl:106]  β=0.048  α_t=0.049  (808s)
step   940  L_grcl=  2.01  L_cov= 0.40  L_cons=0.000  L_tot=  2.13  diag=+0.995  mix=[cap:104/ref:108/nl:108]  β=0.048  α_t=0.049  (825s)
step   960  L_grcl=  1.97  L_cov= 0.38  L_cons=0.000  L_tot=  2.09  diag=+0.995  mix=[cap:101/ref:101/nl:118]  β=0.048  α_t=0.049  (842s)
step   980  L_grcl=  2.02  L_cov= 0.39  L_cons=0.000  L_tot=  2.14  diag=+0.995  mix=[cap:85/ref:117/nl:118]  β=0.048  α_t=0.049  (859s)
step  1000  L_grcl=  1.93  L_cov= 0.38  L_cons=0.000  L_tot=  2.05  diag=+0.995  mix=[cap:118/ref:118/nl:84]  β=0.048  α_t=0.049  (876s)

  [eval @ step 1000] held-out test-A...
    cap-fig cos: +0.9955  (Δ +0.8807)
    R@1/5/10: 8.5% / 42.5% / 76.5%  (Δ +8.5 / +42.5 / +76.5)
    [ckpt saved @ step 1000 R@10=76.5%]

step  1020  L_grcl=  2.06  L_cov= 0.40  L_cons=0.000  L_tot=  2.18  diag=+0.995  mix=[cap:119/ref:113/nl:88]  β=0.048  α_t=0.049  (910s)
step  1040  L_grcl=  1.96  L_cov= 0.39  L_cons=0.000  L_tot=  2.08  diag=+0.995  mix=[cap:106/ref:107/nl:107]  β=0.048  α_t=0.049  (927s)
step  1060  L_grcl=  2.06  L_cov= 0.38  L_cons=0.000  L_tot=  2.18  diag=+0.995  mix=[cap:107/ref:110/nl:103]  β=0.048  α_t=0.049  (943s)
step  1080  L_grcl=  1.96  L_cov= 0.37  L_cons=0.000  L_tot=  2.07  diag=+0.995  mix=[cap:112/ref:112/nl:96]  β=0.048  α_t=0.049  (960s)
step  1100  L_grcl=  2.04  L_cov= 0.39  L_cons=0.000  L_tot=  2.16  diag=+0.995  mix=[cap:105/ref:116/nl:99]  β=0.048  α_t=0.049  (977s)
step  1120  L_grcl=  2.01  L_cov= 0.40  L_cons=0.000  L_tot=  2.13  diag=+0.995  mix=[cap:121/ref:89/nl:110]  β=0.048  α_t=0.049  (994s)
step  1140  L_grcl=  2.04  L_cov= 0.40  L_cons=0.000  L_tot=  2.16  diag=+0.995  mix=[cap:111/ref:98/nl:111]  β=0.048  α_t=0.049  (1011s)
step  1160  L_grcl=  1.93  L_cov= 0.39  L_cons=0.000  L_tot=  2.04  diag=+0.995  mix=[cap:121/ref:95/nl:104]  β=0.048  α_t=0.049  (1028s)
step  1180  L_grcl=  1.95  L_cov= 0.37  L_cons=0.000  L_tot=  2.06  diag=+0.994  mix=[cap:121/ref:113/nl:86]  β=0.048  α_t=0.049  (1045s)
step  1200  L_grcl=  1.96  L_cov= 0.38  L_cons=0.000  L_tot=  2.07  diag=+0.994  mix=[cap:112/ref:99/nl:109]  β=0.048  α_t=0.049  (1062s)
step  1220  L_grcl=  1.95  L_cov= 0.37  L_cons=0.000  L_tot=  2.06  diag=+0.995  mix=[cap:105/ref:109/nl:106]  β=0.048  α_t=0.049  (1079s)
step  1240  L_grcl=  2.00  L_cov= 0.38  L_cons=0.000  L_tot=  2.12  diag=+0.995  mix=[cap:111/ref:102/nl:107]  β=0.048  α_t=0.049  (1096s)
step  1260  L_grcl=  2.08  L_cov= 0.37  L_cons=0.000  L_tot=  2.20  diag=+0.995  mix=[cap:104/ref:121/nl:95]  β=0.048  α_t=0.049  (1113s)
step  1280  L_grcl=  1.98  L_cov= 0.40  L_cons=0.000  L_tot=  2.10  diag=+0.995  mix=[cap:110/ref:105/nl:105]  β=0.048  α_t=0.049  (1130s)
step  1300  L_grcl=  2.01  L_cov= 0.38  L_cons=0.000  L_tot=  2.12  diag=+0.995  mix=[cap:107/ref:132/nl:81]  β=0.048  α_t=0.049  (1147s)
step  1320  L_grcl=  1.97  L_cov= 0.39  L_cons=0.000  L_tot=  2.09  diag=+0.995  mix=[cap:104/ref:125/nl:91]  β=0.048  α_t=0.049  (1165s)
step  1340  L_grcl=  1.99  L_cov= 0.38  L_cons=0.000  L_tot=  2.11  diag=+0.995  mix=[cap:110/ref:103/nl:107]  β=0.048  α_t=0.049  (1182s)
step  1360  L_grcl=  2.03  L_cov= 0.41  L_cons=0.000  L_tot=  2.15  diag=+0.995  mix=[cap:90/ref:108/nl:122]  β=0.048  α_t=0.049  (1199s)
step  1380  L_grcl=  1.97  L_cov= 0.40  L_cons=0.000  L_tot=  2.09  diag=+0.995  mix=[cap:111/ref:104/nl:105]  β=0.048  α_t=0.049  (1216s)
step  1400  L_grcl=  1.96  L_cov= 0.39  L_cons=0.000  L_tot=  2.08  diag=+0.995  mix=[cap:110/ref:99/nl:111]  β=0.048  α_t=0.049  (1234s)
step  1420  L_grcl=  1.96  L_cov= 0.37  L_cons=0.000  L_tot=  2.07  diag=+0.995  mix=[cap:106/ref:120/nl:94]  β=0.048  α_t=0.050  (1251s)
step  1440  L_grcl=  1.98  L_cov= 0.38  L_cons=0.000  L_tot=  2.10  diag=+0.995  mix=[cap:102/ref:107/nl:111]  β=0.048  α_t=0.050  (1268s)
step  1460  L_grcl=  2.01  L_cov= 0.39  L_cons=0.000  L_tot=  2.12  diag=+0.995  mix=[cap:99/ref:114/nl:107]  β=0.048  α_t=0.050  (1285s)
step  1480  L_grcl=  1.95  L_cov= 0.40  L_cons=0.000  L_tot=  2.07  diag=+0.995  mix=[cap:104/ref:88/nl:128]  β=0.048  α_t=0.050  (1302s)
step  1500  L_grcl=  1.95  L_cov= 0.36  L_cons=0.000  L_tot=  2.06  diag=+0.994  mix=[cap:97/ref:108/nl:115]  β=0.048  α_t=0.050  (1319s)

  [eval @ step 1500] held-out test-A...
    cap-fig cos: +0.9954  (Δ +0.8807)
    R@1/5/10: 8.5% / 46.5% / 75.5%  (Δ +8.5 / +46.5 / +75.5)

step  1520  L_grcl=  2.03  L_cov= 0.39  L_cons=0.000  L_tot=  2.15  diag=+0.995  mix=[cap:101/ref:112/nl:107]  β=0.048  α_t=0.050  (1352s)
step  1540  L_grcl=  1.94  L_cov= 0.39  L_cons=0.000  L_tot=  2.06  diag=+0.994  mix=[cap:108/ref:108/nl:104]  β=0.048  α_t=0.050  (1369s)
step  1560  L_grcl=  1.96  L_cov= 0.37  L_cons=0.000  L_tot=  2.07  diag=+0.994  mix=[cap:102/ref:104/nl:114]  β=0.048  α_t=0.050  (1386s)
step  1580  L_grcl=  2.03  L_cov= 0.39  L_cons=0.000  L_tot=  2.14  diag=+0.995  mix=[cap:78/ref:129/nl:113]  β=0.048  α_t=0.050  (1403s)
step  1600  L_grcl=  1.94  L_cov= 0.39  L_cons=0.000  L_tot=  2.06  diag=+0.995  mix=[cap:113/ref:109/nl:98]  β=0.048  α_t=0.050  (1420s)
step  1620  L_grcl=  2.00  L_cov= 0.38  L_cons=0.000  L_tot=  2.11  diag=+0.995  mix=[cap:95/ref:110/nl:115]  β=0.048  α_t=0.050  (1438s)
step  1640  L_grcl=  1.94  L_cov= 0.39  L_cons=0.000  L_tot=  2.05  diag=+0.995  mix=[cap:105/ref:103/nl:112]  β=0.048  α_t=0.050  (1455s)
step  1660  L_grcl=  1.99  L_cov= 0.40  L_cons=0.000  L_tot=  2.10  diag=+0.995  mix=[cap:99/ref:102/nl:119]  β=0.048  α_t=0.050  (1472s)
step  1680  L_grcl=  1.96  L_cov= 0.38  L_cons=0.000  L_tot=  2.07  diag=+0.995  mix=[cap:115/ref:98/nl:107]  β=0.048  α_t=0.050  (1489s)
step  1700  L_grcl=  1.97  L_cov= 0.38  L_cons=0.000  L_tot=  2.08  diag=+0.995  mix=[cap:94/ref:118/nl:108]  β=0.048  α_t=0.050  (1506s)
step  1720  L_grcl=  2.01  L_cov= 0.39  L_cons=0.000  L_tot=  2.13  diag=+0.995  mix=[cap:102/ref:105/nl:113]  β=0.048  α_t=0.050  (1524s)
step  1740  L_grcl=  1.95  L_cov= 0.38  L_cons=0.000  L_tot=  2.07  diag=+0.995  mix=[cap:108/ref:111/nl:101]  β=0.048  α_t=0.050  (1541s)
step  1760  L_grcl=  2.02  L_cov= 0.38  L_cons=0.000  L_tot=  2.14  diag=+0.995  mix=[cap:114/ref:98/nl:108]  β=0.048  α_t=0.050  (1558s)
step  1780  L_grcl=  1.97  L_cov= 0.37  L_cons=0.000  L_tot=  2.09  diag=+0.995  mix=[cap:115/ref:92/nl:113]  β=0.048  α_t=0.050  (1575s)
step  1800  L_grcl=  1.90  L_cov= 0.37  L_cons=0.000  L_tot=  2.01  diag=+0.995  mix=[cap:115/ref:97/nl:108]  β=0.048  α_t=0.050  (1592s)
step  1820  L_grcl=  1.96  L_cov= 0.37  L_cons=0.000  L_tot=  2.07  diag=+0.995  mix=[cap:116/ref:109/nl:95]  β=0.048  α_t=0.050  (1610s)
step  1840  L_grcl=  2.00  L_cov= 0.38  L_cons=0.000  L_tot=  2.11  diag=+0.994  mix=[cap:90/ref:115/nl:115]  β=0.048  α_t=0.050  (1627s)
step  1860  L_grcl=  2.01  L_cov= 0.38  L_cons=0.000  L_tot=  2.13  diag=+0.995  mix=[cap:97/ref:120/nl:103]  β=0.048  α_t=0.050  (1644s)
step  1880  L_grcl=  1.91  L_cov= 0.37  L_cons=0.000  L_tot=  2.02  diag=+0.995  mix=[cap:108/ref:116/nl:96]  β=0.048  α_t=0.050  (1661s)
step  1900  L_grcl=  1.95  L_cov= 0.37  L_cons=0.000  L_tot=  2.06  diag=+0.994  mix=[cap:106/ref:111/nl:103]  β=0.048  α_t=0.050  (1678s)
step  1920  L_grcl=  1.97  L_cov= 0.36  L_cons=0.000  L_tot=  2.08  diag=+0.994  mix=[cap:94/ref:115/nl:111]  β=0.048  α_t=0.050  (1695s)
step  1940  L_grcl=  1.97  L_cov= 0.38  L_cons=0.000  L_tot=  2.08  diag=+0.995  mix=[cap:117/ref:98/nl:105]  β=0.049  α_t=0.050  (1713s)
step  1960  L_grcl=  1.96  L_cov= 0.37  L_cons=0.000  L_tot=  2.08  diag=+0.994  mix=[cap:99/ref:112/nl:109]  β=0.049  α_t=0.050  (1730s)
step  1980  L_grcl=  1.98  L_cov= 0.38  L_cons=0.000  L_tot=  2.10  diag=+0.995  mix=[cap:104/ref:98/nl:118]  β=0.049  α_t=0.050  (1746s)
step  2000  L_grcl=  1.92  L_cov= 0.38  L_cons=0.000  L_tot=  2.03  diag=+0.994  mix=[cap:107/ref:95/nl:118]  β=0.049  α_t=0.050  (1763s)

  [eval @ step 2000] held-out test-A...
    cap-fig cos: +0.9953  (Δ +0.8806)
    R@1/5/10: 9.0% / 42.5% / 75.0%  (Δ +9.0 / +42.5 / +75.0)

step  2020  L_grcl=  1.92  L_cov= 0.36  L_cons=0.000  L_tot=  2.03  diag=+0.994  mix=[cap:120/ref:91/nl:109]  β=0.049  α_t=0.050  (1796s)
step  2040  L_grcl=  1.97  L_cov= 0.37  L_cons=0.000  L_tot=  2.08  diag=+0.994  mix=[cap:104/ref:117/nl:99]  β=0.049  α_t=0.050  (1813s)
step  2060  L_grcl=  1.91  L_cov= 0.35  L_cons=0.000  L_tot=  2.01  diag=+0.995  mix=[cap:112/ref:110/nl:98]  β=0.049  α_t=0.051  (1829s)
step  2080  L_grcl=  1.95  L_cov= 0.38  L_cons=0.000  L_tot=  2.07  diag=+0.994  mix=[cap:112/ref:99/nl:109]  β=0.049  α_t=0.051  (1846s)
step  2100  L_grcl=  1.96  L_cov= 0.37  L_cons=0.000  L_tot=  2.08  diag=+0.995  mix=[cap:109/ref:108/nl:103]  β=0.049  α_t=0.051  (1863s)
step  2120  L_grcl=  1.93  L_cov= 0.35  L_cons=0.000  L_tot=  2.03  diag=+0.994  mix=[cap:119/ref:115/nl:86]  β=0.049  α_t=0.051  (1880s)
step  2140  L_grcl=  1.96  L_cov= 0.37  L_cons=0.000  L_tot=  2.07  diag=+0.994  mix=[cap:102/ref:111/nl:107]  β=0.049  α_t=0.051  (1897s)
step  2160  L_grcl=  1.98  L_cov= 0.37  L_cons=0.000  L_tot=  2.09  diag=+0.995  mix=[cap:96/ref:111/nl:113]  β=0.049  α_t=0.051  (1914s)
step  2180  L_grcl=  1.95  L_cov= 0.38  L_cons=0.000  L_tot=  2.06  diag=+0.995  mix=[cap:96/ref:114/nl:110]  β=0.049  α_t=0.051  (1931s)
step  2200  L_grcl=  1.97  L_cov= 0.37  L_cons=0.000  L_tot=  2.08  diag=+0.994  mix=[cap:92/ref:116/nl:112]  β=0.049  α_t=0.051  (1948s)
step  2220  L_grcl=  1.94  L_cov= 0.37  L_cons=0.000  L_tot=  2.05  diag=+0.995  mix=[cap:97/ref:110/nl:113]  β=0.049  α_t=0.051  (1965s)
step  2240  L_grcl=  2.01  L_cov= 0.39  L_cons=0.000  L_tot=  2.12  diag=+0.995  mix=[cap:95/ref:116/nl:109]  β=0.049  α_t=0.051  (1982s)
step  2260  L_grcl=  2.00  L_cov= 0.39  L_cons=0.000  L_tot=  2.12  diag=+0.995  mix=[cap:111/ref:94/nl:115]  β=0.049  α_t=0.051  (1999s)
step  2280  L_grcl=  1.95  L_cov= 0.37  L_cons=0.000  L_tot=  2.07  diag=+0.995  mix=[cap:93/ref:119/nl:108]  β=0.049  α_t=0.051  (2017s)
step  2300  L_grcl=  1.88  L_cov= 0.36  L_cons=0.000  L_tot=  1.99  diag=+0.994  mix=[cap:117/ref:102/nl:101]  β=0.049  α_t=0.051  (2034s)
step  2320  L_grcl=  1.96  L_cov= 0.35  L_cons=0.000  L_tot=  2.06  diag=+0.994  mix=[cap:113/ref:100/nl:107]  β=0.049  α_t=0.051  (2051s)
step  2340  L_grcl=  1.94  L_cov= 0.37  L_cons=0.000  L_tot=  2.06  diag=+0.994  mix=[cap:100/ref:105/nl:115]  β=0.049  α_t=0.051  (2068s)
step  2360  L_grcl=  1.93  L_cov= 0.37  L_cons=0.000  L_tot=  2.04  diag=+0.994  mix=[cap:108/ref:111/nl:101]  β=0.049  α_t=0.051  (2085s)
step  2380  L_grcl=  1.97  L_cov= 0.37  L_cons=0.000  L_tot=  2.08  diag=+0.995  mix=[cap:100/ref:110/nl:110]  β=0.049  α_t=0.051  (2102s)
step  2400  L_grcl=  1.94  L_cov= 0.38  L_cons=0.000  L_tot=  2.06  diag=+0.994  mix=[cap:103/ref:100/nl:117]  β=0.049  α_t=0.051  (2118s)
step  2420  L_grcl=  1.87  L_cov= 0.36  L_cons=0.000  L_tot=  1.98  diag=+0.994  mix=[cap:131/ref:95/nl:94]  β=0.049  α_t=0.051  (2135s)
step  2440  L_grcl=  1.98  L_cov= 0.36  L_cons=0.000  L_tot=  2.09  diag=+0.994  mix=[cap:112/ref:106/nl:102]  β=0.049  α_t=0.051  (2152s)
step  2460  L_grcl=  2.00  L_cov= 0.38  L_cons=0.000  L_tot=  2.11  diag=+0.995  mix=[cap:97/ref:114/nl:109]  β=0.049  α_t=0.051  (2169s)
step  2480  L_grcl=  1.93  L_cov= 0.37  L_cons=0.000  L_tot=  2.05  diag=+0.995  mix=[cap:119/ref:101/nl:100]  β=0.049  α_t=0.051  (2186s)
step  2500  L_grcl=  1.93  L_cov= 0.36  L_cons=0.000  L_tot=  2.04  diag=+0.994  mix=[cap:103/ref:115/nl:102]  β=0.049  α_t=0.051  (2204s)

  [eval @ step 2500] held-out test-A...
    cap-fig cos: +0.9953  (Δ +0.8805)
    R@1/5/10: 9.5% / 48.0% / 81.0%  (Δ +9.5 / +48.0 / +81.0)
    [ckpt saved @ step 2500 R@10=81.0%]

step  2520  L_grcl=  1.97  L_cov= 0.37  L_cons=0.000  L_tot=  2.08  diag=+0.995  mix=[cap:115/ref:108/nl:97]  β=0.049  α_t=0.051  (2238s)
step  2540  L_grcl=  1.96  L_cov= 0.38  L_cons=0.000  L_tot=  2.08  diag=+0.995  mix=[cap:97/ref:114/nl:109]  β=0.049  α_t=0.051  (2255s)
step  2560  L_grcl=  1.91  L_cov= 0.36  L_cons=0.000  L_tot=  2.02  diag=+0.994  mix=[cap:109/ref:93/nl:118]  β=0.049  α_t=0.051  (2273s)
step  2580  L_grcl=  1.89  L_cov= 0.36  L_cons=0.000  L_tot=  2.00  diag=+0.994  mix=[cap:108/ref:104/nl:108]  β=0.049  α_t=0.051  (2289s)
step  2600  L_grcl=  1.92  L_cov= 0.36  L_cons=0.000  L_tot=  2.02  diag=+0.994  mix=[cap:102/ref:121/nl:97]  β=0.049  α_t=0.051  (2306s)
step  2620  L_grcl=  1.90  L_cov= 0.36  L_cons=0.000  L_tot=  2.01  diag=+0.994  mix=[cap:102/ref:101/nl:117]  β=0.049  α_t=0.051  (2322s)
step  2640  L_grcl=  1.93  L_cov= 0.36  L_cons=0.000  L_tot=  2.04  diag=+0.994  mix=[cap:106/ref:104/nl:110]  β=0.049  α_t=0.051  (2340s)
step  2660  L_grcl=  1.92  L_cov= 0.36  L_cons=0.000  L_tot=  2.03  diag=+0.994  mix=[cap:105/ref:95/nl:120]  β=0.049  α_t=0.051  (2357s)
step  2680  L_grcl=  1.96  L_cov= 0.37  L_cons=0.000  L_tot=  2.07  diag=+0.994  mix=[cap:116/ref:100/nl:104]  β=0.049  α_t=0.051  (2374s)
step  2700  L_grcl=  1.89  L_cov= 0.35  L_cons=0.000  L_tot=  1.99  diag=+0.994  mix=[cap:103/ref:114/nl:103]  β=0.049  α_t=0.051  (2391s)
step  2720  L_grcl=  1.94  L_cov= 0.37  L_cons=0.000  L_tot=  2.05  diag=+0.993  mix=[cap:101/ref:96/nl:123]  β=0.049  α_t=0.051  (2408s)
step  2740  L_grcl=  1.86  L_cov= 0.36  L_cons=0.000  L_tot=  1.96  diag=+0.994  mix=[cap:112/ref:95/nl:113]  β=0.049  α_t=0.051  (2425s)
step  2760  L_grcl=  1.99  L_cov= 0.35  L_cons=0.000  L_tot=  2.10  diag=+0.994  mix=[cap:99/ref:129/nl:92]  β=0.049  α_t=0.051  (2442s)
step  2780  L_grcl=  1.92  L_cov= 0.36  L_cons=0.000  L_tot=  2.03  diag=+0.994  mix=[cap:106/ref:112/nl:102]  β=0.050  α_t=0.051  (2459s)
step  2800  L_grcl=  1.91  L_cov= 0.37  L_cons=0.000  L_tot=  2.02  diag=+0.995  mix=[cap:108/ref:114/nl:98]  β=0.050  α_t=0.051  (2477s)
step  2820  L_grcl=  1.92  L_cov= 0.35  L_cons=0.000  L_tot=  2.03  diag=+0.994  mix=[cap:116/ref:97/nl:107]  β=0.050  α_t=0.052  (2494s)
step  2840  L_grcl=  1.92  L_cov= 0.37  L_cons=0.000  L_tot=  2.03  diag=+0.994  mix=[cap:101/ref:103/nl:116]  β=0.050  α_t=0.052  (2510s)
step  2860  L_grcl=  1.98  L_cov= 0.37  L_cons=0.000  L_tot=  2.09  diag=+0.995  mix=[cap:112/ref:102/nl:106]  β=0.050  α_t=0.052  (2528s)
step  2880  L_grcl=  1.92  L_cov= 0.36  L_cons=0.000  L_tot=  2.03  diag=+0.995  mix=[cap:113/ref:117/nl:90]  β=0.050  α_t=0.052  (2545s)
step  2900  L_grcl=  1.96  L_cov= 0.36  L_cons=0.000  L_tot=  2.07  diag=+0.994  mix=[cap:106/ref:110/nl:104]  β=0.050  α_t=0.052  (2562s)
step  2920  L_grcl=  1.86  L_cov= 0.35  L_cons=0.000  L_tot=  1.97  diag=+0.994  mix=[cap:119/ref:102/nl:99]  β=0.050  α_t=0.052  (2579s)
step  2940  L_grcl=  1.86  L_cov= 0.34  L_cons=0.000  L_tot=  1.96  diag=+0.993  mix=[cap:106/ref:98/nl:116]  β=0.050  α_t=0.052  (2595s)
step  2960  L_grcl=  2.02  L_cov= 0.35  L_cons=0.000  L_tot=  2.12  diag=+0.994  mix=[cap:110/ref:106/nl:104]  β=0.050  α_t=0.052  (2612s)
step  2980  L_grcl=  1.90  L_cov= 0.36  L_cons=0.000  L_tot=  2.01  diag=+0.995  mix=[cap:111/ref:109/nl:100]  β=0.050  α_t=0.052  (2630s)
step  3000  L_grcl=  1.87  L_cov= 0.35  L_cons=0.000  L_tot=  1.98  diag=+0.993  mix=[cap:111/ref:110/nl:99]  β=0.050  α_t=0.052  (2647s)

  [eval @ step 3000] held-out test-A...
    cap-fig cos: +0.9945  (Δ +0.8797)
    R@1/5/10: 10.0% / 44.0% / 69.5%  (Δ +10.0 / +44.0 / +69.5)

step  3020  L_grcl=  1.94  L_cov= 0.36  L_cons=0.000  L_tot=  2.05  diag=+0.993  mix=[cap:96/ref:109/nl:115]  β=0.050  α_t=0.052  (2676s)
step  3040  L_grcl=  1.89  L_cov= 0.37  L_cons=0.000  L_tot=  2.00  diag=+0.993  mix=[cap:104/ref:104/nl:112]  β=0.050  α_t=0.052  (2693s)
step  3060  L_grcl=  1.93  L_cov= 0.34  L_cons=0.000  L_tot=  2.04  diag=+0.993  mix=[cap:101/ref:121/nl:98]  β=0.050  α_t=0.052  (2710s)
step  3080  L_grcl=  1.95  L_cov= 0.36  L_cons=0.000  L_tot=  2.06  diag=+0.994  mix=[cap:96/ref:116/nl:108]  β=0.050  α_t=0.052  (2727s)
step  3100  L_grcl=  1.93  L_cov= 0.36  L_cons=0.000  L_tot=  2.04  diag=+0.994  mix=[cap:106/ref:108/nl:106]  β=0.050  α_t=0.052  (2744s)
step  3120  L_grcl=  1.93  L_cov= 0.35  L_cons=0.000  L_tot=  2.03  diag=+0.994  mix=[cap:106/ref:119/nl:95]  β=0.050  α_t=0.052  (2761s)
step  3140  L_grcl=  1.90  L_cov= 0.37  L_cons=0.000  L_tot=  2.01  diag=+0.994  mix=[cap:115/ref:108/nl:97]  β=0.050  α_t=0.052  (2778s)
step  3160  L_grcl=  1.87  L_cov= 0.35  L_cons=0.000  L_tot=  1.98  diag=+0.993  mix=[cap:110/ref:105/nl:105]  β=0.050  α_t=0.052  (2796s)
step  3180  L_grcl=  1.92  L_cov= 0.35  L_cons=0.000  L_tot=  2.03  diag=+0.992  mix=[cap:92/ref:113/nl:115]  β=0.050  α_t=0.052  (2813s)
step  3200  L_grcl=  1.89  L_cov= 0.34  L_cons=0.000  L_tot=  1.99  diag=+0.993  mix=[cap:102/ref:118/nl:100]  β=0.050  α_t=0.052  (2830s)
step  3220  L_grcl=  1.87  L_cov= 0.34  L_cons=0.000  L_tot=  1.97  diag=+0.993  mix=[cap:111/ref:108/nl:101]  β=0.050  α_t=0.052  (2847s)
step  3240  L_grcl=  1.91  L_cov= 0.34  L_cons=0.000  L_tot=  2.01  diag=+0.993  mix=[cap:109/ref:100/nl:111]  β=0.050  α_t=0.052  (2865s)
step  3260  L_grcl=  1.91  L_cov= 0.35  L_cons=0.000  L_tot=  2.02  diag=+0.994  mix=[cap:115/ref:114/nl:91]  β=0.050  α_t=0.052  (2882s)
step  3280  L_grcl=  1.95  L_cov= 0.36  L_cons=0.000  L_tot=  2.06  diag=+0.994  mix=[cap:97/ref:115/nl:108]  β=0.050  α_t=0.052  (2899s)
step  3300  L_grcl=  1.93  L_cov= 0.37  L_cons=0.000  L_tot=  2.04  diag=+0.994  mix=[cap:98/ref:110/nl:112]  β=0.050  α_t=0.052  (2916s)
step  3320  L_grcl=  1.91  L_cov= 0.36  L_cons=0.000  L_tot=  2.02  diag=+0.994  mix=[cap:108/ref:116/nl:96]  β=0.050  α_t=0.052  (2934s)
step  3340  L_grcl=  1.92  L_cov= 0.35  L_cons=0.000  L_tot=  2.03  diag=+0.993  mix=[cap:102/ref:105/nl:113]  β=0.050  α_t=0.052  (2951s)
step  3360  L_grcl=  1.94  L_cov= 0.37  L_cons=0.000  L_tot=  2.05  diag=+0.994  mix=[cap:101/ref:115/nl:104]  β=0.050  α_t=0.052  (2968s)
step  3380  L_grcl=  1.90  L_cov= 0.34  L_cons=0.000  L_tot=  2.00  diag=+0.993  mix=[cap:113/ref:109/nl:98]  β=0.050  α_t=0.052  (2985s)
step  3400  L_grcl=  1.95  L_cov= 0.35  L_cons=0.000  L_tot=  2.06  diag=+0.994  mix=[cap:107/ref:126/nl:87]  β=0.050  α_t=0.052  (3002s)
step  3420  L_grcl=  1.93  L_cov= 0.38  L_cons=0.000  L_tot=  2.04  diag=+0.994  mix=[cap:103/ref:107/nl:110]  β=0.050  α_t=0.052  (3019s)
step  3440  L_grcl=  1.89  L_cov= 0.36  L_cons=0.000  L_tot=  1.99  diag=+0.993  mix=[cap:99/ref:104/nl:117]  β=0.050  α_t=0.052  (3036s)
step  3460  L_grcl=  1.86  L_cov= 0.34  L_cons=0.000  L_tot=  1.96  diag=+0.993  mix=[cap:106/ref:116/nl:98]  β=0.050  α_t=0.052  (3053s)
step  3480  L_grcl=  1.89  L_cov= 0.35  L_cons=0.000  L_tot=  1.99  diag=+0.993  mix=[cap:105/ref:110/nl:105]  β=0.051  α_t=0.052  (3070s)
step  3500  L_grcl=  1.90  L_cov= 0.34  L_cons=0.000  L_tot=  2.00  diag=+0.992  mix=[cap:106/ref:113/nl:101]  β=0.051  α_t=0.052  (3088s)

  [eval @ step 3500] held-out test-A...
    cap-fig cos: +0.9943  (Δ +0.8795)
    R@1/5/10: 9.0% / 55.0% / 82.5%  (Δ +9.0 / +55.0 / +82.5)
    [ckpt saved @ step 3500 R@10=82.5%]

step  3520  L_grcl=  1.92  L_cov= 0.35  L_cons=0.000  L_tot=  2.03  diag=+0.992  mix=[cap:98/ref:122/nl:100]  β=0.051  α_t=0.052  (3122s)
step  3540  L_grcl=  1.93  L_cov= 0.35  L_cons=0.000  L_tot=  2.04  diag=+0.993  mix=[cap:100/ref:117/nl:103]  β=0.051  α_t=0.052  (3138s)
step  3560  L_grcl=  1.92  L_cov= 0.35  L_cons=0.000  L_tot=  2.02  diag=+0.993  mix=[cap:107/ref:113/nl:100]  β=0.051  α_t=0.052  (3155s)
step  3580  L_grcl=  1.89  L_cov= 0.36  L_cons=0.000  L_tot=  1.99  diag=+0.993  mix=[cap:111/ref:91/nl:118]  β=0.051  α_t=0.052  (3171s)
step  3600  L_grcl=  1.85  L_cov= 0.35  L_cons=0.000  L_tot=  1.96  diag=+0.992  mix=[cap:104/ref:102/nl:114]  β=0.051  α_t=0.052  (3188s)
step  3620  L_grcl=  1.91  L_cov= 0.34  L_cons=0.000  L_tot=  2.02  diag=+0.992  mix=[cap:114/ref:96/nl:110]  β=0.051  α_t=0.052  (3205s)
step  3640  L_grcl=  1.94  L_cov= 0.35  L_cons=0.000  L_tot=  2.05  diag=+0.992  mix=[cap:87/ref:112/nl:121]  β=0.051  α_t=0.052  (3221s)
step  3660  L_grcl=  1.90  L_cov= 0.35  L_cons=0.000  L_tot=  2.00  diag=+0.992  mix=[cap:111/ref:101/nl:108]  β=0.051  α_t=0.053  (3238s)
step  3680  L_grcl=  1.88  L_cov= 0.35  L_cons=0.000  L_tot=  1.98  diag=+0.993  mix=[cap:114/ref:105/nl:101]  β=0.051  α_t=0.053  (3255s)
step  3700  L_grcl=  1.92  L_cov= 0.35  L_cons=0.000  L_tot=  2.03  diag=+0.993  mix=[cap:90/ref:134/nl:96]  β=0.051  α_t=0.053  (3272s)
step  3720  L_grcl=  1.90  L_cov= 0.36  L_cons=0.000  L_tot=  2.01  diag=+0.992  mix=[cap:112/ref:97/nl:111]  β=0.051  α_t=0.053  (3289s)
step  3740  L_grcl=  1.84  L_cov= 0.34  L_cons=0.000  L_tot=  1.95  diag=+0.992  mix=[cap:107/ref:97/nl:116]  β=0.051  α_t=0.053  (3306s)
step  3760  L_grcl=  1.91  L_cov= 0.32  L_cons=0.000  L_tot=  2.01  diag=+0.992  mix=[cap:110/ref:108/nl:102]  β=0.051  α_t=0.053  (3324s)
step  3780  L_grcl=  1.87  L_cov= 0.35  L_cons=0.000  L_tot=  1.98  diag=+0.992  mix=[cap:101/ref:114/nl:105]  β=0.051  α_t=0.053  (3341s)
step  3800  L_grcl=  1.90  L_cov= 0.35  L_cons=0.000  L_tot=  2.00  diag=+0.992  mix=[cap:95/ref:112/nl:113]  β=0.051  α_t=0.053  (3358s)
step  3820  L_grcl=  1.88  L_cov= 0.33  L_cons=0.000  L_tot=  1.98  diag=+0.992  mix=[cap:107/ref:109/nl:104]  β=0.051  α_t=0.053  (3375s)
step  3840  L_grcl=  1.86  L_cov= 0.34  L_cons=0.000  L_tot=  1.96  diag=+0.993  mix=[cap:113/ref:108/nl:99]  β=0.051  α_t=0.053  (3392s)
step  3860  L_grcl=  1.95  L_cov= 0.35  L_cons=0.000  L_tot=  2.06  diag=+0.993  mix=[cap:107/ref:121/nl:92]  β=0.051  α_t=0.053  (3410s)
step  3880  L_grcl=  1.91  L_cov= 0.36  L_cons=0.000  L_tot=  2.02  diag=+0.993  mix=[cap:100/ref:120/nl:100]  β=0.051  α_t=0.053  (3427s)
step  3900  L_grcl=  1.86  L_cov= 0.34  L_cons=0.000  L_tot=  1.96  diag=+0.992  mix=[cap:117/ref:104/nl:99]  β=0.051  α_t=0.053  (3445s)
step  3920  L_grcl=  1.84  L_cov= 0.33  L_cons=0.000  L_tot=  1.94  diag=+0.992  mix=[cap:113/ref:104/nl:103]  β=0.051  α_t=0.053  (3462s)
step  3940  L_grcl=  1.84  L_cov= 0.34  L_cons=0.000  L_tot=  1.94  diag=+0.992  mix=[cap:107/ref:116/nl:97]  β=0.051  α_t=0.053  (3479s)
step  3960  L_grcl=  1.84  L_cov= 0.34  L_cons=0.000  L_tot=  1.95  diag=+0.992  mix=[cap:103/ref:112/nl:105]  β=0.051  α_t=0.053  (3496s)
step  3980  L_grcl=  1.88  L_cov= 0.34  L_cons=0.000  L_tot=  1.98  diag=+0.992  mix=[cap:117/ref:112/nl:91]  β=0.051  α_t=0.053  (3513s)
step  4000  L_grcl=  1.88  L_cov= 0.35  L_cons=0.000  L_tot=  1.98  diag=+0.992  mix=[cap:104/ref:100/nl:116]  β=0.051  α_t=0.053  (3530s)

  [eval @ step 4000] held-out test-A...
    cap-fig cos: +0.9950  (Δ +0.8803)
    R@1/5/10: 16.0% / 62.0% / 82.5%  (Δ +16.0 / +62.0 / +82.5)

step  4020  L_grcl=  1.87  L_cov= 0.34  L_cons=0.000  L_tot=  1.98  diag=+0.993  mix=[cap:109/ref:103/nl:108]  β=0.051  α_t=0.053  (3560s)
step  4040  L_grcl=  1.90  L_cov= 0.35  L_cons=0.000  L_tot=  2.00  diag=+0.992  mix=[cap:108/ref:111/nl:101]  β=0.051  α_t=0.053  (3578s)
step  4060  L_grcl=  1.82  L_cov= 0.34  L_cons=0.000  L_tot=  1.93  diag=+0.992  mix=[cap:113/ref:97/nl:110]  β=0.051  α_t=0.053  (3595s)
step  4080  L_grcl=  1.87  L_cov= 0.34  L_cons=0.000  L_tot=  1.97  diag=+0.990  mix=[cap:102/ref:106/nl:112]  β=0.051  α_t=0.053  (3614s)
step  4100  L_grcl=  1.90  L_cov= 0.33  L_cons=0.000  L_tot=  2.00  diag=+0.993  mix=[cap:100/ref:120/nl:100]  β=0.051  α_t=0.053  (3631s)
step  4120  L_grcl=  1.89  L_cov= 0.34  L_cons=0.000  L_tot=  2.00  diag=+0.993  mix=[cap:104/ref:101/nl:115]  β=0.051  α_t=0.053  (3649s)
step  4140  L_grcl=  1.91  L_cov= 0.35  L_cons=0.000  L_tot=  2.01  diag=+0.993  mix=[cap:97/ref:117/nl:106]  β=0.051  α_t=0.053  (3667s)
step  4160  L_grcl=  1.88  L_cov= 0.34  L_cons=0.000  L_tot=  1.98  diag=+0.994  mix=[cap:109/ref:109/nl:102]  β=0.051  α_t=0.053  (3684s)
step  4180  L_grcl=  1.88  L_cov= 0.36  L_cons=0.000  L_tot=  1.98  diag=+0.992  mix=[cap:109/ref:109/nl:102]  β=0.052  α_t=0.053  (3702s)
step  4200  L_grcl=  1.81  L_cov= 0.35  L_cons=0.000  L_tot=  1.91  diag=+0.992  mix=[cap:105/ref:111/nl:104]  β=0.052  α_t=0.053  (3719s)
step  4220  L_grcl=  1.92  L_cov= 0.34  L_cons=0.000  L_tot=  2.02  diag=+0.992  mix=[cap:94/ref:122/nl:104]  β=0.052  α_t=0.053  (3737s)
step  4240  L_grcl=  1.88  L_cov= 0.35  L_cons=0.000  L_tot=  1.99  diag=+0.992  mix=[cap:99/ref:108/nl:113]  β=0.052  α_t=0.053  (3754s)
step  4260  L_grcl=  1.86  L_cov= 0.33  L_cons=0.000  L_tot=  1.96  diag=+0.991  mix=[cap:116/ref:99/nl:105]  β=0.052  α_t=0.053  (3772s)
step  4280  L_grcl=  1.83  L_cov= 0.35  L_cons=0.000  L_tot=  1.94  diag=+0.991  mix=[cap:114/ref:84/nl:122]  β=0.052  α_t=0.053  (3789s)
step  4300  L_grcl=  1.87  L_cov= 0.34  L_cons=0.000  L_tot=  1.97  diag=+0.992  mix=[cap:100/ref:105/nl:115]  β=0.052  α_t=0.053  (3807s)
step  4320  L_grcl=  1.86  L_cov= 0.33  L_cons=0.000  L_tot=  1.96  diag=+0.991  mix=[cap:96/ref:116/nl:108]  β=0.052  α_t=0.053  (3824s)
step  4340  L_grcl=  1.83  L_cov= 0.35  L_cons=0.000  L_tot=  1.94  diag=+0.992  mix=[cap:114/ref:99/nl:107]  β=0.052  α_t=0.053  (3842s)
step  4360  L_grcl=  1.89  L_cov= 0.34  L_cons=0.000  L_tot=  1.99  diag=+0.991  mix=[cap:92/ref:116/nl:112]  β=0.052  α_t=0.053  (3859s)
step  4380  L_grcl=  1.84  L_cov= 0.35  L_cons=0.000  L_tot=  1.95  diag=+0.991  mix=[cap:102/ref:92/nl:126]  β=0.052  α_t=0.053  (3876s)
step  4400  L_grcl=  1.80  L_cov= 0.32  L_cons=0.000  L_tot=  1.89  diag=+0.992  mix=[cap:115/ref:106/nl:99]  β=0.052  α_t=0.053  (3894s)
step  4420  L_grcl=  1.85  L_cov= 0.32  L_cons=0.000  L_tot=  1.95  diag=+0.991  mix=[cap:97/ref:114/nl:109]  β=0.052  α_t=0.053  (3910s)
step  4440  L_grcl=  1.90  L_cov= 0.34  L_cons=0.000  L_tot=  2.00  diag=+0.991  mix=[cap:117/ref:95/nl:108]  β=0.052  α_t=0.053  (3928s)
step  4460  L_grcl=  1.85  L_cov= 0.34  L_cons=0.000  L_tot=  1.95  diag=+0.991  mix=[cap:80/ref:124/nl:116]  β=0.052  α_t=0.053  (3945s)
step  4480  L_grcl=  1.88  L_cov= 0.34  L_cons=0.000  L_tot=  1.98  diag=+0.991  mix=[cap:97/ref:113/nl:110]  β=0.052  α_t=0.053  (3962s)
step  4500  L_grcl=  1.79  L_cov= 0.32  L_cons=0.000  L_tot=  1.89  diag=+0.992  mix=[cap:119/ref:104/nl:97]  β=0.052  α_t=0.053  (3980s)

  [eval @ step 4500] held-out test-A...
    cap-fig cos: +0.9948  (Δ +0.8801)
    R@1/5/10: 9.0% / 50.0% / 75.0%  (Δ +9.0 / +50.0 / +75.0)

step  4520  L_grcl=  1.87  L_cov= 0.34  L_cons=0.000  L_tot=  1.97  diag=+0.992  mix=[cap:107/ref:114/nl:99]  β=0.052  α_t=0.053  (4009s)
step  4540  L_grcl=  1.83  L_cov= 0.33  L_cons=0.000  L_tot=  1.93  diag=+0.991  mix=[cap:103/ref:109/nl:108]  β=0.052  α_t=0.053  (4026s)
step  4560  L_grcl=  1.85  L_cov= 0.33  L_cons=0.000  L_tot=  1.95  diag=+0.991  mix=[cap:96/ref:109/nl:115]  β=0.052  α_t=0.053  (4043s)
step  4580  L_grcl=  1.83  L_cov= 0.33  L_cons=0.000  L_tot=  1.93  diag=+0.991  mix=[cap:110/ref:100/nl:110]  β=0.052  α_t=0.053  (4060s)
step  4600  L_grcl=  1.88  L_cov= 0.33  L_cons=0.000  L_tot=  1.97  diag=+0.990  mix=[cap:117/ref:100/nl:103]  β=0.052  α_t=0.053  (4078s)
step  4620  L_grcl=  1.85  L_cov= 0.34  L_cons=0.000  L_tot=  1.95  diag=+0.991  mix=[cap:111/ref:114/nl:95]  β=0.052  α_t=0.054  (4095s)
step  4640  L_grcl=  1.81  L_cov= 0.32  L_cons=0.000  L_tot=  1.90  diag=+0.991  mix=[cap:117/ref:105/nl:98]  β=0.052  α_t=0.054  (4112s)
step  4660  L_grcl=  1.87  L_cov= 0.33  L_cons=0.000  L_tot=  1.97  diag=+0.992  mix=[cap:93/ref:121/nl:106]  β=0.052  α_t=0.054  (4130s)
step  4680  L_grcl=  1.85  L_cov= 0.33  L_cons=0.000  L_tot=  1.95  diag=+0.991  mix=[cap:121/ref:101/nl:98]  β=0.052  α_t=0.054  (4147s)
step  4700  L_grcl=  1.87  L_cov= 0.35  L_cons=0.000  L_tot=  1.97  diag=+0.991  mix=[cap:105/ref:125/nl:90]  β=0.052  α_t=0.054  (4165s)
step  4720  L_grcl=  1.87  L_cov= 0.32  L_cons=0.000  L_tot=  1.96  diag=+0.991  mix=[cap:97/ref:114/nl:109]  β=0.052  α_t=0.054  (4183s)
step  4740  L_grcl=  1.85  L_cov= 0.35  L_cons=0.000  L_tot=  1.96  diag=+0.992  mix=[cap:105/ref:98/nl:117]  β=0.052  α_t=0.054  (4200s)
step  4760  L_grcl=  1.89  L_cov= 0.35  L_cons=0.000  L_tot=  2.00  diag=+0.992  mix=[cap:108/ref:114/nl:98]  β=0.052  α_t=0.054  (4217s)
step  4780  L_grcl=  1.82  L_cov= 0.32  L_cons=0.000  L_tot=  1.92  diag=+0.991  mix=[cap:102/ref:118/nl:100]  β=0.052  α_t=0.054  (4234s)
step  4800  L_grcl=  1.78  L_cov= 0.32  L_cons=0.000  L_tot=  1.88  diag=+0.991  mix=[cap:101/ref:111/nl:108]  β=0.052  α_t=0.054  (4251s)
step  4820  L_grcl=  1.78  L_cov= 0.33  L_cons=0.000  L_tot=  1.88  diag=+0.990  mix=[cap:121/ref:97/nl:102]  β=0.053  α_t=0.054  (4269s)
step  4840  L_grcl=  1.89  L_cov= 0.32  L_cons=0.000  L_tot=  1.99  diag=+0.990  mix=[cap:102/ref:109/nl:109]  β=0.053  α_t=0.054  (4287s)
step  4860  L_grcl=  1.87  L_cov= 0.34  L_cons=0.000  L_tot=  1.98  diag=+0.991  mix=[cap:99/ref:121/nl:100]  β=0.053  α_t=0.054  (4304s)
step  4880  L_grcl=  1.86  L_cov= 0.33  L_cons=0.000  L_tot=  1.96  diag=+0.991  mix=[cap:109/ref:108/nl:103]  β=0.053  α_t=0.054  (4322s)
step  4900  L_grcl=  1.86  L_cov= 0.33  L_cons=0.000  L_tot=  1.96  diag=+0.992  mix=[cap:114/ref:114/nl:92]  β=0.053  α_t=0.054  (4340s)
step  4920  L_grcl=  1.86  L_cov= 0.34  L_cons=0.000  L_tot=  1.96  diag=+0.991  mix=[cap:114/ref:108/nl:98]  β=0.053  α_t=0.054  (4357s)
step  4940  L_grcl=  1.79  L_cov= 0.32  L_cons=0.000  L_tot=  1.88  diag=+0.991  mix=[cap:114/ref:104/nl:102]  β=0.053  α_t=0.054  (4375s)
step  4960  L_grcl=  1.88  L_cov= 0.33  L_cons=0.000  L_tot=  1.97  diag=+0.991  mix=[cap:116/ref:114/nl:90]  β=0.053  α_t=0.054  (4392s)
step  4980  L_grcl=  1.82  L_cov= 0.33  L_cons=0.000  L_tot=  1.92  diag=+0.991  mix=[cap:106/ref:96/nl:118]  β=0.053  α_t=0.054  (4410s)
step  5000  L_grcl=  1.85  L_cov= 0.32  L_cons=0.000  L_tot=  1.94  diag=+0.991  mix=[cap:102/ref:117/nl:101]  β=0.053  α_t=0.054  (4427s)

  [eval @ step 5000] held-out test-A...
    cap-fig cos: +0.9954  (Δ +0.8807)
    R@1/5/10: 16.5% / 60.0% / 82.0%  (Δ +16.5 / +60.0 / +82.0)

step  5020  L_grcl=  1.82  L_cov= 0.32  L_cons=0.000  L_tot=  1.92  diag=+0.990  mix=[cap:117/ref:95/nl:108]  β=0.053  α_t=0.054  (4457s)
step  5040  L_grcl=  1.90  L_cov= 0.34  L_cons=0.000  L_tot=  2.00  diag=+0.990  mix=[cap:78/ref:118/nl:124]  β=0.053  α_t=0.054  (4474s)
step  5060  L_grcl=  1.79  L_cov= 0.34  L_cons=0.000  L_tot=  1.89  diag=+0.991  mix=[cap:115/ref:100/nl:105]  β=0.053  α_t=0.054  (4492s)
step  5080  L_grcl=  1.84  L_cov= 0.33  L_cons=0.000  L_tot=  1.94  diag=+0.990  mix=[cap:88/ref:125/nl:107]  β=0.053  α_t=0.054  (4509s)
step  5100  L_grcl=  1.78  L_cov= 0.32  L_cons=0.000  L_tot=  1.87  diag=+0.991  mix=[cap:105/ref:106/nl:109]  β=0.053  α_t=0.054  (4526s)
step  5120  L_grcl=  1.86  L_cov= 0.33  L_cons=0.000  L_tot=  1.96  diag=+0.990  mix=[cap:104/ref:113/nl:103]  β=0.053  α_t=0.054  (4543s)
step  5140  L_grcl=  1.77  L_cov= 0.32  L_cons=0.000  L_tot=  1.86  diag=+0.991  mix=[cap:125/ref:105/nl:90]  β=0.053  α_t=0.054  (4561s)
step  5160  L_grcl=  1.79  L_cov= 0.32  L_cons=0.000  L_tot=  1.89  diag=+0.990  mix=[cap:111/ref:102/nl:107]  β=0.053  α_t=0.054  (4579s)
step  5180  L_grcl=  1.85  L_cov= 0.32  L_cons=0.000  L_tot=  1.95  diag=+0.990  mix=[cap:101/ref:116/nl:103]  β=0.053  α_t=0.054  (4596s)
step  5200  L_grcl=  1.84  L_cov= 0.32  L_cons=0.000  L_tot=  1.94  diag=+0.992  mix=[cap:114/ref:110/nl:96]  β=0.053  α_t=0.054  (4613s)
step  5220  L_grcl=  1.85  L_cov= 0.33  L_cons=0.000  L_tot=  1.95  diag=+0.991  mix=[cap:104/ref:110/nl:106]  β=0.053  α_t=0.054  (4631s)
step  5240  L_grcl=  1.80  L_cov= 0.32  L_cons=0.000  L_tot=  1.90  diag=+0.991  mix=[cap:112/ref:118/nl:90]  β=0.053  α_t=0.054  (4648s)
step  5260  L_grcl=  1.81  L_cov= 0.33  L_cons=0.000  L_tot=  1.91  diag=+0.992  mix=[cap:109/ref:120/nl:91]  β=0.053  α_t=0.054  (4666s)
step  5280  L_grcl=  1.84  L_cov= 0.32  L_cons=0.000  L_tot=  1.93  diag=+0.989  mix=[cap:107/ref:103/nl:110]  β=0.053  α_t=0.054  (4683s)
step  5300  L_grcl=  1.80  L_cov= 0.32  L_cons=0.000  L_tot=  1.89  diag=+0.990  mix=[cap:124/ref:86/nl:110]  β=0.053  α_t=0.054  (4700s)
step  5320  L_grcl=  1.83  L_cov= 0.32  L_cons=0.000  L_tot=  1.92  diag=+0.992  mix=[cap:107/ref:118/nl:95]  β=0.053  α_t=0.054  (4718s)
step  5340  L_grcl=  1.79  L_cov= 0.34  L_cons=0.000  L_tot=  1.89  diag=+0.990  mix=[cap:117/ref:95/nl:108]  β=0.053  α_t=0.054  (4736s)
step  5360  L_grcl=  1.79  L_cov= 0.31  L_cons=0.000  L_tot=  1.88  diag=+0.989  mix=[cap:124/ref:102/nl:94]  β=0.053  α_t=0.054  (4753s)
step  5380  L_grcl=  1.76  L_cov= 0.31  L_cons=0.000  L_tot=  1.85  diag=+0.992  mix=[cap:127/ref:109/nl:84]  β=0.053  α_t=0.054  (4770s)
step  5400  L_grcl=  1.82  L_cov= 0.33  L_cons=0.000  L_tot=  1.92  diag=+0.991  mix=[cap:99/ref:113/nl:108]  β=0.053  α_t=0.054  (4788s)
step  5420  L_grcl=  1.80  L_cov= 0.32  L_cons=0.000  L_tot=  1.89  diag=+0.990  mix=[cap:102/ref:90/nl:128]  β=0.053  α_t=0.054  (4804s)
step  5440  L_grcl=  1.84  L_cov= 0.31  L_cons=0.000  L_tot=  1.93  diag=+0.989  mix=[cap:93/ref:117/nl:110]  β=0.053  α_t=0.054  (4822s)
step  5460  L_grcl=  1.80  L_cov= 0.33  L_cons=0.000  L_tot=  1.90  diag=+0.990  mix=[cap:106/ref:115/nl:99]  β=0.054  α_t=0.054  (4839s)
step  5480  L_grcl=  1.76  L_cov= 0.32  L_cons=0.000  L_tot=  1.86  diag=+0.990  mix=[cap:106/ref:99/nl:115]  β=0.054  α_t=0.054  (4857s)
step  5500  L_grcl=  1.81  L_cov= 0.32  L_cons=0.000  L_tot=  1.90  diag=+0.992  mix=[cap:125/ref:112/nl:83]  β=0.054  α_t=0.054  (4874s)

  [eval @ step 5500] held-out test-A...
    cap-fig cos: +0.9948  (Δ +0.8801)
    R@1/5/10: 17.0% / 59.0% / 82.0%  (Δ +17.0 / +59.0 / +82.0)

step  5520  L_grcl=  1.81  L_cov= 0.32  L_cons=0.000  L_tot=  1.91  diag=+0.990  mix=[cap:104/ref:109/nl:107]  β=0.054  α_t=0.054  (4902s)
step  5540  L_grcl=  1.84  L_cov= 0.34  L_cons=0.000  L_tot=  1.94  diag=+0.991  mix=[cap:100/ref:103/nl:117]  β=0.054  α_t=0.054  (4920s)
step  5560  L_grcl=  1.86  L_cov= 0.33  L_cons=0.000  L_tot=  1.96  diag=+0.991  mix=[cap:124/ref:102/nl:94]  β=0.054  α_t=0.054  (4937s)
step  5580  L_grcl=  1.79  L_cov= 0.31  L_cons=0.000  L_tot=  1.88  diag=+0.991  mix=[cap:104/ref:114/nl:102]  β=0.054  α_t=0.055  (4954s)
step  5600  L_grcl=  1.84  L_cov= 0.31  L_cons=0.000  L_tot=  1.93  diag=+0.990  mix=[cap:102/ref:115/nl:103]  β=0.054  α_t=0.055  (4972s)
step  5620  L_grcl=  1.78  L_cov= 0.31  L_cons=0.000  L_tot=  1.88  diag=+0.990  mix=[cap:88/ref:125/nl:107]  β=0.054  α_t=0.055  (4989s)
step  5640  L_grcl=  1.74  L_cov= 0.32  L_cons=0.000  L_tot=  1.84  diag=+0.990  mix=[cap:119/ref:103/nl:98]  β=0.054  α_t=0.055  (5006s)
step  5660  L_grcl=  1.78  L_cov= 0.30  L_cons=0.000  L_tot=  1.87  diag=+0.990  mix=[cap:105/ref:112/nl:103]  β=0.054  α_t=0.055  (5023s)
step  5680  L_grcl=  1.82  L_cov= 0.32  L_cons=0.000  L_tot=  1.92  diag=+0.990  mix=[cap:94/ref:123/nl:103]  β=0.054  α_t=0.055  (5040s)
step  5700  L_grcl=  1.77  L_cov= 0.31  L_cons=0.000  L_tot=  1.87  diag=+0.990  mix=[cap:112/ref:104/nl:104]  β=0.054  α_t=0.055  (5057s)
step  5720  L_grcl=  1.85  L_cov= 0.33  L_cons=0.000  L_tot=  1.95  diag=+0.989  mix=[cap:106/ref:108/nl:106]  β=0.054  α_t=0.055  (5075s)
step  5740  L_grcl=  1.79  L_cov= 0.31  L_cons=0.000  L_tot=  1.88  diag=+0.988  mix=[cap:111/ref:100/nl:109]  β=0.054  α_t=0.055  (5092s)
step  5760  L_grcl=  1.82  L_cov= 0.33  L_cons=0.000  L_tot=  1.92  diag=+0.989  mix=[cap:90/ref:113/nl:117]  β=0.054  α_t=0.055  (5109s)
step  5780  L_grcl=  1.81  L_cov= 0.30  L_cons=0.000  L_tot=  1.90  diag=+0.990  mix=[cap:109/ref:102/nl:109]  β=0.054  α_t=0.055  (5126s)
step  5800  L_grcl=  1.77  L_cov= 0.32  L_cons=0.000  L_tot=  1.86  diag=+0.989  mix=[cap:116/ref:98/nl:106]  β=0.054  α_t=0.055  (5144s)
step  5820  L_grcl=  1.78  L_cov= 0.32  L_cons=0.000  L_tot=  1.88  diag=+0.989  mix=[cap:101/ref:114/nl:105]  β=0.054  α_t=0.055  (5162s)
step  5840  L_grcl=  1.83  L_cov= 0.32  L_cons=0.000  L_tot=  1.92  diag=+0.989  mix=[cap:113/ref:101/nl:106]  β=0.054  α_t=0.055  (5179s)
step  5860  L_grcl=  1.82  L_cov= 0.33  L_cons=0.000  L_tot=  1.92  diag=+0.991  mix=[cap:103/ref:122/nl:95]  β=0.054  α_t=0.055  (5196s)
step  5880  L_grcl=  1.83  L_cov= 0.32  L_cons=0.000  L_tot=  1.93  diag=+0.990  mix=[cap:102/ref:119/nl:99]  β=0.054  α_t=0.055  (5214s)
step  5900  L_grcl=  1.83  L_cov= 0.33  L_cons=0.000  L_tot=  1.93  diag=+0.990  mix=[cap:101/ref:109/nl:110]  β=0.054  α_t=0.055  (5231s)
step  5920  L_grcl=  1.80  L_cov= 0.31  L_cons=0.000  L_tot=  1.89  diag=+0.991  mix=[cap:116/ref:112/nl:92]  β=0.054  α_t=0.055  (5248s)
step  5940  L_grcl=  1.79  L_cov= 0.32  L_cons=0.000  L_tot=  1.88  diag=+0.991  mix=[cap:109/ref:109/nl:102]  β=0.054  α_t=0.055  (5266s)
step  5960  L_grcl=  1.73  L_cov= 0.29  L_cons=0.000  L_tot=  1.82  diag=+0.989  mix=[cap:106/ref:107/nl:107]  β=0.054  α_t=0.055  (5283s)
step  5980  L_grcl=  1.81  L_cov= 0.32  L_cons=0.000  L_tot=  1.90  diag=+0.988  mix=[cap:105/ref:121/nl:94]  β=0.054  α_t=0.055  (5300s)
step  6000  L_grcl=  1.83  L_cov= 0.31  L_cons=0.000  L_tot=  1.92  diag=+0.990  mix=[cap:99/ref:111/nl:110]  β=0.054  α_t=0.055  (5318s)

  [eval @ step 6000] held-out test-A...
    cap-fig cos: +0.9949  (Δ +0.8802)
    R@1/5/10: 13.5% / 63.5% / 88.0%  (Δ +13.5 / +63.5 / +88.0)
    [ckpt saved @ step 6000 R@10=88.0%]

step  6020  L_grcl=  1.79  L_cov= 0.31  L_cons=0.000  L_tot=  1.88  diag=+0.991  mix=[cap:105/ref:115/nl:100]  β=0.054  α_t=0.055  (5351s)
step  6040  L_grcl=  1.79  L_cov= 0.31  L_cons=0.000  L_tot=  1.89  diag=+0.990  mix=[cap:94/ref:108/nl:118]  β=0.054  α_t=0.055  (5368s)
step  6060  L_grcl=  1.83  L_cov= 0.33  L_cons=0.000  L_tot=  1.93  diag=+0.992  mix=[cap:102/ref:117/nl:101]  β=0.054  α_t=0.055  (5385s)
step  6080  L_grcl=  1.78  L_cov= 0.32  L_cons=0.000  L_tot=  1.88  diag=+0.991  mix=[cap:116/ref:103/nl:101]  β=0.055  α_t=0.055  (5402s)
step  6100  L_grcl=  1.82  L_cov= 0.30  L_cons=0.000  L_tot=  1.91  diag=+0.990  mix=[cap:100/ref:115/nl:105]  β=0.055  α_t=0.055  (5419s)
step  6120  L_grcl=  1.83  L_cov= 0.32  L_cons=0.000  L_tot=  1.93  diag=+0.992  mix=[cap:107/ref:99/nl:114]  β=0.055  α_t=0.055  (5435s)
step  6140  L_grcl=  1.82  L_cov= 0.33  L_cons=0.000  L_tot=  1.92  diag=+0.991  mix=[cap:100/ref:109/nl:111]  β=0.055  α_t=0.055  (5453s)
step  6160  L_grcl=  1.87  L_cov= 0.34  L_cons=0.000  L_tot=  1.97  diag=+0.990  mix=[cap:100/ref:113/nl:107]  β=0.055  α_t=0.055  (5470s)
step  6180  L_grcl=  1.79  L_cov= 0.31  L_cons=0.000  L_tot=  1.89  diag=+0.990  mix=[cap:104/ref:114/nl:102]  β=0.055  α_t=0.055  (5488s)
step  6200  L_grcl=  1.83  L_cov= 0.32  L_cons=0.000  L_tot=  1.92  diag=+0.989  mix=[cap:97/ref:119/nl:104]  β=0.055  α_t=0.055  (5505s)
step  6220  L_grcl=  1.82  L_cov= 0.31  L_cons=0.000  L_tot=  1.91  diag=+0.990  mix=[cap:117/ref:112/nl:91]  β=0.055  α_t=0.055  (5522s)
step  6240  L_grcl=  1.79  L_cov= 0.32  L_cons=0.000  L_tot=  1.89  diag=+0.990  mix=[cap:105/ref:107/nl:108]  β=0.055  α_t=0.055  (5540s)
step  6260  L_grcl=  1.80  L_cov= 0.31  L_cons=0.000  L_tot=  1.89  diag=+0.990  mix=[cap:108/ref:115/nl:97]  β=0.055  α_t=0.055  (5557s)
step  6280  L_grcl=  1.85  L_cov= 0.32  L_cons=0.000  L_tot=  1.95  diag=+0.990  mix=[cap:114/ref:110/nl:96]  β=0.055  α_t=0.055  (5574s)
step  6300  L_grcl=  1.84  L_cov= 0.34  L_cons=0.000  L_tot=  1.95  diag=+0.990  mix=[cap:99/ref:109/nl:112]  β=0.055  α_t=0.055  (5592s)
step  6320  L_grcl=  1.80  L_cov= 0.31  L_cons=0.000  L_tot=  1.89  diag=+0.990  mix=[cap:127/ref:97/nl:96]  β=0.055  α_t=0.055  (5609s)
step  6340  L_grcl=  1.81  L_cov= 0.32  L_cons=0.000  L_tot=  1.90  diag=+0.991  mix=[cap:110/ref:117/nl:93]  β=0.055  α_t=0.055  (5627s)
step  6360  L_grcl=  1.82  L_cov= 0.32  L_cons=0.000  L_tot=  1.91  diag=+0.991  mix=[cap:111/ref:105/nl:104]  β=0.055  α_t=0.055  (5644s)
step  6380  L_grcl=  1.82  L_cov= 0.32  L_cons=0.000  L_tot=  1.92  diag=+0.991  mix=[cap:101/ref:112/nl:107]  β=0.055  α_t=0.055  (5661s)
step  6400  L_grcl=  1.80  L_cov= 0.31  L_cons=0.000  L_tot=  1.90  diag=+0.991  mix=[cap:103/ref:107/nl:110]  β=0.055  α_t=0.055  (5678s)
step  6420  L_grcl=  1.77  L_cov= 0.31  L_cons=0.000  L_tot=  1.86  diag=+0.989  mix=[cap:97/ref:111/nl:112]  β=0.055  α_t=0.055  (5696s)
step  6440  L_grcl=  1.77  L_cov= 0.32  L_cons=0.000  L_tot=  1.86  diag=+0.989  mix=[cap:102/ref:118/nl:100]  β=0.055  α_t=0.055  (5713s)
step  6460  L_grcl=  1.84  L_cov= 0.32  L_cons=0.000  L_tot=  1.93  diag=+0.989  mix=[cap:103/ref:117/nl:100]  β=0.055  α_t=0.055  (5730s)
step  6480  L_grcl=  1.81  L_cov= 0.32  L_cons=0.000  L_tot=  1.90  diag=+0.990  mix=[cap:109/ref:112/nl:99]  β=0.055  α_t=0.055  (5748s)
step  6500  L_grcl=  1.77  L_cov= 0.31  L_cons=0.000  L_tot=  1.86  diag=+0.989  mix=[cap:91/ref:124/nl:105]  β=0.055  α_t=0.055  (5766s)

  [eval @ step 6500] held-out test-A...
    cap-fig cos: +0.9945  (Δ +0.8798)
    R@1/5/10: 13.0% / 56.0% / 83.5%  (Δ +13.0 / +56.0 / +83.5)

step  6520  L_grcl=  1.72  L_cov= 0.30  L_cons=0.000  L_tot=  1.81  diag=+0.988  mix=[cap:98/ref:118/nl:104]  β=0.055  α_t=0.055  (5795s)
step  6540  L_grcl=  1.77  L_cov= 0.32  L_cons=0.000  L_tot=  1.87  diag=+0.990  mix=[cap:109/ref:111/nl:100]  β=0.055  α_t=0.055  (5812s)
step  6560  L_grcl=  1.76  L_cov= 0.30  L_cons=0.000  L_tot=  1.85  diag=+0.990  mix=[cap:115/ref:114/nl:91]  β=0.055  α_t=0.056  (5829s)
step  6580  L_grcl=  1.78  L_cov= 0.31  L_cons=0.000  L_tot=  1.88  diag=+0.990  mix=[cap:98/ref:115/nl:107]  β=0.055  α_t=0.056  (5846s)
step  6600  L_grcl=  1.77  L_cov= 0.32  L_cons=0.000  L_tot=  1.87  diag=+0.990  mix=[cap:112/ref:111/nl:97]  β=0.055  α_t=0.056  (5864s)
step  6620  L_grcl=  1.84  L_cov= 0.31  L_cons=0.000  L_tot=  1.93  diag=+0.991  mix=[cap:99/ref:107/nl:114]  β=0.055  α_t=0.056  (5881s)
step  6640  L_grcl=  1.80  L_cov= 0.32  L_cons=0.000  L_tot=  1.89  diag=+0.989  mix=[cap:103/ref:114/nl:103]  β=0.055  α_t=0.056  (5898s)
step  6660  L_grcl=  1.82  L_cov= 0.32  L_cons=0.000  L_tot=  1.92  diag=+0.991  mix=[cap:101/ref:107/nl:112]  β=0.055  α_t=0.056  (5916s)
step  6680  L_grcl=  1.79  L_cov= 0.32  L_cons=0.000  L_tot=  1.89  diag=+0.991  mix=[cap:88/ref:113/nl:119]  β=0.056  α_t=0.056  (5933s)
step  6700  L_grcl=  1.78  L_cov= 0.31  L_cons=0.000  L_tot=  1.87  diag=+0.989  mix=[cap:99/ref:114/nl:107]  β=0.056  α_t=0.056  (5950s)
step  6720  L_grcl=  1.76  L_cov= 0.30  L_cons=0.000  L_tot=  1.85  diag=+0.989  mix=[cap:101/ref:114/nl:105]  β=0.056  α_t=0.056  (5967s)
step  6740  L_grcl=  1.80  L_cov= 0.31  L_cons=0.000  L_tot=  1.89  diag=+0.987  mix=[cap:94/ref:112/nl:114]  β=0.056  α_t=0.056  (5985s)
step  6760  L_grcl=  1.79  L_cov= 0.32  L_cons=0.000  L_tot=  1.89  diag=+0.990  mix=[cap:110/ref:111/nl:99]  β=0.056  α_t=0.056  (6002s)
step  6780  L_grcl=  1.81  L_cov= 0.32  L_cons=0.000  L_tot=  1.90  diag=+0.990  mix=[cap:102/ref:120/nl:98]  β=0.056  α_t=0.056  (6020s)
step  6800  L_grcl=  1.77  L_cov= 0.32  L_cons=0.000  L_tot=  1.87  diag=+0.989  mix=[cap:110/ref:105/nl:105]  β=0.056  α_t=0.056  (6037s)
step  6820  L_grcl=  1.85  L_cov= 0.31  L_cons=0.000  L_tot=  1.95  diag=+0.989  mix=[cap:99/ref:109/nl:112]  β=0.056  α_t=0.056  (6054s)
step  6840  L_grcl=  1.78  L_cov= 0.31  L_cons=0.000  L_tot=  1.88  diag=+0.990  mix=[cap:109/ref:109/nl:102]  β=0.056  α_t=0.056  (6072s)
step  6860  L_grcl=  1.78  L_cov= 0.31  L_cons=0.000  L_tot=  1.88  diag=+0.987  mix=[cap:91/ref:114/nl:115]  β=0.056  α_t=0.056  (6089s)
step  6880  L_grcl=  1.77  L_cov= 0.30  L_cons=0.000  L_tot=  1.86  diag=+0.990  mix=[cap:111/ref:113/nl:96]  β=0.056  α_t=0.056  (6106s)
step  6900  L_grcl=  1.79  L_cov= 0.31  L_cons=0.000  L_tot=  1.89  diag=+0.990  mix=[cap:102/ref:99/nl:119]  β=0.056  α_t=0.056  (6123s)
step  6920  L_grcl=  1.78  L_cov= 0.31  L_cons=0.000  L_tot=  1.87  diag=+0.989  mix=[cap:119/ref:94/nl:107]  β=0.056  α_t=0.056  (6141s)
step  6940  L_grcl=  1.79  L_cov= 0.31  L_cons=0.000  L_tot=  1.89  diag=+0.990  mix=[cap:109/ref:119/nl:92]  β=0.056  α_t=0.056  (6158s)
step  6960  L_grcl=  1.75  L_cov= 0.30  L_cons=0.000  L_tot=  1.84  diag=+0.990  mix=[cap:116/ref:103/nl:101]  β=0.056  α_t=0.056  (6176s)
step  6980  L_grcl=  1.77  L_cov= 0.31  L_cons=0.000  L_tot=  1.87  diag=+0.990  mix=[cap:102/ref:111/nl:107]  β=0.056  α_t=0.056  (6193s)
step  7000  L_grcl=  1.78  L_cov= 0.31  L_cons=0.000  L_tot=  1.88  diag=+0.990  mix=[cap:110/ref:100/nl:110]  β=0.056  α_t=0.056  (6210s)

  [eval @ step 7000] held-out test-A...
    cap-fig cos: +0.9949  (Δ +0.8802)
    R@1/5/10: 17.5% / 65.5% / 87.0%  (Δ +17.5 / +65.5 / +87.0)

step  7020  L_grcl=  1.79  L_cov= 0.32  L_cons=0.000  L_tot=  1.88  diag=+0.990  mix=[cap:98/ref:110/nl:112]  β=0.056  α_t=0.056  (6240s)
step  7040  L_grcl=  1.74  L_cov= 0.30  L_cons=0.000  L_tot=  1.83  diag=+0.990  mix=[cap:111/ref:103/nl:106]  β=0.056  α_t=0.056  (6257s)
step  7060  L_grcl=  1.90  L_cov= 0.30  L_cons=0.000  L_tot=  1.99  diag=+0.988  mix=[cap:96/ref:112/nl:112]  β=0.056  α_t=0.056  (6274s)
step  7080  L_grcl=  1.79  L_cov= 0.32  L_cons=0.000  L_tot=  1.88  diag=+0.991  mix=[cap:108/ref:110/nl:102]  β=0.056  α_t=0.056  (6291s)
step  7100  L_grcl=  1.79  L_cov= 0.31  L_cons=0.000  L_tot=  1.88  diag=+0.988  mix=[cap:97/ref:103/nl:120]  β=0.056  α_t=0.056  (6309s)
step  7120  L_grcl=  1.76  L_cov= 0.31  L_cons=0.000  L_tot=  1.86  diag=+0.990  mix=[cap:100/ref:119/nl:101]  β=0.056  α_t=0.056  (6326s)
step  7140  L_grcl=  1.80  L_cov= 0.31  L_cons=0.000  L_tot=  1.89  diag=+0.988  mix=[cap:111/ref:100/nl:109]  β=0.056  α_t=0.056  (6344s)
step  7160  L_grcl=  1.79  L_cov= 0.31  L_cons=0.000  L_tot=  1.88  diag=+0.989  mix=[cap:108/ref:118/nl:94]  β=0.056  α_t=0.056  (6361s)
step  7180  L_grcl=  1.74  L_cov= 0.30  L_cons=0.000  L_tot=  1.83  diag=+0.990  mix=[cap:115/ref:104/nl:101]  β=0.056  α_t=0.056  (6378s)
step  7200  L_grcl=  1.78  L_cov= 0.31  L_cons=0.000  L_tot=  1.87  diag=+0.989  mix=[cap:105/ref:106/nl:109]  β=0.056  α_t=0.056  (6396s)
step  7220  L_grcl=  1.81  L_cov= 0.32  L_cons=0.000  L_tot=  1.91  diag=+0.990  mix=[cap:116/ref:100/nl:104]  β=0.056  α_t=0.056  (6413s)
step  7240  L_grcl=  1.76  L_cov= 0.31  L_cons=0.000  L_tot=  1.85  diag=+0.989  mix=[cap:114/ref:106/nl:100]  β=0.056  α_t=0.056  (6430s)
step  7260  L_grcl=  1.78  L_cov= 0.31  L_cons=0.000  L_tot=  1.87  diag=+0.989  mix=[cap:101/ref:101/nl:118]  β=0.056  α_t=0.056  (6448s)
step  7280  L_grcl=  1.71  L_cov= 0.31  L_cons=0.000  L_tot=  1.80  diag=+0.989  mix=[cap:117/ref:94/nl:109]  β=0.056  α_t=0.056  (6465s)
step  7300  L_grcl=  1.80  L_cov= 0.32  L_cons=0.000  L_tot=  1.89  diag=+0.989  mix=[cap:107/ref:120/nl:93]  β=0.057  α_t=0.056  (6483s)
step  7320  L_grcl=  1.81  L_cov= 0.31  L_cons=0.000  L_tot=  1.90  diag=+0.991  mix=[cap:106/ref:103/nl:111]  β=0.057  α_t=0.056  (6500s)
step  7340  L_grcl=  1.76  L_cov= 0.30  L_cons=0.000  L_tot=  1.85  diag=+0.989  mix=[cap:109/ref:110/nl:101]  β=0.057  α_t=0.056  (6517s)
step  7360  L_grcl=  1.78  L_cov= 0.31  L_cons=0.000  L_tot=  1.88  diag=+0.990  mix=[cap:104/ref:115/nl:101]  β=0.057  α_t=0.056  (6534s)
step  7380  L_grcl=  1.80  L_cov= 0.32  L_cons=0.000  L_tot=  1.90  diag=+0.990  mix=[cap:106/ref:104/nl:110]  β=0.057  α_t=0.056  (6552s)
step  7400  L_grcl=  1.79  L_cov= 0.32  L_cons=0.000  L_tot=  1.89  diag=+0.989  mix=[cap:99/ref:97/nl:124]  β=0.057  α_t=0.056  (6569s)
step  7420  L_grcl=  1.81  L_cov= 0.30  L_cons=0.000  L_tot=  1.90  diag=+0.988  mix=[cap:89/ref:114/nl:117]  β=0.057  α_t=0.056  (6587s)
step  7440  L_grcl=  1.75  L_cov= 0.31  L_cons=0.000  L_tot=  1.85  diag=+0.990  mix=[cap:116/ref:103/nl:101]  β=0.057  α_t=0.056  (6604s)
step  7460  L_grcl=  1.82  L_cov= 0.31  L_cons=0.000  L_tot=  1.91  diag=+0.990  mix=[cap:100/ref:108/nl:112]  β=0.057  α_t=0.056  (6620s)
step  7480  L_grcl=  1.71  L_cov= 0.30  L_cons=0.000  L_tot=  1.80  diag=+0.989  mix=[cap:110/ref:117/nl:93]  β=0.057  α_t=0.056  (6638s)
step  7500  L_grcl=  1.73  L_cov= 0.30  L_cons=0.000  L_tot=  1.82  diag=+0.988  mix=[cap:115/ref:111/nl:94]  β=0.057  α_t=0.056  (6655s)

  [eval @ step 7500] held-out test-A...
    cap-fig cos: +0.9946  (Δ +0.8799)
    R@1/5/10: 15.5% / 60.0% / 83.0%  (Δ +15.5 / +60.0 / +83.0)

step  7520  L_grcl=  1.75  L_cov= 0.30  L_cons=0.000  L_tot=  1.84  diag=+0.990  mix=[cap:113/ref:102/nl:105]  β=0.057  α_t=0.057  (6688s)
step  7540  L_grcl=  1.80  L_cov= 0.32  L_cons=0.000  L_tot=  1.90  diag=+0.990  mix=[cap:120/ref:110/nl:90]  β=0.057  α_t=0.057  (6706s)
step  7560  L_grcl=  1.81  L_cov= 0.31  L_cons=0.000  L_tot=  1.90  diag=+0.989  mix=[cap:101/ref:115/nl:104]  β=0.057  α_t=0.057  (6723s)
step  7580  L_grcl=  1.78  L_cov= 0.32  L_cons=0.000  L_tot=  1.87  diag=+0.989  mix=[cap:114/ref:102/nl:104]  β=0.057  α_t=0.057  (6740s)
step  7600  L_grcl=  1.77  L_cov= 0.31  L_cons=0.000  L_tot=  1.87  diag=+0.988  mix=[cap:108/ref:103/nl:109]  β=0.057  α_t=0.057  (6758s)
step  7620  L_grcl=  1.75  L_cov= 0.30  L_cons=0.000  L_tot=  1.84  diag=+0.990  mix=[cap:117/ref:97/nl:106]  β=0.057  α_t=0.057  (6774s)
step  7640  L_grcl=  1.77  L_cov= 0.32  L_cons=0.000  L_tot=  1.87  diag=+0.990  mix=[cap:104/ref:107/nl:109]  β=0.057  α_t=0.057  (6792s)
step  7660  L_grcl=  1.77  L_cov= 0.31  L_cons=0.000  L_tot=  1.87  diag=+0.990  mix=[cap:107/ref:109/nl:104]  β=0.057  α_t=0.057  (6809s)
step  7680  L_grcl=  1.83  L_cov= 0.31  L_cons=0.000  L_tot=  1.93  diag=+0.989  mix=[cap:97/ref:106/nl:117]  β=0.057  α_t=0.057  (6827s)
step  7700  L_grcl=  1.79  L_cov= 0.31  L_cons=0.000  L_tot=  1.88  diag=+0.991  mix=[cap:122/ref:112/nl:86]  β=0.057  α_t=0.057  (6844s)
step  7720  L_grcl=  1.78  L_cov= 0.30  L_cons=0.000  L_tot=  1.87  diag=+0.989  mix=[cap:93/ref:101/nl:126]  β=0.057  α_t=0.057  (6861s)
step  7740  L_grcl=  1.81  L_cov= 0.31  L_cons=0.000  L_tot=  1.90  diag=+0.989  mix=[cap:99/ref:111/nl:110]  β=0.057  α_t=0.057  (6878s)
step  7760  L_grcl=  1.73  L_cov= 0.32  L_cons=0.000  L_tot=  1.83  diag=+0.989  mix=[cap:111/ref:103/nl:106]  β=0.057  α_t=0.057  (6896s)
step  7780  L_grcl=  1.74  L_cov= 0.31  L_cons=0.000  L_tot=  1.84  diag=+0.990  mix=[cap:130/ref:93/nl:97]  β=0.057  α_t=0.057  (6913s)
step  7800  L_grcl=  1.74  L_cov= 0.30  L_cons=0.000  L_tot=  1.83  diag=+0.989  mix=[cap:118/ref:113/nl:89]  β=0.057  α_t=0.057  (6931s)
step  7820  L_grcl=  1.80  L_cov= 0.32  L_cons=0.000  L_tot=  1.90  diag=+0.989  mix=[cap:100/ref:109/nl:111]  β=0.057  α_t=0.057  (6948s)
step  7840  L_grcl=  1.73  L_cov= 0.29  L_cons=0.000  L_tot=  1.82  diag=+0.990  mix=[cap:125/ref:97/nl:98]  β=0.057  α_t=0.057  (6965s)
step  7860  L_grcl=  1.78  L_cov= 0.30  L_cons=0.000  L_tot=  1.87  diag=+0.989  mix=[cap:108/ref:110/nl:102]  β=0.058  α_t=0.057  (6982s)
step  7880  L_grcl=  1.73  L_cov= 0.29  L_cons=0.000  L_tot=  1.82  diag=+0.990  mix=[cap:108/ref:105/nl:107]  β=0.058  α_t=0.057  (6999s)
step  7900  L_grcl=  1.77  L_cov= 0.31  L_cons=0.000  L_tot=  1.86  diag=+0.990  mix=[cap:109/ref:105/nl:106]  β=0.058  α_t=0.057  (7017s)
step  7920  L_grcl=  1.79  L_cov= 0.31  L_cons=0.000  L_tot=  1.88  diag=+0.990  mix=[cap:107/ref:119/nl:94]  β=0.058  α_t=0.057  (7034s)
step  7940  L_grcl=  1.75  L_cov= 0.30  L_cons=0.000  L_tot=  1.85  diag=+0.988  mix=[cap:103/ref:104/nl:113]  β=0.058  α_t=0.057  (7051s)
step  7960  L_grcl=  1.78  L_cov= 0.31  L_cons=0.000  L_tot=  1.88  diag=+0.989  mix=[cap:100/ref:116/nl:104]  β=0.058  α_t=0.057  (7068s)
step  7980  L_grcl=  1.78  L_cov= 0.31  L_cons=0.000  L_tot=  1.87  diag=+0.988  mix=[cap:102/ref:121/nl:97]  β=0.058  α_t=0.057  (7086s)
step  8000  L_grcl=  1.80  L_cov= 0.30  L_cons=0.000  L_tot=  1.89  diag=+0.988  mix=[cap:100/ref:113/nl:107]  β=0.058  α_t=0.057  (7104s)

  [eval @ step 8000] held-out test-A...
    cap-fig cos: +0.9951  (Δ +0.8804)
    R@1/5/10: 17.0% / 63.0% / 84.0%  (Δ +17.0 / +63.0 / +84.0)


[final] test-A:
  cap-fig cos: +0.9951  (init +0.1147, Δ +0.8804)
  R@1/5/10: 17.0% / 63.0% / 84.0%
  init R@1/5/10: 0.0% / 0.0% / 0.0%

saved → /home/work/dl/dl_project/eval/results/experiments/h_gpe_strong_h_gpe_strong/train.json
[main1:176742:0:176742] Caught signal 11 (Segmentation fault: address not mapped to object at address 0x7ff1001adec0)
  training exited with code -11 but train.json + ckpt look complete — treating as success
  training done in 122.1 min

--- Evaluation ---
$ /usr/bin/python -m pipeline.eval_full --out /home/work/dl/dl_project/eval/results/experiments/h_gpe_strong_h_gpe_strong/eval.json --device cuda --ckpt ckpt/h_gpe_strong_h_gpe_strong.pt --lora_rank 8 --lora_alpha 16 --hf_id google/siglip2-base-patch16-224 --gpe_facets type,role,depth,pos --datasets spiqa_testA sciegqa mmdocir
device: cuda
[ElementTokenEncoder] loading google/siglip2-base-patch16-224
Using a slow image processor as `use_fast` is unset and a slow processor was saved with this model. `use_fast=True` will be the default behavior in v4.52, even if the model was saved with a slow processor. This will result in minor differences in outputs. You'll still be able to use a slow processor with `use_fast=False`.
[ElementTokenEncoder] LoRA r=8 α=16 targets=['q_proj', 'k_proj', 'v_proj', 'out_proj'] applied (d_text=768, d_vision=768, cls=False)
trainable params: 1,191,936 || all params: 376,379,906 || trainable%: 0.3167
[eval_full] loaded checkpoint: ckpt/h_gpe_strong_h_gpe_strong.pt

[eval] SPIQA test-A
  graph: 118 docs, elements: 9039, queries: 666
  [5/118 docs, 26/666 queries] 2s
  [10/118 docs, 59/666 queries] 5s
  [15/118 docs, 82/666 queries] 7s
  [20/118 docs, 105/666 queries] 9s
  [25/118 docs, 132/666 queries] 11s
  [30/118 docs, 161/666 queries] 13s
  [35/118 docs, 181/666 queries] 15s
  [40/118 docs, 217/666 queries] 18s
  [45/118 docs, 242/666 queries] 20s
  [50/118 docs, 269/666 queries] 23s
  [55/118 docs, 285/666 queries] 24s
  [60/118 docs, 313/666 queries] 26s
  [65/118 docs, 352/666 queries] 29s
  [70/118 docs, 396/666 queries] 33s
  [75/118 docs, 445/666 queries] 37s
  [80/118 docs, 481/666 queries] 39s
  [85/118 docs, 514/666 queries] 42s
  [90/118 docs, 535/666 queries] 44s
  [95/118 docs, 560/666 queries] 46s
  [100/118 docs, 590/666 queries] 49s
  [105/118 docs, 616/666 queries] 51s
  [110/118 docs, 640/666 queries] 53s
  [115/118 docs, 663/666 queries] 55s
  done in 55s

[eval] SciEGQA
  graph: 80 docs, elements: 29412, queries: 1623
  [5/80 docs, 108/1623 queries] 11s
  [10/80 docs, 218/1623 queries] 26s
  [15/80 docs, 325/1623 queries] 38s
  [20/80 docs, 427/1623 queries] 60s
  [25/80 docs, 532/1623 queries] 73s
  [30/80 docs, 630/1623 queries] 90s
  [35/80 docs, 733/1623 queries] 106s
  [40/80 docs, 818/1623 queries] 114s
  [45/80 docs, 927/1623 queries] 127s
  [50/80 docs, 1031/1623 queries] 139s
  [55/80 docs, 1102/1623 queries] 150s
  [60/80 docs, 1207/1623 queries] 161s
  [65/80 docs, 1314/1623 queries] 180s
  [70/80 docs, 1423/1623 queries] 198s
  [75/80 docs, 1513/1623 queries] 207s
  [80/80 docs, 1623/1623 queries] 224s
  done in 224s

[eval] MMDocIR
  graph: 75 docs, elements: 15032, queries: 389
  [5/75 docs, 31/389 queries] 5s
  [10/75 docs, 58/389 queries] 8s
  [15/75 docs, 87/389 queries] 14s
  [20/75 docs, 116/389 queries] 17s
  [25/75 docs, 137/389 queries] 20s
  [30/75 docs, 162/389 queries] 22s
  [35/75 docs, 187/389 queries] 24s
  [40/75 docs, 212/389 queries] 26s
  [45/75 docs, 243/389 queries] 28s
  [50/75 docs, 267/389 queries] 30s
  [55/75 docs, 288/389 queries] 32s
  [60/75 docs, 306/389 queries] 33s
  [65/75 docs, 332/389 queries] 35s
  [70/75 docs, 364/389 queries] 38s
  [75/75 docs, 389/389 queries] 40s
  done in 40s

saved → /home/work/dl/dl_project/eval/results/experiments/h_gpe_strong_h_gpe_strong/eval.json

=== Summary ===

SPIQA test-A:
  [no_prop] mrr=0.3495  recall@10=0.8514  hit@10=0.8514  coverage@10=0.8514  perfect@10=0.8514
  [uniform_a01_T2] mrr=0.2700  recall@10=0.6952  hit@10=0.6952  coverage@10=0.6952  perfect@10=0.6952
  [uniform_a03_T1] mrr=0.2794  recall@10=0.7267  hit@10=0.7267  coverage@10=0.7267  perfect@10=0.7267
  [uniform_a03_T2] mrr=0.2709  recall@10=0.6607  hit@10=0.6607  coverage@10=0.6607  perfect@10=0.6607
  [uniform_a03_T3] mrr=0.2801  recall@10=0.6697  hit@10=0.6697  coverage@10=0.6697  perfect@10=0.6697
  [uniform_a05_T2] mrr=0.2772  recall@10=0.6622  hit@10=0.6622  coverage@10=0.6622  perfect@10=0.6622
  [wbase_a03_T2] mrr=0.2944  recall@10=0.7057  hit@10=0.7057  coverage@10=0.7057  perfect@10=0.7057
  [wbase_role_a03_T2] mrr=0.2944  recall@10=0.7057  hit@10=0.7057  coverage@10=0.7057  perfect@10=0.7057
  [wbase_vis_a03_T2] mrr=0.2942  recall@10=0.7057  hit@10=0.7057  coverage@10=0.7057  perfect@10=0.7057
  [wfull_a03_T2] mrr=0.2942  recall@10=0.7057  hit@10=0.7057  coverage@10=0.7057  perfect@10=0.7057
  [wfull_a01_T2] mrr=0.2974  recall@10=0.7327  hit@10=0.7327  coverage@10=0.7327  perfect@10=0.7327
  [wfull_a05_T2] mrr=0.3059  recall@10=0.6922  hit@10=0.6922  coverage@10=0.6922  perfect@10=0.6922
  [wfull_a07_T2] mrr=0.2813  recall@10=0.6592  hit@10=0.6592  coverage@10=0.6592  perfect@10=0.6592
  [wfull_a03_T1] mrr=0.3078  recall@10=0.7823  hit@10=0.7823  coverage@10=0.7823  perfect@10=0.7823
  [wfull_a03_T3] mrr=0.3022  recall@10=0.6982  hit@10=0.6982  coverage@10=0.6982  perfect@10=0.6982
  [ppr_a015] mrr=0.2826  recall@10=0.6321  hit@10=0.6321  coverage@10=0.6321  perfect@10=0.6321
  [ppr_a030] mrr=0.2951  recall@10=0.6547  hit@10=0.6547  coverage@10=0.6547  perfect@10=0.6547
  [ppr_a050] mrr=0.3114  recall@10=0.6907  hit@10=0.6907  coverage@10=0.6907  perfect@10=0.6907
  [ppr_a070] mrr=0.2982  recall@10=0.7237  hit@10=0.7237  coverage@10=0.7237  perfect@10=0.7237
  [ppr_a085] mrr=0.2966  recall@10=0.7252  hit@10=0.7252  coverage@10=0.7252  perfect@10=0.7252
  [ppr_unif_a030] mrr=0.2897  recall@10=0.6486  hit@10=0.6486  coverage@10=0.6486  perfect@10=0.6486
  [ppr_unif_a050] mrr=0.2898  recall@10=0.6772  hit@10=0.6772  coverage@10=0.6772  perfect@10=0.6772
  [prop_a03_T2] mrr=0.2942  recall@10=0.7057  hit@10=0.7057  coverage@10=0.7057  perfect@10=0.7057
  [prop_a01_T2] mrr=0.2974  recall@10=0.7327  hit@10=0.7327  coverage@10=0.7327  perfect@10=0.7327
  [prop_a05_T2] mrr=0.3059  recall@10=0.6922  hit@10=0.6922  coverage@10=0.6922  perfect@10=0.6922
  [prop_a07_T2] mrr=0.2813  recall@10=0.6592  hit@10=0.6592  coverage@10=0.6592  perfect@10=0.6592
  [prop_a03_T1] mrr=0.3078  recall@10=0.7823  hit@10=0.7823  coverage@10=0.7823  perfect@10=0.7823
  [prop_a03_T3] mrr=0.3022  recall@10=0.6982  hit@10=0.6982  coverage@10=0.6982  perfect@10=0.6982

SciEGQA:
  [no_prop] mrr=0.0339  recall@10=0.0103  hit@10=0.0678  coverage@10=0.0103  perfect@10=0.0099  cross_page_hit=0.2437
  [uniform_a01_T2] mrr=0.0389  recall@10=0.0134  hit@10=0.0665  coverage@10=0.0134  perfect@10=0.0111  cross_page_hit=0.1487
  [uniform_a03_T1] mrr=0.0389  recall@10=0.0133  hit@10=0.0690  coverage@10=0.0133  perfect@10=0.0111  cross_page_hit=0.1582
  [uniform_a03_T2] mrr=0.0379  recall@10=0.0128  hit@10=0.0641  coverage@10=0.0128  perfect@10=0.0111  cross_page_hit=0.1487
  [uniform_a03_T3] mrr=0.0380  recall@10=0.0131  hit@10=0.0628  coverage@10=0.0131  perfect@10=0.0111  cross_page_hit=0.1519
  [uniform_a05_T2] mrr=0.0378  recall@10=0.0132  hit@10=0.0635  coverage@10=0.0132  perfect@10=0.0111  cross_page_hit=0.1519
  [wbase_a03_T2] mrr=0.0390  recall@10=0.0133  hit@10=0.0647  coverage@10=0.0133  perfect@10=0.0111  cross_page_hit=0.1487
  [wbase_role_a03_T2] mrr=0.0390  recall@10=0.0133  hit@10=0.0647  coverage@10=0.0133  perfect@10=0.0111  cross_page_hit=0.1487
  [wbase_vis_a03_T2] mrr=0.0390  recall@10=0.0133  hit@10=0.0647  coverage@10=0.0133  perfect@10=0.0111  cross_page_hit=0.1487
  [wfull_a03_T2] mrr=0.0390  recall@10=0.0133  hit@10=0.0647  coverage@10=0.0133  perfect@10=0.0111  cross_page_hit=0.1487
  [wfull_a01_T2] mrr=0.0398  recall@10=0.0134  hit@10=0.0665  coverage@10=0.0134  perfect@10=0.0111  cross_page_hit=0.1487
  [wfull_a05_T2] mrr=0.0382  recall@10=0.0138  hit@10=0.0647  coverage@10=0.0138  perfect@10=0.0111  cross_page_hit=0.1519
  [wfull_a07_T2] mrr=0.0396  recall@10=0.0134  hit@10=0.0647  coverage@10=0.0134  perfect@10=0.0111  cross_page_hit=0.1519
  [wfull_a03_T1] mrr=0.0401  recall@10=0.0133  hit@10=0.0690  coverage@10=0.0133  perfect@10=0.0111  cross_page_hit=0.1582
  [wfull_a03_T3] mrr=0.0383  recall@10=0.0137  hit@10=0.0641  coverage@10=0.0137  perfect@10=0.0111  cross_page_hit=0.1519
  [ppr_a015] mrr=0.0394  recall@10=0.0143  hit@10=0.0635  coverage@10=0.0143  perfect@10=0.0111  cross_page_hit=0.1519
  [ppr_a030] mrr=0.0397  recall@10=0.0139  hit@10=0.0641  coverage@10=0.0139  perfect@10=0.0111  cross_page_hit=0.1487
  [ppr_a050] mrr=0.0393  recall@10=0.0142  hit@10=0.0659  coverage@10=0.0142  perfect@10=0.0111  cross_page_hit=0.1487
  [ppr_a070] mrr=0.0395  recall@10=0.0136  hit@10=0.0659  coverage@10=0.0136  perfect@10=0.0111  cross_page_hit=0.1519
  [ppr_a085] mrr=0.0387  recall@10=0.0134  hit@10=0.0665  coverage@10=0.0134  perfect@10=0.0111  cross_page_hit=0.1519
  [ppr_unif_a030] mrr=0.0380  recall@10=0.0133  hit@10=0.0628  coverage@10=0.0133  perfect@10=0.0111  cross_page_hit=0.1519
  [ppr_unif_a050] mrr=0.0389  recall@10=0.0135  hit@10=0.0647  coverage@10=0.0135  perfect@10=0.0111  cross_page_hit=0.1487
  [prop_a03_T2] mrr=0.0390  recall@10=0.0133  hit@10=0.0647  coverage@10=0.0133  perfect@10=0.0111  cross_page_hit=0.1487
  [prop_a01_T2] mrr=0.0398  recall@10=0.0134  hit@10=0.0665  coverage@10=0.0134  perfect@10=0.0111  cross_page_hit=0.1487
  [prop_a05_T2] mrr=0.0382  recall@10=0.0138  hit@10=0.0647  coverage@10=0.0138  perfect@10=0.0111  cross_page_hit=0.1519
  [prop_a07_T2] mrr=0.0396  recall@10=0.0134  hit@10=0.0647  coverage@10=0.0134  perfect@10=0.0111  cross_page_hit=0.1519
  [prop_a03_T1] mrr=0.0401  recall@10=0.0133  hit@10=0.0690  coverage@10=0.0133  perfect@10=0.0111  cross_page_hit=0.1582
  [prop_a03_T3] mrr=0.0383  recall@10=0.0137  hit@10=0.0641  coverage@10=0.0137  perfect@10=0.0111  cross_page_hit=0.1519

MMDocIR:
  [no_prop] mrr=0.0286  recall@10=0.0245  hit@10=0.0437  coverage@10=0.0245  perfect@10=0.0257  cross_page_hit=0.1695
  [uniform_a01_T2] mrr=0.0268  recall@10=0.0309  hit@10=0.0463  coverage@10=0.0309  perfect@10=0.0308  cross_page_hit=0.0508
  [uniform_a03_T1] mrr=0.0270  recall@10=0.0335  hit@10=0.0488  coverage@10=0.0335  perfect@10=0.0334  cross_page_hit=0.0508
  [uniform_a03_T2] mrr=0.0269  recall@10=0.0309  hit@10=0.0463  coverage@10=0.0309  perfect@10=0.0308  cross_page_hit=0.0508
  [uniform_a03_T3] mrr=0.0271  recall@10=0.0309  hit@10=0.0463  coverage@10=0.0309  perfect@10=0.0308  cross_page_hit=0.0508
  [uniform_a05_T2] mrr=0.0272  recall@10=0.0309  hit@10=0.0463  coverage@10=0.0309  perfect@10=0.0308  cross_page_hit=0.0508
  [wbase_a03_T2] mrr=0.0269  recall@10=0.0309  hit@10=0.0463  coverage@10=0.0309  perfect@10=0.0308  cross_page_hit=0.0508
  [wbase_role_a03_T2] mrr=0.0269  recall@10=0.0309  hit@10=0.0463  coverage@10=0.0309  perfect@10=0.0308  cross_page_hit=0.0508
  [wbase_vis_a03_T2] mrr=0.0269  recall@10=0.0309  hit@10=0.0463  coverage@10=0.0309  perfect@10=0.0308  cross_page_hit=0.0508
  [wfull_a03_T2] mrr=0.0269  recall@10=0.0309  hit@10=0.0463  coverage@10=0.0309  perfect@10=0.0308  cross_page_hit=0.0508
  [wfull_a01_T2] mrr=0.0268  recall@10=0.0309  hit@10=0.0463  coverage@10=0.0309  perfect@10=0.0308  cross_page_hit=0.0508
  [wfull_a05_T2] mrr=0.0272  recall@10=0.0309  hit@10=0.0463  coverage@10=0.0309  perfect@10=0.0308  cross_page_hit=0.0508
  [wfull_a07_T2] mrr=0.0278  recall@10=0.0360  hit@10=0.0488  coverage@10=0.0360  perfect@10=0.0386  cross_page_hit=0.0508
  [wfull_a03_T1] mrr=0.0270  recall@10=0.0335  hit@10=0.0488  coverage@10=0.0335  perfect@10=0.0334  cross_page_hit=0.0508
  [wfull_a03_T3] mrr=0.0271  recall@10=0.0309  hit@10=0.0463  coverage@10=0.0309  perfect@10=0.0308  cross_page_hit=0.0508
  [ppr_a015] mrr=0.0276  recall@10=0.0348  hit@10=0.0488  coverage@10=0.0348  perfect@10=0.0360  cross_page_hit=0.0508
  [ppr_a030] mrr=0.0271  recall@10=0.0309  hit@10=0.0463  coverage@10=0.0309  perfect@10=0.0308  cross_page_hit=0.0508
  [ppr_a050] mrr=0.0266  recall@10=0.0309  hit@10=0.0463  coverage@10=0.0309  perfect@10=0.0308  cross_page_hit=0.0508
  [ppr_a070] mrr=0.0264  recall@10=0.0309  hit@10=0.0463  coverage@10=0.0309  perfect@10=0.0308  cross_page_hit=0.0508
  [ppr_a085] mrr=0.0265  recall@10=0.0309  hit@10=0.0463  coverage@10=0.0309  perfect@10=0.0308  cross_page_hit=0.0508
  [ppr_unif_a030] mrr=0.0271  recall@10=0.0309  hit@10=0.0463  coverage@10=0.0309  perfect@10=0.0308  cross_page_hit=0.0508
  [ppr_unif_a050] mrr=0.0266  recall@10=0.0309  hit@10=0.0463  coverage@10=0.0309  perfect@10=0.0308  cross_page_hit=0.0508
  [prop_a03_T2] mrr=0.0269  recall@10=0.0309  hit@10=0.0463  coverage@10=0.0309  perfect@10=0.0308  cross_page_hit=0.0508
  [prop_a01_T2] mrr=0.0268  recall@10=0.0309  hit@10=0.0463  coverage@10=0.0309  perfect@10=0.0308  cross_page_hit=0.0508
  [prop_a05_T2] mrr=0.0272  recall@10=0.0309  hit@10=0.0463  coverage@10=0.0309  perfect@10=0.0308  cross_page_hit=0.0508
  [prop_a07_T2] mrr=0.0278  recall@10=0.0360  hit@10=0.0488  coverage@10=0.0360  perfect@10=0.0386  cross_page_hit=0.0508
  [prop_a03_T1] mrr=0.0270  recall@10=0.0335  hit@10=0.0488  coverage@10=0.0335  perfect@10=0.0334  cross_page_hit=0.0508
  [prop_a03_T3] mrr=0.0271  recall@10=0.0309  hit@10=0.0463  coverage@10=0.0309  perfect@10=0.0308  cross_page_hit=0.0508
[main1:176991:0:176991] Caught signal 11 (Segmentation fault: address not mapped to object at address 0x7f99c43adec0)
==== backtrace (tid: 176991) ====
 0  /opt/hpcx/ucx/lib/libucs.so.0(ucs_handle_error+0x2e4) [0x7f994d9a5774]
 1  /opt/hpcx/ucx/lib/libucs.so.0(+0x3796a) [0x7f994d9a596a]
 2  /opt/hpcx/ucx/lib/libucs.so.0(+0x37ba8) [0x7f994d9a5ba8]
 3  /usr/lib/x86_64-linux-gnu/libc.so.6(+0x45330) [0x7f99c4633330]
 4  /usr/lib/x86_64-linux-gnu/libnvidia-ml.so.575.51.03(+0x336c1) [0x7f99bdc336c1]
 5  /usr/lib/x86_64-linux-gnu/libnvidia-ml.so.575.51.03(nvmlShutdown+0xe) [0x7f99bdc1cfae]
 6  /opt/kernel/libcudahook.ubuntu18.04.x86_64.so(+0xc3caf) [0x7f99c48c3caf]
 7  /opt/kernel/libcudahook.ubuntu18.04.x86_64.so(+0xc3d48) [0x7f99c48c3d48]
 8  /opt/kernel/libcudahook.ubuntu18.04.x86_64.so(+0xc3a2d) [0x7f99c48c3a2d]
 9  /lib64/ld-linux-x86-64.so.2(+0x10f2) [0x7f99c52f10f2]
10  /lib64/ld-linux-x86-64.so.2(+0x5578) [0x7f99c52f5578]
11  /usr/lib/x86_64-linux-gnu/libc.so.6(+0x47a76) [0x7f99c4635a76]
12  /usr/lib/x86_64-linux-gnu/libc.so.6(+0x47bbe) [0x7f99c4635bbe]
13  /usr/lib/x86_64-linux-gnu/libc.so.6(+0x2a1d1) [0x7f99c46181d1]
14  /usr/lib/x86_64-linux-gnu/libc.so.6(__libc_start_main+0x8b) [0x7f99c461828b]
15  /usr/bin/python(_start+0x25) [0x657ce5]
=================================
  eval exited with code -11 but eval.json looks complete — treating as success
  eval done in 5.6 min

=== Experiment h_gpe_strong complete → /home/work/dl/dl_project/eval/results/experiments/h_gpe_strong_h_gpe_strong/summary.json ===
