=== Experiment row h_seed_43: h_seed_43 ===
  description: (h) re-trained with seed=43 — variance check
  output dir:  /home/work/dl/dl_project/eval/results/experiments/h_seed_43_h_seed_43
  checkpoint:  ckpt/h_seed_43_h_seed_43.pt

--- Training ---
$ /usr/bin/python -m pipeline.trainer --config h_seed_43 --out /home/work/dl/dl_project/eval/results/experiments/h_seed_43_h_seed_43/train.json --save_ckpt ckpt/h_seed_43_h_seed_43.pt
device: cuda
args: {'config': 'h_seed_43', 'train_sample': 0, 'steps': 8000, 'batch': 16, 'pool': 12, 'lr': 3e-05, 'lora_rank': 8, 'tau': 0.07, 'lambda_cov': 0.3, 'lambda_cons': 0.5, 'use_gpe': 1, 'loss_type': 'grcl', 'infonce_threshold': 0.5, 'anchor_kind': 'mixed', 'warmup_steps': 200, 'weight_decay': 0.01, 'eval_every': 500, 'eval_cf_pairs': 200, 'eval_recall_n': 200, 'seed': 43, 'out': '/home/work/dl/dl_project/eval/results/experiments/h_seed_43_h_seed_43/train.json', 'save_ckpt': 'ckpt/h_seed_43_h_seed_43.pt', 'gamma': 0.5, 'gpe_facets': 'type,role,depth,pos', 'lora_alpha': 16, 'hf_id': 'google/siglip2-base-patch16-224', 'edge_types_only': None, 'query_pe_dropout': 0.5, 'section_role_mode': 'normal', 'tokens_per_visual': 0}

[1/3] loading SPIQA test-A (held-out eval)...
  loading element_graph_v2.json
    118 papers kept
  loading elements_v2.jsonl
    9,039 element records kept
  loading SPIQA_testA.json
    666 QA pairs kept
    caption_of: 1,115  refer_to: 1,191  (skipped 0 due to missing image)

[2/3] loading SPIQA train (sample N=0)...
  loading element_graph_v2.json
    25,459 papers kept
  loading elements_v2.jsonl
    1,873,124 element records kept
  loading SPIQA_train.json
    262,524 QA pairs kept
    caption_of: 262,524  refer_to: 231,101  (skipped 0 due to missing image)

[3/3] building encoder...
[ElementTokenEncoder] loading google/siglip2-base-patch16-224
Using a slow image processor as `use_fast` is unset and a slow processor was saved with this model. `use_fast=True` will be the default behavior in v4.52, even if the model was saved with a slow processor. This will result in minor differences in outputs. You'll still be able to use a slow processor with `use_fast=False`.
[ElementTokenEncoder] LoRA r=8 α=16 targets=['q_proj', 'k_proj', 'v_proj', 'out_proj'] applied (d_text=768, d_vision=768, cls=False)
trainable params: 1,191,936 || all params: 376,379,906 || trainable%: 0.3167

[eval 0] held-out test-A baseline...
  caption-figure cos: -0.0403
  Recall@1/5/10 (n=200): 0.0% / 0.0% / 0.0%
/home/work/dl/dl_project/pipeline/graph_pe.py:112: UserWarning: Converting a tensor with requires_grad=True to a scalar may lead to unexpected behavior.
Consider using tensor.detach() first. (Triggered internally at /opt/pytorch/pytorch/aten/src/ATen/native/Scalar.cpp:22.)
  "type": torch.sigmoid(self.raw_alpha_type).item(),
step    20  L_grcl=201.35  L_cov=61.09  L_cons=0.000  L_tot=219.68  diag=-0.028  mix=[cap:108/ref:101/nl:111]  β=0.047  α_t=0.047  (18s)
step    40  L_grcl=202.18  L_cov=62.07  L_cons=0.000  L_tot=220.80  diag=-0.010  mix=[cap:107/ref:105/nl:108]  β=0.047  α_t=0.047  (35s)
step    60  L_grcl=202.37  L_cov=56.42  L_cons=0.000  L_tot=219.29  diag=+0.030  mix=[cap:113/ref:103/nl:104]  β=0.047  α_t=0.047  (52s)
step    80  L_grcl=177.70  L_cov=50.30  L_cons=0.000  L_tot=192.79  diag=+0.088  mix=[cap:118/ref:100/nl:102]  β=0.047  α_t=0.047  (69s)
step   100  L_grcl=168.73  L_cov=48.63  L_cons=0.000  L_tot=183.32  diag=+0.197  mix=[cap:99/ref:120/nl:101]  β=0.047  α_t=0.047  (87s)
step   120  L_grcl=120.17  L_cov=30.83  L_cons=0.000  L_tot=129.42  diag=+0.350  mix=[cap:101/ref:104/nl:115]  β=0.047  α_t=0.047  (104s)
step   140  L_grcl=103.30  L_cov=21.92  L_cons=0.000  L_tot=109.87  diag=+0.492  mix=[cap:109/ref:121/nl:90]  β=0.047  α_t=0.047  (121s)
step   160  L_grcl= 62.52  L_cov=11.67  L_cons=0.001  L_tot= 66.02  diag=+0.584  mix=[cap:112/ref:111/nl:97]  β=0.047  α_t=0.048  (137s)
step   180  L_grcl= 43.02  L_cov= 5.96  L_cons=0.000  L_tot= 44.81  diag=+0.642  mix=[cap:103/ref:98/nl:119]  β=0.047  α_t=0.048  (154s)
step   200  L_grcl= 33.36  L_cov= 3.13  L_cons=0.001  L_tot= 34.30  diag=+0.724  mix=[cap:88/ref:126/nl:106]  β=0.047  α_t=0.048  (171s)
step   220  L_grcl= 18.59  L_cov= 0.98  L_cons=0.001  L_tot= 18.89  diag=+0.760  mix=[cap:118/ref:111/nl:91]  β=0.047  α_t=0.048  (188s)
step   240  L_grcl= 12.07  L_cov= 0.30  L_cons=0.000  L_tot= 12.16  diag=+0.788  mix=[cap:107/ref:107/nl:106]  β=0.047  α_t=0.048  (204s)
step   260  L_grcl=  9.48  L_cov= 0.23  L_cons=0.000  L_tot=  9.55  diag=+0.816  mix=[cap:89/ref:119/nl:112]  β=0.047  α_t=0.048  (221s)
step   280  L_grcl=  6.46  L_cov= 0.21  L_cons=0.000  L_tot=  6.52  diag=+0.829  mix=[cap:89/ref:106/nl:125]  β=0.047  α_t=0.048  (238s)
step   300  L_grcl=  4.91  L_cov= 0.23  L_cons=0.000  L_tot=  4.98  diag=+0.859  mix=[cap:92/ref:113/nl:115]  β=0.047  α_t=0.048  (254s)
step   320  L_grcl=  4.24  L_cov= 0.38  L_cons=0.000  L_tot=  4.35  diag=+0.885  mix=[cap:109/ref:97/nl:114]  β=0.047  α_t=0.048  (271s)
step   340  L_grcl=  3.37  L_cov= 0.29  L_cons=0.000  L_tot=  3.46  diag=+0.914  mix=[cap:105/ref:113/nl:102]  β=0.047  α_t=0.048  (288s)
step   360  L_grcl=  3.11  L_cov= 0.34  L_cons=0.000  L_tot=  3.22  diag=+0.928  mix=[cap:107/ref:104/nl:109]  β=0.047  α_t=0.048  (305s)
step   380  L_grcl=  2.77  L_cov= 0.37  L_cons=0.000  L_tot=  2.88  diag=+0.938  mix=[cap:84/ref:120/nl:116]  β=0.047  α_t=0.048  (322s)
step   400  L_grcl=  2.55  L_cov= 0.36  L_cons=0.000  L_tot=  2.65  diag=+0.961  mix=[cap:107/ref:112/nl:101]  β=0.047  α_t=0.048  (338s)
step   420  L_grcl=  2.46  L_cov= 0.39  L_cons=0.000  L_tot=  2.58  diag=+0.978  mix=[cap:98/ref:120/nl:102]  β=0.047  α_t=0.048  (355s)
step   440  L_grcl=  2.29  L_cov= 0.39  L_cons=0.000  L_tot=  2.41  diag=+0.966  mix=[cap:114/ref:108/nl:98]  β=0.047  α_t=0.048  (373s)
step   460  L_grcl=  2.30  L_cov= 0.38  L_cons=0.000  L_tot=  2.41  diag=+0.970  mix=[cap:104/ref:109/nl:107]  β=0.047  α_t=0.048  (390s)
step   480  L_grcl=  2.26  L_cov= 0.38  L_cons=0.000  L_tot=  2.37  diag=+0.982  mix=[cap:90/ref:122/nl:108]  β=0.047  α_t=0.048  (406s)
step   500  L_grcl=  2.17  L_cov= 0.37  L_cons=0.000  L_tot=  2.28  diag=+0.985  mix=[cap:86/ref:123/nl:111]  β=0.047  α_t=0.048  (423s)

  [eval @ step 500] held-out test-A...
    cap-fig cos: +0.9851  (Δ +1.0253)
    R@1/5/10: 7.0% / 32.5% / 58.0%  (Δ +7.0 / +32.5 / +58.0)
    [ckpt saved @ step 500 R@10=58.0%]

step   520  L_grcl=  2.15  L_cov= 0.41  L_cons=0.000  L_tot=  2.27  diag=+0.990  mix=[cap:109/ref:112/nl:99]  β=0.047  α_t=0.048  (462s)
step   540  L_grcl=  2.07  L_cov= 0.39  L_cons=0.000  L_tot=  2.18  diag=+0.993  mix=[cap:98/ref:123/nl:99]  β=0.047  α_t=0.048  (479s)
step   560  L_grcl=  2.12  L_cov= 0.40  L_cons=0.000  L_tot=  2.24  diag=+0.994  mix=[cap:94/ref:115/nl:111]  β=0.047  α_t=0.048  (496s)
step   580  L_grcl=  2.00  L_cov= 0.39  L_cons=0.000  L_tot=  2.12  diag=+0.993  mix=[cap:99/ref:108/nl:113]  β=0.047  α_t=0.048  (512s)
step   600  L_grcl=  2.08  L_cov= 0.40  L_cons=0.000  L_tot=  2.20  diag=+0.993  mix=[cap:106/ref:109/nl:105]  β=0.047  α_t=0.048  (529s)
step   620  L_grcl=  2.00  L_cov= 0.39  L_cons=0.000  L_tot=  2.12  diag=+0.995  mix=[cap:106/ref:116/nl:98]  β=0.047  α_t=0.048  (546s)
step   640  L_grcl=  1.99  L_cov= 0.37  L_cons=0.000  L_tot=  2.10  diag=+0.995  mix=[cap:122/ref:105/nl:93]  β=0.047  α_t=0.048  (563s)
step   660  L_grcl=  2.00  L_cov= 0.38  L_cons=0.000  L_tot=  2.11  diag=+0.996  mix=[cap:114/ref:111/nl:95]  β=0.047  α_t=0.048  (580s)
step   680  L_grcl=  2.04  L_cov= 0.40  L_cons=0.000  L_tot=  2.16  diag=+0.995  mix=[cap:93/ref:111/nl:116]  β=0.047  α_t=0.048  (597s)
step   700  L_grcl=  2.00  L_cov= 0.41  L_cons=0.000  L_tot=  2.13  diag=+0.995  mix=[cap:120/ref:94/nl:106]  β=0.048  α_t=0.048  (614s)
step   720  L_grcl=  2.03  L_cov= 0.39  L_cons=0.000  L_tot=  2.15  diag=+0.995  mix=[cap:93/ref:125/nl:102]  β=0.048  α_t=0.048  (631s)
step   740  L_grcl=  2.03  L_cov= 0.40  L_cons=0.000  L_tot=  2.15  diag=+0.995  mix=[cap:105/ref:103/nl:112]  β=0.048  α_t=0.048  (648s)
step   760  L_grcl=  2.04  L_cov= 0.39  L_cons=0.000  L_tot=  2.16  diag=+0.996  mix=[cap:93/ref:109/nl:118]  β=0.048  α_t=0.048  (665s)
step   780  L_grcl=  2.05  L_cov= 0.40  L_cons=0.000  L_tot=  2.17  diag=+0.996  mix=[cap:99/ref:104/nl:117]  β=0.048  α_t=0.048  (681s)
step   800  L_grcl=  2.06  L_cov= 0.41  L_cons=0.000  L_tot=  2.19  diag=+0.996  mix=[cap:104/ref:91/nl:125]  β=0.048  α_t=0.048  (698s)
step   820  L_grcl=  2.01  L_cov= 0.39  L_cons=0.000  L_tot=  2.12  diag=+0.996  mix=[cap:119/ref:105/nl:96]  β=0.048  α_t=0.048  (718s)
step   840  L_grcl=  2.03  L_cov= 0.38  L_cons=0.000  L_tot=  2.14  diag=+0.995  mix=[cap:99/ref:117/nl:104]  β=0.048  α_t=0.048  (735s)
step   860  L_grcl=  2.01  L_cov= 0.40  L_cons=0.000  L_tot=  2.13  diag=+0.995  mix=[cap:94/ref:112/nl:114]  β=0.048  α_t=0.048  (752s)
step   880  L_grcl=  2.00  L_cov= 0.39  L_cons=0.000  L_tot=  2.11  diag=+0.995  mix=[cap:91/ref:109/nl:120]  β=0.048  α_t=0.048  (769s)
step   900  L_grcl=  2.00  L_cov= 0.39  L_cons=0.000  L_tot=  2.11  diag=+0.995  mix=[cap:121/ref:107/nl:92]  β=0.048  α_t=0.048  (786s)
step   920  L_grcl=  2.00  L_cov= 0.39  L_cons=0.000  L_tot=  2.12  diag=+0.995  mix=[cap:98/ref:108/nl:114]  β=0.048  α_t=0.048  (803s)
step   940  L_grcl=  1.95  L_cov= 0.39  L_cons=0.000  L_tot=  2.07  diag=+0.995  mix=[cap:106/ref:107/nl:107]  β=0.048  α_t=0.048  (821s)
step   960  L_grcl=  2.01  L_cov= 0.38  L_cons=0.000  L_tot=  2.13  diag=+0.995  mix=[cap:98/ref:113/nl:109]  β=0.048  α_t=0.049  (837s)
step   980  L_grcl=  2.04  L_cov= 0.40  L_cons=0.000  L_tot=  2.16  diag=+0.995  mix=[cap:102/ref:115/nl:103]  β=0.048  α_t=0.049  (854s)
step  1000  L_grcl=  2.00  L_cov= 0.41  L_cons=0.000  L_tot=  2.12  diag=+0.994  mix=[cap:104/ref:93/nl:123]  β=0.048  α_t=0.049  (871s)

  [eval @ step 1000] held-out test-A...
    cap-fig cos: +0.9949  (Δ +1.0351)
    R@1/5/10: 10.0% / 44.0% / 77.5%  (Δ +10.0 / +44.0 / +77.5)
    [ckpt saved @ step 1000 R@10=77.5%]

step  1020  L_grcl=  1.98  L_cov= 0.38  L_cons=0.000  L_tot=  2.09  diag=+0.994  mix=[cap:96/ref:106/nl:118]  β=0.048  α_t=0.049  (908s)
step  1040  L_grcl=  1.99  L_cov= 0.39  L_cons=0.000  L_tot=  2.11  diag=+0.994  mix=[cap:120/ref:99/nl:101]  β=0.048  α_t=0.049  (925s)
step  1060  L_grcl=  1.98  L_cov= 0.38  L_cons=0.000  L_tot=  2.09  diag=+0.994  mix=[cap:91/ref:130/nl:99]  β=0.048  α_t=0.049  (942s)
step  1080  L_grcl=  2.03  L_cov= 0.38  L_cons=0.000  L_tot=  2.14  diag=+0.995  mix=[cap:99/ref:118/nl:103]  β=0.048  α_t=0.049  (959s)
step  1100  L_grcl=  1.97  L_cov= 0.38  L_cons=0.000  L_tot=  2.08  diag=+0.996  mix=[cap:96/ref:123/nl:101]  β=0.048  α_t=0.049  (976s)
step  1120  L_grcl=  2.01  L_cov= 0.39  L_cons=0.000  L_tot=  2.13  diag=+0.995  mix=[cap:106/ref:116/nl:98]  β=0.048  α_t=0.049  (993s)
step  1140  L_grcl=  2.01  L_cov= 0.39  L_cons=0.000  L_tot=  2.13  diag=+0.995  mix=[cap:96/ref:111/nl:113]  β=0.048  α_t=0.049  (1010s)
step  1160  L_grcl=  1.98  L_cov= 0.39  L_cons=0.000  L_tot=  2.10  diag=+0.995  mix=[cap:105/ref:117/nl:98]  β=0.048  α_t=0.049  (1027s)
step  1180  L_grcl=  1.98  L_cov= 0.39  L_cons=0.000  L_tot=  2.09  diag=+0.995  mix=[cap:107/ref:95/nl:118]  β=0.048  α_t=0.049  (1044s)
step  1200  L_grcl=  1.99  L_cov= 0.39  L_cons=0.000  L_tot=  2.11  diag=+0.994  mix=[cap:125/ref:92/nl:103]  β=0.048  α_t=0.049  (1061s)
step  1220  L_grcl=  2.00  L_cov= 0.39  L_cons=0.000  L_tot=  2.12  diag=+0.995  mix=[cap:101/ref:107/nl:112]  β=0.048  α_t=0.049  (1078s)
step  1240  L_grcl=  1.99  L_cov= 0.39  L_cons=0.000  L_tot=  2.11  diag=+0.994  mix=[cap:94/ref:99/nl:127]  β=0.048  α_t=0.049  (1096s)
step  1260  L_grcl=  2.01  L_cov= 0.38  L_cons=0.000  L_tot=  2.12  diag=+0.995  mix=[cap:112/ref:108/nl:100]  β=0.048  α_t=0.049  (1113s)
step  1280  L_grcl=  1.94  L_cov= 0.40  L_cons=0.000  L_tot=  2.06  diag=+0.995  mix=[cap:112/ref:95/nl:113]  β=0.048  α_t=0.049  (1130s)
step  1300  L_grcl=  2.02  L_cov= 0.37  L_cons=0.000  L_tot=  2.13  diag=+0.995  mix=[cap:108/ref:97/nl:115]  β=0.048  α_t=0.049  (1147s)
step  1320  L_grcl=  2.00  L_cov= 0.39  L_cons=0.000  L_tot=  2.11  diag=+0.995  mix=[cap:92/ref:116/nl:112]  β=0.048  α_t=0.049  (1165s)
step  1340  L_grcl=  2.07  L_cov= 0.39  L_cons=0.000  L_tot=  2.18  diag=+0.995  mix=[cap:103/ref:115/nl:102]  β=0.048  α_t=0.049  (1182s)
step  1360  L_grcl=  1.99  L_cov= 0.40  L_cons=0.000  L_tot=  2.11  diag=+0.995  mix=[cap:108/ref:91/nl:121]  β=0.048  α_t=0.049  (1199s)
step  1380  L_grcl=  1.97  L_cov= 0.37  L_cons=0.000  L_tot=  2.08  diag=+0.994  mix=[cap:108/ref:108/nl:104]  β=0.048  α_t=0.049  (1217s)
step  1400  L_grcl=  1.94  L_cov= 0.37  L_cons=0.000  L_tot=  2.05  diag=+0.994  mix=[cap:114/ref:91/nl:115]  β=0.048  α_t=0.049  (1233s)
step  1420  L_grcl=  1.95  L_cov= 0.37  L_cons=0.000  L_tot=  2.06  diag=+0.994  mix=[cap:113/ref:112/nl:95]  β=0.048  α_t=0.050  (1250s)
step  1440  L_grcl=  1.94  L_cov= 0.40  L_cons=0.000  L_tot=  2.06  diag=+0.994  mix=[cap:103/ref:96/nl:121]  β=0.048  α_t=0.050  (1267s)
step  1460  L_grcl=  2.05  L_cov= 0.38  L_cons=0.000  L_tot=  2.17  diag=+0.995  mix=[cap:97/ref:126/nl:97]  β=0.048  α_t=0.050  (1284s)
step  1480  L_grcl=  1.98  L_cov= 0.40  L_cons=0.000  L_tot=  2.11  diag=+0.995  mix=[cap:119/ref:109/nl:92]  β=0.048  α_t=0.050  (1302s)
step  1500  L_grcl=  1.99  L_cov= 0.39  L_cons=0.000  L_tot=  2.11  diag=+0.995  mix=[cap:96/ref:113/nl:111]  β=0.048  α_t=0.050  (1319s)

  [eval @ step 1500] held-out test-A...
    cap-fig cos: +0.9960  (Δ +1.0363)
    R@1/5/10: 9.5% / 49.0% / 76.0%  (Δ +9.5 / +49.0 / +76.0)

step  1520  L_grcl=  2.01  L_cov= 0.37  L_cons=0.000  L_tot=  2.12  diag=+0.995  mix=[cap:104/ref:111/nl:105]  β=0.048  α_t=0.050  (1348s)
step  1540  L_grcl=  1.96  L_cov= 0.38  L_cons=0.000  L_tot=  2.07  diag=+0.995  mix=[cap:103/ref:105/nl:112]  β=0.048  α_t=0.050  (1365s)
step  1560  L_grcl=  1.97  L_cov= 0.38  L_cons=0.000  L_tot=  2.09  diag=+0.995  mix=[cap:113/ref:122/nl:85]  β=0.048  α_t=0.050  (1382s)
step  1580  L_grcl=  1.93  L_cov= 0.38  L_cons=0.000  L_tot=  2.05  diag=+0.995  mix=[cap:109/ref:108/nl:103]  β=0.048  α_t=0.050  (1399s)
step  1600  L_grcl=  1.97  L_cov= 0.38  L_cons=0.000  L_tot=  2.08  diag=+0.995  mix=[cap:102/ref:113/nl:105]  β=0.048  α_t=0.050  (1415s)
step  1620  L_grcl=  1.96  L_cov= 0.39  L_cons=0.000  L_tot=  2.08  diag=+0.995  mix=[cap:97/ref:118/nl:105]  β=0.048  α_t=0.050  (1432s)
step  1640  L_grcl=  2.04  L_cov= 0.37  L_cons=0.000  L_tot=  2.15  diag=+0.995  mix=[cap:106/ref:115/nl:99]  β=0.048  α_t=0.050  (1450s)
step  1660  L_grcl=  1.94  L_cov= 0.38  L_cons=0.000  L_tot=  2.06  diag=+0.994  mix=[cap:117/ref:97/nl:106]  β=0.048  α_t=0.050  (1467s)
step  1680  L_grcl=  1.93  L_cov= 0.38  L_cons=0.000  L_tot=  2.05  diag=+0.995  mix=[cap:108/ref:103/nl:109]  β=0.048  α_t=0.050  (1484s)
step  1700  L_grcl=  1.90  L_cov= 0.38  L_cons=0.000  L_tot=  2.01  diag=+0.994  mix=[cap:122/ref:99/nl:99]  β=0.048  α_t=0.050  (1501s)
step  1720  L_grcl=  1.97  L_cov= 0.37  L_cons=0.000  L_tot=  2.08  diag=+0.994  mix=[cap:111/ref:110/nl:99]  β=0.048  α_t=0.050  (1518s)
step  1740  L_grcl=  1.99  L_cov= 0.37  L_cons=0.000  L_tot=  2.10  diag=+0.994  mix=[cap:97/ref:104/nl:119]  β=0.048  α_t=0.050  (1535s)
step  1760  L_grcl=  2.02  L_cov= 0.40  L_cons=0.000  L_tot=  2.14  diag=+0.994  mix=[cap:102/ref:108/nl:110]  β=0.048  α_t=0.050  (1552s)
step  1780  L_grcl=  2.03  L_cov= 0.40  L_cons=0.000  L_tot=  2.15  diag=+0.995  mix=[cap:108/ref:98/nl:114]  β=0.048  α_t=0.050  (1570s)
step  1800  L_grcl=  2.00  L_cov= 0.38  L_cons=0.000  L_tot=  2.11  diag=+0.995  mix=[cap:112/ref:111/nl:97]  β=0.048  α_t=0.050  (1587s)
step  1820  L_grcl=  1.96  L_cov= 0.38  L_cons=0.000  L_tot=  2.08  diag=+0.994  mix=[cap:104/ref:103/nl:113]  β=0.048  α_t=0.050  (1604s)
step  1840  L_grcl=  1.94  L_cov= 0.38  L_cons=0.000  L_tot=  2.06  diag=+0.994  mix=[cap:94/ref:118/nl:108]  β=0.048  α_t=0.050  (1620s)
step  1860  L_grcl=  1.95  L_cov= 0.37  L_cons=0.000  L_tot=  2.06  diag=+0.994  mix=[cap:114/ref:105/nl:101]  β=0.048  α_t=0.050  (1637s)
step  1880  L_grcl=  1.93  L_cov= 0.38  L_cons=0.000  L_tot=  2.05  diag=+0.994  mix=[cap:108/ref:115/nl:97]  β=0.048  α_t=0.050  (1654s)
step  1900  L_grcl=  2.01  L_cov= 0.36  L_cons=0.000  L_tot=  2.12  diag=+0.994  mix=[cap:107/ref:109/nl:104]  β=0.048  α_t=0.050  (1671s)
step  1920  L_grcl=  1.97  L_cov= 0.37  L_cons=0.000  L_tot=  2.08  diag=+0.994  mix=[cap:119/ref:100/nl:101]  β=0.048  α_t=0.050  (1688s)
step  1940  L_grcl=  1.94  L_cov= 0.37  L_cons=0.000  L_tot=  2.05  diag=+0.994  mix=[cap:118/ref:90/nl:112]  β=0.048  α_t=0.050  (1705s)
step  1960  L_grcl=  1.96  L_cov= 0.37  L_cons=0.000  L_tot=  2.07  diag=+0.993  mix=[cap:111/ref:102/nl:107]  β=0.048  α_t=0.050  (1722s)
step  1980  L_grcl=  1.90  L_cov= 0.36  L_cons=0.000  L_tot=  2.01  diag=+0.995  mix=[cap:106/ref:109/nl:105]  β=0.048  α_t=0.051  (1739s)
step  2000  L_grcl=  1.97  L_cov= 0.36  L_cons=0.000  L_tot=  2.08  diag=+0.994  mix=[cap:103/ref:112/nl:105]  β=0.048  α_t=0.051  (1756s)

  [eval @ step 2000] held-out test-A...
    cap-fig cos: +0.9947  (Δ +1.0349)
    R@1/5/10: 6.0% / 40.0% / 67.0%  (Δ +6.0 / +40.0 / +67.0)

step  2020  L_grcl=  1.98  L_cov= 0.38  L_cons=0.000  L_tot=  2.09  diag=+0.994  mix=[cap:109/ref:107/nl:104]  β=0.048  α_t=0.051  (1785s)
step  2040  L_grcl=  1.94  L_cov= 0.37  L_cons=0.000  L_tot=  2.05  diag=+0.995  mix=[cap:107/ref:110/nl:103]  β=0.048  α_t=0.051  (1802s)
step  2060  L_grcl=  1.97  L_cov= 0.37  L_cons=0.000  L_tot=  2.08  diag=+0.995  mix=[cap:104/ref:116/nl:100]  β=0.048  α_t=0.051  (1820s)
step  2080  L_grcl=  1.88  L_cov= 0.36  L_cons=0.000  L_tot=  1.99  diag=+0.995  mix=[cap:122/ref:111/nl:87]  β=0.048  α_t=0.051  (1837s)
step  2100  L_grcl=  1.97  L_cov= 0.37  L_cons=0.000  L_tot=  2.08  diag=+0.994  mix=[cap:87/ref:114/nl:119]  β=0.048  α_t=0.051  (1854s)
step  2120  L_grcl=  1.92  L_cov= 0.37  L_cons=0.000  L_tot=  2.03  diag=+0.995  mix=[cap:120/ref:111/nl:89]  β=0.048  α_t=0.051  (1871s)
step  2140  L_grcl=  1.90  L_cov= 0.37  L_cons=0.000  L_tot=  2.01  diag=+0.994  mix=[cap:106/ref:104/nl:110]  β=0.048  α_t=0.051  (1888s)
step  2160  L_grcl=  1.94  L_cov= 0.37  L_cons=0.000  L_tot=  2.05  diag=+0.994  mix=[cap:105/ref:105/nl:110]  β=0.048  α_t=0.051  (1906s)
step  2180  L_grcl=  1.93  L_cov= 0.36  L_cons=0.000  L_tot=  2.04  diag=+0.994  mix=[cap:89/ref:115/nl:116]  β=0.048  α_t=0.051  (1922s)
step  2200  L_grcl=  1.91  L_cov= 0.38  L_cons=0.000  L_tot=  2.03  diag=+0.994  mix=[cap:107/ref:95/nl:118]  β=0.049  α_t=0.051  (1939s)
step  2220  L_grcl=  1.99  L_cov= 0.36  L_cons=0.000  L_tot=  2.10  diag=+0.994  mix=[cap:112/ref:105/nl:103]  β=0.049  α_t=0.051  (1956s)
step  2240  L_grcl=  2.01  L_cov= 0.37  L_cons=0.000  L_tot=  2.13  diag=+0.994  mix=[cap:109/ref:105/nl:106]  β=0.049  α_t=0.051  (1973s)
step  2260  L_grcl=  1.94  L_cov= 0.37  L_cons=0.000  L_tot=  2.06  diag=+0.995  mix=[cap:110/ref:116/nl:94]  β=0.049  α_t=0.051  (1991s)
step  2280  L_grcl=  1.92  L_cov= 0.36  L_cons=0.000  L_tot=  2.02  diag=+0.995  mix=[cap:104/ref:118/nl:98]  β=0.049  α_t=0.051  (2007s)
step  2300  L_grcl=  1.90  L_cov= 0.35  L_cons=0.000  L_tot=  2.01  diag=+0.994  mix=[cap:117/ref:115/nl:88]  β=0.049  α_t=0.051  (2024s)
step  2320  L_grcl=  1.92  L_cov= 0.36  L_cons=0.000  L_tot=  2.03  diag=+0.992  mix=[cap:104/ref:109/nl:107]  β=0.049  α_t=0.051  (2041s)
step  2340  L_grcl=  1.99  L_cov= 0.37  L_cons=0.000  L_tot=  2.10  diag=+0.993  mix=[cap:109/ref:107/nl:104]  β=0.049  α_t=0.051  (2059s)
step  2360  L_grcl=  1.91  L_cov= 0.38  L_cons=0.000  L_tot=  2.03  diag=+0.993  mix=[cap:113/ref:104/nl:103]  β=0.049  α_t=0.051  (2076s)
step  2380  L_grcl=  1.87  L_cov= 0.35  L_cons=0.000  L_tot=  1.97  diag=+0.993  mix=[cap:115/ref:106/nl:99]  β=0.049  α_t=0.051  (2093s)
step  2400  L_grcl=  1.97  L_cov= 0.36  L_cons=0.000  L_tot=  2.08  diag=+0.993  mix=[cap:98/ref:104/nl:118]  β=0.049  α_t=0.051  (2109s)
step  2420  L_grcl=  1.93  L_cov= 0.36  L_cons=0.000  L_tot=  2.04  diag=+0.994  mix=[cap:117/ref:106/nl:97]  β=0.049  α_t=0.051  (2126s)
step  2440  L_grcl=  1.88  L_cov= 0.36  L_cons=0.000  L_tot=  1.99  diag=+0.994  mix=[cap:115/ref:101/nl:104]  β=0.049  α_t=0.051  (2143s)
step  2460  L_grcl=  1.93  L_cov= 0.37  L_cons=0.000  L_tot=  2.04  diag=+0.994  mix=[cap:119/ref:98/nl:103]  β=0.049  α_t=0.051  (2160s)
step  2480  L_grcl=  1.94  L_cov= 0.37  L_cons=0.000  L_tot=  2.05  diag=+0.994  mix=[cap:92/ref:111/nl:117]  β=0.049  α_t=0.051  (2177s)
step  2500  L_grcl=  1.95  L_cov= 0.37  L_cons=0.000  L_tot=  2.06  diag=+0.994  mix=[cap:107/ref:119/nl:94]  β=0.049  α_t=0.051  (2194s)

  [eval @ step 2500] held-out test-A...
    cap-fig cos: +0.9955  (Δ +1.0358)
    R@1/5/10: 11.5% / 51.0% / 73.0%  (Δ +11.5 / +51.0 / +73.0)

step  2520  L_grcl=  1.91  L_cov= 0.36  L_cons=0.000  L_tot=  2.02  diag=+0.993  mix=[cap:108/ref:100/nl:112]  β=0.049  α_t=0.051  (2223s)
step  2540  L_grcl=  1.93  L_cov= 0.34  L_cons=0.000  L_tot=  2.03  diag=+0.994  mix=[cap:99/ref:121/nl:100]  β=0.049  α_t=0.051  (2240s)
step  2560  L_grcl=  1.89  L_cov= 0.37  L_cons=0.000  L_tot=  2.00  diag=+0.994  mix=[cap:95/ref:117/nl:108]  β=0.049  α_t=0.051  (2256s)
step  2580  L_grcl=  1.95  L_cov= 0.35  L_cons=0.000  L_tot=  2.06  diag=+0.993  mix=[cap:96/ref:109/nl:115]  β=0.049  α_t=0.051  (2273s)
step  2600  L_grcl=  1.97  L_cov= 0.37  L_cons=0.000  L_tot=  2.08  diag=+0.993  mix=[cap:105/ref:94/nl:121]  β=0.049  α_t=0.051  (2290s)
step  2620  L_grcl=  1.94  L_cov= 0.37  L_cons=0.000  L_tot=  2.05  diag=+0.993  mix=[cap:103/ref:116/nl:101]  β=0.049  α_t=0.051  (2308s)
step  2640  L_grcl=  1.96  L_cov= 0.36  L_cons=0.000  L_tot=  2.07  diag=+0.993  mix=[cap:111/ref:121/nl:88]  β=0.049  α_t=0.051  (2325s)
step  2660  L_grcl=  1.91  L_cov= 0.35  L_cons=0.000  L_tot=  2.01  diag=+0.993  mix=[cap:101/ref:112/nl:107]  β=0.049  α_t=0.051  (2342s)
step  2680  L_grcl=  1.90  L_cov= 0.36  L_cons=0.000  L_tot=  2.00  diag=+0.993  mix=[cap:97/ref:109/nl:114]  β=0.049  α_t=0.052  (2359s)
step  2700  L_grcl=  1.97  L_cov= 0.37  L_cons=0.000  L_tot=  2.08  diag=+0.993  mix=[cap:100/ref:108/nl:112]  β=0.049  α_t=0.052  (2376s)
step  2720  L_grcl=  1.90  L_cov= 0.35  L_cons=0.000  L_tot=  2.01  diag=+0.993  mix=[cap:105/ref:104/nl:111]  β=0.049  α_t=0.052  (2393s)
step  2740  L_grcl=  1.93  L_cov= 0.36  L_cons=0.000  L_tot=  2.03  diag=+0.992  mix=[cap:108/ref:102/nl:110]  β=0.049  α_t=0.052  (2410s)
step  2760  L_grcl=  1.92  L_cov= 0.36  L_cons=0.000  L_tot=  2.03  diag=+0.994  mix=[cap:110/ref:107/nl:103]  β=0.049  α_t=0.052  (2427s)
step  2780  L_grcl=  1.92  L_cov= 0.37  L_cons=0.000  L_tot=  2.03  diag=+0.993  mix=[cap:102/ref:108/nl:110]  β=0.049  α_t=0.052  (2445s)
step  2800  L_grcl=  1.91  L_cov= 0.35  L_cons=0.000  L_tot=  2.01  diag=+0.993  mix=[cap:106/ref:119/nl:95]  β=0.049  α_t=0.052  (2462s)
step  2820  L_grcl=  1.89  L_cov= 0.36  L_cons=0.000  L_tot=  2.00  diag=+0.994  mix=[cap:106/ref:104/nl:110]  β=0.049  α_t=0.052  (2478s)
step  2840  L_grcl=  1.90  L_cov= 0.35  L_cons=0.000  L_tot=  2.01  diag=+0.994  mix=[cap:106/ref:110/nl:104]  β=0.049  α_t=0.052  (2496s)
step  2860  L_grcl=  1.92  L_cov= 0.37  L_cons=0.000  L_tot=  2.03  diag=+0.993  mix=[cap:95/ref:97/nl:128]  β=0.049  α_t=0.052  (2513s)
step  2880  L_grcl=  1.89  L_cov= 0.35  L_cons=0.000  L_tot=  1.99  diag=+0.992  mix=[cap:105/ref:101/nl:114]  β=0.049  α_t=0.052  (2530s)
step  2900  L_grcl=  1.93  L_cov= 0.37  L_cons=0.000  L_tot=  2.04  diag=+0.993  mix=[cap:112/ref:101/nl:107]  β=0.049  α_t=0.052  (2547s)
step  2920  L_grcl=  1.92  L_cov= 0.38  L_cons=0.000  L_tot=  2.03  diag=+0.993  mix=[cap:100/ref:110/nl:110]  β=0.049  α_t=0.052  (2564s)
step  2940  L_grcl=  1.86  L_cov= 0.33  L_cons=0.000  L_tot=  1.96  diag=+0.993  mix=[cap:113/ref:113/nl:94]  β=0.049  α_t=0.052  (2581s)
step  2960  L_grcl=  1.87  L_cov= 0.35  L_cons=0.000  L_tot=  1.98  diag=+0.992  mix=[cap:94/ref:112/nl:114]  β=0.049  α_t=0.052  (2597s)
step  2980  L_grcl=  1.95  L_cov= 0.36  L_cons=0.000  L_tot=  2.06  diag=+0.993  mix=[cap:101/ref:111/nl:108]  β=0.049  α_t=0.052  (2614s)
step  3000  L_grcl=  1.87  L_cov= 0.36  L_cons=0.000  L_tot=  1.98  diag=+0.991  mix=[cap:107/ref:94/nl:119]  β=0.049  α_t=0.052  (2631s)

  [eval @ step 3000] held-out test-A...
    cap-fig cos: +0.9939  (Δ +1.0342)
    R@1/5/10: 14.5% / 55.0% / 84.0%  (Δ +14.5 / +55.0 / +84.0)
    [ckpt saved @ step 3000 R@10=84.0%]

step  3020  L_grcl=  1.93  L_cov= 0.35  L_cons=0.000  L_tot=  2.03  diag=+0.992  mix=[cap:105/ref:107/nl:108]  β=0.049  α_t=0.052  (2669s)
step  3040  L_grcl=  1.89  L_cov= 0.34  L_cons=0.000  L_tot=  1.99  diag=+0.992  mix=[cap:110/ref:110/nl:100]  β=0.050  α_t=0.052  (2686s)
step  3060  L_grcl=  1.90  L_cov= 0.35  L_cons=0.000  L_tot=  2.00  diag=+0.993  mix=[cap:109/ref:106/nl:105]  β=0.050  α_t=0.052  (2703s)
step  3080  L_grcl=  1.92  L_cov= 0.36  L_cons=0.000  L_tot=  2.03  diag=+0.993  mix=[cap:104/ref:103/nl:113]  β=0.050  α_t=0.052  (2720s)
step  3100  L_grcl=  1.87  L_cov= 0.35  L_cons=0.000  L_tot=  1.98  diag=+0.993  mix=[cap:116/ref:99/nl:105]  β=0.050  α_t=0.052  (2738s)
step  3120  L_grcl=  1.92  L_cov= 0.35  L_cons=0.000  L_tot=  2.02  diag=+0.993  mix=[cap:93/ref:120/nl:107]  β=0.050  α_t=0.052  (2755s)
step  3140  L_grcl=  1.92  L_cov= 0.36  L_cons=0.000  L_tot=  2.03  diag=+0.993  mix=[cap:100/ref:112/nl:108]  β=0.050  α_t=0.052  (2771s)
step  3160  L_grcl=  1.97  L_cov= 0.36  L_cons=0.000  L_tot=  2.08  diag=+0.993  mix=[cap:106/ref:116/nl:98]  β=0.050  α_t=0.052  (2789s)
step  3180  L_grcl=  1.88  L_cov= 0.36  L_cons=0.000  L_tot=  1.99  diag=+0.993  mix=[cap:113/ref:107/nl:100]  β=0.050  α_t=0.052  (2806s)
step  3200  L_grcl=  1.85  L_cov= 0.35  L_cons=0.000  L_tot=  1.96  diag=+0.992  mix=[cap:110/ref:105/nl:105]  β=0.050  α_t=0.052  (2823s)
step  3220  L_grcl=  1.87  L_cov= 0.33  L_cons=0.000  L_tot=  1.97  diag=+0.993  mix=[cap:119/ref:110/nl:91]  β=0.050  α_t=0.052  (2840s)
step  3240  L_grcl=  1.85  L_cov= 0.33  L_cons=0.000  L_tot=  1.95  diag=+0.992  mix=[cap:113/ref:105/nl:102]  β=0.050  α_t=0.052  (2857s)
step  3260  L_grcl=  1.84  L_cov= 0.34  L_cons=0.000  L_tot=  1.95  diag=+0.992  mix=[cap:124/ref:94/nl:102]  β=0.050  α_t=0.052  (2874s)
step  3280  L_grcl=  1.85  L_cov= 0.34  L_cons=0.000  L_tot=  1.95  diag=+0.993  mix=[cap:108/ref:128/nl:84]  β=0.050  α_t=0.052  (2891s)
step  3300  L_grcl=  1.86  L_cov= 0.35  L_cons=0.000  L_tot=  1.96  diag=+0.992  mix=[cap:109/ref:97/nl:114]  β=0.050  α_t=0.052  (2907s)
step  3320  L_grcl=  1.91  L_cov= 0.35  L_cons=0.000  L_tot=  2.01  diag=+0.992  mix=[cap:95/ref:115/nl:110]  β=0.050  α_t=0.052  (2925s)
step  3340  L_grcl=  1.87  L_cov= 0.35  L_cons=0.000  L_tot=  1.98  diag=+0.992  mix=[cap:98/ref:119/nl:103]  β=0.050  α_t=0.052  (2941s)
step  3360  L_grcl=  1.88  L_cov= 0.33  L_cons=0.000  L_tot=  1.98  diag=+0.992  mix=[cap:100/ref:117/nl:103]  β=0.050  α_t=0.052  (2958s)
step  3380  L_grcl=  1.92  L_cov= 0.34  L_cons=0.000  L_tot=  2.02  diag=+0.992  mix=[cap:105/ref:106/nl:109]  β=0.050  α_t=0.052  (2976s)
step  3400  L_grcl=  1.90  L_cov= 0.36  L_cons=0.000  L_tot=  2.01  diag=+0.992  mix=[cap:101/ref:116/nl:103]  β=0.050  α_t=0.052  (2993s)
step  3420  L_grcl=  1.91  L_cov= 0.33  L_cons=0.000  L_tot=  2.01  diag=+0.992  mix=[cap:110/ref:108/nl:102]  β=0.050  α_t=0.052  (3010s)
step  3440  L_grcl=  1.83  L_cov= 0.35  L_cons=0.000  L_tot=  1.93  diag=+0.992  mix=[cap:123/ref:91/nl:106]  β=0.050  α_t=0.052  (3027s)
step  3460  L_grcl=  1.94  L_cov= 0.36  L_cons=0.000  L_tot=  2.05  diag=+0.991  mix=[cap:98/ref:112/nl:110]  β=0.050  α_t=0.052  (3044s)
step  3480  L_grcl=  1.89  L_cov= 0.36  L_cons=0.000  L_tot=  2.00  diag=+0.992  mix=[cap:118/ref:114/nl:88]  β=0.050  α_t=0.052  (3061s)
step  3500  L_grcl=  1.87  L_cov= 0.34  L_cons=0.000  L_tot=  1.97  diag=+0.992  mix=[cap:101/ref:120/nl:99]  β=0.050  α_t=0.052  (3078s)

  [eval @ step 3500] held-out test-A...
    cap-fig cos: +0.9948  (Δ +1.0350)
    R@1/5/10: 17.5% / 61.5% / 87.0%  (Δ +17.5 / +61.5 / +87.0)
    [ckpt saved @ step 3500 R@10=87.0%]

step  3520  L_grcl=  1.88  L_cov= 0.36  L_cons=0.000  L_tot=  1.98  diag=+0.992  mix=[cap:121/ref:102/nl:97]  β=0.050  α_t=0.053  (3117s)
step  3540  L_grcl=  1.91  L_cov= 0.35  L_cons=0.000  L_tot=  2.01  diag=+0.992  mix=[cap:110/ref:112/nl:98]  β=0.050  α_t=0.053  (3134s)
step  3560  L_grcl=  1.86  L_cov= 0.33  L_cons=0.000  L_tot=  1.96  diag=+0.991  mix=[cap:115/ref:112/nl:93]  β=0.050  α_t=0.053  (3151s)
step  3580  L_grcl=  1.88  L_cov= 0.33  L_cons=0.000  L_tot=  1.98  diag=+0.990  mix=[cap:103/ref:117/nl:100]  β=0.050  α_t=0.053  (3168s)
step  3600  L_grcl=  1.89  L_cov= 0.34  L_cons=0.000  L_tot=  2.00  diag=+0.992  mix=[cap:106/ref:113/nl:101]  β=0.050  α_t=0.053  (3185s)
step  3620  L_grcl=  1.84  L_cov= 0.35  L_cons=0.000  L_tot=  1.95  diag=+0.992  mix=[cap:106/ref:118/nl:96]  β=0.050  α_t=0.053  (3202s)
step  3640  L_grcl=  1.89  L_cov= 0.35  L_cons=0.000  L_tot=  2.00  diag=+0.991  mix=[cap:96/ref:117/nl:107]  β=0.050  α_t=0.053  (3219s)
step  3660  L_grcl=  1.80  L_cov= 0.34  L_cons=0.000  L_tot=  1.90  diag=+0.990  mix=[cap:121/ref:95/nl:104]  β=0.050  α_t=0.053  (3236s)
step  3680  L_grcl=  1.87  L_cov= 0.34  L_cons=0.000  L_tot=  1.97  diag=+0.990  mix=[cap:105/ref:113/nl:102]  β=0.050  α_t=0.053  (3253s)
step  3700  L_grcl=  1.86  L_cov= 0.33  L_cons=0.000  L_tot=  1.96  diag=+0.990  mix=[cap:112/ref:108/nl:100]  β=0.050  α_t=0.053  (3270s)
step  3720  L_grcl=  1.93  L_cov= 0.36  L_cons=0.000  L_tot=  2.04  diag=+0.992  mix=[cap:107/ref:113/nl:100]  β=0.050  α_t=0.053  (3287s)
step  3740  L_grcl=  1.86  L_cov= 0.34  L_cons=0.000  L_tot=  1.96  diag=+0.992  mix=[cap:110/ref:100/nl:110]  β=0.050  α_t=0.053  (3304s)
step  3760  L_grcl=  1.90  L_cov= 0.33  L_cons=0.000  L_tot=  2.00  diag=+0.991  mix=[cap:101/ref:118/nl:101]  β=0.051  α_t=0.053  (3321s)
step  3780  L_grcl=  1.84  L_cov= 0.34  L_cons=0.000  L_tot=  1.94  diag=+0.993  mix=[cap:101/ref:113/nl:106]  β=0.051  α_t=0.053  (3338s)
step  3800  L_grcl=  1.84  L_cov= 0.34  L_cons=0.000  L_tot=  1.94  diag=+0.991  mix=[cap:106/ref:119/nl:95]  β=0.051  α_t=0.053  (3355s)
step  3820  L_grcl=  1.86  L_cov= 0.33  L_cons=0.000  L_tot=  1.96  diag=+0.992  mix=[cap:110/ref:107/nl:103]  β=0.051  α_t=0.053  (3372s)
step  3840  L_grcl=  1.84  L_cov= 0.34  L_cons=0.000  L_tot=  1.94  diag=+0.991  mix=[cap:96/ref:115/nl:109]  β=0.051  α_t=0.053  (3389s)
step  3860  L_grcl=  1.88  L_cov= 0.34  L_cons=0.000  L_tot=  1.98  diag=+0.989  mix=[cap:112/ref:106/nl:102]  β=0.051  α_t=0.053  (3406s)
step  3880  L_grcl=  1.84  L_cov= 0.34  L_cons=0.000  L_tot=  1.94  diag=+0.990  mix=[cap:122/ref:93/nl:105]  β=0.051  α_t=0.053  (3423s)
step  3900  L_grcl=  1.92  L_cov= 0.35  L_cons=0.000  L_tot=  2.03  diag=+0.991  mix=[cap:93/ref:110/nl:117]  β=0.051  α_t=0.053  (3440s)
step  3920  L_grcl=  1.84  L_cov= 0.34  L_cons=0.000  L_tot=  1.94  diag=+0.992  mix=[cap:94/ref:127/nl:99]  β=0.051  α_t=0.053  (3457s)
step  3940  L_grcl=  1.84  L_cov= 0.33  L_cons=0.000  L_tot=  1.94  diag=+0.991  mix=[cap:103/ref:103/nl:114]  β=0.051  α_t=0.053  (3474s)
step  3960  L_grcl=  1.84  L_cov= 0.34  L_cons=0.000  L_tot=  1.94  diag=+0.991  mix=[cap:112/ref:109/nl:99]  β=0.051  α_t=0.053  (3491s)
step  3980  L_grcl=  1.83  L_cov= 0.33  L_cons=0.000  L_tot=  1.92  diag=+0.991  mix=[cap:104/ref:112/nl:104]  β=0.051  α_t=0.053  (3508s)
step  4000  L_grcl=  1.84  L_cov= 0.32  L_cons=0.000  L_tot=  1.93  diag=+0.990  mix=[cap:119/ref:100/nl:101]  β=0.051  α_t=0.053  (3526s)

  [eval @ step 4000] held-out test-A...
    cap-fig cos: +0.9944  (Δ +1.0347)
    R@1/5/10: 14.0% / 57.0% / 78.5%  (Δ +14.0 / +57.0 / +78.5)

step  4020  L_grcl=  1.86  L_cov= 0.34  L_cons=0.000  L_tot=  1.96  diag=+0.990  mix=[cap:107/ref:105/nl:108]  β=0.051  α_t=0.053  (3556s)
step  4040  L_grcl=  1.80  L_cov= 0.33  L_cons=0.000  L_tot=  1.90  diag=+0.990  mix=[cap:118/ref:103/nl:99]  β=0.051  α_t=0.053  (3573s)
step  4060  L_grcl=  1.88  L_cov= 0.34  L_cons=0.000  L_tot=  1.98  diag=+0.988  mix=[cap:106/ref:97/nl:117]  β=0.051  α_t=0.053  (3591s)
step  4080  L_grcl=  1.83  L_cov= 0.33  L_cons=0.000  L_tot=  1.93  diag=+0.990  mix=[cap:124/ref:104/nl:92]  β=0.051  α_t=0.053  (3608s)
step  4100  L_grcl=  1.90  L_cov= 0.33  L_cons=0.000  L_tot=  2.00  diag=+0.989  mix=[cap:99/ref:115/nl:106]  β=0.051  α_t=0.053  (3627s)
step  4120  L_grcl=  1.92  L_cov= 0.35  L_cons=0.000  L_tot=  2.02  diag=+0.990  mix=[cap:93/ref:112/nl:115]  β=0.051  α_t=0.053  (3645s)
step  4140  L_grcl=  1.83  L_cov= 0.34  L_cons=0.000  L_tot=  1.94  diag=+0.991  mix=[cap:114/ref:94/nl:112]  β=0.051  α_t=0.053  (3662s)
step  4160  L_grcl=  1.85  L_cov= 0.33  L_cons=0.000  L_tot=  1.94  diag=+0.990  mix=[cap:113/ref:99/nl:108]  β=0.051  α_t=0.053  (3679s)
step  4180  L_grcl=  1.85  L_cov= 0.32  L_cons=0.000  L_tot=  1.94  diag=+0.990  mix=[cap:107/ref:111/nl:102]  β=0.051  α_t=0.053  (3696s)
step  4200  L_grcl=  1.80  L_cov= 0.31  L_cons=0.000  L_tot=  1.89  diag=+0.990  mix=[cap:108/ref:103/nl:109]  β=0.051  α_t=0.053  (3713s)
step  4220  L_grcl=  1.91  L_cov= 0.34  L_cons=0.000  L_tot=  2.01  diag=+0.990  mix=[cap:105/ref:111/nl:104]  β=0.051  α_t=0.053  (3730s)
step  4240  L_grcl=  1.88  L_cov= 0.33  L_cons=0.000  L_tot=  1.98  diag=+0.991  mix=[cap:101/ref:118/nl:101]  β=0.051  α_t=0.053  (3747s)
step  4260  L_grcl=  1.84  L_cov= 0.34  L_cons=0.000  L_tot=  1.94  diag=+0.990  mix=[cap:97/ref:109/nl:114]  β=0.051  α_t=0.053  (3764s)
step  4280  L_grcl=  1.87  L_cov= 0.33  L_cons=0.000  L_tot=  1.97  diag=+0.991  mix=[cap:107/ref:109/nl:104]  β=0.051  α_t=0.053  (3781s)
step  4300  L_grcl=  1.82  L_cov= 0.33  L_cons=0.000  L_tot=  1.92  diag=+0.990  mix=[cap:106/ref:94/nl:120]  β=0.051  α_t=0.053  (3798s)
step  4320  L_grcl=  1.85  L_cov= 0.34  L_cons=0.000  L_tot=  1.96  diag=+0.991  mix=[cap:98/ref:118/nl:104]  β=0.051  α_t=0.054  (3815s)
step  4340  L_grcl=  1.84  L_cov= 0.33  L_cons=0.000  L_tot=  1.94  diag=+0.990  mix=[cap:89/ref:129/nl:102]  β=0.051  α_t=0.054  (3832s)
step  4360  L_grcl=  1.83  L_cov= 0.34  L_cons=0.000  L_tot=  1.93  diag=+0.990  mix=[cap:90/ref:123/nl:107]  β=0.051  α_t=0.054  (3849s)
step  4380  L_grcl=  1.90  L_cov= 0.33  L_cons=0.000  L_tot=  1.99  diag=+0.990  mix=[cap:105/ref:103/nl:112]  β=0.051  α_t=0.054  (3867s)
step  4400  L_grcl=  1.80  L_cov= 0.33  L_cons=0.000  L_tot=  1.90  diag=+0.990  mix=[cap:112/ref:100/nl:108]  β=0.051  α_t=0.054  (3884s)
step  4420  L_grcl=  1.90  L_cov= 0.33  L_cons=0.000  L_tot=  1.99  diag=+0.991  mix=[cap:107/ref:107/nl:106]  β=0.051  α_t=0.054  (3902s)
step  4440  L_grcl=  1.82  L_cov= 0.33  L_cons=0.000  L_tot=  1.92  diag=+0.991  mix=[cap:99/ref:119/nl:102]  β=0.052  α_t=0.054  (3919s)
step  4460  L_grcl=  1.88  L_cov= 0.32  L_cons=0.000  L_tot=  1.98  diag=+0.989  mix=[cap:96/ref:118/nl:106]  β=0.052  α_t=0.054  (3936s)
step  4480  L_grcl=  1.83  L_cov= 0.35  L_cons=0.000  L_tot=  1.94  diag=+0.992  mix=[cap:107/ref:110/nl:103]  β=0.052  α_t=0.054  (3954s)
step  4500  L_grcl=  1.79  L_cov= 0.32  L_cons=0.000  L_tot=  1.89  diag=+0.990  mix=[cap:106/ref:111/nl:103]  β=0.052  α_t=0.054  (3971s)

  [eval @ step 4500] held-out test-A...
    cap-fig cos: +0.9945  (Δ +1.0348)
    R@1/5/10: 16.5% / 58.5% / 85.5%  (Δ +16.5 / +58.5 / +85.5)

step  4520  L_grcl=  1.83  L_cov= 0.33  L_cons=0.000  L_tot=  1.93  diag=+0.990  mix=[cap:114/ref:111/nl:95]  β=0.052  α_t=0.054  (4000s)
step  4540  L_grcl=  1.83  L_cov= 0.32  L_cons=0.000  L_tot=  1.92  diag=+0.991  mix=[cap:106/ref:107/nl:107]  β=0.052  α_t=0.054  (4016s)
step  4560  L_grcl=  1.81  L_cov= 0.33  L_cons=0.000  L_tot=  1.91  diag=+0.991  mix=[cap:117/ref:107/nl:96]  β=0.052  α_t=0.054  (4034s)
step  4580  L_grcl=  1.83  L_cov= 0.32  L_cons=0.000  L_tot=  1.93  diag=+0.990  mix=[cap:105/ref:107/nl:108]  β=0.052  α_t=0.054  (4051s)
step  4600  L_grcl=  1.83  L_cov= 0.32  L_cons=0.000  L_tot=  1.93  diag=+0.990  mix=[cap:104/ref:119/nl:97]  β=0.052  α_t=0.054  (4069s)
step  4620  L_grcl=  1.84  L_cov= 0.33  L_cons=0.000  L_tot=  1.94  diag=+0.989  mix=[cap:105/ref:104/nl:111]  β=0.052  α_t=0.054  (4086s)
step  4640  L_grcl=  1.79  L_cov= 0.31  L_cons=0.000  L_tot=  1.88  diag=+0.990  mix=[cap:110/ref:118/nl:92]  β=0.052  α_t=0.054  (4103s)
step  4660  L_grcl=  1.89  L_cov= 0.33  L_cons=0.000  L_tot=  1.99  diag=+0.989  mix=[cap:95/ref:113/nl:112]  β=0.052  α_t=0.054  (4120s)
step  4680  L_grcl=  1.87  L_cov= 0.33  L_cons=0.000  L_tot=  1.97  diag=+0.990  mix=[cap:110/ref:102/nl:108]  β=0.052  α_t=0.054  (4137s)
step  4700  L_grcl=  1.80  L_cov= 0.33  L_cons=0.000  L_tot=  1.90  diag=+0.991  mix=[cap:118/ref:103/nl:99]  β=0.052  α_t=0.054  (4154s)
step  4720  L_grcl=  1.89  L_cov= 0.34  L_cons=0.000  L_tot=  1.99  diag=+0.990  mix=[cap:99/ref:108/nl:113]  β=0.052  α_t=0.054  (4171s)
step  4740  L_grcl=  1.81  L_cov= 0.33  L_cons=0.000  L_tot=  1.91  diag=+0.991  mix=[cap:104/ref:117/nl:99]  β=0.052  α_t=0.054  (4188s)
step  4760  L_grcl=  1.79  L_cov= 0.32  L_cons=0.000  L_tot=  1.88  diag=+0.990  mix=[cap:123/ref:91/nl:106]  β=0.052  α_t=0.054  (4206s)
step  4780  L_grcl=  1.80  L_cov= 0.33  L_cons=0.000  L_tot=  1.90  diag=+0.990  mix=[cap:112/ref:92/nl:116]  β=0.052  α_t=0.054  (4222s)
step  4800  L_grcl=  1.82  L_cov= 0.33  L_cons=0.000  L_tot=  1.92  diag=+0.989  mix=[cap:108/ref:98/nl:114]  β=0.052  α_t=0.054  (4239s)
step  4820  L_grcl=  1.85  L_cov= 0.32  L_cons=0.000  L_tot=  1.95  diag=+0.989  mix=[cap:93/ref:110/nl:117]  β=0.052  α_t=0.054  (4256s)
step  4840  L_grcl=  1.82  L_cov= 0.32  L_cons=0.000  L_tot=  1.92  diag=+0.988  mix=[cap:90/ref:123/nl:107]  β=0.052  α_t=0.054  (4273s)
step  4860  L_grcl=  1.80  L_cov= 0.32  L_cons=0.000  L_tot=  1.89  diag=+0.988  mix=[cap:102/ref:111/nl:107]  β=0.052  α_t=0.054  (4291s)
step  4880  L_grcl=  1.83  L_cov= 0.32  L_cons=0.000  L_tot=  1.92  diag=+0.988  mix=[cap:111/ref:93/nl:116]  β=0.052  α_t=0.054  (4308s)
step  4900  L_grcl=  1.81  L_cov= 0.32  L_cons=0.000  L_tot=  1.91  diag=+0.990  mix=[cap:118/ref:107/nl:95]  β=0.052  α_t=0.054  (4325s)
step  4920  L_grcl=  1.79  L_cov= 0.31  L_cons=0.000  L_tot=  1.88  diag=+0.989  mix=[cap:115/ref:98/nl:107]  β=0.052  α_t=0.054  (4342s)
step  4940  L_grcl=  1.82  L_cov= 0.31  L_cons=0.000  L_tot=  1.91  diag=+0.989  mix=[cap:118/ref:102/nl:100]  β=0.052  α_t=0.054  (4359s)
step  4960  L_grcl=  1.84  L_cov= 0.34  L_cons=0.000  L_tot=  1.94  diag=+0.991  mix=[cap:108/ref:120/nl:92]  β=0.052  α_t=0.054  (4376s)
step  4980  L_grcl=  1.81  L_cov= 0.32  L_cons=0.000  L_tot=  1.91  diag=+0.990  mix=[cap:113/ref:109/nl:98]  β=0.052  α_t=0.054  (4393s)
step  5000  L_grcl=  1.84  L_cov= 0.33  L_cons=0.000  L_tot=  1.94  diag=+0.990  mix=[cap:99/ref:125/nl:96]  β=0.052  α_t=0.054  (4411s)

  [eval @ step 5000] held-out test-A...
    cap-fig cos: +0.9943  (Δ +1.0346)
    R@1/5/10: 15.0% / 60.0% / 84.5%  (Δ +15.0 / +60.0 / +84.5)

step  5020  L_grcl=  1.79  L_cov= 0.32  L_cons=0.000  L_tot=  1.88  diag=+0.990  mix=[cap:113/ref:115/nl:92]  β=0.052  α_t=0.054  (4440s)
step  5040  L_grcl=  1.82  L_cov= 0.32  L_cons=0.000  L_tot=  1.92  diag=+0.989  mix=[cap:111/ref:109/nl:100]  β=0.052  α_t=0.054  (4457s)
step  5060  L_grcl=  1.81  L_cov= 0.34  L_cons=0.000  L_tot=  1.91  diag=+0.988  mix=[cap:99/ref:118/nl:103]  β=0.052  α_t=0.054  (4474s)
step  5080  L_grcl=  1.83  L_cov= 0.32  L_cons=0.000  L_tot=  1.93  diag=+0.990  mix=[cap:118/ref:103/nl:99]  β=0.053  α_t=0.054  (4492s)
step  5100  L_grcl=  1.83  L_cov= 0.33  L_cons=0.000  L_tot=  1.93  diag=+0.990  mix=[cap:92/ref:115/nl:113]  β=0.053  α_t=0.054  (4509s)
step  5120  L_grcl=  1.79  L_cov= 0.31  L_cons=0.000  L_tot=  1.89  diag=+0.989  mix=[cap:112/ref:101/nl:107]  β=0.053  α_t=0.054  (4526s)
step  5140  L_grcl=  1.78  L_cov= 0.32  L_cons=0.000  L_tot=  1.87  diag=+0.989  mix=[cap:101/ref:104/nl:115]  β=0.053  α_t=0.054  (4543s)
step  5160  L_grcl=  1.76  L_cov= 0.30  L_cons=0.000  L_tot=  1.85  diag=+0.989  mix=[cap:120/ref:107/nl:93]  β=0.053  α_t=0.055  (4560s)
step  5180  L_grcl=  1.82  L_cov= 0.32  L_cons=0.000  L_tot=  1.92  diag=+0.989  mix=[cap:116/ref:97/nl:107]  β=0.053  α_t=0.055  (4577s)
step  5200  L_grcl=  1.85  L_cov= 0.32  L_cons=0.000  L_tot=  1.95  diag=+0.989  mix=[cap:99/ref:103/nl:118]  β=0.053  α_t=0.055  (4594s)
step  5220  L_grcl=  1.79  L_cov= 0.31  L_cons=0.000  L_tot=  1.89  diag=+0.990  mix=[cap:113/ref:107/nl:100]  β=0.053  α_t=0.055  (4611s)
step  5240  L_grcl=  1.85  L_cov= 0.32  L_cons=0.000  L_tot=  1.95  diag=+0.989  mix=[cap:104/ref:107/nl:109]  β=0.053  α_t=0.055  (4629s)
step  5260  L_grcl=  1.83  L_cov= 0.34  L_cons=0.000  L_tot=  1.94  diag=+0.990  mix=[cap:102/ref:97/nl:121]  β=0.053  α_t=0.055  (4645s)
step  5280  L_grcl=  1.78  L_cov= 0.32  L_cons=0.000  L_tot=  1.87  diag=+0.990  mix=[cap:99/ref:104/nl:117]  β=0.053  α_t=0.055  (4662s)
step  5300  L_grcl=  1.81  L_cov= 0.30  L_cons=0.000  L_tot=  1.90  diag=+0.988  mix=[cap:108/ref:101/nl:111]  β=0.053  α_t=0.055  (4680s)
step  5320  L_grcl=  1.82  L_cov= 0.32  L_cons=0.000  L_tot=  1.91  diag=+0.989  mix=[cap:107/ref:100/nl:113]  β=0.053  α_t=0.055  (4697s)
step  5340  L_grcl=  1.80  L_cov= 0.32  L_cons=0.000  L_tot=  1.89  diag=+0.990  mix=[cap:121/ref:97/nl:102]  β=0.053  α_t=0.055  (4714s)
step  5360  L_grcl=  1.81  L_cov= 0.33  L_cons=0.000  L_tot=  1.90  diag=+0.989  mix=[cap:111/ref:88/nl:121]  β=0.053  α_t=0.055  (4732s)
step  5380  L_grcl=  1.82  L_cov= 0.32  L_cons=0.000  L_tot=  1.91  diag=+0.991  mix=[cap:96/ref:122/nl:102]  β=0.053  α_t=0.055  (4749s)
step  5400  L_grcl=  1.78  L_cov= 0.31  L_cons=0.000  L_tot=  1.87  diag=+0.989  mix=[cap:109/ref:108/nl:103]  β=0.053  α_t=0.055  (4766s)
step  5420  L_grcl=  1.80  L_cov= 0.31  L_cons=0.000  L_tot=  1.90  diag=+0.989  mix=[cap:120/ref:104/nl:96]  β=0.053  α_t=0.055  (4783s)
step  5440  L_grcl=  1.82  L_cov= 0.32  L_cons=0.000  L_tot=  1.92  diag=+0.989  mix=[cap:110/ref:112/nl:98]  β=0.053  α_t=0.055  (4800s)
step  5460  L_grcl=  1.85  L_cov= 0.33  L_cons=0.000  L_tot=  1.95  diag=+0.990  mix=[cap:116/ref:107/nl:97]  β=0.053  α_t=0.055  (4817s)
step  5480  L_grcl=  1.76  L_cov= 0.30  L_cons=0.000  L_tot=  1.85  diag=+0.988  mix=[cap:112/ref:99/nl:109]  β=0.053  α_t=0.055  (4834s)
step  5500  L_grcl=  1.86  L_cov= 0.33  L_cons=0.000  L_tot=  1.96  diag=+0.990  mix=[cap:99/ref:113/nl:108]  β=0.053  α_t=0.055  (4851s)

  [eval @ step 5500] held-out test-A...
    cap-fig cos: +0.9955  (Δ +1.0358)
    R@1/5/10: 17.0% / 62.0% / 87.0%  (Δ +17.0 / +62.0 / +87.0)

step  5520  L_grcl=  1.82  L_cov= 0.34  L_cons=0.000  L_tot=  1.92  diag=+0.990  mix=[cap:104/ref:107/nl:109]  β=0.053  α_t=0.055  (4880s)
step  5540  L_grcl=  1.80  L_cov= 0.32  L_cons=0.000  L_tot=  1.89  diag=+0.989  mix=[cap:101/ref:114/nl:105]  β=0.053  α_t=0.055  (4897s)
step  5560  L_grcl=  1.78  L_cov= 0.31  L_cons=0.000  L_tot=  1.87  diag=+0.990  mix=[cap:108/ref:109/nl:103]  β=0.053  α_t=0.055  (4914s)
step  5580  L_grcl=  1.79  L_cov= 0.32  L_cons=0.000  L_tot=  1.88  diag=+0.991  mix=[cap:111/ref:118/nl:91]  β=0.053  α_t=0.055  (4931s)
step  5600  L_grcl=  1.80  L_cov= 0.31  L_cons=0.000  L_tot=  1.89  diag=+0.988  mix=[cap:115/ref:87/nl:118]  β=0.053  α_t=0.055  (4948s)
step  5620  L_grcl=  1.81  L_cov= 0.31  L_cons=0.000  L_tot=  1.90  diag=+0.990  mix=[cap:102/ref:109/nl:109]  β=0.053  α_t=0.055  (4965s)
step  5640  L_grcl=  1.85  L_cov= 0.33  L_cons=0.000  L_tot=  1.95  diag=+0.990  mix=[cap:102/ref:115/nl:103]  β=0.053  α_t=0.055  (4982s)
step  5660  L_grcl=  1.80  L_cov= 0.32  L_cons=0.000  L_tot=  1.89  diag=+0.989  mix=[cap:123/ref:93/nl:104]  β=0.053  α_t=0.055  (5000s)
step  5680  L_grcl=  1.83  L_cov= 0.33  L_cons=0.000  L_tot=  1.93  diag=+0.990  mix=[cap:103/ref:117/nl:100]  β=0.053  α_t=0.055  (5017s)
step  5700  L_grcl=  1.83  L_cov= 0.33  L_cons=0.000  L_tot=  1.93  diag=+0.988  mix=[cap:94/ref:102/nl:124]  β=0.053  α_t=0.055  (5034s)
step  5720  L_grcl=  1.82  L_cov= 0.31  L_cons=0.000  L_tot=  1.92  diag=+0.988  mix=[cap:101/ref:113/nl:106]  β=0.054  α_t=0.055  (5051s)
step  5740  L_grcl=  1.80  L_cov= 0.31  L_cons=0.000  L_tot=  1.90  diag=+0.988  mix=[cap:103/ref:111/nl:106]  β=0.054  α_t=0.055  (5068s)
step  5760  L_grcl=  1.87  L_cov= 0.31  L_cons=0.000  L_tot=  1.96  diag=+0.989  mix=[cap:93/ref:119/nl:108]  β=0.054  α_t=0.055  (5085s)
step  5780  L_grcl=  1.79  L_cov= 0.32  L_cons=0.000  L_tot=  1.89  diag=+0.990  mix=[cap:108/ref:106/nl:106]  β=0.054  α_t=0.055  (5102s)
step  5800  L_grcl=  1.83  L_cov= 0.32  L_cons=0.000  L_tot=  1.93  diag=+0.989  mix=[cap:94/ref:119/nl:107]  β=0.054  α_t=0.055  (5119s)
step  5820  L_grcl=  1.82  L_cov= 0.32  L_cons=0.000  L_tot=  1.92  diag=+0.989  mix=[cap:110/ref:108/nl:102]  β=0.054  α_t=0.055  (5136s)
step  5840  L_grcl=  1.78  L_cov= 0.32  L_cons=0.000  L_tot=  1.87  diag=+0.988  mix=[cap:103/ref:115/nl:102]  β=0.054  α_t=0.055  (5154s)
step  5860  L_grcl=  1.81  L_cov= 0.30  L_cons=0.000  L_tot=  1.90  diag=+0.990  mix=[cap:117/ref:104/nl:99]  β=0.054  α_t=0.055  (5171s)
step  5880  L_grcl=  1.80  L_cov= 0.32  L_cons=0.000  L_tot=  1.89  diag=+0.990  mix=[cap:106/ref:107/nl:107]  β=0.054  α_t=0.055  (5188s)
step  5900  L_grcl=  1.79  L_cov= 0.31  L_cons=0.000  L_tot=  1.88  diag=+0.988  mix=[cap:99/ref:105/nl:116]  β=0.054  α_t=0.055  (5205s)
step  5920  L_grcl=  1.79  L_cov= 0.31  L_cons=0.000  L_tot=  1.88  diag=+0.989  mix=[cap:109/ref:101/nl:110]  β=0.054  α_t=0.055  (5222s)
step  5940  L_grcl=  1.82  L_cov= 0.32  L_cons=0.000  L_tot=  1.91  diag=+0.991  mix=[cap:108/ref:106/nl:106]  β=0.054  α_t=0.055  (5239s)
step  5960  L_grcl=  1.75  L_cov= 0.31  L_cons=0.000  L_tot=  1.85  diag=+0.986  mix=[cap:101/ref:97/nl:122]  β=0.054  α_t=0.055  (5256s)
step  5980  L_grcl=  1.85  L_cov= 0.33  L_cons=0.000  L_tot=  1.95  diag=+0.990  mix=[cap:92/ref:122/nl:106]  β=0.054  α_t=0.055  (5273s)
step  6000  L_grcl=  1.78  L_cov= 0.32  L_cons=0.000  L_tot=  1.88  diag=+0.988  mix=[cap:113/ref:92/nl:115]  β=0.054  α_t=0.055  (5290s)

  [eval @ step 6000] held-out test-A...
    cap-fig cos: +0.9940  (Δ +1.0343)
    R@1/5/10: 14.0% / 62.5% / 89.5%  (Δ +14.0 / +62.5 / +89.5)
    [ckpt saved @ step 6000 R@10=89.5%]

step  6020  L_grcl=  1.83  L_cov= 0.32  L_cons=0.000  L_tot=  1.92  diag=+0.991  mix=[cap:112/ref:117/nl:91]  β=0.054  α_t=0.055  (5329s)
step  6040  L_grcl=  1.78  L_cov= 0.32  L_cons=0.000  L_tot=  1.88  diag=+0.990  mix=[cap:117/ref:93/nl:110]  β=0.054  α_t=0.056  (5346s)
step  6060  L_grcl=  1.82  L_cov= 0.31  L_cons=0.000  L_tot=  1.91  diag=+0.988  mix=[cap:101/ref:106/nl:113]  β=0.054  α_t=0.056  (5364s)
step  6080  L_grcl=  1.75  L_cov= 0.32  L_cons=0.000  L_tot=  1.85  diag=+0.989  mix=[cap:108/ref:103/nl:109]  β=0.054  α_t=0.056  (5381s)
step  6100  L_grcl=  1.80  L_cov= 0.31  L_cons=0.000  L_tot=  1.90  diag=+0.987  mix=[cap:107/ref:104/nl:109]  β=0.054  α_t=0.056  (5398s)
step  6120  L_grcl=  1.79  L_cov= 0.31  L_cons=0.000  L_tot=  1.89  diag=+0.991  mix=[cap:99/ref:121/nl:100]  β=0.054  α_t=0.056  (5415s)
step  6140  L_grcl=  1.83  L_cov= 0.33  L_cons=0.000  L_tot=  1.93  diag=+0.991  mix=[cap:98/ref:111/nl:111]  β=0.054  α_t=0.056  (5433s)
step  6160  L_grcl=  1.79  L_cov= 0.32  L_cons=0.000  L_tot=  1.88  diag=+0.990  mix=[cap:108/ref:111/nl:101]  β=0.054  α_t=0.056  (5450s)
step  6180  L_grcl=  1.86  L_cov= 0.31  L_cons=0.000  L_tot=  1.95  diag=+0.989  mix=[cap:109/ref:106/nl:105]  β=0.054  α_t=0.056  (5467s)
step  6200  L_grcl=  1.84  L_cov= 0.33  L_cons=0.000  L_tot=  1.94  diag=+0.991  mix=[cap:106/ref:117/nl:97]  β=0.054  α_t=0.056  (5484s)
step  6220  L_grcl=  1.81  L_cov= 0.32  L_cons=0.000  L_tot=  1.91  diag=+0.990  mix=[cap:96/ref:120/nl:104]  β=0.054  α_t=0.056  (5501s)
step  6240  L_grcl=  1.75  L_cov= 0.32  L_cons=0.000  L_tot=  1.85  diag=+0.990  mix=[cap:114/ref:105/nl:101]  β=0.054  α_t=0.056  (5517s)
step  6260  L_grcl=  1.82  L_cov= 0.30  L_cons=0.000  L_tot=  1.91  diag=+0.989  mix=[cap:102/ref:120/nl:98]  β=0.054  α_t=0.056  (5534s)
step  6280  L_grcl=  1.79  L_cov= 0.32  L_cons=0.000  L_tot=  1.88  diag=+0.988  mix=[cap:117/ref:97/nl:106]  β=0.054  α_t=0.056  (5551s)
step  6300  L_grcl=  1.77  L_cov= 0.31  L_cons=0.000  L_tot=  1.87  diag=+0.990  mix=[cap:101/ref:126/nl:93]  β=0.054  α_t=0.056  (5568s)
step  6320  L_grcl=  1.80  L_cov= 0.32  L_cons=0.000  L_tot=  1.89  diag=+0.990  mix=[cap:98/ref:129/nl:93]  β=0.055  α_t=0.056  (5585s)
step  6340  L_grcl=  1.80  L_cov= 0.32  L_cons=0.000  L_tot=  1.89  diag=+0.991  mix=[cap:105/ref:122/nl:93]  β=0.055  α_t=0.056  (5602s)
step  6360  L_grcl=  1.75  L_cov= 0.32  L_cons=0.000  L_tot=  1.85  diag=+0.989  mix=[cap:112/ref:119/nl:89]  β=0.055  α_t=0.056  (5619s)
step  6380  L_grcl=  1.78  L_cov= 0.31  L_cons=0.000  L_tot=  1.87  diag=+0.987  mix=[cap:110/ref:96/nl:114]  β=0.055  α_t=0.056  (5636s)
step  6400  L_grcl=  1.77  L_cov= 0.29  L_cons=0.000  L_tot=  1.86  diag=+0.988  mix=[cap:108/ref:115/nl:97]  β=0.055  α_t=0.056  (5654s)
step  6420  L_grcl=  1.80  L_cov= 0.31  L_cons=0.000  L_tot=  1.90  diag=+0.988  mix=[cap:104/ref:105/nl:111]  β=0.055  α_t=0.056  (5671s)
step  6440  L_grcl=  1.79  L_cov= 0.31  L_cons=0.000  L_tot=  1.89  diag=+0.989  mix=[cap:102/ref:116/nl:102]  β=0.055  α_t=0.056  (5688s)
step  6460  L_grcl=  1.83  L_cov= 0.32  L_cons=0.000  L_tot=  1.92  diag=+0.989  mix=[cap:95/ref:105/nl:120]  β=0.055  α_t=0.056  (5705s)
step  6480  L_grcl=  1.82  L_cov= 0.32  L_cons=0.000  L_tot=  1.92  diag=+0.990  mix=[cap:100/ref:112/nl:108]  β=0.055  α_t=0.056  (5722s)
step  6500  L_grcl=  1.75  L_cov= 0.31  L_cons=0.000  L_tot=  1.84  diag=+0.989  mix=[cap:108/ref:113/nl:99]  β=0.055  α_t=0.056  (5738s)

  [eval @ step 6500] held-out test-A...
    cap-fig cos: +0.9946  (Δ +1.0348)
    R@1/5/10: 18.5% / 62.5% / 88.0%  (Δ +18.5 / +62.5 / +88.0)

step  6520  L_grcl=  1.77  L_cov= 0.32  L_cons=0.000  L_tot=  1.86  diag=+0.990  mix=[cap:115/ref:100/nl:105]  β=0.055  α_t=0.056  (5767s)
step  6540  L_grcl=  1.74  L_cov= 0.30  L_cons=0.000  L_tot=  1.83  diag=+0.989  mix=[cap:118/ref:101/nl:101]  β=0.055  α_t=0.056  (5785s)
step  6560  L_grcl=  1.79  L_cov= 0.30  L_cons=0.000  L_tot=  1.88  diag=+0.987  mix=[cap:111/ref:93/nl:116]  β=0.055  α_t=0.056  (5802s)
step  6580  L_grcl=  1.77  L_cov= 0.30  L_cons=0.000  L_tot=  1.86  diag=+0.989  mix=[cap:96/ref:108/nl:116]  β=0.055  α_t=0.056  (5819s)
step  6600  L_grcl=  1.79  L_cov= 0.32  L_cons=0.000  L_tot=  1.89  diag=+0.989  mix=[cap:109/ref:105/nl:106]  β=0.055  α_t=0.056  (5836s)
step  6620  L_grcl=  1.86  L_cov= 0.32  L_cons=0.000  L_tot=  1.95  diag=+0.989  mix=[cap:100/ref:120/nl:100]  β=0.055  α_t=0.056  (5853s)
step  6640  L_grcl=  1.76  L_cov= 0.31  L_cons=0.000  L_tot=  1.85  diag=+0.989  mix=[cap:114/ref:91/nl:115]  β=0.055  α_t=0.056  (5870s)
step  6660  L_grcl=  1.82  L_cov= 0.31  L_cons=0.000  L_tot=  1.92  diag=+0.988  mix=[cap:106/ref:111/nl:103]  β=0.055  α_t=0.056  (5887s)
step  6680  L_grcl=  1.80  L_cov= 0.31  L_cons=0.000  L_tot=  1.90  diag=+0.990  mix=[cap:111/ref:122/nl:87]  β=0.055  α_t=0.056  (5904s)
step  6700  L_grcl=  1.76  L_cov= 0.31  L_cons=0.000  L_tot=  1.85  diag=+0.989  mix=[cap:102/ref:111/nl:107]  β=0.055  α_t=0.056  (5921s)
step  6720  L_grcl=  1.82  L_cov= 0.34  L_cons=0.000  L_tot=  1.92  diag=+0.989  mix=[cap:104/ref:109/nl:107]  β=0.055  α_t=0.056  (5938s)
step  6740  L_grcl=  1.83  L_cov= 0.33  L_cons=0.000  L_tot=  1.93  diag=+0.989  mix=[cap:106/ref:102/nl:112]  β=0.055  α_t=0.056  (5955s)
step  6760  L_grcl=  1.76  L_cov= 0.30  L_cons=0.000  L_tot=  1.85  diag=+0.988  mix=[cap:106/ref:104/nl:110]  β=0.055  α_t=0.056  (5972s)
step  6780  L_grcl=  1.79  L_cov= 0.31  L_cons=0.000  L_tot=  1.88  diag=+0.987  mix=[cap:95/ref:111/nl:114]  β=0.055  α_t=0.056  (5989s)
step  6800  L_grcl=  1.77  L_cov= 0.30  L_cons=0.000  L_tot=  1.86  diag=+0.987  mix=[cap:98/ref:106/nl:116]  β=0.055  α_t=0.056  (6006s)
step  6820  L_grcl=  1.77  L_cov= 0.31  L_cons=0.000  L_tot=  1.86  diag=+0.989  mix=[cap:111/ref:106/nl:103]  β=0.055  α_t=0.056  (6023s)
step  6840  L_grcl=  1.82  L_cov= 0.33  L_cons=0.000  L_tot=  1.92  diag=+0.989  mix=[cap:107/ref:111/nl:102]  β=0.055  α_t=0.056  (6040s)
step  6860  L_grcl=  1.77  L_cov= 0.30  L_cons=0.000  L_tot=  1.86  diag=+0.987  mix=[cap:96/ref:105/nl:119]  β=0.055  α_t=0.056  (6057s)
step  6880  L_grcl=  1.81  L_cov= 0.31  L_cons=0.000  L_tot=  1.91  diag=+0.987  mix=[cap:105/ref:113/nl:102]  β=0.055  α_t=0.056  (6075s)
step  6900  L_grcl=  1.84  L_cov= 0.31  L_cons=0.000  L_tot=  1.93  diag=+0.988  mix=[cap:85/ref:122/nl:113]  β=0.055  α_t=0.056  (6091s)
step  6920  L_grcl=  1.82  L_cov= 0.31  L_cons=0.000  L_tot=  1.91  diag=+0.987  mix=[cap:112/ref:112/nl:96]  β=0.056  α_t=0.056  (6109s)
step  6940  L_grcl=  1.74  L_cov= 0.31  L_cons=0.000  L_tot=  1.83  diag=+0.989  mix=[cap:131/ref:93/nl:96]  β=0.056  α_t=0.057  (6125s)
step  6960  L_grcl=  1.80  L_cov= 0.31  L_cons=0.000  L_tot=  1.89  diag=+0.989  mix=[cap:101/ref:113/nl:106]  β=0.056  α_t=0.057  (6142s)
step  6980  L_grcl=  1.80  L_cov= 0.32  L_cons=0.000  L_tot=  1.89  diag=+0.991  mix=[cap:110/ref:111/nl:99]  β=0.056  α_t=0.057  (6159s)
step  7000  L_grcl=  1.82  L_cov= 0.32  L_cons=0.000  L_tot=  1.92  diag=+0.988  mix=[cap:109/ref:105/nl:106]  β=0.056  α_t=0.057  (6176s)

  [eval @ step 7000] held-out test-A...
    cap-fig cos: +0.9942  (Δ +1.0345)
    R@1/5/10: 13.5% / 57.0% / 81.5%  (Δ +13.5 / +57.0 / +81.5)

step  7020  L_grcl=  1.78  L_cov= 0.31  L_cons=0.000  L_tot=  1.87  diag=+0.988  mix=[cap:116/ref:98/nl:106]  β=0.056  α_t=0.057  (6205s)
step  7040  L_grcl=  1.75  L_cov= 0.30  L_cons=0.000  L_tot=  1.84  diag=+0.988  mix=[cap:88/ref:113/nl:119]  β=0.056  α_t=0.057  (6222s)
step  7060  L_grcl=  1.78  L_cov= 0.30  L_cons=0.000  L_tot=  1.87  diag=+0.987  mix=[cap:111/ref:106/nl:103]  β=0.056  α_t=0.057  (6240s)
step  7080  L_grcl=  1.81  L_cov= 0.33  L_cons=0.000  L_tot=  1.90  diag=+0.988  mix=[cap:94/ref:100/nl:126]  β=0.056  α_t=0.057  (6256s)
step  7100  L_grcl=  1.81  L_cov= 0.33  L_cons=0.000  L_tot=  1.91  diag=+0.989  mix=[cap:112/ref:108/nl:100]  β=0.056  α_t=0.057  (6274s)
step  7120  L_grcl=  1.75  L_cov= 0.30  L_cons=0.000  L_tot=  1.84  diag=+0.987  mix=[cap:115/ref:99/nl:106]  β=0.056  α_t=0.057  (6291s)
step  7140  L_grcl=  1.74  L_cov= 0.30  L_cons=0.000  L_tot=  1.83  diag=+0.987  mix=[cap:100/ref:109/nl:111]  β=0.056  α_t=0.057  (6308s)
step  7160  L_grcl=  1.79  L_cov= 0.31  L_cons=0.000  L_tot=  1.89  diag=+0.987  mix=[cap:98/ref:112/nl:110]  β=0.056  α_t=0.057  (6325s)
step  7180  L_grcl=  1.76  L_cov= 0.31  L_cons=0.000  L_tot=  1.86  diag=+0.989  mix=[cap:114/ref:105/nl:101]  β=0.056  α_t=0.057  (6342s)
step  7200  L_grcl=  1.79  L_cov= 0.31  L_cons=0.000  L_tot=  1.89  diag=+0.990  mix=[cap:112/ref:106/nl:102]  β=0.056  α_t=0.057  (6360s)
step  7220  L_grcl=  1.76  L_cov= 0.31  L_cons=0.000  L_tot=  1.85  diag=+0.988  mix=[cap:91/ref:111/nl:118]  β=0.056  α_t=0.057  (6376s)
step  7240  L_grcl=  1.80  L_cov= 0.31  L_cons=0.000  L_tot=  1.89  diag=+0.989  mix=[cap:104/ref:105/nl:111]  β=0.056  α_t=0.057  (6394s)
step  7260  L_grcl=  1.73  L_cov= 0.31  L_cons=0.000  L_tot=  1.82  diag=+0.989  mix=[cap:118/ref:102/nl:100]  β=0.056  α_t=0.057  (6411s)
step  7280  L_grcl=  1.83  L_cov= 0.31  L_cons=0.000  L_tot=  1.92  diag=+0.987  mix=[cap:97/ref:109/nl:114]  β=0.056  α_t=0.057  (6427s)
step  7300  L_grcl=  1.71  L_cov= 0.31  L_cons=0.000  L_tot=  1.81  diag=+0.989  mix=[cap:118/ref:102/nl:100]  β=0.056  α_t=0.057  (6445s)
step  7320  L_grcl=  1.81  L_cov= 0.31  L_cons=0.000  L_tot=  1.90  diag=+0.986  mix=[cap:103/ref:107/nl:110]  β=0.056  α_t=0.057  (6463s)
step  7340  L_grcl=  1.81  L_cov= 0.32  L_cons=0.000  L_tot=  1.90  diag=+0.989  mix=[cap:96/ref:107/nl:117]  β=0.056  α_t=0.057  (6480s)
step  7360  L_grcl=  1.73  L_cov= 0.30  L_cons=0.000  L_tot=  1.82  diag=+0.989  mix=[cap:118/ref:93/nl:109]  β=0.056  α_t=0.057  (6497s)
step  7380  L_grcl=  1.73  L_cov= 0.29  L_cons=0.000  L_tot=  1.81  diag=+0.987  mix=[cap:113/ref:104/nl:103]  β=0.056  α_t=0.057  (6514s)
step  7400  L_grcl=  1.82  L_cov= 0.31  L_cons=0.000  L_tot=  1.91  diag=+0.990  mix=[cap:103/ref:107/nl:110]  β=0.056  α_t=0.057  (6534s)
step  7420  L_grcl=  1.75  L_cov= 0.31  L_cons=0.000  L_tot=  1.84  diag=+0.989  mix=[cap:95/ref:108/nl:117]  β=0.056  α_t=0.057  (6551s)
step  7440  L_grcl=  1.77  L_cov= 0.30  L_cons=0.000  L_tot=  1.86  diag=+0.989  mix=[cap:115/ref:98/nl:107]  β=0.056  α_t=0.057  (6568s)
step  7460  L_grcl=  1.83  L_cov= 0.32  L_cons=0.000  L_tot=  1.93  diag=+0.990  mix=[cap:97/ref:118/nl:105]  β=0.056  α_t=0.057  (6585s)
step  7480  L_grcl=  1.74  L_cov= 0.30  L_cons=0.000  L_tot=  1.83  diag=+0.989  mix=[cap:102/ref:97/nl:121]  β=0.056  α_t=0.057  (6602s)
step  7500  L_grcl=  1.78  L_cov= 0.29  L_cons=0.000  L_tot=  1.87  diag=+0.987  mix=[cap:98/ref:109/nl:113]  β=0.056  α_t=0.057  (6619s)

  [eval @ step 7500] held-out test-A...
    cap-fig cos: +0.9944  (Δ +1.0347)
    R@1/5/10: 15.5% / 53.0% / 77.5%  (Δ +15.5 / +53.0 / +77.5)

step  7520  L_grcl=  1.79  L_cov= 0.31  L_cons=0.000  L_tot=  1.89  diag=+0.988  mix=[cap:107/ref:102/nl:111]  β=0.057  α_t=0.057  (6648s)
step  7540  L_grcl=  1.74  L_cov= 0.31  L_cons=0.000  L_tot=  1.83  diag=+0.987  mix=[cap:113/ref:97/nl:110]  β=0.057  α_t=0.057  (6666s)
step  7560  L_grcl=  1.74  L_cov= 0.30  L_cons=0.000  L_tot=  1.83  diag=+0.985  mix=[cap:105/ref:96/nl:119]  β=0.057  α_t=0.057  (6682s)
step  7580  L_grcl=  1.79  L_cov= 0.32  L_cons=0.000  L_tot=  1.89  diag=+0.988  mix=[cap:102/ref:112/nl:106]  β=0.057  α_t=0.057  (6699s)
step  7600  L_grcl=  1.72  L_cov= 0.29  L_cons=0.000  L_tot=  1.81  diag=+0.987  mix=[cap:111/ref:90/nl:119]  β=0.057  α_t=0.057  (6716s)
step  7620  L_grcl=  1.79  L_cov= 0.32  L_cons=0.000  L_tot=  1.88  diag=+0.988  mix=[cap:103/ref:112/nl:105]  β=0.057  α_t=0.057  (6733s)
step  7640  L_grcl=  1.74  L_cov= 0.30  L_cons=0.000  L_tot=  1.82  diag=+0.989  mix=[cap:103/ref:127/nl:90]  β=0.057  α_t=0.057  (6750s)
step  7660  L_grcl=  1.78  L_cov= 0.30  L_cons=0.000  L_tot=  1.87  diag=+0.989  mix=[cap:111/ref:110/nl:99]  β=0.057  α_t=0.057  (6768s)
step  7680  L_grcl=  1.77  L_cov= 0.29  L_cons=0.000  L_tot=  1.86  diag=+0.987  mix=[cap:99/ref:128/nl:93]  β=0.057  α_t=0.057  (6785s)
step  7700  L_grcl=  1.75  L_cov= 0.30  L_cons=0.000  L_tot=  1.84  diag=+0.989  mix=[cap:104/ref:118/nl:98]  β=0.057  α_t=0.057  (6802s)
step  7720  L_grcl=  1.74  L_cov= 0.31  L_cons=0.000  L_tot=  1.83  diag=+0.988  mix=[cap:111/ref:105/nl:104]  β=0.057  α_t=0.057  (6819s)
step  7740  L_grcl=  1.77  L_cov= 0.30  L_cons=0.000  L_tot=  1.86  diag=+0.989  mix=[cap:97/ref:116/nl:107]  β=0.057  α_t=0.057  (6836s)
step  7760  L_grcl=  1.77  L_cov= 0.30  L_cons=0.000  L_tot=  1.86  diag=+0.989  mix=[cap:113/ref:108/nl:99]  β=0.057  α_t=0.057  (6853s)
step  7780  L_grcl=  1.80  L_cov= 0.31  L_cons=0.000  L_tot=  1.89  diag=+0.988  mix=[cap:110/ref:108/nl:102]  β=0.057  α_t=0.057  (6870s)
step  7800  L_grcl=  1.77  L_cov= 0.31  L_cons=0.000  L_tot=  1.87  diag=+0.989  mix=[cap:101/ref:112/nl:107]  β=0.057  α_t=0.057  (6888s)
step  7820  L_grcl=  1.77  L_cov= 0.30  L_cons=0.000  L_tot=  1.86  diag=+0.985  mix=[cap:95/ref:100/nl:125]  β=0.057  α_t=0.057  (6905s)
step  7840  L_grcl=  1.77  L_cov= 0.29  L_cons=0.000  L_tot=  1.86  diag=+0.987  mix=[cap:113/ref:100/nl:107]  β=0.057  α_t=0.057  (6921s)
step  7860  L_grcl=  1.82  L_cov= 0.32  L_cons=0.000  L_tot=  1.91  diag=+0.990  mix=[cap:82/ref:130/nl:108]  β=0.057  α_t=0.057  (6938s)
step  7880  L_grcl=  1.77  L_cov= 0.31  L_cons=0.000  L_tot=  1.86  diag=+0.988  mix=[cap:110/ref:104/nl:106]  β=0.057  α_t=0.058  (6955s)
step  7900  L_grcl=  1.76  L_cov= 0.30  L_cons=0.000  L_tot=  1.85  diag=+0.988  mix=[cap:98/ref:116/nl:106]  β=0.057  α_t=0.058  (6972s)
step  7920  L_grcl=  1.83  L_cov= 0.32  L_cons=0.000  L_tot=  1.93  diag=+0.989  mix=[cap:110/ref:120/nl:90]  β=0.057  α_t=0.058  (6989s)
step  7940  L_grcl=  1.81  L_cov= 0.32  L_cons=0.000  L_tot=  1.90  diag=+0.990  mix=[cap:106/ref:110/nl:104]  β=0.057  α_t=0.058  (7006s)
step  7960  L_grcl=  1.76  L_cov= 0.32  L_cons=0.000  L_tot=  1.85  diag=+0.991  mix=[cap:120/ref:112/nl:88]  β=0.057  α_t=0.058  (7023s)
step  7980  L_grcl=  1.77  L_cov= 0.30  L_cons=0.000  L_tot=  1.86  diag=+0.987  mix=[cap:106/ref:99/nl:115]  β=0.057  α_t=0.058  (7040s)
step  8000  L_grcl=  1.76  L_cov= 0.31  L_cons=0.000  L_tot=  1.85  diag=+0.989  mix=[cap:119/ref:89/nl:112]  β=0.057  α_t=0.058  (7057s)

  [eval @ step 8000] held-out test-A...
    cap-fig cos: +0.9943  (Δ +1.0346)
    R@1/5/10: 12.5% / 57.0% / 80.5%  (Δ +12.5 / +57.0 / +80.5)


[final] test-A:
  cap-fig cos: +0.9943  (init -0.0403, Δ +1.0346)
  R@1/5/10: 12.5% / 57.0% / 80.5%
  init R@1/5/10: 0.0% / 0.0% / 0.0%

saved → /home/work/dl/dl_project/eval/results/experiments/h_seed_43_h_seed_43/train.json
[main1:177172:0:177172] Caught signal 11 (Segmentation fault: address not mapped to object at address 0x7f576dfadec0)
==== backtrace (tid: 177172) ====
 0  /opt/hpcx/ucx/lib/libucs.so.0(ucs_handle_error+0x2e4) [0x7f56f7707774]
 1  /opt/hpcx/ucx/lib/libucs.so.0(+0x3796a) [0x7f56f770796a]
 2  /opt/hpcx/ucx/lib/libucs.so.0(+0x37ba8) [0x7f56f7707ba8]
 3  /usr/lib/x86_64-linux-gnu/libc.so.6(+0x45330) [0x7f576e233330]
 4  /usr/lib/x86_64-linux-gnu/libnvidia-ml.so.575.51.03(+0x336c1) [0x7f57678336c1]
 5  /usr/lib/x86_64-linux-gnu/libnvidia-ml.so.575.51.03(nvmlShutdown+0xe) [0x7f576781cfae]
 6  /opt/kernel/libcudahook.ubuntu18.04.x86_64.so(+0xc3caf) [0x7f576e4c3caf]
 7  /opt/kernel/libcudahook.ubuntu18.04.x86_64.so(+0xc3d48) [0x7f576e4c3d48]
 8  /opt/kernel/libcudahook.ubuntu18.04.x86_64.so(+0xc3a2d) [0x7f576e4c3a2d]
 9  /lib64/ld-linux-x86-64.so.2(+0x10f2) [0x7f576f0650f2]
10  /lib64/ld-linux-x86-64.so.2(+0x5578) [0x7f576f069578]
11  /usr/lib/x86_64-linux-gnu/libc.so.6(+0x47a76) [0x7f576e235a76]
12  /usr/lib/x86_64-linux-gnu/libc.so.6(+0x47bbe) [0x7f576e235bbe]
13  /usr/lib/x86_64-linux-gnu/libc.so.6(+0x2a1d1) [0x7f576e2181d1]
14  /usr/lib/x86_64-linux-gnu/libc.so.6(__libc_start_main+0x8b) [0x7f576e21828b]
15  /usr/bin/python(_start+0x25) [0x657ce5]
=================================
  training exited with code -11 but train.json + ckpt look complete — treating as success
  training done in 121.4 min

--- Evaluation ---
$ /usr/bin/python -m pipeline.eval_full --out /home/work/dl/dl_project/eval/results/experiments/h_seed_43_h_seed_43/eval.json --device cuda --ckpt ckpt/h_seed_43_h_seed_43.pt --lora_rank 8 --lora_alpha 16 --hf_id google/siglip2-base-patch16-224 --gpe_facets type,role,depth,pos --datasets spiqa_testA sciegqa mmdocir
device: cuda
[ElementTokenEncoder] loading google/siglip2-base-patch16-224
Using a slow image processor as `use_fast` is unset and a slow processor was saved with this model. `use_fast=True` will be the default behavior in v4.52, even if the model was saved with a slow processor. This will result in minor differences in outputs. You'll still be able to use a slow processor with `use_fast=False`.
[ElementTokenEncoder] LoRA r=8 α=16 targets=['q_proj', 'k_proj', 'v_proj', 'out_proj'] applied (d_text=768, d_vision=768, cls=False)
trainable params: 1,191,936 || all params: 376,379,906 || trainable%: 0.3167
[eval_full] loaded checkpoint: ckpt/h_seed_43_h_seed_43.pt

[eval] SPIQA test-A
  graph: 118 docs, elements: 9039, queries: 666
  [5/118 docs, 26/666 queries] 2s
  [10/118 docs, 59/666 queries] 5s
  [15/118 docs, 82/666 queries] 7s
  [20/118 docs, 105/666 queries] 9s
  [25/118 docs, 132/666 queries] 11s
  [30/118 docs, 161/666 queries] 13s
  [35/118 docs, 181/666 queries] 15s
  [40/118 docs, 217/666 queries] 18s
  [45/118 docs, 242/666 queries] 20s
  [50/118 docs, 269/666 queries] 23s
  [55/118 docs, 285/666 queries] 24s
  [60/118 docs, 313/666 queries] 26s
  [65/118 docs, 352/666 queries] 29s
  [70/118 docs, 396/666 queries] 33s
  [75/118 docs, 445/666 queries] 37s
  [80/118 docs, 481/666 queries] 39s
  [85/118 docs, 514/666 queries] 42s
  [90/118 docs, 535/666 queries] 44s
  [95/118 docs, 560/666 queries] 46s
  [100/118 docs, 590/666 queries] 49s
  [105/118 docs, 616/666 queries] 51s
  [110/118 docs, 640/666 queries] 53s
  [115/118 docs, 663/666 queries] 55s
  done in 55s

[eval] SciEGQA
  graph: 80 docs, elements: 29412, queries: 1623
  [5/80 docs, 108/1623 queries] 11s
  [10/80 docs, 218/1623 queries] 26s
  [15/80 docs, 325/1623 queries] 37s
  [20/80 docs, 427/1623 queries] 60s
  [25/80 docs, 532/1623 queries] 73s
  [30/80 docs, 630/1623 queries] 90s
  [35/80 docs, 733/1623 queries] 106s
  [40/80 docs, 818/1623 queries] 114s
  [45/80 docs, 927/1623 queries] 126s
  [50/80 docs, 1031/1623 queries] 138s
  [55/80 docs, 1102/1623 queries] 149s
  [60/80 docs, 1207/1623 queries] 159s
  [65/80 docs, 1314/1623 queries] 178s
  [70/80 docs, 1423/1623 queries] 196s
  [75/80 docs, 1513/1623 queries] 206s
  [80/80 docs, 1623/1623 queries] 222s
  done in 222s

[eval] MMDocIR
  graph: 75 docs, elements: 15032, queries: 389
  [5/75 docs, 31/389 queries] 5s
  [10/75 docs, 58/389 queries] 8s
  [15/75 docs, 87/389 queries] 14s
  [20/75 docs, 116/389 queries] 17s
  [25/75 docs, 137/389 queries] 20s
  [30/75 docs, 162/389 queries] 22s
  [35/75 docs, 187/389 queries] 24s
  [40/75 docs, 212/389 queries] 26s
  [45/75 docs, 243/389 queries] 28s
  [50/75 docs, 267/389 queries] 30s
  [55/75 docs, 288/389 queries] 32s
  [60/75 docs, 306/389 queries] 33s
  [65/75 docs, 332/389 queries] 35s
  [70/75 docs, 364/389 queries] 38s
  [75/75 docs, 389/389 queries] 40s
  done in 40s

saved → /home/work/dl/dl_project/eval/results/experiments/h_seed_43_h_seed_43/eval.json

=== Summary ===

SPIQA test-A:
  [no_prop] mrr=0.3593  recall@10=0.8559  hit@10=0.8559  coverage@10=0.8559  perfect@10=0.8559
  [uniform_a01_T2] mrr=0.2691  recall@10=0.6967  hit@10=0.6967  coverage@10=0.6967  perfect@10=0.6967
  [uniform_a03_T1] mrr=0.2738  recall@10=0.7282  hit@10=0.7282  coverage@10=0.7282  perfect@10=0.7282
  [uniform_a03_T2] mrr=0.2647  recall@10=0.6532  hit@10=0.6532  coverage@10=0.6532  perfect@10=0.6532
  [uniform_a03_T3] mrr=0.2761  recall@10=0.6727  hit@10=0.6727  coverage@10=0.6727  perfect@10=0.6727
  [uniform_a05_T2] mrr=0.2737  recall@10=0.6592  hit@10=0.6592  coverage@10=0.6592  perfect@10=0.6592
  [wbase_a03_T2] mrr=0.2885  recall@10=0.6997  hit@10=0.6997  coverage@10=0.6997  perfect@10=0.6997
  [wbase_role_a03_T2] mrr=0.2885  recall@10=0.6997  hit@10=0.6997  coverage@10=0.6997  perfect@10=0.6997
  [wbase_vis_a03_T2] mrr=0.2893  recall@10=0.7012  hit@10=0.7012  coverage@10=0.7012  perfect@10=0.7012
  [wfull_a03_T2] mrr=0.2893  recall@10=0.7012  hit@10=0.7012  coverage@10=0.7012  perfect@10=0.7012
  [wfull_a01_T2] mrr=0.2944  recall@10=0.7327  hit@10=0.7327  coverage@10=0.7327  perfect@10=0.7327
  [wfull_a05_T2] mrr=0.2920  recall@10=0.6832  hit@10=0.6832  coverage@10=0.6832  perfect@10=0.6832
  [wfull_a07_T2] mrr=0.2736  recall@10=0.6562  hit@10=0.6562  coverage@10=0.6562  perfect@10=0.6562
  [wfull_a03_T1] mrr=0.3026  recall@10=0.7643  hit@10=0.7643  coverage@10=0.7643  perfect@10=0.7643
  [wfull_a03_T3] mrr=0.2913  recall@10=0.6892  hit@10=0.6892  coverage@10=0.6892  perfect@10=0.6892
  [ppr_a015] mrr=0.2795  recall@10=0.6276  hit@10=0.6276  coverage@10=0.6276  perfect@10=0.6276
  [ppr_a030] mrr=0.2898  recall@10=0.6562  hit@10=0.6562  coverage@10=0.6562  perfect@10=0.6562
  [ppr_a050] mrr=0.3063  recall@10=0.6967  hit@10=0.6967  coverage@10=0.6967  perfect@10=0.6967
  [ppr_a070] mrr=0.2973  recall@10=0.7162  hit@10=0.7162  coverage@10=0.7162  perfect@10=0.7162
  [ppr_a085] mrr=0.2970  recall@10=0.7192  hit@10=0.7192  coverage@10=0.7192  perfect@10=0.7192
  [ppr_unif_a030] mrr=0.2819  recall@10=0.6502  hit@10=0.6502  coverage@10=0.6502  perfect@10=0.6502
  [ppr_unif_a050] mrr=0.2823  recall@10=0.6772  hit@10=0.6772  coverage@10=0.6772  perfect@10=0.6772
  [prop_a03_T2] mrr=0.2893  recall@10=0.7012  hit@10=0.7012  coverage@10=0.7012  perfect@10=0.7012
  [prop_a01_T2] mrr=0.2944  recall@10=0.7327  hit@10=0.7327  coverage@10=0.7327  perfect@10=0.7327
  [prop_a05_T2] mrr=0.2920  recall@10=0.6832  hit@10=0.6832  coverage@10=0.6832  perfect@10=0.6832
  [prop_a07_T2] mrr=0.2736  recall@10=0.6562  hit@10=0.6562  coverage@10=0.6562  perfect@10=0.6562
  [prop_a03_T1] mrr=0.3026  recall@10=0.7643  hit@10=0.7643  coverage@10=0.7643  perfect@10=0.7643
  [prop_a03_T3] mrr=0.2913  recall@10=0.6892  hit@10=0.6892  coverage@10=0.6892  perfect@10=0.6892

SciEGQA:
  [no_prop] mrr=0.0317  recall@10=0.0123  hit@10=0.0770  coverage@10=0.0123  perfect@10=0.0099  cross_page_hit=0.2152
  [uniform_a01_T2] mrr=0.0289  recall@10=0.0106  hit@10=0.0567  coverage@10=0.0106  perfect@10=0.0099  cross_page_hit=0.1899
  [uniform_a03_T1] mrr=0.0285  recall@10=0.0113  hit@10=0.0610  coverage@10=0.0113  perfect@10=0.0105  cross_page_hit=0.1930
  [uniform_a03_T2] mrr=0.0291  recall@10=0.0104  hit@10=0.0548  coverage@10=0.0104  perfect@10=0.0099  cross_page_hit=0.1804
  [uniform_a03_T3] mrr=0.0291  recall@10=0.0105  hit@10=0.0542  coverage@10=0.0105  perfect@10=0.0099  cross_page_hit=0.1741
  [uniform_a05_T2] mrr=0.0290  recall@10=0.0103  hit@10=0.0536  coverage@10=0.0103  perfect@10=0.0099  cross_page_hit=0.1772
  [wbase_a03_T2] mrr=0.0295  recall@10=0.0107  hit@10=0.0555  coverage@10=0.0107  perfect@10=0.0099  cross_page_hit=0.1804
  [wbase_role_a03_T2] mrr=0.0295  recall@10=0.0107  hit@10=0.0555  coverage@10=0.0107  perfect@10=0.0099  cross_page_hit=0.1804
  [wbase_vis_a03_T2] mrr=0.0295  recall@10=0.0107  hit@10=0.0555  coverage@10=0.0107  perfect@10=0.0099  cross_page_hit=0.1804
  [wfull_a03_T2] mrr=0.0295  recall@10=0.0107  hit@10=0.0555  coverage@10=0.0107  perfect@10=0.0099  cross_page_hit=0.1804
  [wfull_a01_T2] mrr=0.0291  recall@10=0.0107  hit@10=0.0567  coverage@10=0.0107  perfect@10=0.0099  cross_page_hit=0.1899
  [wfull_a05_T2] mrr=0.0296  recall@10=0.0107  hit@10=0.0548  coverage@10=0.0107  perfect@10=0.0099  cross_page_hit=0.1772
  [wfull_a07_T2] mrr=0.0313  recall@10=0.0109  hit@10=0.0561  coverage@10=0.0109  perfect@10=0.0099  cross_page_hit=0.1709
  [wfull_a03_T1] mrr=0.0293  recall@10=0.0114  hit@10=0.0616  coverage@10=0.0114  perfect@10=0.0105  cross_page_hit=0.1930
  [wfull_a03_T3] mrr=0.0296  recall@10=0.0109  hit@10=0.0555  coverage@10=0.0109  perfect@10=0.0099  cross_page_hit=0.1741
  [ppr_a015] mrr=0.0310  recall@10=0.0115  hit@10=0.0542  coverage@10=0.0115  perfect@10=0.0099  cross_page_hit=0.1677
  [ppr_a030] mrr=0.0312  recall@10=0.0115  hit@10=0.0555  coverage@10=0.0115  perfect@10=0.0099  cross_page_hit=0.1709
  [ppr_a050] mrr=0.0293  recall@10=0.0109  hit@10=0.0555  coverage@10=0.0109  perfect@10=0.0099  cross_page_hit=0.1741
  [ppr_a070] mrr=0.0294  recall@10=0.0111  hit@10=0.0567  coverage@10=0.0111  perfect@10=0.0099  cross_page_hit=0.1804
  [ppr_a085] mrr=0.0294  recall@10=0.0105  hit@10=0.0561  coverage@10=0.0105  perfect@10=0.0099  cross_page_hit=0.1899
  [ppr_unif_a030] mrr=0.0293  recall@10=0.0111  hit@10=0.0542  coverage@10=0.0111  perfect@10=0.0099  cross_page_hit=0.1709
  [ppr_unif_a050] mrr=0.0288  recall@10=0.0105  hit@10=0.0542  coverage@10=0.0105  perfect@10=0.0099  cross_page_hit=0.1741
  [prop_a03_T2] mrr=0.0295  recall@10=0.0107  hit@10=0.0555  coverage@10=0.0107  perfect@10=0.0099  cross_page_hit=0.1804
  [prop_a01_T2] mrr=0.0291  recall@10=0.0107  hit@10=0.0567  coverage@10=0.0107  perfect@10=0.0099  cross_page_hit=0.1899
  [prop_a05_T2] mrr=0.0296  recall@10=0.0107  hit@10=0.0548  coverage@10=0.0107  perfect@10=0.0099  cross_page_hit=0.1772
  [prop_a07_T2] mrr=0.0313  recall@10=0.0109  hit@10=0.0561  coverage@10=0.0109  perfect@10=0.0099  cross_page_hit=0.1709
  [prop_a03_T1] mrr=0.0293  recall@10=0.0114  hit@10=0.0616  coverage@10=0.0114  perfect@10=0.0105  cross_page_hit=0.1930
  [prop_a03_T3] mrr=0.0296  recall@10=0.0109  hit@10=0.0555  coverage@10=0.0109  perfect@10=0.0099  cross_page_hit=0.1741

MMDocIR:
  [no_prop] mrr=0.0251  recall@10=0.0224  hit@10=0.0308  coverage@10=0.0224  perfect@10=0.0257  cross_page_hit=0.1356
  [uniform_a01_T2] mrr=0.0245  recall@10=0.0268  hit@10=0.0411  coverage@10=0.0268  perfect@10=0.0257  cross_page_hit=0.0678
  [uniform_a03_T1] mrr=0.0264  recall@10=0.0259  hit@10=0.0411  coverage@10=0.0259  perfect@10=0.0257  cross_page_hit=0.0678
  [uniform_a03_T2] mrr=0.0265  recall@10=0.0272  hit@10=0.0386  coverage@10=0.0272  perfect@10=0.0283  cross_page_hit=0.0678
  [uniform_a03_T3] mrr=0.0265  recall@10=0.0259  hit@10=0.0360  coverage@10=0.0259  perfect@10=0.0283  cross_page_hit=0.0508
  [uniform_a05_T2] mrr=0.0263  recall@10=0.0259  hit@10=0.0360  coverage@10=0.0259  perfect@10=0.0283  cross_page_hit=0.0508
  [wbase_a03_T2] mrr=0.0265  recall@10=0.0272  hit@10=0.0386  coverage@10=0.0272  perfect@10=0.0283  cross_page_hit=0.0678
  [wbase_role_a03_T2] mrr=0.0265  recall@10=0.0272  hit@10=0.0386  coverage@10=0.0272  perfect@10=0.0283  cross_page_hit=0.0678
  [wbase_vis_a03_T2] mrr=0.0265  recall@10=0.0272  hit@10=0.0386  coverage@10=0.0272  perfect@10=0.0283  cross_page_hit=0.0678
  [wfull_a03_T2] mrr=0.0265  recall@10=0.0272  hit@10=0.0386  coverage@10=0.0272  perfect@10=0.0283  cross_page_hit=0.0678
  [wfull_a01_T2] mrr=0.0245  recall@10=0.0268  hit@10=0.0411  coverage@10=0.0268  perfect@10=0.0257  cross_page_hit=0.0678
  [wfull_a05_T2] mrr=0.0263  recall@10=0.0259  hit@10=0.0360  coverage@10=0.0259  perfect@10=0.0283  cross_page_hit=0.0508
  [wfull_a07_T2] mrr=0.0271  recall@10=0.0336  hit@10=0.0437  coverage@10=0.0336  perfect@10=0.0360  cross_page_hit=0.0678
  [wfull_a03_T1] mrr=0.0264  recall@10=0.0259  hit@10=0.0411  coverage@10=0.0259  perfect@10=0.0257  cross_page_hit=0.0678
  [wfull_a03_T3] mrr=0.0265  recall@10=0.0259  hit@10=0.0360  coverage@10=0.0259  perfect@10=0.0283  cross_page_hit=0.0508
  [ppr_a015] mrr=0.0265  recall@10=0.0272  hit@10=0.0386  coverage@10=0.0272  perfect@10=0.0283  cross_page_hit=0.0678
  [ppr_a030] mrr=0.0266  recall@10=0.0272  hit@10=0.0386  coverage@10=0.0272  perfect@10=0.0283  cross_page_hit=0.0678
  [ppr_a050] mrr=0.0272  recall@10=0.0246  hit@10=0.0360  coverage@10=0.0246  perfect@10=0.0257  cross_page_hit=0.0678
  [ppr_a070] mrr=0.0257  recall@10=0.0255  hit@10=0.0386  coverage@10=0.0255  perfect@10=0.0257  cross_page_hit=0.0678
  [ppr_a085] mrr=0.0240  recall@10=0.0261  hit@10=0.0386  coverage@10=0.0261  perfect@10=0.0257  cross_page_hit=0.0678
  [ppr_unif_a030] mrr=0.0266  recall@10=0.0272  hit@10=0.0386  coverage@10=0.0272  perfect@10=0.0283  cross_page_hit=0.0678
  [ppr_unif_a050] mrr=0.0272  recall@10=0.0246  hit@10=0.0360  coverage@10=0.0246  perfect@10=0.0257  cross_page_hit=0.0678
  [prop_a03_T2] mrr=0.0265  recall@10=0.0272  hit@10=0.0386  coverage@10=0.0272  perfect@10=0.0283  cross_page_hit=0.0678
  [prop_a01_T2] mrr=0.0245  recall@10=0.0268  hit@10=0.0411  coverage@10=0.0268  perfect@10=0.0257  cross_page_hit=0.0678
  [prop_a05_T2] mrr=0.0263  recall@10=0.0259  hit@10=0.0360  coverage@10=0.0259  perfect@10=0.0283  cross_page_hit=0.0508
  [prop_a07_T2] mrr=0.0271  recall@10=0.0336  hit@10=0.0437  coverage@10=0.0336  perfect@10=0.0360  cross_page_hit=0.0678
  [prop_a03_T1] mrr=0.0264  recall@10=0.0259  hit@10=0.0411  coverage@10=0.0259  perfect@10=0.0257  cross_page_hit=0.0678
  [prop_a03_T3] mrr=0.0265  recall@10=0.0259  hit@10=0.0360  coverage@10=0.0259  perfect@10=0.0283  cross_page_hit=0.0508
[main1:177422:0:177422] Caught signal 11 (Segmentation fault: address not mapped to object at address 0x7f7b43fadec0)
==== backtrace (tid: 177422) ====
 0  /opt/hpcx/ucx/lib/libucs.so.0(ucs_handle_error+0x2e4) [0x7f7acd5a5774]
 1  /opt/hpcx/ucx/lib/libucs.so.0(+0x3796a) [0x7f7acd5a596a]
 2  /opt/hpcx/ucx/lib/libucs.so.0(+0x37ba8) [0x7f7acd5a5ba8]
 3  /usr/lib/x86_64-linux-gnu/libc.so.6(+0x45330) [0x7f7b44233330]
 4  /usr/lib/x86_64-linux-gnu/libnvidia-ml.so.575.51.03(+0x336c1) [0x7f7b3d8336c1]
 5  /usr/lib/x86_64-linux-gnu/libnvidia-ml.so.575.51.03(nvmlShutdown+0xe) [0x7f7b3d81cfae]
 6  /opt/kernel/libcudahook.ubuntu18.04.x86_64.so(+0xc3caf) [0x7f7b444c3caf]
 7  /opt/kernel/libcudahook.ubuntu18.04.x86_64.so(+0xc3d48) [0x7f7b444c3d48]
 8  /opt/kernel/libcudahook.ubuntu18.04.x86_64.so(+0xc3a2d) [0x7f7b444c3a2d]
 9  /lib64/ld-linux-x86-64.so.2(+0x10f2) [0x7f7b44ed90f2]
10  /lib64/ld-linux-x86-64.so.2(+0x5578) [0x7f7b44edd578]
11  /usr/lib/x86_64-linux-gnu/libc.so.6(+0x47a76) [0x7f7b44235a76]
12  /usr/lib/x86_64-linux-gnu/libc.so.6(+0x47bbe) [0x7f7b44235bbe]
13  /usr/lib/x86_64-linux-gnu/libc.so.6(+0x2a1d1) [0x7f7b442181d1]
14  /usr/lib/x86_64-linux-gnu/libc.so.6(__libc_start_main+0x8b) [0x7f7b4421828b]
15  /usr/bin/python(_start+0x25) [0x657ce5]
=================================
  eval exited with code -11 but eval.json looks complete — treating as success
  eval done in 5.6 min

=== Experiment h_seed_43 complete → /home/work/dl/dl_project/eval/results/experiments/h_seed_43_h_seed_43/summary.json ===
