=== Experiment row lora_r4: lora_r4 ===
  description: (h) with LoRA rank=4
  output dir:  /home/work/dl/dl_project/eval/results/experiments/lora_r4_lora_r4
  checkpoint:  ckpt/lora_r4_lora_r4.pt

--- Training ---
$ /usr/bin/python -m pipeline.trainer --config lora_r4 --out /home/work/dl/dl_project/eval/results/experiments/lora_r4_lora_r4/train.json --save_ckpt ckpt/lora_r4_lora_r4.pt
device: cuda
args: {'config': 'lora_r4', 'train_sample': 0, 'steps': 8000, 'batch': 16, 'pool': 12, 'lr': 3e-05, 'lora_rank': 4, 'tau': 0.07, 'lambda_cov': 0.3, 'lambda_cons': 0.5, 'use_gpe': 1, 'loss_type': 'grcl', 'infonce_threshold': 0.5, 'anchor_kind': 'mixed', 'warmup_steps': 200, 'weight_decay': 0.01, 'eval_every': 500, 'eval_cf_pairs': 200, 'eval_recall_n': 200, 'seed': 42, 'out': '/home/work/dl/dl_project/eval/results/experiments/lora_r4_lora_r4/train.json', 'save_ckpt': 'ckpt/lora_r4_lora_r4.pt', 'gamma': 0.5, 'gpe_facets': 'type,role,depth,pos', 'lora_alpha': 8, 'hf_id': 'google/siglip2-base-patch16-224', 'edge_types_only': None, 'query_pe_dropout': 0.5, 'section_role_mode': 'normal', 'tokens_per_visual': 0}

[1/3] loading SPIQA test-A (held-out eval)...
  loading element_graph_v2.json
    118 papers kept
  loading elements_v2.jsonl
    9,039 element records kept
  loading SPIQA_testA.json
    666 QA pairs kept
    caption_of: 1,115  refer_to: 1,191  (skipped 0 due to missing image)

[2/3] loading SPIQA train (sample N=0)...
  loading element_graph_v2.json
    25,459 papers kept
  loading elements_v2.jsonl
    1,873,124 element records kept
  loading SPIQA_train.json
    262,524 QA pairs kept
    caption_of: 262,524  refer_to: 231,101  (skipped 0 due to missing image)

[3/3] building encoder...
[ElementTokenEncoder] loading google/siglip2-base-patch16-224
Using a slow image processor as `use_fast` is unset and a slow processor was saved with this model. `use_fast=True` will be the default behavior in v4.52, even if the model was saved with a slow processor. This will result in minor differences in outputs. You'll still be able to use a slow processor with `use_fast=False`.
[ElementTokenEncoder] LoRA r=4 α=8 targets=['q_proj', 'k_proj', 'v_proj', 'out_proj'] applied (d_text=768, d_vision=768, cls=False)
trainable params: 595,968 || all params: 375,783,938 || trainable%: 0.1586

[eval 0] held-out test-A baseline...
  caption-figure cos: +0.0137
  Recall@1/5/10 (n=200): 0.0% / 0.0% / 0.0%
/home/work/dl/dl_project/pipeline/graph_pe.py:112: UserWarning: Converting a tensor with requires_grad=True to a scalar may lead to unexpected behavior.
Consider using tensor.detach() first. (Triggered internally at /opt/pytorch/pytorch/aten/src/ATen/native/Scalar.cpp:22.)
  "type": torch.sigmoid(self.raw_alpha_type).item(),
step    20  L_grcl=198.58  L_cov=58.03  L_cons=0.000  L_tot=215.98  diag=+0.018  mix=[cap:104/ref:110/nl:106]  β=0.047  α_t=0.047  (17s)
step    40  L_grcl=196.38  L_cov=59.07  L_cons=0.000  L_tot=214.10  diag=+0.031  mix=[cap:120/ref:109/nl:91]  β=0.047  α_t=0.047  (35s)
step    60  L_grcl=180.79  L_cov=54.18  L_cons=0.000  L_tot=197.04  diag=+0.069  mix=[cap:85/ref:117/nl:118]  β=0.047  α_t=0.047  (52s)
step    80  L_grcl=175.95  L_cov=49.43  L_cons=0.000  L_tot=190.78  diag=+0.120  mix=[cap:105/ref:113/nl:102]  β=0.047  α_t=0.047  (70s)
step   100  L_grcl=154.76  L_cov=44.35  L_cons=0.000  L_tot=168.07  diag=+0.209  mix=[cap:108/ref:109/nl:103]  β=0.047  α_t=0.047  (87s)
step   120  L_grcl=139.50  L_cov=36.32  L_cons=0.000  L_tot=150.40  diag=+0.320  mix=[cap:117/ref:113/nl:90]  β=0.047  α_t=0.047  (104s)
step   140  L_grcl=103.01  L_cov=25.46  L_cons=0.000  L_tot=110.65  diag=+0.445  mix=[cap:99/ref:118/nl:103]  β=0.047  α_t=0.048  (121s)
step   160  L_grcl= 78.17  L_cov=16.48  L_cons=0.000  L_tot= 83.12  diag=+0.565  mix=[cap:106/ref:117/nl:97]  β=0.047  α_t=0.048  (138s)
step   180  L_grcl= 57.10  L_cov= 9.26  L_cons=0.000  L_tot= 59.88  diag=+0.638  mix=[cap:107/ref:99/nl:114]  β=0.048  α_t=0.048  (155s)
step   200  L_grcl= 44.29  L_cov= 6.70  L_cons=0.000  L_tot= 46.30  diag=+0.681  mix=[cap:112/ref:109/nl:99]  β=0.048  α_t=0.048  (172s)
step   220  L_grcl= 35.33  L_cov= 3.46  L_cons=0.000  L_tot= 36.37  diag=+0.725  mix=[cap:129/ref:113/nl:78]  β=0.048  α_t=0.048  (189s)
step   240  L_grcl= 25.88  L_cov= 1.50  L_cons=0.000  L_tot= 26.33  diag=+0.757  mix=[cap:124/ref:109/nl:87]  β=0.048  α_t=0.048  (206s)
step   260  L_grcl= 20.61  L_cov= 0.61  L_cons=0.001  L_tot= 20.79  diag=+0.794  mix=[cap:106/ref:114/nl:100]  β=0.048  α_t=0.048  (223s)
step   280  L_grcl= 16.29  L_cov= 0.33  L_cons=0.001  L_tot= 16.39  diag=+0.817  mix=[cap:96/ref:129/nl:95]  β=0.048  α_t=0.048  (240s)
step   300  L_grcl= 10.49  L_cov= 0.16  L_cons=0.001  L_tot= 10.54  diag=+0.837  mix=[cap:116/ref:99/nl:105]  β=0.048  α_t=0.048  (257s)
step   320  L_grcl= 10.67  L_cov= 0.21  L_cons=0.001  L_tot= 10.74  diag=+0.854  mix=[cap:88/ref:126/nl:106]  β=0.048  α_t=0.048  (274s)
step   340  L_grcl=  9.44  L_cov= 0.20  L_cons=0.001  L_tot=  9.50  diag=+0.877  mix=[cap:120/ref:105/nl:95]  β=0.048  α_t=0.048  (292s)
step   360  L_grcl=  9.08  L_cov= 0.29  L_cons=0.000  L_tot=  9.17  diag=+0.895  mix=[cap:88/ref:120/nl:112]  β=0.048  α_t=0.048  (309s)
step   380  L_grcl=  6.61  L_cov= 0.24  L_cons=0.000  L_tot=  6.69  diag=+0.913  mix=[cap:92/ref:113/nl:115]  β=0.048  α_t=0.048  (326s)
step   400  L_grcl=  7.48  L_cov= 0.21  L_cons=0.000  L_tot=  7.54  diag=+0.925  mix=[cap:108/ref:127/nl:85]  β=0.048  α_t=0.048  (343s)
step   420  L_grcl=  7.03  L_cov= 0.21  L_cons=0.000  L_tot=  7.10  diag=+0.941  mix=[cap:115/ref:111/nl:94]  β=0.048  α_t=0.048  (360s)
step   440  L_grcl=  6.10  L_cov= 0.24  L_cons=0.000  L_tot=  6.17  diag=+0.947  mix=[cap:113/ref:108/nl:99]  β=0.048  α_t=0.048  (377s)
step   460  L_grcl=  5.09  L_cov= 0.25  L_cons=0.000  L_tot=  5.16  diag=+0.959  mix=[cap:109/ref:104/nl:107]  β=0.048  α_t=0.048  (394s)
step   480  L_grcl=  4.79  L_cov= 0.29  L_cons=0.000  L_tot=  4.88  diag=+0.964  mix=[cap:93/ref:121/nl:106]  β=0.048  α_t=0.048  (411s)
step   500  L_grcl=  4.65  L_cov= 0.27  L_cons=0.000  L_tot=  4.73  diag=+0.969  mix=[cap:131/ref:97/nl:92]  β=0.048  α_t=0.048  (428s)

  [eval @ step 500] held-out test-A...
    cap-fig cos: +0.9715  (Δ +0.9579)
    R@1/5/10: 3.5% / 27.0% / 62.5%  (Δ +3.5 / +27.0 / +62.5)
    [ckpt saved @ step 500 R@10=62.5%]

step   520  L_grcl=  4.71  L_cov= 0.32  L_cons=0.000  L_tot=  4.80  diag=+0.974  mix=[cap:105/ref:103/nl:112]  β=0.048  α_t=0.048  (462s)
step   540  L_grcl=  5.06  L_cov= 0.30  L_cons=0.000  L_tot=  5.15  diag=+0.976  mix=[cap:103/ref:125/nl:92]  β=0.048  α_t=0.048  (479s)
step   560  L_grcl=  4.08  L_cov= 0.31  L_cons=0.000  L_tot=  4.17  diag=+0.981  mix=[cap:102/ref:121/nl:97]  β=0.048  α_t=0.048  (496s)
step   580  L_grcl=  3.53  L_cov= 0.31  L_cons=0.000  L_tot=  3.63  diag=+0.982  mix=[cap:111/ref:111/nl:98]  β=0.048  α_t=0.048  (513s)
step   600  L_grcl=  3.71  L_cov= 0.33  L_cons=0.000  L_tot=  3.81  diag=+0.984  mix=[cap:98/ref:120/nl:102]  β=0.048  α_t=0.048  (531s)
step   620  L_grcl=  3.07  L_cov= 0.35  L_cons=0.000  L_tot=  3.18  diag=+0.987  mix=[cap:108/ref:114/nl:98]  β=0.048  α_t=0.048  (548s)
step   640  L_grcl=  2.94  L_cov= 0.37  L_cons=0.000  L_tot=  3.05  diag=+0.989  mix=[cap:108/ref:106/nl:106]  β=0.048  α_t=0.048  (565s)
step   660  L_grcl=  2.79  L_cov= 0.35  L_cons=0.000  L_tot=  2.89  diag=+0.990  mix=[cap:100/ref:115/nl:105]  β=0.048  α_t=0.048  (582s)
step   680  L_grcl=  2.93  L_cov= 0.38  L_cons=0.000  L_tot=  3.05  diag=+0.990  mix=[cap:99/ref:113/nl:108]  β=0.048  α_t=0.048  (599s)
step   700  L_grcl=  2.80  L_cov= 0.38  L_cons=0.000  L_tot=  2.91  diag=+0.992  mix=[cap:94/ref:116/nl:110]  β=0.048  α_t=0.048  (616s)
step   720  L_grcl=  2.50  L_cov= 0.40  L_cons=0.000  L_tot=  2.62  diag=+0.993  mix=[cap:100/ref:116/nl:104]  β=0.048  α_t=0.048  (633s)
step   740  L_grcl=  2.40  L_cov= 0.39  L_cons=0.000  L_tot=  2.52  diag=+0.994  mix=[cap:106/ref:104/nl:110]  β=0.048  α_t=0.048  (650s)
step   760  L_grcl=  2.44  L_cov= 0.41  L_cons=0.000  L_tot=  2.56  diag=+0.994  mix=[cap:97/ref:102/nl:121]  β=0.047  α_t=0.048  (667s)
step   780  L_grcl=  2.31  L_cov= 0.41  L_cons=0.000  L_tot=  2.43  diag=+0.994  mix=[cap:93/ref:107/nl:120]  β=0.047  α_t=0.048  (684s)
step   800  L_grcl=  2.30  L_cov= 0.39  L_cons=0.000  L_tot=  2.41  diag=+0.995  mix=[cap:98/ref:102/nl:120]  β=0.047  α_t=0.048  (701s)
step   820  L_grcl=  2.19  L_cov= 0.39  L_cons=0.000  L_tot=  2.31  diag=+0.995  mix=[cap:108/ref:107/nl:105]  β=0.047  α_t=0.048  (718s)
step   840  L_grcl=  2.23  L_cov= 0.39  L_cons=0.000  L_tot=  2.35  diag=+0.995  mix=[cap:106/ref:117/nl:97]  β=0.047  α_t=0.048  (735s)
step   860  L_grcl=  2.22  L_cov= 0.40  L_cons=0.000  L_tot=  2.33  diag=+0.996  mix=[cap:92/ref:117/nl:111]  β=0.047  α_t=0.048  (752s)
step   880  L_grcl=  2.14  L_cov= 0.40  L_cons=0.000  L_tot=  2.26  diag=+0.996  mix=[cap:99/ref:112/nl:109]  β=0.047  α_t=0.048  (772s)
step   900  L_grcl=  2.15  L_cov= 0.39  L_cons=0.000  L_tot=  2.27  diag=+0.996  mix=[cap:108/ref:106/nl:106]  β=0.047  α_t=0.049  (789s)
step   920  L_grcl=  2.10  L_cov= 0.39  L_cons=0.000  L_tot=  2.21  diag=+0.996  mix=[cap:91/ref:123/nl:106]  β=0.047  α_t=0.049  (806s)
step   940  L_grcl=  2.09  L_cov= 0.39  L_cons=0.000  L_tot=  2.21  diag=+0.996  mix=[cap:104/ref:108/nl:108]  β=0.047  α_t=0.049  (823s)
step   960  L_grcl=  2.05  L_cov= 0.38  L_cons=0.000  L_tot=  2.16  diag=+0.996  mix=[cap:101/ref:101/nl:118]  β=0.047  α_t=0.049  (840s)
step   980  L_grcl=  2.09  L_cov= 0.39  L_cons=0.000  L_tot=  2.21  diag=+0.996  mix=[cap:85/ref:117/nl:118]  β=0.047  α_t=0.049  (857s)
step  1000  L_grcl=  2.00  L_cov= 0.38  L_cons=0.000  L_tot=  2.11  diag=+0.997  mix=[cap:118/ref:118/nl:84]  β=0.047  α_t=0.049  (874s)

  [eval @ step 1000] held-out test-A...
    cap-fig cos: +0.9969  (Δ +0.9832)
    R@1/5/10: 4.5% / 39.5% / 69.0%  (Δ +4.5 / +39.5 / +69.0)
    [ckpt saved @ step 1000 R@10=69.0%]

step  1020  L_grcl=  2.11  L_cov= 0.40  L_cons=0.000  L_tot=  2.23  diag=+0.996  mix=[cap:119/ref:113/nl:88]  β=0.047  α_t=0.049  (908s)
step  1040  L_grcl=  2.01  L_cov= 0.40  L_cons=0.000  L_tot=  2.13  diag=+0.997  mix=[cap:106/ref:107/nl:107]  β=0.047  α_t=0.049  (925s)
step  1060  L_grcl=  2.08  L_cov= 0.39  L_cons=0.000  L_tot=  2.20  diag=+0.997  mix=[cap:107/ref:110/nl:103]  β=0.047  α_t=0.049  (942s)
step  1080  L_grcl=  1.99  L_cov= 0.38  L_cons=0.000  L_tot=  2.10  diag=+0.997  mix=[cap:112/ref:112/nl:96]  β=0.047  α_t=0.049  (959s)
step  1100  L_grcl=  2.07  L_cov= 0.40  L_cons=0.000  L_tot=  2.19  diag=+0.996  mix=[cap:105/ref:116/nl:99]  β=0.047  α_t=0.049  (976s)
step  1120  L_grcl=  2.02  L_cov= 0.41  L_cons=0.000  L_tot=  2.14  diag=+0.997  mix=[cap:121/ref:89/nl:110]  β=0.047  α_t=0.049  (994s)
step  1140  L_grcl=  2.08  L_cov= 0.40  L_cons=0.000  L_tot=  2.20  diag=+0.996  mix=[cap:111/ref:98/nl:111]  β=0.047  α_t=0.049  (1011s)
step  1160  L_grcl=  1.96  L_cov= 0.40  L_cons=0.000  L_tot=  2.07  diag=+0.997  mix=[cap:121/ref:95/nl:104]  β=0.047  α_t=0.049  (1028s)
step  1180  L_grcl=  1.99  L_cov= 0.38  L_cons=0.000  L_tot=  2.10  diag=+0.996  mix=[cap:121/ref:113/nl:86]  β=0.047  α_t=0.049  (1045s)
step  1200  L_grcl=  1.97  L_cov= 0.38  L_cons=0.000  L_tot=  2.08  diag=+0.996  mix=[cap:112/ref:99/nl:109]  β=0.048  α_t=0.049  (1062s)
step  1220  L_grcl=  1.96  L_cov= 0.38  L_cons=0.000  L_tot=  2.07  diag=+0.996  mix=[cap:105/ref:109/nl:106]  β=0.048  α_t=0.049  (1079s)
step  1240  L_grcl=  2.03  L_cov= 0.38  L_cons=0.000  L_tot=  2.14  diag=+0.996  mix=[cap:111/ref:102/nl:107]  β=0.048  α_t=0.049  (1096s)
step  1260  L_grcl=  2.09  L_cov= 0.38  L_cons=0.000  L_tot=  2.20  diag=+0.996  mix=[cap:104/ref:121/nl:95]  β=0.048  α_t=0.049  (1112s)
step  1280  L_grcl=  2.00  L_cov= 0.40  L_cons=0.000  L_tot=  2.12  diag=+0.997  mix=[cap:110/ref:105/nl:105]  β=0.048  α_t=0.049  (1130s)
step  1300  L_grcl=  2.00  L_cov= 0.38  L_cons=0.000  L_tot=  2.12  diag=+0.997  mix=[cap:107/ref:132/nl:81]  β=0.048  α_t=0.049  (1147s)
step  1320  L_grcl=  1.99  L_cov= 0.39  L_cons=0.000  L_tot=  2.11  diag=+0.997  mix=[cap:104/ref:125/nl:91]  β=0.048  α_t=0.049  (1164s)
step  1340  L_grcl=  2.01  L_cov= 0.39  L_cons=0.000  L_tot=  2.12  diag=+0.996  mix=[cap:110/ref:103/nl:107]  β=0.048  α_t=0.049  (1181s)
step  1360  L_grcl=  2.02  L_cov= 0.41  L_cons=0.000  L_tot=  2.15  diag=+0.997  mix=[cap:90/ref:108/nl:122]  β=0.048  α_t=0.049  (1198s)
step  1380  L_grcl=  2.01  L_cov= 0.40  L_cons=0.000  L_tot=  2.13  diag=+0.996  mix=[cap:111/ref:104/nl:105]  β=0.048  α_t=0.049  (1216s)
step  1400  L_grcl=  2.00  L_cov= 0.40  L_cons=0.000  L_tot=  2.12  diag=+0.996  mix=[cap:110/ref:99/nl:111]  β=0.048  α_t=0.049  (1233s)
step  1420  L_grcl=  1.97  L_cov= 0.38  L_cons=0.000  L_tot=  2.08  diag=+0.996  mix=[cap:106/ref:120/nl:94]  β=0.048  α_t=0.049  (1250s)
step  1440  L_grcl=  2.00  L_cov= 0.39  L_cons=0.000  L_tot=  2.12  diag=+0.996  mix=[cap:102/ref:107/nl:111]  β=0.048  α_t=0.049  (1267s)
step  1460  L_grcl=  2.02  L_cov= 0.39  L_cons=0.000  L_tot=  2.14  diag=+0.996  mix=[cap:99/ref:114/nl:107]  β=0.048  α_t=0.050  (1285s)
step  1480  L_grcl=  1.97  L_cov= 0.40  L_cons=0.000  L_tot=  2.09  diag=+0.996  mix=[cap:104/ref:88/nl:128]  β=0.048  α_t=0.050  (1302s)
step  1500  L_grcl=  1.97  L_cov= 0.37  L_cons=0.000  L_tot=  2.08  diag=+0.996  mix=[cap:97/ref:108/nl:115]  β=0.048  α_t=0.050  (1318s)

  [eval @ step 1500] held-out test-A...
    cap-fig cos: +0.9964  (Δ +0.9827)
    R@1/5/10: 7.5% / 43.5% / 75.0%  (Δ +7.5 / +43.5 / +75.0)
    [ckpt saved @ step 1500 R@10=75.0%]

step  1520  L_grcl=  2.05  L_cov= 0.39  L_cons=0.000  L_tot=  2.17  diag=+0.996  mix=[cap:101/ref:112/nl:107]  β=0.048  α_t=0.050  (1351s)
step  1540  L_grcl=  1.94  L_cov= 0.40  L_cons=0.000  L_tot=  2.06  diag=+0.996  mix=[cap:108/ref:108/nl:104]  β=0.048  α_t=0.050  (1368s)
step  1560  L_grcl=  1.97  L_cov= 0.38  L_cons=0.000  L_tot=  2.08  diag=+0.996  mix=[cap:102/ref:104/nl:114]  β=0.048  α_t=0.050  (1384s)
step  1580  L_grcl=  2.04  L_cov= 0.39  L_cons=0.000  L_tot=  2.16  diag=+0.996  mix=[cap:78/ref:129/nl:113]  β=0.048  α_t=0.050  (1401s)
step  1600  L_grcl=  1.96  L_cov= 0.40  L_cons=0.000  L_tot=  2.08  diag=+0.996  mix=[cap:113/ref:109/nl:98]  β=0.048  α_t=0.050  (1418s)
step  1620  L_grcl=  2.02  L_cov= 0.39  L_cons=0.000  L_tot=  2.13  diag=+0.996  mix=[cap:95/ref:110/nl:115]  β=0.048  α_t=0.050  (1435s)
step  1640  L_grcl=  1.96  L_cov= 0.39  L_cons=0.000  L_tot=  2.07  diag=+0.996  mix=[cap:105/ref:103/nl:112]  β=0.048  α_t=0.050  (1452s)
step  1660  L_grcl=  2.00  L_cov= 0.40  L_cons=0.000  L_tot=  2.12  diag=+0.996  mix=[cap:99/ref:102/nl:119]  β=0.048  α_t=0.050  (1469s)
step  1680  L_grcl=  1.98  L_cov= 0.39  L_cons=0.000  L_tot=  2.10  diag=+0.996  mix=[cap:115/ref:98/nl:107]  β=0.048  α_t=0.050  (1486s)
step  1700  L_grcl=  1.97  L_cov= 0.38  L_cons=0.000  L_tot=  2.09  diag=+0.996  mix=[cap:94/ref:118/nl:108]  β=0.048  α_t=0.050  (1503s)
step  1720  L_grcl=  2.04  L_cov= 0.40  L_cons=0.000  L_tot=  2.16  diag=+0.996  mix=[cap:102/ref:105/nl:113]  β=0.048  α_t=0.050  (1521s)
step  1740  L_grcl=  1.98  L_cov= 0.38  L_cons=0.000  L_tot=  2.10  diag=+0.996  mix=[cap:108/ref:111/nl:101]  β=0.048  α_t=0.050  (1538s)
step  1760  L_grcl=  2.03  L_cov= 0.39  L_cons=0.000  L_tot=  2.14  diag=+0.996  mix=[cap:114/ref:98/nl:108]  β=0.048  α_t=0.050  (1555s)
step  1780  L_grcl=  1.98  L_cov= 0.39  L_cons=0.000  L_tot=  2.10  diag=+0.996  mix=[cap:115/ref:92/nl:113]  β=0.048  α_t=0.050  (1572s)
step  1800  L_grcl=  1.92  L_cov= 0.38  L_cons=0.000  L_tot=  2.04  diag=+0.996  mix=[cap:115/ref:97/nl:108]  β=0.048  α_t=0.050  (1589s)
step  1820  L_grcl=  1.97  L_cov= 0.37  L_cons=0.000  L_tot=  2.09  diag=+0.996  mix=[cap:116/ref:109/nl:95]  β=0.048  α_t=0.050  (1607s)
step  1840  L_grcl=  2.01  L_cov= 0.39  L_cons=0.000  L_tot=  2.13  diag=+0.996  mix=[cap:90/ref:115/nl:115]  β=0.048  α_t=0.050  (1624s)
step  1860  L_grcl=  2.02  L_cov= 0.39  L_cons=0.000  L_tot=  2.14  diag=+0.996  mix=[cap:97/ref:120/nl:103]  β=0.048  α_t=0.050  (1641s)
step  1880  L_grcl=  1.94  L_cov= 0.38  L_cons=0.000  L_tot=  2.05  diag=+0.996  mix=[cap:108/ref:116/nl:96]  β=0.048  α_t=0.050  (1658s)
step  1900  L_grcl=  1.96  L_cov= 0.37  L_cons=0.000  L_tot=  2.08  diag=+0.996  mix=[cap:106/ref:111/nl:103]  β=0.048  α_t=0.050  (1676s)
step  1920  L_grcl=  1.99  L_cov= 0.38  L_cons=0.000  L_tot=  2.10  diag=+0.995  mix=[cap:94/ref:115/nl:111]  β=0.048  α_t=0.050  (1693s)
step  1940  L_grcl=  1.99  L_cov= 0.39  L_cons=0.000  L_tot=  2.11  diag=+0.996  mix=[cap:117/ref:98/nl:105]  β=0.048  α_t=0.051  (1710s)
step  1960  L_grcl=  1.99  L_cov= 0.38  L_cons=0.000  L_tot=  2.11  diag=+0.996  mix=[cap:99/ref:112/nl:109]  β=0.048  α_t=0.051  (1727s)
step  1980  L_grcl=  2.02  L_cov= 0.39  L_cons=0.000  L_tot=  2.13  diag=+0.996  mix=[cap:104/ref:98/nl:118]  β=0.048  α_t=0.051  (1744s)
step  2000  L_grcl=  1.94  L_cov= 0.39  L_cons=0.000  L_tot=  2.06  diag=+0.995  mix=[cap:107/ref:95/nl:118]  β=0.048  α_t=0.051  (1761s)

  [eval @ step 2000] held-out test-A...
    cap-fig cos: +0.9966  (Δ +0.9830)
    R@1/5/10: 7.5% / 44.5% / 73.5%  (Δ +7.5 / +44.5 / +73.5)

step  2020  L_grcl=  1.94  L_cov= 0.37  L_cons=0.000  L_tot=  2.05  diag=+0.996  mix=[cap:120/ref:91/nl:109]  β=0.048  α_t=0.051  (1791s)
step  2040  L_grcl=  1.97  L_cov= 0.37  L_cons=0.000  L_tot=  2.09  diag=+0.996  mix=[cap:104/ref:117/nl:99]  β=0.048  α_t=0.051  (1808s)
step  2060  L_grcl=  1.92  L_cov= 0.36  L_cons=0.000  L_tot=  2.03  diag=+0.996  mix=[cap:112/ref:110/nl:98]  β=0.048  α_t=0.051  (1824s)
step  2080  L_grcl=  1.97  L_cov= 0.39  L_cons=0.000  L_tot=  2.09  diag=+0.996  mix=[cap:112/ref:99/nl:109]  β=0.048  α_t=0.051  (1842s)
step  2100  L_grcl=  1.98  L_cov= 0.38  L_cons=0.000  L_tot=  2.09  diag=+0.996  mix=[cap:109/ref:108/nl:103]  β=0.048  α_t=0.051  (1859s)
step  2120  L_grcl=  1.94  L_cov= 0.36  L_cons=0.000  L_tot=  2.05  diag=+0.996  mix=[cap:119/ref:115/nl:86]  β=0.048  α_t=0.051  (1876s)
step  2140  L_grcl=  1.96  L_cov= 0.38  L_cons=0.000  L_tot=  2.07  diag=+0.995  mix=[cap:102/ref:111/nl:107]  β=0.048  α_t=0.051  (1893s)
step  2160  L_grcl=  2.01  L_cov= 0.38  L_cons=0.000  L_tot=  2.13  diag=+0.995  mix=[cap:96/ref:111/nl:113]  β=0.048  α_t=0.051  (1910s)
step  2180  L_grcl=  1.98  L_cov= 0.39  L_cons=0.000  L_tot=  2.09  diag=+0.995  mix=[cap:96/ref:114/nl:110]  β=0.048  α_t=0.051  (1927s)
step  2200  L_grcl=  1.99  L_cov= 0.38  L_cons=0.000  L_tot=  2.10  diag=+0.995  mix=[cap:92/ref:116/nl:112]  β=0.048  α_t=0.051  (1944s)
step  2220  L_grcl=  1.95  L_cov= 0.38  L_cons=0.000  L_tot=  2.07  diag=+0.996  mix=[cap:97/ref:110/nl:113]  β=0.048  α_t=0.051  (1961s)
step  2240  L_grcl=  2.02  L_cov= 0.39  L_cons=0.000  L_tot=  2.14  diag=+0.996  mix=[cap:95/ref:116/nl:109]  β=0.048  α_t=0.051  (1978s)
step  2260  L_grcl=  2.01  L_cov= 0.39  L_cons=0.000  L_tot=  2.13  diag=+0.996  mix=[cap:111/ref:94/nl:115]  β=0.048  α_t=0.051  (1995s)
step  2280  L_grcl=  1.98  L_cov= 0.38  L_cons=0.000  L_tot=  2.09  diag=+0.996  mix=[cap:93/ref:119/nl:108]  β=0.048  α_t=0.051  (2013s)
step  2300  L_grcl=  1.92  L_cov= 0.39  L_cons=0.000  L_tot=  2.04  diag=+0.995  mix=[cap:117/ref:102/nl:101]  β=0.048  α_t=0.051  (2030s)
step  2320  L_grcl=  1.98  L_cov= 0.36  L_cons=0.000  L_tot=  2.09  diag=+0.995  mix=[cap:113/ref:100/nl:107]  β=0.048  α_t=0.051  (2047s)
step  2340  L_grcl=  1.97  L_cov= 0.38  L_cons=0.000  L_tot=  2.08  diag=+0.995  mix=[cap:100/ref:105/nl:115]  β=0.048  α_t=0.051  (2064s)
step  2360  L_grcl=  1.95  L_cov= 0.38  L_cons=0.000  L_tot=  2.07  diag=+0.995  mix=[cap:108/ref:111/nl:101]  β=0.048  α_t=0.051  (2081s)
step  2380  L_grcl=  2.00  L_cov= 0.38  L_cons=0.000  L_tot=  2.12  diag=+0.996  mix=[cap:100/ref:110/nl:110]  β=0.048  α_t=0.051  (2098s)
step  2400  L_grcl=  1.96  L_cov= 0.39  L_cons=0.000  L_tot=  2.08  diag=+0.996  mix=[cap:103/ref:100/nl:117]  β=0.048  α_t=0.051  (2115s)
step  2420  L_grcl=  1.89  L_cov= 0.37  L_cons=0.000  L_tot=  2.00  diag=+0.995  mix=[cap:131/ref:95/nl:94]  β=0.048  α_t=0.051  (2132s)
step  2440  L_grcl=  2.00  L_cov= 0.38  L_cons=0.000  L_tot=  2.11  diag=+0.995  mix=[cap:112/ref:106/nl:102]  β=0.048  α_t=0.051  (2149s)
step  2460  L_grcl=  2.01  L_cov= 0.38  L_cons=0.000  L_tot=  2.12  diag=+0.995  mix=[cap:97/ref:114/nl:109]  β=0.048  α_t=0.052  (2166s)
step  2480  L_grcl=  1.97  L_cov= 0.38  L_cons=0.000  L_tot=  2.08  diag=+0.996  mix=[cap:119/ref:101/nl:100]  β=0.049  α_t=0.052  (2183s)
step  2500  L_grcl=  1.94  L_cov= 0.38  L_cons=0.000  L_tot=  2.06  diag=+0.995  mix=[cap:103/ref:115/nl:102]  β=0.049  α_t=0.052  (2200s)

  [eval @ step 2500] held-out test-A...
    cap-fig cos: +0.9961  (Δ +0.9825)
    R@1/5/10: 6.0% / 41.5% / 73.0%  (Δ +6.0 / +41.5 / +73.0)

step  2520  L_grcl=  1.99  L_cov= 0.38  L_cons=0.000  L_tot=  2.10  diag=+0.996  mix=[cap:115/ref:108/nl:97]  β=0.049  α_t=0.052  (2231s)
step  2540  L_grcl=  1.98  L_cov= 0.39  L_cons=0.000  L_tot=  2.10  diag=+0.996  mix=[cap:97/ref:114/nl:109]  β=0.049  α_t=0.052  (2248s)
step  2560  L_grcl=  1.94  L_cov= 0.38  L_cons=0.000  L_tot=  2.05  diag=+0.995  mix=[cap:109/ref:93/nl:118]  β=0.049  α_t=0.052  (2265s)
step  2580  L_grcl=  1.92  L_cov= 0.37  L_cons=0.000  L_tot=  2.03  diag=+0.994  mix=[cap:108/ref:104/nl:108]  β=0.049  α_t=0.052  (2282s)
step  2600  L_grcl=  1.93  L_cov= 0.37  L_cons=0.000  L_tot=  2.04  diag=+0.995  mix=[cap:102/ref:121/nl:97]  β=0.049  α_t=0.052  (2298s)
step  2620  L_grcl=  1.94  L_cov= 0.39  L_cons=0.000  L_tot=  2.06  diag=+0.995  mix=[cap:102/ref:101/nl:117]  β=0.049  α_t=0.052  (2315s)
step  2640  L_grcl=  1.95  L_cov= 0.38  L_cons=0.000  L_tot=  2.07  diag=+0.995  mix=[cap:106/ref:104/nl:110]  β=0.049  α_t=0.052  (2332s)
step  2660  L_grcl=  1.94  L_cov= 0.37  L_cons=0.000  L_tot=  2.05  diag=+0.995  mix=[cap:105/ref:95/nl:120]  β=0.049  α_t=0.052  (2349s)
step  2680  L_grcl=  1.98  L_cov= 0.38  L_cons=0.000  L_tot=  2.09  diag=+0.995  mix=[cap:116/ref:100/nl:104]  β=0.049  α_t=0.052  (2367s)
step  2700  L_grcl=  1.92  L_cov= 0.36  L_cons=0.000  L_tot=  2.03  diag=+0.995  mix=[cap:103/ref:114/nl:103]  β=0.049  α_t=0.052  (2383s)
step  2720  L_grcl=  1.95  L_cov= 0.38  L_cons=0.000  L_tot=  2.07  diag=+0.994  mix=[cap:101/ref:96/nl:123]  β=0.049  α_t=0.052  (2400s)
step  2740  L_grcl=  1.89  L_cov= 0.37  L_cons=0.000  L_tot=  2.00  diag=+0.995  mix=[cap:112/ref:95/nl:113]  β=0.049  α_t=0.052  (2417s)
step  2760  L_grcl=  2.00  L_cov= 0.37  L_cons=0.000  L_tot=  2.11  diag=+0.995  mix=[cap:99/ref:129/nl:92]  β=0.049  α_t=0.052  (2435s)
step  2780  L_grcl=  1.95  L_cov= 0.37  L_cons=0.000  L_tot=  2.06  diag=+0.995  mix=[cap:106/ref:112/nl:102]  β=0.049  α_t=0.052  (2452s)
step  2800  L_grcl=  1.93  L_cov= 0.37  L_cons=0.000  L_tot=  2.04  diag=+0.995  mix=[cap:108/ref:114/nl:98]  β=0.049  α_t=0.052  (2469s)
step  2820  L_grcl=  1.95  L_cov= 0.36  L_cons=0.000  L_tot=  2.05  diag=+0.995  mix=[cap:116/ref:97/nl:107]  β=0.049  α_t=0.052  (2486s)
step  2840  L_grcl=  1.95  L_cov= 0.38  L_cons=0.000  L_tot=  2.06  diag=+0.995  mix=[cap:101/ref:103/nl:116]  β=0.049  α_t=0.052  (2503s)
step  2860  L_grcl=  1.99  L_cov= 0.37  L_cons=0.000  L_tot=  2.10  diag=+0.995  mix=[cap:112/ref:102/nl:106]  β=0.049  α_t=0.052  (2520s)
step  2880  L_grcl=  1.95  L_cov= 0.37  L_cons=0.000  L_tot=  2.06  diag=+0.996  mix=[cap:113/ref:117/nl:90]  β=0.049  α_t=0.052  (2537s)
step  2900  L_grcl=  2.00  L_cov= 0.37  L_cons=0.000  L_tot=  2.11  diag=+0.995  mix=[cap:106/ref:110/nl:104]  β=0.049  α_t=0.052  (2554s)
step  2920  L_grcl=  1.90  L_cov= 0.37  L_cons=0.000  L_tot=  2.01  diag=+0.995  mix=[cap:119/ref:102/nl:99]  β=0.049  α_t=0.052  (2571s)
step  2940  L_grcl=  1.88  L_cov= 0.36  L_cons=0.000  L_tot=  1.99  diag=+0.995  mix=[cap:106/ref:98/nl:116]  β=0.049  α_t=0.052  (2588s)
step  2960  L_grcl=  2.05  L_cov= 0.37  L_cons=0.000  L_tot=  2.16  diag=+0.995  mix=[cap:110/ref:106/nl:104]  β=0.049  α_t=0.052  (2605s)
step  2980  L_grcl=  1.94  L_cov= 0.37  L_cons=0.000  L_tot=  2.05  diag=+0.995  mix=[cap:111/ref:109/nl:100]  β=0.049  α_t=0.052  (2622s)
step  3000  L_grcl=  1.91  L_cov= 0.37  L_cons=0.000  L_tot=  2.02  diag=+0.995  mix=[cap:111/ref:110/nl:99]  β=0.049  α_t=0.052  (2639s)

  [eval @ step 3000] held-out test-A...
    cap-fig cos: +0.9959  (Δ +0.9823)
    R@1/5/10: 7.5% / 37.5% / 67.0%  (Δ +7.5 / +37.5 / +67.0)

step  3020  L_grcl=  1.97  L_cov= 0.37  L_cons=0.000  L_tot=  2.08  diag=+0.994  mix=[cap:96/ref:109/nl:115]  β=0.049  α_t=0.052  (2668s)
step  3040  L_grcl=  1.95  L_cov= 0.39  L_cons=0.000  L_tot=  2.06  diag=+0.995  mix=[cap:104/ref:104/nl:112]  β=0.049  α_t=0.053  (2685s)
step  3060  L_grcl=  1.97  L_cov= 0.37  L_cons=0.000  L_tot=  2.08  diag=+0.995  mix=[cap:101/ref:121/nl:98]  β=0.049  α_t=0.053  (2702s)
step  3080  L_grcl=  1.98  L_cov= 0.38  L_cons=0.000  L_tot=  2.09  diag=+0.995  mix=[cap:96/ref:116/nl:108]  β=0.049  α_t=0.053  (2720s)
step  3100  L_grcl=  1.97  L_cov= 0.37  L_cons=0.000  L_tot=  2.08  diag=+0.995  mix=[cap:106/ref:108/nl:106]  β=0.049  α_t=0.053  (2737s)
step  3120  L_grcl=  1.95  L_cov= 0.36  L_cons=0.000  L_tot=  2.06  diag=+0.995  mix=[cap:106/ref:119/nl:95]  β=0.049  α_t=0.053  (2754s)
step  3140  L_grcl=  1.93  L_cov= 0.38  L_cons=0.000  L_tot=  2.05  diag=+0.995  mix=[cap:115/ref:108/nl:97]  β=0.049  α_t=0.053  (2771s)
step  3160  L_grcl=  1.93  L_cov= 0.37  L_cons=0.000  L_tot=  2.04  diag=+0.995  mix=[cap:110/ref:105/nl:105]  β=0.049  α_t=0.053  (2788s)
step  3180  L_grcl=  1.94  L_cov= 0.37  L_cons=0.000  L_tot=  2.05  diag=+0.994  mix=[cap:92/ref:113/nl:115]  β=0.049  α_t=0.053  (2805s)
step  3200  L_grcl=  1.91  L_cov= 0.36  L_cons=0.000  L_tot=  2.02  diag=+0.994  mix=[cap:102/ref:118/nl:100]  β=0.049  α_t=0.053  (2822s)
step  3220  L_grcl=  1.90  L_cov= 0.36  L_cons=0.000  L_tot=  2.01  diag=+0.994  mix=[cap:111/ref:108/nl:101]  β=0.049  α_t=0.053  (2839s)
step  3240  L_grcl=  1.95  L_cov= 0.37  L_cons=0.000  L_tot=  2.06  diag=+0.994  mix=[cap:109/ref:100/nl:111]  β=0.050  α_t=0.053  (2857s)
step  3260  L_grcl=  1.94  L_cov= 0.36  L_cons=0.000  L_tot=  2.05  diag=+0.995  mix=[cap:115/ref:114/nl:91]  β=0.050  α_t=0.053  (2874s)
step  3280  L_grcl=  1.99  L_cov= 0.38  L_cons=0.000  L_tot=  2.10  diag=+0.995  mix=[cap:97/ref:115/nl:108]  β=0.050  α_t=0.053  (2891s)
step  3300  L_grcl=  1.95  L_cov= 0.38  L_cons=0.000  L_tot=  2.06  diag=+0.995  mix=[cap:98/ref:110/nl:112]  β=0.050  α_t=0.053  (2909s)
step  3320  L_grcl=  1.95  L_cov= 0.37  L_cons=0.000  L_tot=  2.06  diag=+0.995  mix=[cap:108/ref:116/nl:96]  β=0.050  α_t=0.053  (2926s)
step  3340  L_grcl=  1.95  L_cov= 0.37  L_cons=0.000  L_tot=  2.06  diag=+0.994  mix=[cap:102/ref:105/nl:113]  β=0.050  α_t=0.053  (2943s)
step  3360  L_grcl=  1.97  L_cov= 0.37  L_cons=0.000  L_tot=  2.08  diag=+0.994  mix=[cap:101/ref:115/nl:104]  β=0.050  α_t=0.053  (2960s)
step  3380  L_grcl=  1.92  L_cov= 0.36  L_cons=0.000  L_tot=  2.03  diag=+0.994  mix=[cap:113/ref:109/nl:98]  β=0.050  α_t=0.053  (2977s)
step  3400  L_grcl=  2.00  L_cov= 0.37  L_cons=0.000  L_tot=  2.11  diag=+0.995  mix=[cap:107/ref:126/nl:87]  β=0.050  α_t=0.053  (2995s)
step  3420  L_grcl=  1.97  L_cov= 0.39  L_cons=0.000  L_tot=  2.09  diag=+0.995  mix=[cap:103/ref:107/nl:110]  β=0.050  α_t=0.053  (3011s)
step  3440  L_grcl=  1.93  L_cov= 0.38  L_cons=0.000  L_tot=  2.04  diag=+0.995  mix=[cap:99/ref:104/nl:117]  β=0.050  α_t=0.053  (3028s)
step  3460  L_grcl=  1.87  L_cov= 0.35  L_cons=0.000  L_tot=  1.98  diag=+0.995  mix=[cap:106/ref:116/nl:98]  β=0.050  α_t=0.053  (3045s)
step  3480  L_grcl=  1.92  L_cov= 0.37  L_cons=0.000  L_tot=  2.03  diag=+0.994  mix=[cap:105/ref:110/nl:105]  β=0.050  α_t=0.053  (3063s)
step  3500  L_grcl=  1.92  L_cov= 0.35  L_cons=0.000  L_tot=  2.03  diag=+0.994  mix=[cap:106/ref:113/nl:101]  β=0.050  α_t=0.053  (3080s)

  [eval @ step 3500] held-out test-A...
    cap-fig cos: +0.9950  (Δ +0.9814)
    R@1/5/10: 9.0% / 41.5% / 69.0%  (Δ +9.0 / +41.5 / +69.0)

step  3520  L_grcl=  1.96  L_cov= 0.36  L_cons=0.000  L_tot=  2.07  diag=+0.993  mix=[cap:98/ref:122/nl:100]  β=0.050  α_t=0.053  (3110s)
step  3540  L_grcl=  1.98  L_cov= 0.36  L_cons=0.000  L_tot=  2.09  diag=+0.994  mix=[cap:100/ref:117/nl:103]  β=0.050  α_t=0.053  (3127s)
step  3560  L_grcl=  1.95  L_cov= 0.37  L_cons=0.000  L_tot=  2.07  diag=+0.994  mix=[cap:107/ref:113/nl:100]  β=0.050  α_t=0.053  (3144s)
step  3580  L_grcl=  1.93  L_cov= 0.36  L_cons=0.000  L_tot=  2.04  diag=+0.994  mix=[cap:111/ref:91/nl:118]  β=0.050  α_t=0.053  (3161s)
step  3600  L_grcl=  1.92  L_cov= 0.37  L_cons=0.000  L_tot=  2.03  diag=+0.994  mix=[cap:104/ref:102/nl:114]  β=0.050  α_t=0.053  (3178s)
step  3620  L_grcl=  1.96  L_cov= 0.36  L_cons=0.000  L_tot=  2.07  diag=+0.994  mix=[cap:114/ref:96/nl:110]  β=0.050  α_t=0.053  (3195s)
step  3640  L_grcl=  2.00  L_cov= 0.38  L_cons=0.000  L_tot=  2.11  diag=+0.994  mix=[cap:87/ref:112/nl:121]  β=0.050  α_t=0.053  (3212s)
step  3660  L_grcl=  1.93  L_cov= 0.38  L_cons=0.000  L_tot=  2.04  diag=+0.993  mix=[cap:111/ref:101/nl:108]  β=0.050  α_t=0.053  (3229s)
step  3680  L_grcl=  1.91  L_cov= 0.36  L_cons=0.000  L_tot=  2.02  diag=+0.994  mix=[cap:114/ref:105/nl:101]  β=0.050  α_t=0.053  (3246s)
step  3700  L_grcl=  1.97  L_cov= 0.37  L_cons=0.000  L_tot=  2.08  diag=+0.994  mix=[cap:90/ref:134/nl:96]  β=0.050  α_t=0.053  (3263s)
step  3720  L_grcl=  1.95  L_cov= 0.38  L_cons=0.000  L_tot=  2.06  diag=+0.993  mix=[cap:112/ref:97/nl:111]  β=0.050  α_t=0.053  (3280s)
step  3740  L_grcl=  1.87  L_cov= 0.36  L_cons=0.000  L_tot=  1.98  diag=+0.993  mix=[cap:107/ref:97/nl:116]  β=0.050  α_t=0.053  (3297s)
step  3760  L_grcl=  1.94  L_cov= 0.35  L_cons=0.000  L_tot=  2.05  diag=+0.993  mix=[cap:110/ref:108/nl:102]  β=0.050  α_t=0.054  (3315s)
step  3780  L_grcl=  1.92  L_cov= 0.36  L_cons=0.000  L_tot=  2.03  diag=+0.993  mix=[cap:101/ref:114/nl:105]  β=0.050  α_t=0.054  (3332s)
step  3800  L_grcl=  1.95  L_cov= 0.36  L_cons=0.000  L_tot=  2.06  diag=+0.993  mix=[cap:95/ref:112/nl:113]  β=0.050  α_t=0.054  (3349s)
step  3820  L_grcl=  1.95  L_cov= 0.36  L_cons=0.000  L_tot=  2.05  diag=+0.993  mix=[cap:107/ref:109/nl:104]  β=0.050  α_t=0.054  (3366s)
step  3840  L_grcl=  1.89  L_cov= 0.35  L_cons=0.000  L_tot=  2.00  diag=+0.994  mix=[cap:113/ref:108/nl:99]  β=0.050  α_t=0.054  (3383s)
step  3860  L_grcl=  1.97  L_cov= 0.37  L_cons=0.000  L_tot=  2.08  diag=+0.994  mix=[cap:107/ref:121/nl:92]  β=0.050  α_t=0.054  (3401s)
step  3880  L_grcl=  1.96  L_cov= 0.38  L_cons=0.000  L_tot=  2.07  diag=+0.994  mix=[cap:100/ref:120/nl:100]  β=0.050  α_t=0.054  (3418s)
step  3900  L_grcl=  1.89  L_cov= 0.35  L_cons=0.000  L_tot=  2.00  diag=+0.994  mix=[cap:117/ref:104/nl:99]  β=0.051  α_t=0.054  (3435s)
step  3920  L_grcl=  1.90  L_cov= 0.36  L_cons=0.000  L_tot=  2.01  diag=+0.993  mix=[cap:113/ref:104/nl:103]  β=0.051  α_t=0.054  (3453s)
step  3940  L_grcl=  1.88  L_cov= 0.35  L_cons=0.000  L_tot=  1.98  diag=+0.993  mix=[cap:107/ref:116/nl:97]  β=0.051  α_t=0.054  (3469s)
step  3960  L_grcl=  1.86  L_cov= 0.35  L_cons=0.000  L_tot=  1.97  diag=+0.993  mix=[cap:103/ref:112/nl:105]  β=0.051  α_t=0.054  (3486s)
step  3980  L_grcl=  1.94  L_cov= 0.34  L_cons=0.000  L_tot=  2.04  diag=+0.993  mix=[cap:117/ref:112/nl:91]  β=0.051  α_t=0.054  (3504s)
step  4000  L_grcl=  1.92  L_cov= 0.37  L_cons=0.000  L_tot=  2.03  diag=+0.993  mix=[cap:104/ref:100/nl:116]  β=0.051  α_t=0.054  (3521s)

  [eval @ step 4000] held-out test-A...
    cap-fig cos: +0.9952  (Δ +0.9816)
    R@1/5/10: 13.0% / 49.0% / 73.5%  (Δ +13.0 / +49.0 / +73.5)

step  4020  L_grcl=  1.92  L_cov= 0.37  L_cons=0.000  L_tot=  2.03  diag=+0.993  mix=[cap:109/ref:103/nl:108]  β=0.051  α_t=0.054  (3551s)
step  4040  L_grcl=  1.95  L_cov= 0.37  L_cons=0.000  L_tot=  2.06  diag=+0.993  mix=[cap:108/ref:111/nl:101]  β=0.051  α_t=0.054  (3569s)
step  4060  L_grcl=  1.87  L_cov= 0.36  L_cons=0.000  L_tot=  1.97  diag=+0.993  mix=[cap:113/ref:97/nl:110]  β=0.051  α_t=0.054  (3587s)
step  4080  L_grcl=  1.91  L_cov= 0.35  L_cons=0.000  L_tot=  2.01  diag=+0.992  mix=[cap:102/ref:106/nl:112]  β=0.051  α_t=0.054  (3604s)
step  4100  L_grcl=  1.94  L_cov= 0.35  L_cons=0.000  L_tot=  2.04  diag=+0.993  mix=[cap:100/ref:120/nl:100]  β=0.051  α_t=0.054  (3621s)
step  4120  L_grcl=  1.94  L_cov= 0.35  L_cons=0.000  L_tot=  2.04  diag=+0.993  mix=[cap:104/ref:101/nl:115]  β=0.051  α_t=0.054  (3641s)
step  4140  L_grcl=  1.94  L_cov= 0.36  L_cons=0.000  L_tot=  2.05  diag=+0.994  mix=[cap:97/ref:117/nl:106]  β=0.051  α_t=0.054  (3658s)
step  4160  L_grcl=  1.94  L_cov= 0.36  L_cons=0.000  L_tot=  2.05  diag=+0.994  mix=[cap:109/ref:109/nl:102]  β=0.051  α_t=0.054  (3676s)
step  4180  L_grcl=  1.94  L_cov= 0.37  L_cons=0.000  L_tot=  2.05  diag=+0.993  mix=[cap:109/ref:109/nl:102]  β=0.051  α_t=0.054  (3694s)
step  4200  L_grcl=  1.88  L_cov= 0.37  L_cons=0.000  L_tot=  1.99  diag=+0.993  mix=[cap:105/ref:111/nl:104]  β=0.051  α_t=0.054  (3711s)
step  4220  L_grcl=  1.90  L_cov= 0.36  L_cons=0.000  L_tot=  2.01  diag=+0.993  mix=[cap:94/ref:122/nl:104]  β=0.051  α_t=0.054  (3729s)
step  4240  L_grcl=  1.94  L_cov= 0.37  L_cons=0.000  L_tot=  2.05  diag=+0.993  mix=[cap:99/ref:108/nl:113]  β=0.051  α_t=0.054  (3746s)
step  4260  L_grcl=  1.90  L_cov= 0.35  L_cons=0.000  L_tot=  2.00  diag=+0.992  mix=[cap:116/ref:99/nl:105]  β=0.051  α_t=0.054  (3764s)
step  4280  L_grcl=  1.87  L_cov= 0.36  L_cons=0.000  L_tot=  1.97  diag=+0.992  mix=[cap:114/ref:84/nl:122]  β=0.051  α_t=0.054  (3781s)
step  4300  L_grcl=  1.92  L_cov= 0.36  L_cons=0.000  L_tot=  2.02  diag=+0.992  mix=[cap:100/ref:105/nl:115]  β=0.051  α_t=0.054  (3798s)
step  4320  L_grcl=  1.90  L_cov= 0.34  L_cons=0.000  L_tot=  2.01  diag=+0.992  mix=[cap:96/ref:116/nl:108]  β=0.051  α_t=0.054  (3815s)
step  4340  L_grcl=  1.88  L_cov= 0.36  L_cons=0.000  L_tot=  1.99  diag=+0.992  mix=[cap:114/ref:99/nl:107]  β=0.051  α_t=0.054  (3833s)
step  4360  L_grcl=  1.93  L_cov= 0.35  L_cons=0.000  L_tot=  2.04  diag=+0.992  mix=[cap:92/ref:116/nl:112]  β=0.051  α_t=0.054  (3850s)
step  4380  L_grcl=  1.90  L_cov= 0.37  L_cons=0.000  L_tot=  2.01  diag=+0.992  mix=[cap:102/ref:92/nl:126]  β=0.051  α_t=0.054  (3867s)
step  4400  L_grcl=  1.84  L_cov= 0.33  L_cons=0.000  L_tot=  1.94  diag=+0.992  mix=[cap:115/ref:106/nl:99]  β=0.051  α_t=0.054  (3885s)
step  4420  L_grcl=  1.90  L_cov= 0.34  L_cons=0.000  L_tot=  2.00  diag=+0.992  mix=[cap:97/ref:114/nl:109]  β=0.051  α_t=0.054  (3902s)
step  4440  L_grcl=  1.94  L_cov= 0.36  L_cons=0.000  L_tot=  2.04  diag=+0.992  mix=[cap:117/ref:95/nl:108]  β=0.051  α_t=0.054  (3919s)
step  4460  L_grcl=  1.91  L_cov= 0.36  L_cons=0.000  L_tot=  2.02  diag=+0.992  mix=[cap:80/ref:124/nl:116]  β=0.051  α_t=0.054  (3936s)
step  4480  L_grcl=  1.93  L_cov= 0.36  L_cons=0.000  L_tot=  2.04  diag=+0.992  mix=[cap:97/ref:113/nl:110]  β=0.051  α_t=0.054  (3953s)
step  4500  L_grcl=  1.84  L_cov= 0.34  L_cons=0.000  L_tot=  1.94  diag=+0.993  mix=[cap:119/ref:104/nl:97]  β=0.051  α_t=0.054  (3970s)

  [eval @ step 4500] held-out test-A...
    cap-fig cos: +0.9952  (Δ +0.9816)
    R@1/5/10: 11.5% / 54.0% / 79.0%  (Δ +11.5 / +54.0 / +79.0)
    [ckpt saved @ step 4500 R@10=79.0%]

step  4520  L_grcl=  1.89  L_cov= 0.36  L_cons=0.000  L_tot=  2.00  diag=+0.992  mix=[cap:107/ref:114/nl:99]  β=0.051  α_t=0.054  (4003s)
step  4540  L_grcl=  1.89  L_cov= 0.35  L_cons=0.000  L_tot=  1.99  diag=+0.991  mix=[cap:103/ref:109/nl:108]  β=0.051  α_t=0.055  (4020s)
step  4560  L_grcl=  1.87  L_cov= 0.35  L_cons=0.000  L_tot=  1.98  diag=+0.992  mix=[cap:96/ref:109/nl:115]  β=0.051  α_t=0.055  (4036s)
step  4580  L_grcl=  1.89  L_cov= 0.34  L_cons=0.000  L_tot=  1.99  diag=+0.991  mix=[cap:110/ref:100/nl:110]  β=0.051  α_t=0.055  (4053s)
step  4600  L_grcl=  1.93  L_cov= 0.35  L_cons=0.000  L_tot=  2.03  diag=+0.991  mix=[cap:117/ref:100/nl:103]  β=0.052  α_t=0.055  (4069s)
step  4620  L_grcl=  1.87  L_cov= 0.35  L_cons=0.000  L_tot=  1.97  diag=+0.992  mix=[cap:111/ref:114/nl:95]  β=0.052  α_t=0.055  (4086s)
step  4640  L_grcl=  1.85  L_cov= 0.33  L_cons=0.000  L_tot=  1.95  diag=+0.992  mix=[cap:117/ref:105/nl:98]  β=0.052  α_t=0.055  (4103s)
step  4660  L_grcl=  1.92  L_cov= 0.34  L_cons=0.000  L_tot=  2.02  diag=+0.991  mix=[cap:93/ref:121/nl:106]  β=0.052  α_t=0.055  (4120s)
step  4680  L_grcl=  1.89  L_cov= 0.35  L_cons=0.000  L_tot=  2.00  diag=+0.991  mix=[cap:121/ref:101/nl:98]  β=0.052  α_t=0.055  (4138s)
step  4700  L_grcl=  1.91  L_cov= 0.35  L_cons=0.000  L_tot=  2.01  diag=+0.991  mix=[cap:105/ref:125/nl:90]  β=0.052  α_t=0.055  (4156s)
step  4720  L_grcl=  1.94  L_cov= 0.35  L_cons=0.000  L_tot=  2.05  diag=+0.992  mix=[cap:97/ref:114/nl:109]  β=0.052  α_t=0.055  (4173s)
step  4740  L_grcl=  1.89  L_cov= 0.37  L_cons=0.000  L_tot=  2.00  diag=+0.993  mix=[cap:105/ref:98/nl:117]  β=0.052  α_t=0.055  (4190s)
step  4760  L_grcl=  1.92  L_cov= 0.36  L_cons=0.000  L_tot=  2.03  diag=+0.992  mix=[cap:108/ref:114/nl:98]  β=0.052  α_t=0.055  (4207s)
step  4780  L_grcl=  1.87  L_cov= 0.34  L_cons=0.000  L_tot=  1.98  diag=+0.991  mix=[cap:102/ref:118/nl:100]  β=0.052  α_t=0.055  (4225s)
step  4800  L_grcl=  1.83  L_cov= 0.33  L_cons=0.000  L_tot=  1.93  diag=+0.991  mix=[cap:101/ref:111/nl:108]  β=0.052  α_t=0.055  (4242s)
step  4820  L_grcl=  1.84  L_cov= 0.34  L_cons=0.000  L_tot=  1.94  diag=+0.991  mix=[cap:121/ref:97/nl:102]  β=0.052  α_t=0.055  (4259s)
step  4840  L_grcl=  1.91  L_cov= 0.34  L_cons=0.000  L_tot=  2.01  diag=+0.990  mix=[cap:102/ref:109/nl:109]  β=0.052  α_t=0.055  (4277s)
step  4860  L_grcl=  1.93  L_cov= 0.35  L_cons=0.000  L_tot=  2.03  diag=+0.990  mix=[cap:99/ref:121/nl:100]  β=0.052  α_t=0.055  (4294s)
step  4880  L_grcl=  1.93  L_cov= 0.34  L_cons=0.000  L_tot=  2.03  diag=+0.991  mix=[cap:109/ref:108/nl:103]  β=0.052  α_t=0.055  (4312s)
step  4900  L_grcl=  1.90  L_cov= 0.35  L_cons=0.000  L_tot=  2.00  diag=+0.992  mix=[cap:114/ref:114/nl:92]  β=0.052  α_t=0.055  (4330s)
step  4920  L_grcl=  1.89  L_cov= 0.36  L_cons=0.000  L_tot=  2.00  diag=+0.992  mix=[cap:114/ref:108/nl:98]  β=0.052  α_t=0.055  (4347s)
step  4940  L_grcl=  1.85  L_cov= 0.34  L_cons=0.000  L_tot=  1.95  diag=+0.992  mix=[cap:114/ref:104/nl:102]  β=0.052  α_t=0.055  (4364s)
step  4960  L_grcl=  1.93  L_cov= 0.34  L_cons=0.000  L_tot=  2.03  diag=+0.991  mix=[cap:116/ref:114/nl:90]  β=0.052  α_t=0.055  (4381s)
step  4980  L_grcl=  1.87  L_cov= 0.35  L_cons=0.000  L_tot=  1.97  diag=+0.991  mix=[cap:106/ref:96/nl:118]  β=0.052  α_t=0.055  (4399s)
step  5000  L_grcl=  1.91  L_cov= 0.34  L_cons=0.000  L_tot=  2.01  diag=+0.992  mix=[cap:102/ref:117/nl:101]  β=0.052  α_t=0.055  (4416s)

  [eval @ step 5000] held-out test-A...
    cap-fig cos: +0.9956  (Δ +0.9819)
    R@1/5/10: 14.0% / 59.5% / 82.5%  (Δ +14.0 / +59.5 / +82.5)
    [ckpt saved @ step 5000 R@10=82.5%]

step  5020  L_grcl=  1.88  L_cov= 0.35  L_cons=0.000  L_tot=  1.98  diag=+0.991  mix=[cap:117/ref:95/nl:108]  β=0.052  α_t=0.055  (4449s)
step  5040  L_grcl=  1.94  L_cov= 0.35  L_cons=0.000  L_tot=  2.04  diag=+0.989  mix=[cap:78/ref:118/nl:124]  β=0.052  α_t=0.055  (4466s)
step  5060  L_grcl=  1.83  L_cov= 0.34  L_cons=0.000  L_tot=  1.94  diag=+0.991  mix=[cap:115/ref:100/nl:105]  β=0.052  α_t=0.055  (4483s)
step  5080  L_grcl=  1.86  L_cov= 0.35  L_cons=0.000  L_tot=  1.97  diag=+0.990  mix=[cap:88/ref:125/nl:107]  β=0.052  α_t=0.055  (4500s)
step  5100  L_grcl=  1.82  L_cov= 0.33  L_cons=0.000  L_tot=  1.92  diag=+0.989  mix=[cap:105/ref:106/nl:109]  β=0.052  α_t=0.055  (4516s)
step  5120  L_grcl=  1.89  L_cov= 0.34  L_cons=0.000  L_tot=  2.00  diag=+0.990  mix=[cap:104/ref:113/nl:103]  β=0.052  α_t=0.055  (4533s)
step  5140  L_grcl=  1.80  L_cov= 0.32  L_cons=0.000  L_tot=  1.89  diag=+0.991  mix=[cap:125/ref:105/nl:90]  β=0.052  α_t=0.055  (4550s)
step  5160  L_grcl=  1.83  L_cov= 0.34  L_cons=0.000  L_tot=  1.93  diag=+0.990  mix=[cap:111/ref:102/nl:107]  β=0.052  α_t=0.055  (4567s)
step  5180  L_grcl=  1.89  L_cov= 0.33  L_cons=0.000  L_tot=  1.99  diag=+0.989  mix=[cap:101/ref:116/nl:103]  β=0.052  α_t=0.055  (4585s)
step  5200  L_grcl=  1.89  L_cov= 0.33  L_cons=0.000  L_tot=  1.99  diag=+0.991  mix=[cap:114/ref:110/nl:96]  β=0.052  α_t=0.055  (4602s)
step  5220  L_grcl=  1.89  L_cov= 0.34  L_cons=0.000  L_tot=  1.99  diag=+0.991  mix=[cap:104/ref:110/nl:106]  β=0.052  α_t=0.055  (4619s)
step  5240  L_grcl=  1.85  L_cov= 0.34  L_cons=0.000  L_tot=  1.95  diag=+0.991  mix=[cap:112/ref:118/nl:90]  β=0.052  α_t=0.055  (4636s)
step  5260  L_grcl=  1.85  L_cov= 0.34  L_cons=0.000  L_tot=  1.95  diag=+0.991  mix=[cap:109/ref:120/nl:91]  β=0.053  α_t=0.055  (4654s)
step  5280  L_grcl=  1.88  L_cov= 0.33  L_cons=0.000  L_tot=  1.98  diag=+0.989  mix=[cap:107/ref:103/nl:110]  β=0.053  α_t=0.055  (4671s)
step  5300  L_grcl=  1.83  L_cov= 0.34  L_cons=0.000  L_tot=  1.93  diag=+0.990  mix=[cap:124/ref:86/nl:110]  β=0.053  α_t=0.055  (4688s)
step  5320  L_grcl=  1.88  L_cov= 0.34  L_cons=0.000  L_tot=  1.99  diag=+0.991  mix=[cap:107/ref:118/nl:95]  β=0.053  α_t=0.055  (4706s)
step  5340  L_grcl=  1.85  L_cov= 0.36  L_cons=0.000  L_tot=  1.96  diag=+0.991  mix=[cap:117/ref:95/nl:108]  β=0.053  α_t=0.055  (4723s)
step  5360  L_grcl=  1.81  L_cov= 0.33  L_cons=0.000  L_tot=  1.91  diag=+0.990  mix=[cap:124/ref:102/nl:94]  β=0.053  α_t=0.055  (4740s)
step  5380  L_grcl=  1.80  L_cov= 0.32  L_cons=0.000  L_tot=  1.89  diag=+0.991  mix=[cap:127/ref:109/nl:84]  β=0.053  α_t=0.055  (4758s)
step  5400  L_grcl=  1.87  L_cov= 0.34  L_cons=0.000  L_tot=  1.97  diag=+0.990  mix=[cap:99/ref:113/nl:108]  β=0.053  α_t=0.055  (4775s)
step  5420  L_grcl=  1.84  L_cov= 0.34  L_cons=0.000  L_tot=  1.94  diag=+0.990  mix=[cap:102/ref:90/nl:128]  β=0.053  α_t=0.056  (4792s)
step  5440  L_grcl=  1.88  L_cov= 0.33  L_cons=0.000  L_tot=  1.98  diag=+0.990  mix=[cap:93/ref:117/nl:110]  β=0.053  α_t=0.056  (4809s)
step  5460  L_grcl=  1.85  L_cov= 0.34  L_cons=0.000  L_tot=  1.95  diag=+0.990  mix=[cap:106/ref:115/nl:99]  β=0.053  α_t=0.056  (4827s)
step  5480  L_grcl=  1.79  L_cov= 0.33  L_cons=0.000  L_tot=  1.89  diag=+0.990  mix=[cap:106/ref:99/nl:115]  β=0.053  α_t=0.056  (4844s)
step  5500  L_grcl=  1.83  L_cov= 0.32  L_cons=0.000  L_tot=  1.93  diag=+0.991  mix=[cap:125/ref:112/nl:83]  β=0.053  α_t=0.056  (4861s)

  [eval @ step 5500] held-out test-A...
    cap-fig cos: +0.9948  (Δ +0.9811)
    R@1/5/10: 15.0% / 59.5% / 83.5%  (Δ +15.0 / +59.5 / +83.5)
    [ckpt saved @ step 5500 R@10=83.5%]

step  5520  L_grcl=  1.85  L_cov= 0.33  L_cons=0.000  L_tot=  1.95  diag=+0.990  mix=[cap:104/ref:109/nl:107]  β=0.053  α_t=0.056  (4894s)
step  5540  L_grcl=  1.87  L_cov= 0.35  L_cons=0.000  L_tot=  1.98  diag=+0.990  mix=[cap:100/ref:103/nl:117]  β=0.053  α_t=0.056  (4911s)
step  5560  L_grcl=  1.90  L_cov= 0.34  L_cons=0.000  L_tot=  2.01  diag=+0.991  mix=[cap:124/ref:102/nl:94]  β=0.053  α_t=0.056  (4927s)
step  5580  L_grcl=  1.81  L_cov= 0.33  L_cons=0.000  L_tot=  1.91  diag=+0.991  mix=[cap:104/ref:114/nl:102]  β=0.053  α_t=0.056  (4944s)
step  5600  L_grcl=  1.90  L_cov= 0.33  L_cons=0.000  L_tot=  2.00  diag=+0.990  mix=[cap:102/ref:115/nl:103]  β=0.053  α_t=0.056  (4961s)
step  5620  L_grcl=  1.83  L_cov= 0.34  L_cons=0.000  L_tot=  1.93  diag=+0.990  mix=[cap:88/ref:125/nl:107]  β=0.053  α_t=0.056  (4977s)
step  5640  L_grcl=  1.79  L_cov= 0.33  L_cons=0.000  L_tot=  1.89  diag=+0.990  mix=[cap:119/ref:103/nl:98]  β=0.053  α_t=0.056  (4994s)
step  5660  L_grcl=  1.84  L_cov= 0.32  L_cons=0.000  L_tot=  1.94  diag=+0.989  mix=[cap:105/ref:112/nl:103]  β=0.053  α_t=0.056  (5011s)
step  5680  L_grcl=  1.87  L_cov= 0.33  L_cons=0.000  L_tot=  1.97  diag=+0.988  mix=[cap:94/ref:123/nl:103]  β=0.053  α_t=0.056  (5028s)
step  5700  L_grcl=  1.81  L_cov= 0.33  L_cons=0.000  L_tot=  1.91  diag=+0.990  mix=[cap:112/ref:104/nl:104]  β=0.053  α_t=0.056  (5045s)
step  5720  L_grcl=  1.87  L_cov= 0.34  L_cons=0.000  L_tot=  1.98  diag=+0.989  mix=[cap:106/ref:108/nl:106]  β=0.053  α_t=0.056  (5062s)
step  5740  L_grcl=  1.85  L_cov= 0.33  L_cons=0.000  L_tot=  1.95  diag=+0.989  mix=[cap:111/ref:100/nl:109]  β=0.053  α_t=0.056  (5079s)
step  5760  L_grcl=  1.85  L_cov= 0.34  L_cons=0.000  L_tot=  1.95  diag=+0.988  mix=[cap:90/ref:113/nl:117]  β=0.053  α_t=0.056  (5096s)
step  5780  L_grcl=  1.84  L_cov= 0.32  L_cons=0.000  L_tot=  1.93  diag=+0.989  mix=[cap:109/ref:102/nl:109]  β=0.053  α_t=0.056  (5113s)
step  5800  L_grcl=  1.82  L_cov= 0.34  L_cons=0.000  L_tot=  1.92  diag=+0.990  mix=[cap:116/ref:98/nl:106]  β=0.053  α_t=0.056  (5131s)
step  5820  L_grcl=  1.81  L_cov= 0.33  L_cons=0.000  L_tot=  1.91  diag=+0.988  mix=[cap:101/ref:114/nl:105]  β=0.053  α_t=0.056  (5148s)
step  5840  L_grcl=  1.86  L_cov= 0.32  L_cons=0.000  L_tot=  1.96  diag=+0.988  mix=[cap:113/ref:101/nl:106]  β=0.053  α_t=0.056  (5165s)
step  5860  L_grcl=  1.85  L_cov= 0.34  L_cons=0.000  L_tot=  1.95  diag=+0.990  mix=[cap:103/ref:122/nl:95]  β=0.053  α_t=0.056  (5183s)
step  5880  L_grcl=  1.86  L_cov= 0.32  L_cons=0.000  L_tot=  1.96  diag=+0.990  mix=[cap:102/ref:119/nl:99]  β=0.053  α_t=0.056  (5200s)
step  5900  L_grcl=  1.86  L_cov= 0.35  L_cons=0.000  L_tot=  1.96  diag=+0.990  mix=[cap:101/ref:109/nl:110]  β=0.053  α_t=0.056  (5218s)
step  5920  L_grcl=  1.82  L_cov= 0.32  L_cons=0.000  L_tot=  1.92  diag=+0.990  mix=[cap:116/ref:112/nl:92]  β=0.053  α_t=0.056  (5235s)
step  5940  L_grcl=  1.82  L_cov= 0.33  L_cons=0.000  L_tot=  1.91  diag=+0.990  mix=[cap:109/ref:109/nl:102]  β=0.054  α_t=0.056  (5252s)
step  5960  L_grcl=  1.79  L_cov= 0.31  L_cons=0.000  L_tot=  1.89  diag=+0.990  mix=[cap:106/ref:107/nl:107]  β=0.054  α_t=0.056  (5269s)
step  5980  L_grcl=  1.86  L_cov= 0.34  L_cons=0.000  L_tot=  1.96  diag=+0.989  mix=[cap:105/ref:121/nl:94]  β=0.054  α_t=0.056  (5287s)
step  6000  L_grcl=  1.87  L_cov= 0.33  L_cons=0.000  L_tot=  1.97  diag=+0.989  mix=[cap:99/ref:111/nl:110]  β=0.054  α_t=0.056  (5304s)

  [eval @ step 6000] held-out test-A...
    cap-fig cos: +0.9948  (Δ +0.9811)
    R@1/5/10: 16.0% / 63.5% / 84.0%  (Δ +16.0 / +63.5 / +84.0)
    [ckpt saved @ step 6000 R@10=84.0%]

step  6020  L_grcl=  1.82  L_cov= 0.31  L_cons=0.000  L_tot=  1.91  diag=+0.991  mix=[cap:105/ref:115/nl:100]  β=0.054  α_t=0.056  (5338s)
step  6040  L_grcl=  1.83  L_cov= 0.33  L_cons=0.000  L_tot=  1.93  diag=+0.989  mix=[cap:94/ref:108/nl:118]  β=0.054  α_t=0.056  (5355s)
step  6060  L_grcl=  1.86  L_cov= 0.34  L_cons=0.000  L_tot=  1.97  diag=+0.991  mix=[cap:102/ref:117/nl:101]  β=0.054  α_t=0.056  (5372s)
step  6080  L_grcl=  1.83  L_cov= 0.34  L_cons=0.000  L_tot=  1.93  diag=+0.991  mix=[cap:116/ref:103/nl:101]  β=0.054  α_t=0.056  (5390s)
step  6100  L_grcl=  1.85  L_cov= 0.32  L_cons=0.000  L_tot=  1.95  diag=+0.989  mix=[cap:100/ref:115/nl:105]  β=0.054  α_t=0.056  (5407s)
step  6120  L_grcl=  1.87  L_cov= 0.33  L_cons=0.000  L_tot=  1.97  diag=+0.990  mix=[cap:107/ref:99/nl:114]  β=0.054  α_t=0.056  (5424s)
step  6140  L_grcl=  1.87  L_cov= 0.34  L_cons=0.000  L_tot=  1.97  diag=+0.989  mix=[cap:100/ref:109/nl:111]  β=0.054  α_t=0.056  (5442s)
step  6160  L_grcl=  1.90  L_cov= 0.36  L_cons=0.000  L_tot=  2.00  diag=+0.990  mix=[cap:100/ref:113/nl:107]  β=0.054  α_t=0.056  (5459s)
step  6180  L_grcl=  1.85  L_cov= 0.33  L_cons=0.000  L_tot=  1.95  diag=+0.989  mix=[cap:104/ref:114/nl:102]  β=0.054  α_t=0.056  (5477s)
step  6200  L_grcl=  1.87  L_cov= 0.35  L_cons=0.000  L_tot=  1.98  diag=+0.989  mix=[cap:97/ref:119/nl:104]  β=0.054  α_t=0.056  (5494s)
step  6220  L_grcl=  1.87  L_cov= 0.33  L_cons=0.000  L_tot=  1.97  diag=+0.990  mix=[cap:117/ref:112/nl:91]  β=0.054  α_t=0.056  (5511s)
step  6240  L_grcl=  1.86  L_cov= 0.34  L_cons=0.000  L_tot=  1.96  diag=+0.990  mix=[cap:105/ref:107/nl:108]  β=0.054  α_t=0.056  (5528s)
step  6260  L_grcl=  1.84  L_cov= 0.33  L_cons=0.000  L_tot=  1.94  diag=+0.990  mix=[cap:108/ref:115/nl:97]  β=0.054  α_t=0.056  (5546s)
step  6280  L_grcl=  1.90  L_cov= 0.34  L_cons=0.000  L_tot=  2.00  diag=+0.990  mix=[cap:114/ref:110/nl:96]  β=0.054  α_t=0.057  (5563s)
step  6300  L_grcl=  1.87  L_cov= 0.35  L_cons=0.000  L_tot=  1.97  diag=+0.990  mix=[cap:99/ref:109/nl:112]  β=0.054  α_t=0.057  (5580s)
step  6320  L_grcl=  1.84  L_cov= 0.32  L_cons=0.000  L_tot=  1.93  diag=+0.990  mix=[cap:127/ref:97/nl:96]  β=0.054  α_t=0.057  (5598s)
step  6340  L_grcl=  1.84  L_cov= 0.34  L_cons=0.000  L_tot=  1.95  diag=+0.991  mix=[cap:110/ref:117/nl:93]  β=0.054  α_t=0.057  (5615s)
step  6360  L_grcl=  1.87  L_cov= 0.33  L_cons=0.000  L_tot=  1.97  diag=+0.990  mix=[cap:111/ref:105/nl:104]  β=0.054  α_t=0.057  (5632s)
step  6380  L_grcl=  1.84  L_cov= 0.34  L_cons=0.000  L_tot=  1.94  diag=+0.990  mix=[cap:101/ref:112/nl:107]  β=0.054  α_t=0.057  (5649s)
step  6400  L_grcl=  1.84  L_cov= 0.33  L_cons=0.000  L_tot=  1.94  diag=+0.990  mix=[cap:103/ref:107/nl:110]  β=0.054  α_t=0.057  (5667s)
step  6420  L_grcl=  1.82  L_cov= 0.33  L_cons=0.000  L_tot=  1.91  diag=+0.989  mix=[cap:97/ref:111/nl:112]  β=0.054  α_t=0.057  (5684s)
step  6440  L_grcl=  1.82  L_cov= 0.33  L_cons=0.000  L_tot=  1.92  diag=+0.988  mix=[cap:102/ref:118/nl:100]  β=0.054  α_t=0.057  (5701s)
step  6460  L_grcl=  1.88  L_cov= 0.32  L_cons=0.000  L_tot=  1.98  diag=+0.989  mix=[cap:103/ref:117/nl:100]  β=0.054  α_t=0.057  (5718s)
step  6480  L_grcl=  1.82  L_cov= 0.33  L_cons=0.000  L_tot=  1.92  diag=+0.990  mix=[cap:109/ref:112/nl:99]  β=0.054  α_t=0.057  (5736s)
step  6500  L_grcl=  1.80  L_cov= 0.32  L_cons=0.000  L_tot=  1.90  diag=+0.989  mix=[cap:91/ref:124/nl:105]  β=0.054  α_t=0.057  (5753s)

  [eval @ step 6500] held-out test-A...
    cap-fig cos: +0.9945  (Δ +0.9809)
    R@1/5/10: 15.0% / 61.0% / 79.5%  (Δ +15.0 / +61.0 / +79.5)

step  6520  L_grcl=  1.77  L_cov= 0.32  L_cons=0.000  L_tot=  1.86  diag=+0.987  mix=[cap:98/ref:118/nl:104]  β=0.054  α_t=0.057  (5782s)
step  6540  L_grcl=  1.80  L_cov= 0.33  L_cons=0.000  L_tot=  1.90  diag=+0.989  mix=[cap:109/ref:111/nl:100]  β=0.054  α_t=0.057  (5799s)
step  6560  L_grcl=  1.78  L_cov= 0.31  L_cons=0.000  L_tot=  1.88  diag=+0.989  mix=[cap:115/ref:114/nl:91]  β=0.055  α_t=0.057  (5817s)
step  6580  L_grcl=  1.83  L_cov= 0.33  L_cons=0.000  L_tot=  1.93  diag=+0.989  mix=[cap:98/ref:115/nl:107]  β=0.055  α_t=0.057  (5834s)
step  6600  L_grcl=  1.80  L_cov= 0.33  L_cons=0.000  L_tot=  1.90  diag=+0.988  mix=[cap:112/ref:111/nl:97]  β=0.055  α_t=0.057  (5851s)
step  6620  L_grcl=  1.86  L_cov= 0.32  L_cons=0.000  L_tot=  1.96  diag=+0.989  mix=[cap:99/ref:107/nl:114]  β=0.055  α_t=0.057  (5869s)
step  6640  L_grcl=  1.82  L_cov= 0.33  L_cons=0.000  L_tot=  1.92  diag=+0.988  mix=[cap:103/ref:114/nl:103]  β=0.055  α_t=0.057  (5886s)
step  6660  L_grcl=  1.87  L_cov= 0.34  L_cons=0.000  L_tot=  1.97  diag=+0.989  mix=[cap:101/ref:107/nl:112]  β=0.055  α_t=0.057  (5903s)
step  6680  L_grcl=  1.82  L_cov= 0.33  L_cons=0.000  L_tot=  1.92  diag=+0.989  mix=[cap:88/ref:113/nl:119]  β=0.055  α_t=0.057  (5920s)
step  6700  L_grcl=  1.82  L_cov= 0.33  L_cons=0.000  L_tot=  1.91  diag=+0.988  mix=[cap:99/ref:114/nl:107]  β=0.055  α_t=0.057  (5937s)
step  6720  L_grcl=  1.78  L_cov= 0.32  L_cons=0.000  L_tot=  1.88  diag=+0.989  mix=[cap:101/ref:114/nl:105]  β=0.055  α_t=0.057  (5955s)
step  6740  L_grcl=  1.84  L_cov= 0.33  L_cons=0.000  L_tot=  1.94  diag=+0.987  mix=[cap:94/ref:112/nl:114]  β=0.055  α_t=0.057  (5972s)
step  6760  L_grcl=  1.83  L_cov= 0.33  L_cons=0.000  L_tot=  1.93  diag=+0.988  mix=[cap:110/ref:111/nl:99]  β=0.055  α_t=0.057  (5989s)
step  6780  L_grcl=  1.83  L_cov= 0.33  L_cons=0.000  L_tot=  1.93  diag=+0.989  mix=[cap:102/ref:120/nl:98]  β=0.055  α_t=0.057  (6007s)
step  6800  L_grcl=  1.80  L_cov= 0.33  L_cons=0.000  L_tot=  1.90  diag=+0.989  mix=[cap:110/ref:105/nl:105]  β=0.055  α_t=0.057  (6024s)
step  6820  L_grcl=  1.89  L_cov= 0.34  L_cons=0.000  L_tot=  1.99  diag=+0.988  mix=[cap:99/ref:109/nl:112]  β=0.055  α_t=0.057  (6041s)
step  6840  L_grcl=  1.82  L_cov= 0.33  L_cons=0.000  L_tot=  1.92  diag=+0.989  mix=[cap:109/ref:109/nl:102]  β=0.055  α_t=0.057  (6059s)
step  6860  L_grcl=  1.83  L_cov= 0.33  L_cons=0.000  L_tot=  1.93  diag=+0.986  mix=[cap:91/ref:114/nl:115]  β=0.055  α_t=0.057  (6076s)
step  6880  L_grcl=  1.80  L_cov= 0.31  L_cons=0.000  L_tot=  1.89  diag=+0.989  mix=[cap:111/ref:113/nl:96]  β=0.055  α_t=0.057  (6093s)
step  6900  L_grcl=  1.83  L_cov= 0.33  L_cons=0.000  L_tot=  1.93  diag=+0.988  mix=[cap:102/ref:99/nl:119]  β=0.055  α_t=0.057  (6110s)
step  6920  L_grcl=  1.79  L_cov= 0.32  L_cons=0.000  L_tot=  1.89  diag=+0.989  mix=[cap:119/ref:94/nl:107]  β=0.055  α_t=0.057  (6128s)
step  6940  L_grcl=  1.82  L_cov= 0.32  L_cons=0.000  L_tot=  1.92  diag=+0.989  mix=[cap:109/ref:119/nl:92]  β=0.055  α_t=0.057  (6145s)
step  6960  L_grcl=  1.77  L_cov= 0.31  L_cons=0.000  L_tot=  1.87  diag=+0.989  mix=[cap:116/ref:103/nl:101]  β=0.055  α_t=0.057  (6162s)
step  6980  L_grcl=  1.80  L_cov= 0.32  L_cons=0.000  L_tot=  1.90  diag=+0.987  mix=[cap:102/ref:111/nl:107]  β=0.055  α_t=0.057  (6180s)
step  7000  L_grcl=  1.81  L_cov= 0.32  L_cons=0.000  L_tot=  1.91  diag=+0.987  mix=[cap:110/ref:100/nl:110]  β=0.055  α_t=0.057  (6197s)

  [eval @ step 7000] held-out test-A...
    cap-fig cos: +0.9949  (Δ +0.9812)
    R@1/5/10: 15.5% / 61.0% / 82.0%  (Δ +15.5 / +61.0 / +82.0)

step  7020  L_grcl=  1.82  L_cov= 0.34  L_cons=0.000  L_tot=  1.92  diag=+0.989  mix=[cap:98/ref:110/nl:112]  β=0.055  α_t=0.057  (6226s)
step  7040  L_grcl=  1.75  L_cov= 0.31  L_cons=0.000  L_tot=  1.85  diag=+0.989  mix=[cap:111/ref:103/nl:106]  β=0.055  α_t=0.057  (6243s)
step  7060  L_grcl=  1.94  L_cov= 0.32  L_cons=0.000  L_tot=  2.04  diag=+0.986  mix=[cap:96/ref:112/nl:112]  β=0.055  α_t=0.057  (6260s)
step  7080  L_grcl=  1.83  L_cov= 0.33  L_cons=0.000  L_tot=  1.93  diag=+0.989  mix=[cap:108/ref:110/nl:102]  β=0.055  α_t=0.057  (6277s)
step  7100  L_grcl=  1.82  L_cov= 0.32  L_cons=0.000  L_tot=  1.91  diag=+0.987  mix=[cap:97/ref:103/nl:120]  β=0.055  α_t=0.058  (6294s)
step  7120  L_grcl=  1.80  L_cov= 0.32  L_cons=0.000  L_tot=  1.90  diag=+0.988  mix=[cap:100/ref:119/nl:101]  β=0.055  α_t=0.058  (6312s)
step  7140  L_grcl=  1.83  L_cov= 0.33  L_cons=0.000  L_tot=  1.93  diag=+0.987  mix=[cap:111/ref:100/nl:109]  β=0.055  α_t=0.058  (6329s)
step  7160  L_grcl=  1.81  L_cov= 0.32  L_cons=0.000  L_tot=  1.90  diag=+0.988  mix=[cap:108/ref:118/nl:94]  β=0.055  α_t=0.058  (6346s)
step  7180  L_grcl=  1.78  L_cov= 0.32  L_cons=0.000  L_tot=  1.88  diag=+0.989  mix=[cap:115/ref:104/nl:101]  β=0.055  α_t=0.058  (6363s)
step  7200  L_grcl=  1.81  L_cov= 0.32  L_cons=0.000  L_tot=  1.91  diag=+0.989  mix=[cap:105/ref:106/nl:109]  β=0.056  α_t=0.058  (6380s)
step  7220  L_grcl=  1.83  L_cov= 0.32  L_cons=0.000  L_tot=  1.92  diag=+0.989  mix=[cap:116/ref:100/nl:104]  β=0.056  α_t=0.058  (6398s)
step  7240  L_grcl=  1.79  L_cov= 0.32  L_cons=0.000  L_tot=  1.88  diag=+0.989  mix=[cap:114/ref:106/nl:100]  β=0.056  α_t=0.058  (6415s)
step  7260  L_grcl=  1.81  L_cov= 0.33  L_cons=0.000  L_tot=  1.91  diag=+0.988  mix=[cap:101/ref:101/nl:118]  β=0.056  α_t=0.058  (6433s)
step  7280  L_grcl=  1.75  L_cov= 0.32  L_cons=0.000  L_tot=  1.85  diag=+0.988  mix=[cap:117/ref:94/nl:109]  β=0.056  α_t=0.058  (6450s)
step  7300  L_grcl=  1.83  L_cov= 0.33  L_cons=0.000  L_tot=  1.93  diag=+0.988  mix=[cap:107/ref:120/nl:93]  β=0.056  α_t=0.058  (6468s)
step  7320  L_grcl=  1.83  L_cov= 0.32  L_cons=0.000  L_tot=  1.93  diag=+0.989  mix=[cap:106/ref:103/nl:111]  β=0.056  α_t=0.058  (6485s)
step  7340  L_grcl=  1.82  L_cov= 0.31  L_cons=0.000  L_tot=  1.91  diag=+0.988  mix=[cap:109/ref:110/nl:101]  β=0.056  α_t=0.058  (6502s)
step  7360  L_grcl=  1.83  L_cov= 0.33  L_cons=0.000  L_tot=  1.93  diag=+0.989  mix=[cap:104/ref:115/nl:101]  β=0.056  α_t=0.058  (6521s)
step  7380  L_grcl=  1.82  L_cov= 0.33  L_cons=0.000  L_tot=  1.92  diag=+0.989  mix=[cap:106/ref:104/nl:110]  β=0.056  α_t=0.058  (6539s)
step  7400  L_grcl=  1.82  L_cov= 0.32  L_cons=0.000  L_tot=  1.92  diag=+0.988  mix=[cap:99/ref:97/nl:124]  β=0.056  α_t=0.058  (6556s)
step  7420  L_grcl=  1.83  L_cov= 0.32  L_cons=0.000  L_tot=  1.92  diag=+0.987  mix=[cap:89/ref:114/nl:117]  β=0.056  α_t=0.058  (6572s)
step  7440  L_grcl=  1.79  L_cov= 0.32  L_cons=0.000  L_tot=  1.89  diag=+0.988  mix=[cap:116/ref:103/nl:101]  β=0.056  α_t=0.058  (6589s)
step  7460  L_grcl=  1.86  L_cov= 0.33  L_cons=0.000  L_tot=  1.96  diag=+0.988  mix=[cap:100/ref:108/nl:112]  β=0.056  α_t=0.058  (6607s)
step  7480  L_grcl=  1.74  L_cov= 0.31  L_cons=0.000  L_tot=  1.83  diag=+0.988  mix=[cap:110/ref:117/nl:93]  β=0.056  α_t=0.058  (6625s)
step  7500  L_grcl=  1.78  L_cov= 0.32  L_cons=0.000  L_tot=  1.87  diag=+0.987  mix=[cap:115/ref:111/nl:94]  β=0.056  α_t=0.058  (6641s)

  [eval @ step 7500] held-out test-A...
    cap-fig cos: +0.9944  (Δ +0.9807)
    R@1/5/10: 14.5% / 58.5% / 83.5%  (Δ +14.5 / +58.5 / +83.5)

step  7520  L_grcl=  1.81  L_cov= 0.30  L_cons=0.000  L_tot=  1.90  diag=+0.988  mix=[cap:113/ref:102/nl:105]  β=0.056  α_t=0.058  (6670s)
step  7540  L_grcl=  1.85  L_cov= 0.33  L_cons=0.000  L_tot=  1.95  diag=+0.989  mix=[cap:120/ref:110/nl:90]  β=0.056  α_t=0.058  (6688s)
step  7560  L_grcl=  1.84  L_cov= 0.33  L_cons=0.000  L_tot=  1.94  diag=+0.989  mix=[cap:101/ref:115/nl:104]  β=0.056  α_t=0.058  (6706s)
step  7580  L_grcl=  1.81  L_cov= 0.33  L_cons=0.000  L_tot=  1.91  diag=+0.988  mix=[cap:114/ref:102/nl:104]  β=0.056  α_t=0.058  (6723s)
step  7600  L_grcl=  1.82  L_cov= 0.32  L_cons=0.000  L_tot=  1.91  diag=+0.987  mix=[cap:108/ref:103/nl:109]  β=0.056  α_t=0.058  (6740s)
step  7620  L_grcl=  1.79  L_cov= 0.32  L_cons=0.000  L_tot=  1.88  diag=+0.989  mix=[cap:117/ref:97/nl:106]  β=0.056  α_t=0.058  (6757s)
step  7640  L_grcl=  1.80  L_cov= 0.33  L_cons=0.000  L_tot=  1.90  diag=+0.989  mix=[cap:104/ref:107/nl:109]  β=0.056  α_t=0.058  (6775s)
step  7660  L_grcl=  1.78  L_cov= 0.32  L_cons=0.000  L_tot=  1.88  diag=+0.988  mix=[cap:107/ref:109/nl:104]  β=0.056  α_t=0.058  (6792s)
step  7680  L_grcl=  1.87  L_cov= 0.31  L_cons=0.000  L_tot=  1.96  diag=+0.987  mix=[cap:97/ref:106/nl:117]  β=0.056  α_t=0.058  (6810s)
step  7700  L_grcl=  1.84  L_cov= 0.33  L_cons=0.000  L_tot=  1.94  diag=+0.990  mix=[cap:122/ref:112/nl:86]  β=0.056  α_t=0.058  (6827s)
step  7720  L_grcl=  1.82  L_cov= 0.32  L_cons=0.000  L_tot=  1.92  diag=+0.989  mix=[cap:93/ref:101/nl:126]  β=0.056  α_t=0.058  (6845s)
step  7740  L_grcl=  1.85  L_cov= 0.32  L_cons=0.000  L_tot=  1.95  diag=+0.988  mix=[cap:99/ref:111/nl:110]  β=0.056  α_t=0.058  (6861s)
step  7760  L_grcl=  1.77  L_cov= 0.33  L_cons=0.000  L_tot=  1.87  diag=+0.989  mix=[cap:111/ref:103/nl:106]  β=0.056  α_t=0.058  (6879s)
step  7780  L_grcl=  1.78  L_cov= 0.32  L_cons=0.000  L_tot=  1.88  diag=+0.989  mix=[cap:130/ref:93/nl:97]  β=0.056  α_t=0.058  (6897s)
step  7800  L_grcl=  1.79  L_cov= 0.31  L_cons=0.000  L_tot=  1.88  diag=+0.989  mix=[cap:118/ref:113/nl:89]  β=0.057  α_t=0.058  (6914s)
step  7820  L_grcl=  1.84  L_cov= 0.33  L_cons=0.000  L_tot=  1.94  diag=+0.988  mix=[cap:100/ref:109/nl:111]  β=0.057  α_t=0.058  (6931s)
step  7840  L_grcl=  1.74  L_cov= 0.29  L_cons=0.000  L_tot=  1.82  diag=+0.989  mix=[cap:125/ref:97/nl:98]  β=0.057  α_t=0.058  (6949s)
step  7860  L_grcl=  1.81  L_cov= 0.31  L_cons=0.000  L_tot=  1.90  diag=+0.987  mix=[cap:108/ref:110/nl:102]  β=0.057  α_t=0.058  (6966s)
step  7880  L_grcl=  1.76  L_cov= 0.31  L_cons=0.000  L_tot=  1.85  diag=+0.988  mix=[cap:108/ref:105/nl:107]  β=0.057  α_t=0.058  (6983s)
step  7900  L_grcl=  1.76  L_cov= 0.31  L_cons=0.000  L_tot=  1.85  diag=+0.989  mix=[cap:109/ref:105/nl:106]  β=0.057  α_t=0.058  (7000s)
step  7920  L_grcl=  1.83  L_cov= 0.32  L_cons=0.000  L_tot=  1.93  diag=+0.989  mix=[cap:107/ref:119/nl:94]  β=0.057  α_t=0.058  (7018s)
step  7940  L_grcl=  1.77  L_cov= 0.32  L_cons=0.000  L_tot=  1.86  diag=+0.989  mix=[cap:103/ref:104/nl:113]  β=0.057  α_t=0.058  (7035s)
step  7960  L_grcl=  1.82  L_cov= 0.32  L_cons=0.000  L_tot=  1.92  diag=+0.988  mix=[cap:100/ref:116/nl:104]  β=0.057  α_t=0.058  (7052s)
step  7980  L_grcl=  1.81  L_cov= 0.33  L_cons=0.000  L_tot=  1.91  diag=+0.987  mix=[cap:102/ref:121/nl:97]  β=0.057  α_t=0.059  (7070s)
step  8000  L_grcl=  1.81  L_cov= 0.31  L_cons=0.000  L_tot=  1.90  diag=+0.987  mix=[cap:100/ref:113/nl:107]  β=0.057  α_t=0.059  (7087s)

  [eval @ step 8000] held-out test-A...
    cap-fig cos: +0.9944  (Δ +0.9808)
    R@1/5/10: 15.5% / 54.5% / 80.5%  (Δ +15.5 / +54.5 / +80.5)


[final] test-A:
  cap-fig cos: +0.9944  (init +0.0137, Δ +0.9808)
  R@1/5/10: 15.5% / 54.5% / 80.5%
  init R@1/5/10: 0.0% / 0.0% / 0.0%

saved → /home/work/dl/dl_project/eval/results/experiments/lora_r4_lora_r4/train.json
[main1:129507:0:129507] Caught signal 11 (Segmentation fault: address not mapped to object at address 0x7f0e595adec0)
==== backtrace (tid: 129507) ====
 0  /opt/hpcx/ucx/lib/libucs.so.0(ucs_handle_error+0x2e4) [0x7f0e47906774]
 1  /opt/hpcx/ucx/lib/libucs.so.0(+0x3796a) [0x7f0e4790696a]
 2  /opt/hpcx/ucx/lib/libucs.so.0(+0x37ba8) [0x7f0e47906ba8]
 3  /usr/lib/x86_64-linux-gnu/libc.so.6(+0x45330) [0x7f0e59833330]
 4  /usr/lib/x86_64-linux-gnu/libnvidia-ml.so.575.51.03(+0x336c1) [0x7f0e52e336c1]
 5  /usr/lib/x86_64-linux-gnu/libnvidia-ml.so.575.51.03(nvmlShutdown+0xe) [0x7f0e52e1cfae]
 6  /opt/kernel/libcudahook.ubuntu18.04.x86_64.so(+0xc3caf) [0x7f0e59ac3caf]
 7  /opt/kernel/libcudahook.ubuntu18.04.x86_64.so(+0xc3d48) [0x7f0e59ac3d48]
 8  /opt/kernel/libcudahook.ubuntu18.04.x86_64.so(+0xc3a2d) [0x7f0e59ac3a2d]
 9  /lib64/ld-linux-x86-64.so.2(+0x10f2) [0x7f0e5a5500f2]
10  /lib64/ld-linux-x86-64.so.2(+0x5578) [0x7f0e5a554578]
11  /usr/lib/x86_64-linux-gnu/libc.so.6(+0x47a76) [0x7f0e59835a76]
12  /usr/lib/x86_64-linux-gnu/libc.so.6(+0x47bbe) [0x7f0e59835bbe]
13  /usr/lib/x86_64-linux-gnu/libc.so.6(+0x2a1d1) [0x7f0e598181d1]
14  /usr/lib/x86_64-linux-gnu/libc.so.6(__libc_start_main+0x8b) [0x7f0e5981828b]
15  /usr/bin/python(_start+0x25) [0x657ce5]
=================================
  training exited with code -11 but train.json + ckpt look complete — treating as success
  training done in 121.7 min

--- Evaluation ---
$ /usr/bin/python -m pipeline.eval_full --out /home/work/dl/dl_project/eval/results/experiments/lora_r4_lora_r4/eval.json --device cuda --ckpt ckpt/lora_r4_lora_r4.pt --lora_rank 4 --lora_alpha 8 --hf_id google/siglip2-base-patch16-224 --gpe_facets type,role,depth,pos --datasets spiqa_testA sciegqa mmdocir
device: cuda
[ElementTokenEncoder] loading google/siglip2-base-patch16-224
Using a slow image processor as `use_fast` is unset and a slow processor was saved with this model. `use_fast=True` will be the default behavior in v4.52, even if the model was saved with a slow processor. This will result in minor differences in outputs. You'll still be able to use a slow processor with `use_fast=False`.
[ElementTokenEncoder] LoRA r=4 α=8 targets=['q_proj', 'k_proj', 'v_proj', 'out_proj'] applied (d_text=768, d_vision=768, cls=False)
trainable params: 595,968 || all params: 375,783,938 || trainable%: 0.1586
[eval_full] loaded checkpoint: ckpt/lora_r4_lora_r4.pt

[eval] SPIQA test-A
  graph: 118 docs, elements: 9039, queries: 666
  [5/118 docs, 26/666 queries] 2s
  [10/118 docs, 59/666 queries] 5s
  [15/118 docs, 82/666 queries] 7s
  [20/118 docs, 105/666 queries] 9s
  [25/118 docs, 132/666 queries] 11s
  [30/118 docs, 161/666 queries] 13s
  [35/118 docs, 181/666 queries] 15s
  [40/118 docs, 217/666 queries] 18s
  [45/118 docs, 242/666 queries] 20s
  [50/118 docs, 269/666 queries] 22s
  [55/118 docs, 285/666 queries] 24s
  [60/118 docs, 313/666 queries] 26s
  [65/118 docs, 352/666 queries] 29s
  [70/118 docs, 396/666 queries] 33s
  [75/118 docs, 445/666 queries] 36s
  [80/118 docs, 481/666 queries] 39s
  [85/118 docs, 514/666 queries] 42s
  [90/118 docs, 535/666 queries] 43s
  [95/118 docs, 560/666 queries] 45s
  [100/118 docs, 590/666 queries] 48s
  [105/118 docs, 616/666 queries] 50s
  [110/118 docs, 640/666 queries] 52s
  [115/118 docs, 663/666 queries] 54s
  done in 55s

[eval] SciEGQA
  graph: 80 docs, elements: 29412, queries: 1623
  [5/80 docs, 108/1623 queries] 11s
  [10/80 docs, 218/1623 queries] 25s
  [15/80 docs, 325/1623 queries] 37s
  [20/80 docs, 427/1623 queries] 60s
  [25/80 docs, 532/1623 queries] 72s
  [30/80 docs, 630/1623 queries] 89s
  [35/80 docs, 733/1623 queries] 105s
  [40/80 docs, 818/1623 queries] 113s
  [45/80 docs, 927/1623 queries] 126s
  [50/80 docs, 1031/1623 queries] 137s
  [55/80 docs, 1102/1623 queries] 148s
  [60/80 docs, 1207/1623 queries] 159s
  [65/80 docs, 1314/1623 queries] 177s
  [70/80 docs, 1423/1623 queries] 195s
  [75/80 docs, 1513/1623 queries] 205s
  [80/80 docs, 1623/1623 queries] 221s
  done in 221s

[eval] MMDocIR
  graph: 75 docs, elements: 15032, queries: 389
  [5/75 docs, 31/389 queries] 5s
  [10/75 docs, 58/389 queries] 8s
  [15/75 docs, 87/389 queries] 14s
  [20/75 docs, 116/389 queries] 17s
  [25/75 docs, 137/389 queries] 20s
  [30/75 docs, 162/389 queries] 22s
  [35/75 docs, 187/389 queries] 24s
  [40/75 docs, 212/389 queries] 26s
  [45/75 docs, 243/389 queries] 28s
  [50/75 docs, 267/389 queries] 30s
  [55/75 docs, 288/389 queries] 31s
  [60/75 docs, 306/389 queries] 33s
  [65/75 docs, 332/389 queries] 35s
  [70/75 docs, 364/389 queries] 38s
  [75/75 docs, 389/389 queries] 40s
  done in 40s

saved → /home/work/dl/dl_project/eval/results/experiments/lora_r4_lora_r4/eval.json

=== Summary ===

SPIQA test-A:
  [no_prop] mrr=0.3471  recall@10=0.8303  hit@10=0.8303  coverage@10=0.8303  perfect@10=0.8303
  [uniform_a01_T2] mrr=0.2524  recall@10=0.6456  hit@10=0.6456  coverage@10=0.6456  perfect@10=0.6456
  [uniform_a03_T1] mrr=0.2576  recall@10=0.6892  hit@10=0.6892  coverage@10=0.6892  perfect@10=0.6892
  [uniform_a03_T2] mrr=0.2494  recall@10=0.6306  hit@10=0.6306  coverage@10=0.6306  perfect@10=0.6306
  [uniform_a03_T3] mrr=0.2588  recall@10=0.6276  hit@10=0.6276  coverage@10=0.6276  perfect@10=0.6276
  [uniform_a05_T2] mrr=0.2558  recall@10=0.6096  hit@10=0.6096  coverage@10=0.6096  perfect@10=0.6096
  [wbase_a03_T2] mrr=0.2733  recall@10=0.6712  hit@10=0.6712  coverage@10=0.6712  perfect@10=0.6712
  [wbase_role_a03_T2] mrr=0.2733  recall@10=0.6712  hit@10=0.6712  coverage@10=0.6712  perfect@10=0.6712
  [wbase_vis_a03_T2] mrr=0.2730  recall@10=0.6727  hit@10=0.6727  coverage@10=0.6727  perfect@10=0.6727
  [wfull_a03_T2] mrr=0.2730  recall@10=0.6727  hit@10=0.6727  coverage@10=0.6727  perfect@10=0.6727
  [wfull_a01_T2] mrr=0.2806  recall@10=0.6907  hit@10=0.6907  coverage@10=0.6907  perfect@10=0.6907
  [wfull_a05_T2] mrr=0.2784  recall@10=0.6471  hit@10=0.6471  coverage@10=0.6471  perfect@10=0.6471
  [wfull_a07_T2] mrr=0.2615  recall@10=0.6246  hit@10=0.6246  coverage@10=0.6246  perfect@10=0.6246
  [wfull_a03_T1] mrr=0.2868  recall@10=0.7372  hit@10=0.7372  coverage@10=0.7372  perfect@10=0.7372
  [wfull_a03_T3] mrr=0.2775  recall@10=0.6562  hit@10=0.6562  coverage@10=0.6562  perfect@10=0.6562
  [ppr_a015] mrr=0.2637  recall@10=0.6036  hit@10=0.6036  coverage@10=0.6036  perfect@10=0.6036
  [ppr_a030] mrr=0.2733  recall@10=0.6261  hit@10=0.6261  coverage@10=0.6261  perfect@10=0.6261
  [ppr_a050] mrr=0.2859  recall@10=0.6577  hit@10=0.6577  coverage@10=0.6577  perfect@10=0.6577
  [ppr_a070] mrr=0.2821  recall@10=0.6862  hit@10=0.6862  coverage@10=0.6862  perfect@10=0.6862
  [ppr_a085] mrr=0.2802  recall@10=0.6892  hit@10=0.6892  coverage@10=0.6892  perfect@10=0.6892
  [ppr_unif_a030] mrr=0.2639  recall@10=0.6126  hit@10=0.6126  coverage@10=0.6126  perfect@10=0.6126
  [ppr_unif_a050] mrr=0.2664  recall@10=0.6486  hit@10=0.6486  coverage@10=0.6486  perfect@10=0.6486
  [prop_a03_T2] mrr=0.2730  recall@10=0.6727  hit@10=0.6727  coverage@10=0.6727  perfect@10=0.6727
  [prop_a01_T2] mrr=0.2806  recall@10=0.6907  hit@10=0.6907  coverage@10=0.6907  perfect@10=0.6907
  [prop_a05_T2] mrr=0.2784  recall@10=0.6471  hit@10=0.6471  coverage@10=0.6471  perfect@10=0.6471
  [prop_a07_T2] mrr=0.2615  recall@10=0.6246  hit@10=0.6246  coverage@10=0.6246  perfect@10=0.6246
  [prop_a03_T1] mrr=0.2868  recall@10=0.7372  hit@10=0.7372  coverage@10=0.7372  perfect@10=0.7372
  [prop_a03_T3] mrr=0.2775  recall@10=0.6562  hit@10=0.6562  coverage@10=0.6562  perfect@10=0.6562

SciEGQA:
  [no_prop] mrr=0.0361  recall@10=0.0121  hit@10=0.0819  coverage@10=0.0121  perfect@10=0.0105  cross_page_hit=0.2753
  [uniform_a01_T2] mrr=0.0389  recall@10=0.0139  hit@10=0.0721  coverage@10=0.0139  perfect@10=0.0111  cross_page_hit=0.2057
  [uniform_a03_T1] mrr=0.0385  recall@10=0.0144  hit@10=0.0727  coverage@10=0.0144  perfect@10=0.0117  cross_page_hit=0.2089
  [uniform_a03_T2] mrr=0.0390  recall@10=0.0138  hit@10=0.0715  coverage@10=0.0138  perfect@10=0.0111  cross_page_hit=0.1930
  [uniform_a03_T3] mrr=0.0381  recall@10=0.0134  hit@10=0.0696  coverage@10=0.0134  perfect@10=0.0111  cross_page_hit=0.1899
  [uniform_a05_T2] mrr=0.0383  recall@10=0.0135  hit@10=0.0696  coverage@10=0.0135  perfect@10=0.0111  cross_page_hit=0.1867
  [wbase_a03_T2] mrr=0.0394  recall@10=0.0136  hit@10=0.0709  coverage@10=0.0136  perfect@10=0.0111  cross_page_hit=0.1930
  [wbase_role_a03_T2] mrr=0.0394  recall@10=0.0136  hit@10=0.0709  coverage@10=0.0136  perfect@10=0.0111  cross_page_hit=0.1930
  [wbase_vis_a03_T2] mrr=0.0394  recall@10=0.0136  hit@10=0.0709  coverage@10=0.0136  perfect@10=0.0111  cross_page_hit=0.1930
  [wfull_a03_T2] mrr=0.0394  recall@10=0.0136  hit@10=0.0709  coverage@10=0.0136  perfect@10=0.0111  cross_page_hit=0.1930
  [wfull_a01_T2] mrr=0.0392  recall@10=0.0137  hit@10=0.0715  coverage@10=0.0137  perfect@10=0.0111  cross_page_hit=0.2057
  [wfull_a05_T2] mrr=0.0390  recall@10=0.0135  hit@10=0.0696  coverage@10=0.0135  perfect@10=0.0111  cross_page_hit=0.1867
  [wfull_a07_T2] mrr=0.0408  recall@10=0.0136  hit@10=0.0696  coverage@10=0.0136  perfect@10=0.0111  cross_page_hit=0.1962
  [wfull_a03_T1] mrr=0.0392  recall@10=0.0146  hit@10=0.0727  coverage@10=0.0146  perfect@10=0.0117  cross_page_hit=0.2089
  [wfull_a03_T3] mrr=0.0388  recall@10=0.0134  hit@10=0.0696  coverage@10=0.0134  perfect@10=0.0111  cross_page_hit=0.1899
  [ppr_a015] mrr=0.0400  recall@10=0.0138  hit@10=0.0684  coverage@10=0.0138  perfect@10=0.0111  cross_page_hit=0.1867
  [ppr_a030] mrr=0.0397  recall@10=0.0138  hit@10=0.0696  coverage@10=0.0138  perfect@10=0.0111  cross_page_hit=0.1994
  [ppr_a050] mrr=0.0397  recall@10=0.0136  hit@10=0.0709  coverage@10=0.0136  perfect@10=0.0111  cross_page_hit=0.2057
  [ppr_a070] mrr=0.0394  recall@10=0.0138  hit@10=0.0715  coverage@10=0.0138  perfect@10=0.0111  cross_page_hit=0.2057
  [ppr_a085] mrr=0.0392  recall@10=0.0136  hit@10=0.0715  coverage@10=0.0136  perfect@10=0.0111  cross_page_hit=0.2089
  [ppr_unif_a030] mrr=0.0394  recall@10=0.0138  hit@10=0.0696  coverage@10=0.0138  perfect@10=0.0111  cross_page_hit=0.1994
  [ppr_unif_a050] mrr=0.0392  recall@10=0.0136  hit@10=0.0709  coverage@10=0.0136  perfect@10=0.0111  cross_page_hit=0.2057
  [prop_a03_T2] mrr=0.0394  recall@10=0.0136  hit@10=0.0709  coverage@10=0.0136  perfect@10=0.0111  cross_page_hit=0.1930
  [prop_a01_T2] mrr=0.0392  recall@10=0.0137  hit@10=0.0715  coverage@10=0.0137  perfect@10=0.0111  cross_page_hit=0.2057
  [prop_a05_T2] mrr=0.0390  recall@10=0.0135  hit@10=0.0696  coverage@10=0.0135  perfect@10=0.0111  cross_page_hit=0.1867
  [prop_a07_T2] mrr=0.0408  recall@10=0.0136  hit@10=0.0696  coverage@10=0.0136  perfect@10=0.0111  cross_page_hit=0.1962
  [prop_a03_T1] mrr=0.0392  recall@10=0.0146  hit@10=0.0727  coverage@10=0.0146  perfect@10=0.0117  cross_page_hit=0.2089
  [prop_a03_T3] mrr=0.0388  recall@10=0.0134  hit@10=0.0696  coverage@10=0.0134  perfect@10=0.0111  cross_page_hit=0.1899

MMDocIR:
  [no_prop] mrr=0.0259  recall@10=0.0214  hit@10=0.0386  coverage@10=0.0214  perfect@10=0.0231  cross_page_hit=0.2034
  [uniform_a01_T2] mrr=0.0285  recall@10=0.0327  hit@10=0.0488  coverage@10=0.0327  perfect@10=0.0308  cross_page_hit=0.0847
  [uniform_a03_T1] mrr=0.0289  recall@10=0.0370  hit@10=0.0540  coverage@10=0.0370  perfect@10=0.0360  cross_page_hit=0.1017
  [uniform_a03_T2] mrr=0.0299  recall@10=0.0378  hit@10=0.0540  coverage@10=0.0378  perfect@10=0.0360  cross_page_hit=0.0847
  [uniform_a03_T3] mrr=0.0307  recall@10=0.0378  hit@10=0.0540  coverage@10=0.0378  perfect@10=0.0360  cross_page_hit=0.0847
  [uniform_a05_T2] mrr=0.0307  recall@10=0.0378  hit@10=0.0540  coverage@10=0.0378  perfect@10=0.0360  cross_page_hit=0.0847
  [wbase_a03_T2] mrr=0.0299  recall@10=0.0378  hit@10=0.0540  coverage@10=0.0378  perfect@10=0.0360  cross_page_hit=0.0847
  [wbase_role_a03_T2] mrr=0.0299  recall@10=0.0378  hit@10=0.0540  coverage@10=0.0378  perfect@10=0.0360  cross_page_hit=0.0847
  [wbase_vis_a03_T2] mrr=0.0299  recall@10=0.0378  hit@10=0.0540  coverage@10=0.0378  perfect@10=0.0360  cross_page_hit=0.0847
  [wfull_a03_T2] mrr=0.0299  recall@10=0.0378  hit@10=0.0540  coverage@10=0.0378  perfect@10=0.0360  cross_page_hit=0.0847
  [wfull_a01_T2] mrr=0.0285  recall@10=0.0327  hit@10=0.0488  coverage@10=0.0327  perfect@10=0.0308  cross_page_hit=0.0847
  [wfull_a05_T2] mrr=0.0307  recall@10=0.0378  hit@10=0.0540  coverage@10=0.0378  perfect@10=0.0360  cross_page_hit=0.0847
  [wfull_a07_T2] mrr=0.0303  recall@10=0.0378  hit@10=0.0514  coverage@10=0.0378  perfect@10=0.0386  cross_page_hit=0.0847
  [wfull_a03_T1] mrr=0.0289  recall@10=0.0370  hit@10=0.0540  coverage@10=0.0370  perfect@10=0.0360  cross_page_hit=0.1017
  [wfull_a03_T3] mrr=0.0307  recall@10=0.0378  hit@10=0.0540  coverage@10=0.0378  perfect@10=0.0360  cross_page_hit=0.0847
  [ppr_a015] mrr=0.0313  recall@10=0.0391  hit@10=0.0540  coverage@10=0.0391  perfect@10=0.0386  cross_page_hit=0.0847
  [ppr_a030] mrr=0.0296  recall@10=0.0378  hit@10=0.0540  coverage@10=0.0378  perfect@10=0.0360  cross_page_hit=0.0847
  [ppr_a050] mrr=0.0296  recall@10=0.0378  hit@10=0.0540  coverage@10=0.0378  perfect@10=0.0360  cross_page_hit=0.0847
  [ppr_a070] mrr=0.0292  recall@10=0.0378  hit@10=0.0540  coverage@10=0.0378  perfect@10=0.0360  cross_page_hit=0.0847
  [ppr_a085] mrr=0.0282  recall@10=0.0353  hit@10=0.0514  coverage@10=0.0353  perfect@10=0.0334  cross_page_hit=0.0847
  [ppr_unif_a030] mrr=0.0296  recall@10=0.0378  hit@10=0.0540  coverage@10=0.0378  perfect@10=0.0360  cross_page_hit=0.0847
  [ppr_unif_a050] mrr=0.0296  recall@10=0.0378  hit@10=0.0540  coverage@10=0.0378  perfect@10=0.0360  cross_page_hit=0.0847
  [prop_a03_T2] mrr=0.0299  recall@10=0.0378  hit@10=0.0540  coverage@10=0.0378  perfect@10=0.0360  cross_page_hit=0.0847
  [prop_a01_T2] mrr=0.0285  recall@10=0.0327  hit@10=0.0488  coverage@10=0.0327  perfect@10=0.0308  cross_page_hit=0.0847
  [prop_a05_T2] mrr=0.0307  recall@10=0.0378  hit@10=0.0540  coverage@10=0.0378  perfect@10=0.0360  cross_page_hit=0.0847
  [prop_a07_T2] mrr=0.0303  recall@10=0.0378  hit@10=0.0514  coverage@10=0.0378  perfect@10=0.0386  cross_page_hit=0.0847
  [prop_a03_T1] mrr=0.0289  recall@10=0.0370  hit@10=0.0540  coverage@10=0.0370  perfect@10=0.0360  cross_page_hit=0.1017
  [prop_a03_T3] mrr=0.0307  recall@10=0.0378  hit@10=0.0540  coverage@10=0.0378  perfect@10=0.0360  cross_page_hit=0.0847
[main1:129760:0:129760] Caught signal 11 (Segmentation fault: address not mapped to object at address 0x7f77a1badec0)
==== backtrace (tid: 129760) ====
 0  /opt/hpcx/ucx/lib/libucs.so.0(ucs_handle_error+0x2e4) [0x7f7799b7e774]
 1  /opt/hpcx/ucx/lib/libucs.so.0(+0x3796a) [0x7f7799b7e96a]
 2  /opt/hpcx/ucx/lib/libucs.so.0(+0x37ba8) [0x7f7799b7eba8]
 3  /usr/lib/x86_64-linux-gnu/libc.so.6(+0x45330) [0x7f77a1e33330]
 4  /usr/lib/x86_64-linux-gnu/libnvidia-ml.so.575.51.03(+0x336c1) [0x7f779b4336c1]
 5  /usr/lib/x86_64-linux-gnu/libnvidia-ml.so.575.51.03(nvmlShutdown+0xe) [0x7f779b41cfae]
 6  /opt/kernel/libcudahook.ubuntu18.04.x86_64.so(+0xc3caf) [0x7f77a20c3caf]
 7  /opt/kernel/libcudahook.ubuntu18.04.x86_64.so(+0xc3d48) [0x7f77a20c3d48]
 8  /opt/kernel/libcudahook.ubuntu18.04.x86_64.so(+0xc3a2d) [0x7f77a20c3a2d]
 9  /lib64/ld-linux-x86-64.so.2(+0x10f2) [0x7f77a2b1f0f2]
10  /lib64/ld-linux-x86-64.so.2(+0x5578) [0x7f77a2b23578]
11  /usr/lib/x86_64-linux-gnu/libc.so.6(+0x47a76) [0x7f77a1e35a76]
12  /usr/lib/x86_64-linux-gnu/libc.so.6(+0x47bbe) [0x7f77a1e35bbe]
13  /usr/lib/x86_64-linux-gnu/libc.so.6(+0x2a1d1) [0x7f77a1e181d1]
14  /usr/lib/x86_64-linux-gnu/libc.so.6(__libc_start_main+0x8b) [0x7f77a1e1828b]
15  /usr/bin/python(_start+0x25) [0x657ce5]
=================================
  eval exited with code -11 but eval.json looks complete — treating as success
  eval done in 5.6 min

=== Experiment lora_r4 complete → /home/work/dl/dl_project/eval/results/experiments/lora_r4_lora_r4/summary.json ===
