=== Experiment row m: shuffled_role ===
  description: (h) with section_role permuted within each doc — PE-effect attribution
  output dir:  /home/work/dl/dl_project/eval/results/experiments/m_shuffled_role
  checkpoint:  ckpt/m_shuffled_role.pt

--- Training ---
$ /usr/bin/python -m pipeline.trainer --config m --out /home/work/dl/dl_project/eval/results/experiments/m_shuffled_role/train.json --save_ckpt ckpt/m_shuffled_role.pt
device: cuda
args: {'config': 'm', 'train_sample': 0, 'steps': 8000, 'batch': 16, 'pool': 12, 'lr': 3e-05, 'lora_rank': 8, 'tau': 0.07, 'lambda_cov': 0.3, 'lambda_cons': 0.5, 'use_gpe': 1, 'loss_type': 'grcl', 'infonce_threshold': 0.5, 'anchor_kind': 'mixed', 'warmup_steps': 200, 'weight_decay': 0.01, 'eval_every': 500, 'eval_cf_pairs': 200, 'eval_recall_n': 200, 'seed': 42, 'out': '/home/work/dl/dl_project/eval/results/experiments/m_shuffled_role/train.json', 'save_ckpt': 'ckpt/m_shuffled_role.pt', 'gamma': 0.5, 'gpe_facets': 'type,role,depth,pos', 'lora_alpha': 16, 'hf_id': 'google/siglip2-base-patch16-224', 'edge_types_only': None, 'query_pe_dropout': 0.5, 'section_role_mode': 'shuffled', 'tokens_per_visual': 0}

[1/3] loading SPIQA test-A (held-out eval)...
  loading element_graph_v2.json
    118 papers kept
  loading elements_v2.jsonl
    9,039 element records kept
  loading SPIQA_testA.json
    666 QA pairs kept
    caption_of: 1,115  refer_to: 1,191  (skipped 0 due to missing image)

[2/3] loading SPIQA train (sample N=0)...
  loading element_graph_v2.json
    25,459 papers kept
    section_role mode = 'shuffled' applied
  loading elements_v2.jsonl
    1,873,124 element records kept
  loading SPIQA_train.json
    262,524 QA pairs kept
    caption_of: 262,524  refer_to: 231,101  (skipped 0 due to missing image)

[3/3] building encoder...
[ElementTokenEncoder] loading google/siglip2-base-patch16-224
Using a slow image processor as `use_fast` is unset and a slow processor was saved with this model. `use_fast=True` will be the default behavior in v4.52, even if the model was saved with a slow processor. This will result in minor differences in outputs. You'll still be able to use a slow processor with `use_fast=False`.
[ElementTokenEncoder] LoRA r=8 α=16 targets=['q_proj', 'k_proj', 'v_proj', 'out_proj'] applied (d_text=768, d_vision=768, cls=False)
trainable params: 1,191,936 || all params: 376,379,906 || trainable%: 0.3167

[eval 0] held-out test-A baseline...
  caption-figure cos: +0.1147
  Recall@1/5/10 (n=200): 0.0% / 0.0% / 0.0%
/home/work/dl/dl_project/pipeline/graph_pe.py:112: UserWarning: Converting a tensor with requires_grad=True to a scalar may lead to unexpected behavior.
Consider using tensor.detach() first. (Triggered internally at /opt/pytorch/pytorch/aten/src/ATen/native/Scalar.cpp:22.)
  "type": torch.sigmoid(self.raw_alpha_type).item(),
step    20  L_grcl=191.55  L_cov=55.01  L_cons=0.000  L_tot=208.05  diag=+0.116  mix=[cap:104/ref:110/nl:106]  β=0.047  α_t=0.047  (17s)
step    40  L_grcl=189.13  L_cov=54.63  L_cons=0.000  L_tot=205.52  diag=+0.136  mix=[cap:120/ref:109/nl:91]  β=0.047  α_t=0.047  (35s)
step    60  L_grcl=171.74  L_cov=50.22  L_cons=0.000  L_tot=186.81  diag=+0.177  mix=[cap:85/ref:117/nl:118]  β=0.047  α_t=0.047  (53s)
step    80  L_grcl=166.28  L_cov=45.32  L_cons=0.000  L_tot=179.88  diag=+0.242  mix=[cap:105/ref:113/nl:102]  β=0.047  α_t=0.047  (71s)
step   100  L_grcl=142.07  L_cov=38.62  L_cons=0.000  L_tot=153.66  diag=+0.344  mix=[cap:108/ref:109/nl:103]  β=0.047  α_t=0.047  (88s)
step   120  L_grcl=124.02  L_cov=30.76  L_cons=0.000  L_tot=133.25  diag=+0.467  mix=[cap:117/ref:113/nl:90]  β=0.047  α_t=0.047  (105s)
step   140  L_grcl= 87.27  L_cov=20.01  L_cons=0.000  L_tot= 93.27  diag=+0.572  mix=[cap:99/ref:118/nl:103]  β=0.047  α_t=0.047  (123s)
step   160  L_grcl= 63.25  L_cov=11.48  L_cons=0.001  L_tot= 66.70  diag=+0.653  mix=[cap:106/ref:117/nl:97]  β=0.047  α_t=0.047  (140s)
step   180  L_grcl= 46.29  L_cov= 5.99  L_cons=0.001  L_tot= 48.09  diag=+0.694  mix=[cap:107/ref:99/nl:114]  β=0.047  α_t=0.047  (157s)
step   200  L_grcl= 33.59  L_cov= 3.20  L_cons=0.001  L_tot= 34.55  diag=+0.753  mix=[cap:112/ref:109/nl:99]  β=0.047  α_t=0.047  (174s)
step   220  L_grcl= 21.72  L_cov= 0.86  L_cons=0.001  L_tot= 21.97  diag=+0.809  mix=[cap:129/ref:113/nl:78]  β=0.047  α_t=0.047  (192s)
step   240  L_grcl= 13.34  L_cov= 0.19  L_cons=0.001  L_tot= 13.39  diag=+0.853  mix=[cap:124/ref:109/nl:87]  β=0.047  α_t=0.047  (209s)
step   260  L_grcl=  9.74  L_cov= 0.15  L_cons=0.001  L_tot=  9.78  diag=+0.894  mix=[cap:106/ref:114/nl:100]  β=0.047  α_t=0.047  (227s)
step   280  L_grcl=  7.48  L_cov= 0.14  L_cons=0.001  L_tot=  7.53  diag=+0.924  mix=[cap:96/ref:129/nl:95]  β=0.047  α_t=0.047  (244s)
step   300  L_grcl=  4.66  L_cov= 0.21  L_cons=0.000  L_tot=  4.72  diag=+0.942  mix=[cap:116/ref:99/nl:105]  β=0.047  α_t=0.047  (261s)
step   320  L_grcl=  3.86  L_cov= 0.25  L_cons=0.000  L_tot=  3.93  diag=+0.960  mix=[cap:88/ref:126/nl:106]  β=0.047  α_t=0.047  (278s)
step   340  L_grcl=  3.08  L_cov= 0.31  L_cons=0.000  L_tot=  3.18  diag=+0.972  mix=[cap:120/ref:105/nl:95]  β=0.047  α_t=0.047  (295s)
step   360  L_grcl=  2.72  L_cov= 0.35  L_cons=0.000  L_tot=  2.82  diag=+0.981  mix=[cap:88/ref:120/nl:112]  β=0.047  α_t=0.047  (312s)
step   380  L_grcl=  2.38  L_cov= 0.36  L_cons=0.000  L_tot=  2.49  diag=+0.986  mix=[cap:92/ref:113/nl:115]  β=0.047  α_t=0.047  (329s)
step   400  L_grcl=  2.54  L_cov= 0.35  L_cons=0.000  L_tot=  2.64  diag=+0.987  mix=[cap:108/ref:127/nl:85]  β=0.047  α_t=0.048  (346s)
step   420  L_grcl=  2.24  L_cov= 0.35  L_cons=0.000  L_tot=  2.35  diag=+0.991  mix=[cap:115/ref:111/nl:94]  β=0.047  α_t=0.048  (363s)
step   440  L_grcl=  2.15  L_cov= 0.35  L_cons=0.000  L_tot=  2.26  diag=+0.992  mix=[cap:113/ref:108/nl:99]  β=0.047  α_t=0.048  (380s)
step   460  L_grcl=  2.17  L_cov= 0.38  L_cons=0.000  L_tot=  2.28  diag=+0.993  mix=[cap:109/ref:104/nl:107]  β=0.047  α_t=0.048  (397s)
step   480  L_grcl=  2.13  L_cov= 0.40  L_cons=0.000  L_tot=  2.24  diag=+0.993  mix=[cap:93/ref:121/nl:106]  β=0.047  α_t=0.048  (414s)
step   500  L_grcl=  2.07  L_cov= 0.38  L_cons=0.000  L_tot=  2.18  diag=+0.993  mix=[cap:131/ref:97/nl:92]  β=0.047  α_t=0.048  (431s)

  [eval @ step 500] held-out test-A...
    cap-fig cos: +0.9945  (Δ +0.8797)
    R@1/5/10: 6.5% / 35.0% / 68.0%  (Δ +6.5 / +35.0 / +68.0)
    [ckpt saved @ step 500 R@10=68.0%]

step   520  L_grcl=  2.07  L_cov= 0.39  L_cons=0.000  L_tot=  2.19  diag=+0.994  mix=[cap:105/ref:103/nl:112]  β=0.047  α_t=0.048  (469s)
step   540  L_grcl=  2.12  L_cov= 0.37  L_cons=0.000  L_tot=  2.23  diag=+0.994  mix=[cap:103/ref:125/nl:92]  β=0.047  α_t=0.048  (487s)
step   560  L_grcl=  2.10  L_cov= 0.40  L_cons=0.000  L_tot=  2.22  diag=+0.995  mix=[cap:102/ref:121/nl:97]  β=0.047  α_t=0.048  (504s)
step   580  L_grcl=  2.03  L_cov= 0.38  L_cons=0.000  L_tot=  2.15  diag=+0.995  mix=[cap:111/ref:111/nl:98]  β=0.047  α_t=0.048  (521s)
step   600  L_grcl=  2.09  L_cov= 0.40  L_cons=0.000  L_tot=  2.21  diag=+0.995  mix=[cap:98/ref:120/nl:102]  β=0.047  α_t=0.048  (538s)
step   620  L_grcl=  2.01  L_cov= 0.39  L_cons=0.000  L_tot=  2.13  diag=+0.995  mix=[cap:108/ref:114/nl:98]  β=0.047  α_t=0.048  (555s)
step   640  L_grcl=  2.02  L_cov= 0.40  L_cons=0.000  L_tot=  2.14  diag=+0.995  mix=[cap:108/ref:106/nl:106]  β=0.047  α_t=0.048  (573s)
step   660  L_grcl=  2.05  L_cov= 0.38  L_cons=0.000  L_tot=  2.16  diag=+0.995  mix=[cap:100/ref:115/nl:105]  β=0.047  α_t=0.048  (590s)
step   680  L_grcl=  2.06  L_cov= 0.39  L_cons=0.000  L_tot=  2.18  diag=+0.995  mix=[cap:99/ref:113/nl:108]  β=0.047  α_t=0.048  (607s)
step   700  L_grcl=  2.10  L_cov= 0.40  L_cons=0.000  L_tot=  2.22  diag=+0.995  mix=[cap:94/ref:116/nl:110]  β=0.047  α_t=0.048  (624s)
step   720  L_grcl=  2.06  L_cov= 0.41  L_cons=0.000  L_tot=  2.18  diag=+0.995  mix=[cap:100/ref:116/nl:104]  β=0.047  α_t=0.048  (640s)
step   740  L_grcl=  2.04  L_cov= 0.41  L_cons=0.000  L_tot=  2.16  diag=+0.995  mix=[cap:106/ref:104/nl:110]  β=0.047  α_t=0.048  (657s)
step   760  L_grcl=  2.08  L_cov= 0.41  L_cons=0.000  L_tot=  2.20  diag=+0.995  mix=[cap:97/ref:102/nl:121]  β=0.047  α_t=0.048  (674s)
step   780  L_grcl=  2.05  L_cov= 0.41  L_cons=0.000  L_tot=  2.17  diag=+0.995  mix=[cap:93/ref:107/nl:120]  β=0.047  α_t=0.048  (691s)
step   800  L_grcl=  2.01  L_cov= 0.39  L_cons=0.000  L_tot=  2.13  diag=+0.994  mix=[cap:98/ref:102/nl:120]  β=0.047  α_t=0.048  (708s)
step   820  L_grcl=  2.02  L_cov= 0.38  L_cons=0.000  L_tot=  2.13  diag=+0.995  mix=[cap:108/ref:107/nl:105]  β=0.047  α_t=0.048  (725s)
step   840  L_grcl=  2.03  L_cov= 0.38  L_cons=0.000  L_tot=  2.14  diag=+0.995  mix=[cap:106/ref:117/nl:97]  β=0.047  α_t=0.048  (743s)
step   860  L_grcl=  2.05  L_cov= 0.40  L_cons=0.000  L_tot=  2.17  diag=+0.995  mix=[cap:92/ref:117/nl:111]  β=0.047  α_t=0.049  (762s)
step   880  L_grcl=  2.02  L_cov= 0.39  L_cons=0.000  L_tot=  2.13  diag=+0.995  mix=[cap:99/ref:112/nl:109]  β=0.047  α_t=0.049  (780s)
step   900  L_grcl=  2.05  L_cov= 0.39  L_cons=0.000  L_tot=  2.17  diag=+0.995  mix=[cap:108/ref:106/nl:106]  β=0.047  α_t=0.049  (797s)
step   920  L_grcl=  1.99  L_cov= 0.38  L_cons=0.000  L_tot=  2.11  diag=+0.996  mix=[cap:91/ref:123/nl:106]  β=0.047  α_t=0.049  (814s)
step   940  L_grcl=  2.01  L_cov= 0.40  L_cons=0.000  L_tot=  2.13  diag=+0.995  mix=[cap:104/ref:108/nl:108]  β=0.047  α_t=0.049  (831s)
step   960  L_grcl=  1.98  L_cov= 0.38  L_cons=0.000  L_tot=  2.09  diag=+0.995  mix=[cap:101/ref:101/nl:118]  β=0.047  α_t=0.049  (848s)
step   980  L_grcl=  2.02  L_cov= 0.39  L_cons=0.000  L_tot=  2.14  diag=+0.995  mix=[cap:85/ref:117/nl:118]  β=0.047  α_t=0.049  (864s)
step  1000  L_grcl=  1.94  L_cov= 0.38  L_cons=0.000  L_tot=  2.05  diag=+0.995  mix=[cap:118/ref:118/nl:84]  β=0.047  α_t=0.049  (882s)

  [eval @ step 1000] held-out test-A...
    cap-fig cos: +0.9955  (Δ +0.8808)
    R@1/5/10: 8.5% / 46.0% / 74.5%  (Δ +8.5 / +46.0 / +74.5)
    [ckpt saved @ step 1000 R@10=74.5%]

step  1020  L_grcl=  2.06  L_cov= 0.39  L_cons=0.000  L_tot=  2.18  diag=+0.995  mix=[cap:119/ref:113/nl:88]  β=0.047  α_t=0.049  (921s)
step  1040  L_grcl=  1.96  L_cov= 0.39  L_cons=0.000  L_tot=  2.08  diag=+0.995  mix=[cap:106/ref:107/nl:107]  β=0.048  α_t=0.049  (938s)
step  1060  L_grcl=  2.06  L_cov= 0.38  L_cons=0.000  L_tot=  2.18  diag=+0.995  mix=[cap:107/ref:110/nl:103]  β=0.048  α_t=0.049  (955s)
step  1080  L_grcl=  1.96  L_cov= 0.37  L_cons=0.000  L_tot=  2.07  diag=+0.995  mix=[cap:112/ref:112/nl:96]  β=0.048  α_t=0.049  (972s)
step  1100  L_grcl=  2.04  L_cov= 0.39  L_cons=0.000  L_tot=  2.16  diag=+0.995  mix=[cap:105/ref:116/nl:99]  β=0.048  α_t=0.049  (990s)
step  1120  L_grcl=  2.00  L_cov= 0.40  L_cons=0.000  L_tot=  2.12  diag=+0.995  mix=[cap:121/ref:89/nl:110]  β=0.048  α_t=0.049  (1007s)
step  1140  L_grcl=  2.04  L_cov= 0.40  L_cons=0.000  L_tot=  2.16  diag=+0.995  mix=[cap:111/ref:98/nl:111]  β=0.048  α_t=0.049  (1024s)
step  1160  L_grcl=  1.93  L_cov= 0.39  L_cons=0.000  L_tot=  2.04  diag=+0.995  mix=[cap:121/ref:95/nl:104]  β=0.048  α_t=0.049  (1041s)
step  1180  L_grcl=  1.95  L_cov= 0.37  L_cons=0.000  L_tot=  2.06  diag=+0.994  mix=[cap:121/ref:113/nl:86]  β=0.048  α_t=0.049  (1058s)
step  1200  L_grcl=  1.96  L_cov= 0.37  L_cons=0.000  L_tot=  2.07  diag=+0.994  mix=[cap:112/ref:99/nl:109]  β=0.048  α_t=0.049  (1074s)
step  1220  L_grcl=  1.95  L_cov= 0.37  L_cons=0.000  L_tot=  2.06  diag=+0.995  mix=[cap:105/ref:109/nl:106]  β=0.048  α_t=0.049  (1091s)
step  1240  L_grcl=  2.00  L_cov= 0.38  L_cons=0.000  L_tot=  2.12  diag=+0.995  mix=[cap:111/ref:102/nl:107]  β=0.048  α_t=0.049  (1108s)
step  1260  L_grcl=  2.08  L_cov= 0.37  L_cons=0.000  L_tot=  2.19  diag=+0.995  mix=[cap:104/ref:121/nl:95]  β=0.048  α_t=0.049  (1125s)
step  1280  L_grcl=  1.98  L_cov= 0.40  L_cons=0.000  L_tot=  2.10  diag=+0.995  mix=[cap:110/ref:105/nl:105]  β=0.048  α_t=0.049  (1142s)
step  1300  L_grcl=  2.01  L_cov= 0.38  L_cons=0.000  L_tot=  2.12  diag=+0.995  mix=[cap:107/ref:132/nl:81]  β=0.048  α_t=0.049  (1159s)
step  1320  L_grcl=  1.97  L_cov= 0.39  L_cons=0.000  L_tot=  2.09  diag=+0.995  mix=[cap:104/ref:125/nl:91]  β=0.048  α_t=0.049  (1176s)
step  1340  L_grcl=  1.99  L_cov= 0.38  L_cons=0.000  L_tot=  2.11  diag=+0.995  mix=[cap:110/ref:103/nl:107]  β=0.048  α_t=0.049  (1193s)
step  1360  L_grcl=  2.03  L_cov= 0.41  L_cons=0.000  L_tot=  2.15  diag=+0.995  mix=[cap:90/ref:108/nl:122]  β=0.048  α_t=0.049  (1210s)
step  1380  L_grcl=  1.98  L_cov= 0.40  L_cons=0.000  L_tot=  2.09  diag=+0.995  mix=[cap:111/ref:104/nl:105]  β=0.048  α_t=0.049  (1228s)
step  1400  L_grcl=  1.96  L_cov= 0.39  L_cons=0.000  L_tot=  2.08  diag=+0.995  mix=[cap:110/ref:99/nl:111]  β=0.048  α_t=0.049  (1245s)
step  1420  L_grcl=  1.96  L_cov= 0.37  L_cons=0.000  L_tot=  2.07  diag=+0.995  mix=[cap:106/ref:120/nl:94]  β=0.048  α_t=0.050  (1262s)
step  1440  L_grcl=  1.99  L_cov= 0.38  L_cons=0.000  L_tot=  2.10  diag=+0.995  mix=[cap:102/ref:107/nl:111]  β=0.048  α_t=0.050  (1279s)
step  1460  L_grcl=  2.01  L_cov= 0.39  L_cons=0.000  L_tot=  2.12  diag=+0.995  mix=[cap:99/ref:114/nl:107]  β=0.048  α_t=0.050  (1297s)
step  1480  L_grcl=  1.95  L_cov= 0.40  L_cons=0.000  L_tot=  2.07  diag=+0.995  mix=[cap:104/ref:88/nl:128]  β=0.048  α_t=0.050  (1314s)
step  1500  L_grcl=  1.95  L_cov= 0.37  L_cons=0.000  L_tot=  2.06  diag=+0.995  mix=[cap:97/ref:108/nl:115]  β=0.048  α_t=0.050  (1330s)

  [eval @ step 1500] held-out test-A...
    cap-fig cos: +0.9954  (Δ +0.8807)
    R@1/5/10: 10.0% / 49.0% / 77.0%  (Δ +10.0 / +49.0 / +77.0)
    [ckpt saved @ step 1500 R@10=77.0%]

step  1520  L_grcl=  2.03  L_cov= 0.39  L_cons=0.000  L_tot=  2.15  diag=+0.995  mix=[cap:101/ref:112/nl:107]  β=0.048  α_t=0.050  (1368s)
step  1540  L_grcl=  1.94  L_cov= 0.39  L_cons=0.000  L_tot=  2.05  diag=+0.994  mix=[cap:108/ref:108/nl:104]  β=0.048  α_t=0.050  (1384s)
step  1560  L_grcl=  1.95  L_cov= 0.37  L_cons=0.000  L_tot=  2.07  diag=+0.994  mix=[cap:102/ref:104/nl:114]  β=0.048  α_t=0.050  (1401s)
step  1580  L_grcl=  2.03  L_cov= 0.39  L_cons=0.000  L_tot=  2.14  diag=+0.995  mix=[cap:78/ref:129/nl:113]  β=0.048  α_t=0.050  (1419s)
step  1600  L_grcl=  1.94  L_cov= 0.38  L_cons=0.000  L_tot=  2.06  diag=+0.995  mix=[cap:113/ref:109/nl:98]  β=0.048  α_t=0.050  (1436s)
step  1620  L_grcl=  2.00  L_cov= 0.38  L_cons=0.000  L_tot=  2.11  diag=+0.995  mix=[cap:95/ref:110/nl:115]  β=0.048  α_t=0.050  (1453s)
step  1640  L_grcl=  1.93  L_cov= 0.39  L_cons=0.000  L_tot=  2.05  diag=+0.995  mix=[cap:105/ref:103/nl:112]  β=0.048  α_t=0.050  (1470s)
step  1660  L_grcl=  1.99  L_cov= 0.40  L_cons=0.000  L_tot=  2.11  diag=+0.995  mix=[cap:99/ref:102/nl:119]  β=0.048  α_t=0.050  (1487s)
step  1680  L_grcl=  1.96  L_cov= 0.38  L_cons=0.000  L_tot=  2.07  diag=+0.995  mix=[cap:115/ref:98/nl:107]  β=0.048  α_t=0.050  (1504s)
step  1700  L_grcl=  1.97  L_cov= 0.38  L_cons=0.000  L_tot=  2.09  diag=+0.995  mix=[cap:94/ref:118/nl:108]  β=0.048  α_t=0.050  (1521s)
step  1720  L_grcl=  2.02  L_cov= 0.39  L_cons=0.000  L_tot=  2.13  diag=+0.995  mix=[cap:102/ref:105/nl:113]  β=0.048  α_t=0.050  (1539s)
step  1740  L_grcl=  1.95  L_cov= 0.38  L_cons=0.000  L_tot=  2.07  diag=+0.995  mix=[cap:108/ref:111/nl:101]  β=0.048  α_t=0.050  (1555s)
step  1760  L_grcl=  2.02  L_cov= 0.38  L_cons=0.000  L_tot=  2.13  diag=+0.995  mix=[cap:114/ref:98/nl:108]  β=0.048  α_t=0.050  (1573s)
step  1780  L_grcl=  1.97  L_cov= 0.37  L_cons=0.000  L_tot=  2.09  diag=+0.995  mix=[cap:115/ref:92/nl:113]  β=0.048  α_t=0.050  (1590s)
step  1800  L_grcl=  1.90  L_cov= 0.37  L_cons=0.000  L_tot=  2.01  diag=+0.995  mix=[cap:115/ref:97/nl:108]  β=0.048  α_t=0.050  (1607s)
step  1820  L_grcl=  1.96  L_cov= 0.37  L_cons=0.000  L_tot=  2.07  diag=+0.995  mix=[cap:116/ref:109/nl:95]  β=0.048  α_t=0.050  (1624s)
step  1840  L_grcl=  2.00  L_cov= 0.37  L_cons=0.000  L_tot=  2.11  diag=+0.994  mix=[cap:90/ref:115/nl:115]  β=0.048  α_t=0.050  (1641s)
step  1860  L_grcl=  2.01  L_cov= 0.39  L_cons=0.000  L_tot=  2.13  diag=+0.995  mix=[cap:97/ref:120/nl:103]  β=0.048  α_t=0.050  (1658s)
step  1880  L_grcl=  1.91  L_cov= 0.37  L_cons=0.000  L_tot=  2.02  diag=+0.995  mix=[cap:108/ref:116/nl:96]  β=0.048  α_t=0.050  (1675s)
step  1900  L_grcl=  1.95  L_cov= 0.37  L_cons=0.000  L_tot=  2.06  diag=+0.994  mix=[cap:106/ref:111/nl:103]  β=0.048  α_t=0.050  (1692s)
step  1920  L_grcl=  1.98  L_cov= 0.37  L_cons=0.000  L_tot=  2.09  diag=+0.994  mix=[cap:94/ref:115/nl:111]  β=0.048  α_t=0.050  (1709s)
step  1940  L_grcl=  1.97  L_cov= 0.38  L_cons=0.000  L_tot=  2.08  diag=+0.995  mix=[cap:117/ref:98/nl:105]  β=0.048  α_t=0.050  (1727s)
step  1960  L_grcl=  1.97  L_cov= 0.37  L_cons=0.000  L_tot=  2.08  diag=+0.994  mix=[cap:99/ref:112/nl:109]  β=0.048  α_t=0.050  (1743s)
step  1980  L_grcl=  1.98  L_cov= 0.38  L_cons=0.000  L_tot=  2.10  diag=+0.995  mix=[cap:104/ref:98/nl:118]  β=0.048  α_t=0.050  (1760s)
step  2000  L_grcl=  1.92  L_cov= 0.38  L_cons=0.000  L_tot=  2.03  diag=+0.994  mix=[cap:107/ref:95/nl:118]  β=0.048  α_t=0.050  (1777s)

  [eval @ step 2000] held-out test-A...
    cap-fig cos: +0.9952  (Δ +0.8805)
    R@1/5/10: 9.0% / 42.0% / 74.5%  (Δ +9.0 / +42.0 / +74.5)

step  2020  L_grcl=  1.93  L_cov= 0.36  L_cons=0.000  L_tot=  2.03  diag=+0.994  mix=[cap:120/ref:91/nl:109]  β=0.048  α_t=0.050  (1806s)
step  2040  L_grcl=  1.97  L_cov= 0.37  L_cons=0.000  L_tot=  2.08  diag=+0.994  mix=[cap:104/ref:117/nl:99]  β=0.048  α_t=0.050  (1823s)
step  2060  L_grcl=  1.91  L_cov= 0.35  L_cons=0.000  L_tot=  2.01  diag=+0.995  mix=[cap:112/ref:110/nl:98]  β=0.048  α_t=0.051  (1840s)
step  2080  L_grcl=  1.95  L_cov= 0.38  L_cons=0.000  L_tot=  2.07  diag=+0.994  mix=[cap:112/ref:99/nl:109]  β=0.048  α_t=0.051  (1857s)
step  2100  L_grcl=  1.97  L_cov= 0.37  L_cons=0.000  L_tot=  2.08  diag=+0.994  mix=[cap:109/ref:108/nl:103]  β=0.048  α_t=0.051  (1874s)
step  2120  L_grcl=  1.93  L_cov= 0.35  L_cons=0.000  L_tot=  2.04  diag=+0.994  mix=[cap:119/ref:115/nl:86]  β=0.048  α_t=0.051  (1891s)
step  2140  L_grcl=  1.96  L_cov= 0.37  L_cons=0.000  L_tot=  2.07  diag=+0.994  mix=[cap:102/ref:111/nl:107]  β=0.048  α_t=0.051  (1908s)
step  2160  L_grcl=  1.98  L_cov= 0.37  L_cons=0.000  L_tot=  2.09  diag=+0.995  mix=[cap:96/ref:111/nl:113]  β=0.048  α_t=0.051  (1926s)
step  2180  L_grcl=  1.95  L_cov= 0.37  L_cons=0.000  L_tot=  2.06  diag=+0.995  mix=[cap:96/ref:114/nl:110]  β=0.048  α_t=0.051  (1943s)
step  2200  L_grcl=  1.97  L_cov= 0.37  L_cons=0.000  L_tot=  2.08  diag=+0.994  mix=[cap:92/ref:116/nl:112]  β=0.048  α_t=0.051  (1960s)
step  2220  L_grcl=  1.94  L_cov= 0.37  L_cons=0.000  L_tot=  2.05  diag=+0.995  mix=[cap:97/ref:110/nl:113]  β=0.048  α_t=0.051  (1977s)
step  2240  L_grcl=  2.00  L_cov= 0.39  L_cons=0.000  L_tot=  2.12  diag=+0.995  mix=[cap:95/ref:116/nl:109]  β=0.048  α_t=0.051  (1994s)
step  2260  L_grcl=  2.00  L_cov= 0.39  L_cons=0.000  L_tot=  2.12  diag=+0.995  mix=[cap:111/ref:94/nl:115]  β=0.048  α_t=0.051  (2011s)
step  2280  L_grcl=  1.95  L_cov= 0.37  L_cons=0.000  L_tot=  2.06  diag=+0.995  mix=[cap:93/ref:119/nl:108]  β=0.048  α_t=0.051  (2029s)
step  2300  L_grcl=  1.88  L_cov= 0.36  L_cons=0.000  L_tot=  1.99  diag=+0.994  mix=[cap:117/ref:102/nl:101]  β=0.048  α_t=0.051  (2046s)
step  2320  L_grcl=  1.95  L_cov= 0.34  L_cons=0.000  L_tot=  2.06  diag=+0.994  mix=[cap:113/ref:100/nl:107]  β=0.048  α_t=0.051  (2063s)
step  2340  L_grcl=  1.94  L_cov= 0.37  L_cons=0.000  L_tot=  2.05  diag=+0.994  mix=[cap:100/ref:105/nl:115]  β=0.048  α_t=0.051  (2080s)
step  2360  L_grcl=  1.93  L_cov= 0.37  L_cons=0.000  L_tot=  2.04  diag=+0.994  mix=[cap:108/ref:111/nl:101]  β=0.048  α_t=0.051  (2097s)
step  2380  L_grcl=  1.97  L_cov= 0.37  L_cons=0.000  L_tot=  2.08  diag=+0.995  mix=[cap:100/ref:110/nl:110]  β=0.049  α_t=0.051  (2114s)
step  2400  L_grcl=  1.94  L_cov= 0.38  L_cons=0.000  L_tot=  2.06  diag=+0.995  mix=[cap:103/ref:100/nl:117]  β=0.049  α_t=0.051  (2130s)
step  2420  L_grcl=  1.87  L_cov= 0.36  L_cons=0.000  L_tot=  1.98  diag=+0.994  mix=[cap:131/ref:95/nl:94]  β=0.049  α_t=0.051  (2148s)
step  2440  L_grcl=  1.97  L_cov= 0.36  L_cons=0.000  L_tot=  2.08  diag=+0.994  mix=[cap:112/ref:106/nl:102]  β=0.049  α_t=0.051  (2165s)
step  2460  L_grcl=  2.00  L_cov= 0.38  L_cons=0.000  L_tot=  2.11  diag=+0.995  mix=[cap:97/ref:114/nl:109]  β=0.049  α_t=0.051  (2181s)
step  2480  L_grcl=  1.94  L_cov= 0.37  L_cons=0.000  L_tot=  2.05  diag=+0.995  mix=[cap:119/ref:101/nl:100]  β=0.049  α_t=0.051  (2198s)
step  2500  L_grcl=  1.93  L_cov= 0.36  L_cons=0.000  L_tot=  2.04  diag=+0.994  mix=[cap:103/ref:115/nl:102]  β=0.049  α_t=0.051  (2216s)

  [eval @ step 2500] held-out test-A...
    cap-fig cos: +0.9952  (Δ +0.8804)
    R@1/5/10: 11.0% / 51.5% / 79.5%  (Δ +11.0 / +51.5 / +79.5)
    [ckpt saved @ step 2500 R@10=79.5%]

step  2520  L_grcl=  1.96  L_cov= 0.37  L_cons=0.000  L_tot=  2.07  diag=+0.994  mix=[cap:115/ref:108/nl:97]  β=0.049  α_t=0.051  (2255s)
step  2540  L_grcl=  1.97  L_cov= 0.38  L_cons=0.000  L_tot=  2.08  diag=+0.995  mix=[cap:97/ref:114/nl:109]  β=0.049  α_t=0.051  (2272s)
step  2560  L_grcl=  1.91  L_cov= 0.36  L_cons=0.000  L_tot=  2.02  diag=+0.994  mix=[cap:109/ref:93/nl:118]  β=0.049  α_t=0.051  (2289s)
step  2580  L_grcl=  1.89  L_cov= 0.36  L_cons=0.000  L_tot=  2.00  diag=+0.994  mix=[cap:108/ref:104/nl:108]  β=0.049  α_t=0.051  (2306s)
step  2600  L_grcl=  1.92  L_cov= 0.36  L_cons=0.000  L_tot=  2.02  diag=+0.994  mix=[cap:102/ref:121/nl:97]  β=0.049  α_t=0.051  (2322s)
step  2620  L_grcl=  1.90  L_cov= 0.36  L_cons=0.000  L_tot=  2.01  diag=+0.994  mix=[cap:102/ref:101/nl:117]  β=0.049  α_t=0.051  (2338s)
step  2640  L_grcl=  1.93  L_cov= 0.36  L_cons=0.000  L_tot=  2.04  diag=+0.994  mix=[cap:106/ref:104/nl:110]  β=0.049  α_t=0.051  (2355s)
step  2660  L_grcl=  1.92  L_cov= 0.36  L_cons=0.000  L_tot=  2.03  diag=+0.994  mix=[cap:105/ref:95/nl:120]  β=0.049  α_t=0.051  (2372s)
step  2680  L_grcl=  1.96  L_cov= 0.37  L_cons=0.000  L_tot=  2.07  diag=+0.994  mix=[cap:116/ref:100/nl:104]  β=0.049  α_t=0.051  (2390s)
step  2700  L_grcl=  1.89  L_cov= 0.35  L_cons=0.000  L_tot=  1.99  diag=+0.994  mix=[cap:103/ref:114/nl:103]  β=0.049  α_t=0.051  (2406s)
step  2720  L_grcl=  1.94  L_cov= 0.37  L_cons=0.000  L_tot=  2.05  diag=+0.993  mix=[cap:101/ref:96/nl:123]  β=0.049  α_t=0.051  (2423s)
step  2740  L_grcl=  1.85  L_cov= 0.36  L_cons=0.000  L_tot=  1.96  diag=+0.994  mix=[cap:112/ref:95/nl:113]  β=0.049  α_t=0.051  (2440s)
step  2760  L_grcl=  2.00  L_cov= 0.35  L_cons=0.000  L_tot=  2.10  diag=+0.994  mix=[cap:99/ref:129/nl:92]  β=0.049  α_t=0.051  (2457s)
step  2780  L_grcl=  1.92  L_cov= 0.37  L_cons=0.000  L_tot=  2.03  diag=+0.994  mix=[cap:106/ref:112/nl:102]  β=0.049  α_t=0.051  (2474s)
step  2800  L_grcl=  1.91  L_cov= 0.36  L_cons=0.000  L_tot=  2.02  diag=+0.995  mix=[cap:108/ref:114/nl:98]  β=0.049  α_t=0.051  (2492s)
step  2820  L_grcl=  1.92  L_cov= 0.35  L_cons=0.000  L_tot=  2.02  diag=+0.994  mix=[cap:116/ref:97/nl:107]  β=0.049  α_t=0.051  (2508s)
step  2840  L_grcl=  1.92  L_cov= 0.37  L_cons=0.000  L_tot=  2.03  diag=+0.994  mix=[cap:101/ref:103/nl:116]  β=0.049  α_t=0.052  (2525s)
step  2860  L_grcl=  1.98  L_cov= 0.36  L_cons=0.000  L_tot=  2.09  diag=+0.994  mix=[cap:112/ref:102/nl:106]  β=0.049  α_t=0.052  (2542s)
step  2880  L_grcl=  1.92  L_cov= 0.36  L_cons=0.000  L_tot=  2.03  diag=+0.995  mix=[cap:113/ref:117/nl:90]  β=0.049  α_t=0.052  (2559s)
step  2900  L_grcl=  1.96  L_cov= 0.36  L_cons=0.000  L_tot=  2.07  diag=+0.994  mix=[cap:106/ref:110/nl:104]  β=0.049  α_t=0.052  (2576s)
step  2920  L_grcl=  1.86  L_cov= 0.35  L_cons=0.000  L_tot=  1.97  diag=+0.994  mix=[cap:119/ref:102/nl:99]  β=0.049  α_t=0.052  (2593s)
step  2940  L_grcl=  1.85  L_cov= 0.34  L_cons=0.000  L_tot=  1.96  diag=+0.993  mix=[cap:106/ref:98/nl:116]  β=0.049  α_t=0.052  (2609s)
step  2960  L_grcl=  2.02  L_cov= 0.35  L_cons=0.000  L_tot=  2.13  diag=+0.994  mix=[cap:110/ref:106/nl:104]  β=0.049  α_t=0.052  (2626s)
step  2980  L_grcl=  1.90  L_cov= 0.36  L_cons=0.000  L_tot=  2.01  diag=+0.994  mix=[cap:111/ref:109/nl:100]  β=0.049  α_t=0.052  (2643s)
step  3000  L_grcl=  1.87  L_cov= 0.35  L_cons=0.000  L_tot=  1.98  diag=+0.993  mix=[cap:111/ref:110/nl:99]  β=0.049  α_t=0.052  (2660s)

  [eval @ step 3000] held-out test-A...
    cap-fig cos: +0.9945  (Δ +0.8798)
    R@1/5/10: 10.0% / 44.5% / 67.5%  (Δ +10.0 / +44.5 / +67.5)

step  3020  L_grcl=  1.94  L_cov= 0.36  L_cons=0.000  L_tot=  2.05  diag=+0.993  mix=[cap:96/ref:109/nl:115]  β=0.049  α_t=0.052  (2689s)
step  3040  L_grcl=  1.89  L_cov= 0.37  L_cons=0.000  L_tot=  2.00  diag=+0.993  mix=[cap:104/ref:104/nl:112]  β=0.049  α_t=0.052  (2706s)
step  3060  L_grcl=  1.93  L_cov= 0.34  L_cons=0.000  L_tot=  2.04  diag=+0.993  mix=[cap:101/ref:121/nl:98]  β=0.049  α_t=0.052  (2723s)
step  3080  L_grcl=  1.95  L_cov= 0.36  L_cons=0.000  L_tot=  2.06  diag=+0.994  mix=[cap:96/ref:116/nl:108]  β=0.049  α_t=0.052  (2740s)
step  3100  L_grcl=  1.93  L_cov= 0.35  L_cons=0.000  L_tot=  2.04  diag=+0.994  mix=[cap:106/ref:108/nl:106]  β=0.049  α_t=0.052  (2757s)
step  3120  L_grcl=  1.93  L_cov= 0.35  L_cons=0.000  L_tot=  2.03  diag=+0.994  mix=[cap:106/ref:119/nl:95]  β=0.049  α_t=0.052  (2774s)
step  3140  L_grcl=  1.90  L_cov= 0.37  L_cons=0.000  L_tot=  2.01  diag=+0.994  mix=[cap:115/ref:108/nl:97]  β=0.049  α_t=0.052  (2791s)
step  3160  L_grcl=  1.87  L_cov= 0.35  L_cons=0.000  L_tot=  1.97  diag=+0.993  mix=[cap:110/ref:105/nl:105]  β=0.049  α_t=0.052  (2808s)
step  3180  L_grcl=  1.93  L_cov= 0.35  L_cons=0.000  L_tot=  2.03  diag=+0.992  mix=[cap:92/ref:113/nl:115]  β=0.049  α_t=0.052  (2825s)
step  3200  L_grcl=  1.88  L_cov= 0.34  L_cons=0.000  L_tot=  1.99  diag=+0.992  mix=[cap:102/ref:118/nl:100]  β=0.049  α_t=0.052  (2841s)
step  3220  L_grcl=  1.87  L_cov= 0.34  L_cons=0.000  L_tot=  1.97  diag=+0.993  mix=[cap:111/ref:108/nl:101]  β=0.049  α_t=0.052  (2859s)
step  3240  L_grcl=  1.91  L_cov= 0.34  L_cons=0.000  L_tot=  2.01  diag=+0.993  mix=[cap:109/ref:100/nl:111]  β=0.049  α_t=0.052  (2876s)
step  3260  L_grcl=  1.92  L_cov= 0.35  L_cons=0.000  L_tot=  2.02  diag=+0.994  mix=[cap:115/ref:114/nl:91]  β=0.049  α_t=0.052  (2893s)
step  3280  L_grcl=  1.95  L_cov= 0.36  L_cons=0.000  L_tot=  2.06  diag=+0.994  mix=[cap:97/ref:115/nl:108]  β=0.049  α_t=0.052  (2910s)
step  3300  L_grcl=  1.93  L_cov= 0.37  L_cons=0.000  L_tot=  2.04  diag=+0.994  mix=[cap:98/ref:110/nl:112]  β=0.049  α_t=0.052  (2927s)
step  3320  L_grcl=  1.92  L_cov= 0.35  L_cons=0.000  L_tot=  2.02  diag=+0.994  mix=[cap:108/ref:116/nl:96]  β=0.049  α_t=0.052  (2944s)
step  3340  L_grcl=  1.92  L_cov= 0.35  L_cons=0.000  L_tot=  2.03  diag=+0.993  mix=[cap:102/ref:105/nl:113]  β=0.049  α_t=0.052  (2961s)
step  3360  L_grcl=  1.94  L_cov= 0.37  L_cons=0.000  L_tot=  2.05  diag=+0.994  mix=[cap:101/ref:115/nl:104]  β=0.049  α_t=0.052  (2978s)
step  3380  L_grcl=  1.89  L_cov= 0.34  L_cons=0.000  L_tot=  1.99  diag=+0.993  mix=[cap:113/ref:109/nl:98]  β=0.049  α_t=0.052  (2995s)
step  3400  L_grcl=  1.95  L_cov= 0.35  L_cons=0.000  L_tot=  2.05  diag=+0.994  mix=[cap:107/ref:126/nl:87]  β=0.049  α_t=0.052  (3012s)
step  3420  L_grcl=  1.93  L_cov= 0.38  L_cons=0.000  L_tot=  2.04  diag=+0.994  mix=[cap:103/ref:107/nl:110]  β=0.049  α_t=0.052  (3029s)
step  3440  L_grcl=  1.88  L_cov= 0.36  L_cons=0.000  L_tot=  1.99  diag=+0.993  mix=[cap:99/ref:104/nl:117]  β=0.049  α_t=0.052  (3045s)
step  3460  L_grcl=  1.86  L_cov= 0.34  L_cons=0.000  L_tot=  1.96  diag=+0.993  mix=[cap:106/ref:116/nl:98]  β=0.049  α_t=0.052  (3062s)
step  3480  L_grcl=  1.89  L_cov= 0.35  L_cons=0.000  L_tot=  1.99  diag=+0.992  mix=[cap:105/ref:110/nl:105]  β=0.049  α_t=0.052  (3080s)
step  3500  L_grcl=  1.90  L_cov= 0.34  L_cons=0.000  L_tot=  2.00  diag=+0.992  mix=[cap:106/ref:113/nl:101]  β=0.049  α_t=0.052  (3097s)

  [eval @ step 3500] held-out test-A...
    cap-fig cos: +0.9941  (Δ +0.8794)
    R@1/5/10: 9.5% / 52.0% / 82.5%  (Δ +9.5 / +52.0 / +82.5)
    [ckpt saved @ step 3500 R@10=82.5%]

step  3520  L_grcl=  1.92  L_cov= 0.35  L_cons=0.000  L_tot=  2.03  diag=+0.992  mix=[cap:98/ref:122/nl:100]  β=0.049  α_t=0.052  (3136s)
step  3540  L_grcl=  1.93  L_cov= 0.35  L_cons=0.000  L_tot=  2.04  diag=+0.992  mix=[cap:100/ref:117/nl:103]  β=0.049  α_t=0.052  (3152s)
step  3560  L_grcl=  1.92  L_cov= 0.35  L_cons=0.000  L_tot=  2.02  diag=+0.992  mix=[cap:107/ref:113/nl:100]  β=0.049  α_t=0.052  (3169s)
step  3580  L_grcl=  1.89  L_cov= 0.35  L_cons=0.000  L_tot=  1.99  diag=+0.992  mix=[cap:111/ref:91/nl:118]  β=0.049  α_t=0.052  (3186s)
step  3600  L_grcl=  1.86  L_cov= 0.35  L_cons=0.000  L_tot=  1.96  diag=+0.991  mix=[cap:104/ref:102/nl:114]  β=0.049  α_t=0.052  (3203s)
step  3620  L_grcl=  1.91  L_cov= 0.34  L_cons=0.000  L_tot=  2.01  diag=+0.992  mix=[cap:114/ref:96/nl:110]  β=0.049  α_t=0.052  (3220s)
step  3640  L_grcl=  1.94  L_cov= 0.35  L_cons=0.000  L_tot=  2.04  diag=+0.992  mix=[cap:87/ref:112/nl:121]  β=0.050  α_t=0.052  (3236s)
step  3660  L_grcl=  1.89  L_cov= 0.35  L_cons=0.000  L_tot=  2.00  diag=+0.992  mix=[cap:111/ref:101/nl:108]  β=0.050  α_t=0.052  (3254s)
step  3680  L_grcl=  1.87  L_cov= 0.35  L_cons=0.000  L_tot=  1.98  diag=+0.993  mix=[cap:114/ref:105/nl:101]  β=0.050  α_t=0.052  (3270s)
step  3700  L_grcl=  1.92  L_cov= 0.35  L_cons=0.000  L_tot=  2.03  diag=+0.993  mix=[cap:90/ref:134/nl:96]  β=0.050  α_t=0.053  (3287s)
step  3720  L_grcl=  1.90  L_cov= 0.36  L_cons=0.000  L_tot=  2.01  diag=+0.992  mix=[cap:112/ref:97/nl:111]  β=0.050  α_t=0.053  (3305s)
step  3740  L_grcl=  1.84  L_cov= 0.34  L_cons=0.000  L_tot=  1.95  diag=+0.992  mix=[cap:107/ref:97/nl:116]  β=0.050  α_t=0.053  (3322s)
step  3760  L_grcl=  1.91  L_cov= 0.33  L_cons=0.000  L_tot=  2.01  diag=+0.992  mix=[cap:110/ref:108/nl:102]  β=0.050  α_t=0.053  (3339s)
step  3780  L_grcl=  1.87  L_cov= 0.35  L_cons=0.000  L_tot=  1.98  diag=+0.992  mix=[cap:101/ref:114/nl:105]  β=0.050  α_t=0.053  (3356s)
step  3800  L_grcl=  1.89  L_cov= 0.35  L_cons=0.000  L_tot=  2.00  diag=+0.992  mix=[cap:95/ref:112/nl:113]  β=0.050  α_t=0.053  (3373s)
step  3820  L_grcl=  1.88  L_cov= 0.33  L_cons=0.000  L_tot=  1.98  diag=+0.992  mix=[cap:107/ref:109/nl:104]  β=0.050  α_t=0.053  (3390s)
step  3840  L_grcl=  1.85  L_cov= 0.34  L_cons=0.000  L_tot=  1.96  diag=+0.993  mix=[cap:113/ref:108/nl:99]  β=0.050  α_t=0.053  (3407s)
step  3860  L_grcl=  1.95  L_cov= 0.35  L_cons=0.000  L_tot=  2.05  diag=+0.992  mix=[cap:107/ref:121/nl:92]  β=0.050  α_t=0.053  (3424s)
step  3880  L_grcl=  1.91  L_cov= 0.36  L_cons=0.000  L_tot=  2.02  diag=+0.992  mix=[cap:100/ref:120/nl:100]  β=0.050  α_t=0.053  (3441s)
step  3900  L_grcl=  1.86  L_cov= 0.34  L_cons=0.000  L_tot=  1.96  diag=+0.992  mix=[cap:117/ref:104/nl:99]  β=0.050  α_t=0.053  (3458s)
step  3920  L_grcl=  1.84  L_cov= 0.33  L_cons=0.000  L_tot=  1.94  diag=+0.991  mix=[cap:113/ref:104/nl:103]  β=0.050  α_t=0.053  (3475s)
step  3940  L_grcl=  1.84  L_cov= 0.34  L_cons=0.000  L_tot=  1.95  diag=+0.992  mix=[cap:107/ref:116/nl:97]  β=0.050  α_t=0.053  (3492s)
step  3960  L_grcl=  1.84  L_cov= 0.34  L_cons=0.000  L_tot=  1.94  diag=+0.992  mix=[cap:103/ref:112/nl:105]  β=0.050  α_t=0.053  (3509s)
step  3980  L_grcl=  1.88  L_cov= 0.34  L_cons=0.000  L_tot=  1.98  diag=+0.992  mix=[cap:117/ref:112/nl:91]  β=0.050  α_t=0.053  (3526s)
step  4000  L_grcl=  1.88  L_cov= 0.35  L_cons=0.000  L_tot=  1.98  diag=+0.992  mix=[cap:104/ref:100/nl:116]  β=0.050  α_t=0.053  (3543s)

  [eval @ step 4000] held-out test-A...
    cap-fig cos: +0.9951  (Δ +0.8804)
    R@1/5/10: 14.0% / 59.0% / 82.0%  (Δ +14.0 / +59.0 / +82.0)

step  4020  L_grcl=  1.87  L_cov= 0.34  L_cons=0.000  L_tot=  1.97  diag=+0.992  mix=[cap:109/ref:103/nl:108]  β=0.050  α_t=0.053  (3572s)
step  4040  L_grcl=  1.90  L_cov= 0.35  L_cons=0.000  L_tot=  2.00  diag=+0.992  mix=[cap:108/ref:111/nl:101]  β=0.050  α_t=0.053  (3590s)
step  4060  L_grcl=  1.82  L_cov= 0.34  L_cons=0.000  L_tot=  1.92  diag=+0.992  mix=[cap:113/ref:97/nl:110]  β=0.050  α_t=0.053  (3607s)
step  4080  L_grcl=  1.87  L_cov= 0.34  L_cons=0.000  L_tot=  1.97  diag=+0.990  mix=[cap:102/ref:106/nl:112]  β=0.050  α_t=0.053  (3624s)
step  4100  L_grcl=  1.90  L_cov= 0.33  L_cons=0.000  L_tot=  2.00  diag=+0.993  mix=[cap:100/ref:120/nl:100]  β=0.050  α_t=0.053  (3641s)
step  4120  L_grcl=  1.89  L_cov= 0.34  L_cons=0.000  L_tot=  2.00  diag=+0.993  mix=[cap:104/ref:101/nl:115]  β=0.050  α_t=0.053  (3661s)
step  4140  L_grcl=  1.91  L_cov= 0.35  L_cons=0.000  L_tot=  2.01  diag=+0.993  mix=[cap:97/ref:117/nl:106]  β=0.050  α_t=0.053  (3678s)
step  4160  L_grcl=  1.88  L_cov= 0.34  L_cons=0.000  L_tot=  1.98  diag=+0.993  mix=[cap:109/ref:109/nl:102]  β=0.050  α_t=0.053  (3695s)
step  4180  L_grcl=  1.88  L_cov= 0.36  L_cons=0.000  L_tot=  1.98  diag=+0.992  mix=[cap:109/ref:109/nl:102]  β=0.050  α_t=0.053  (3713s)
step  4200  L_grcl=  1.81  L_cov= 0.34  L_cons=0.000  L_tot=  1.91  diag=+0.992  mix=[cap:105/ref:111/nl:104]  β=0.050  α_t=0.053  (3730s)
step  4220  L_grcl=  1.92  L_cov= 0.34  L_cons=0.000  L_tot=  2.02  diag=+0.992  mix=[cap:94/ref:122/nl:104]  β=0.050  α_t=0.053  (3747s)
step  4240  L_grcl=  1.88  L_cov= 0.35  L_cons=0.000  L_tot=  1.98  diag=+0.992  mix=[cap:99/ref:108/nl:113]  β=0.050  α_t=0.053  (3764s)
step  4260  L_grcl=  1.86  L_cov= 0.33  L_cons=0.000  L_tot=  1.96  diag=+0.991  mix=[cap:116/ref:99/nl:105]  β=0.050  α_t=0.053  (3782s)
step  4280  L_grcl=  1.83  L_cov= 0.35  L_cons=0.000  L_tot=  1.94  diag=+0.991  mix=[cap:114/ref:84/nl:122]  β=0.050  α_t=0.053  (3799s)
step  4300  L_grcl=  1.87  L_cov= 0.34  L_cons=0.000  L_tot=  1.97  diag=+0.992  mix=[cap:100/ref:105/nl:115]  β=0.050  α_t=0.053  (3816s)
step  4320  L_grcl=  1.86  L_cov= 0.33  L_cons=0.000  L_tot=  1.96  diag=+0.991  mix=[cap:96/ref:116/nl:108]  β=0.050  α_t=0.053  (3833s)
step  4340  L_grcl=  1.83  L_cov= 0.35  L_cons=0.000  L_tot=  1.94  diag=+0.992  mix=[cap:114/ref:99/nl:107]  β=0.050  α_t=0.053  (3851s)
step  4360  L_grcl=  1.89  L_cov= 0.33  L_cons=0.000  L_tot=  1.99  diag=+0.991  mix=[cap:92/ref:116/nl:112]  β=0.050  α_t=0.053  (3868s)
step  4380  L_grcl=  1.84  L_cov= 0.35  L_cons=0.000  L_tot=  1.95  diag=+0.991  mix=[cap:102/ref:92/nl:126]  β=0.050  α_t=0.053  (3885s)
step  4400  L_grcl=  1.80  L_cov= 0.32  L_cons=0.000  L_tot=  1.89  diag=+0.992  mix=[cap:115/ref:106/nl:99]  β=0.050  α_t=0.053  (3902s)
step  4420  L_grcl=  1.85  L_cov= 0.32  L_cons=0.000  L_tot=  1.95  diag=+0.991  mix=[cap:97/ref:114/nl:109]  β=0.050  α_t=0.053  (3919s)
step  4440  L_grcl=  1.90  L_cov= 0.34  L_cons=0.000  L_tot=  2.00  diag=+0.990  mix=[cap:117/ref:95/nl:108]  β=0.050  α_t=0.053  (3936s)
step  4460  L_grcl=  1.85  L_cov= 0.34  L_cons=0.000  L_tot=  1.95  diag=+0.991  mix=[cap:80/ref:124/nl:116]  β=0.050  α_t=0.053  (3953s)
step  4480  L_grcl=  1.88  L_cov= 0.34  L_cons=0.000  L_tot=  1.98  diag=+0.991  mix=[cap:97/ref:113/nl:110]  β=0.050  α_t=0.053  (3970s)
step  4500  L_grcl=  1.79  L_cov= 0.32  L_cons=0.000  L_tot=  1.89  diag=+0.992  mix=[cap:119/ref:104/nl:97]  β=0.050  α_t=0.053  (3987s)

  [eval @ step 4500] held-out test-A...
    cap-fig cos: +0.9947  (Δ +0.8800)
    R@1/5/10: 10.0% / 51.5% / 76.5%  (Δ +10.0 / +51.5 / +76.5)

step  4520  L_grcl=  1.87  L_cov= 0.34  L_cons=0.000  L_tot=  1.97  diag=+0.992  mix=[cap:107/ref:114/nl:99]  β=0.050  α_t=0.053  (4015s)
step  4540  L_grcl=  1.83  L_cov= 0.33  L_cons=0.000  L_tot=  1.93  diag=+0.991  mix=[cap:103/ref:109/nl:108]  β=0.050  α_t=0.053  (4032s)
step  4560  L_grcl=  1.85  L_cov= 0.33  L_cons=0.000  L_tot=  1.95  diag=+0.991  mix=[cap:96/ref:109/nl:115]  β=0.050  α_t=0.053  (4049s)
step  4580  L_grcl=  1.83  L_cov= 0.32  L_cons=0.000  L_tot=  1.93  diag=+0.991  mix=[cap:110/ref:100/nl:110]  β=0.050  α_t=0.053  (4066s)
step  4600  L_grcl=  1.88  L_cov= 0.33  L_cons=0.000  L_tot=  1.98  diag=+0.990  mix=[cap:117/ref:100/nl:103]  β=0.050  α_t=0.053  (4083s)
step  4620  L_grcl=  1.86  L_cov= 0.34  L_cons=0.000  L_tot=  1.96  diag=+0.991  mix=[cap:111/ref:114/nl:95]  β=0.050  α_t=0.053  (4100s)
step  4640  L_grcl=  1.81  L_cov= 0.32  L_cons=0.000  L_tot=  1.90  diag=+0.991  mix=[cap:117/ref:105/nl:98]  β=0.050  α_t=0.053  (4118s)
step  4660  L_grcl=  1.87  L_cov= 0.33  L_cons=0.000  L_tot=  1.97  diag=+0.992  mix=[cap:93/ref:121/nl:106]  β=0.050  α_t=0.054  (4135s)
step  4680  L_grcl=  1.86  L_cov= 0.33  L_cons=0.000  L_tot=  1.95  diag=+0.991  mix=[cap:121/ref:101/nl:98]  β=0.050  α_t=0.054  (4152s)
step  4700  L_grcl=  1.87  L_cov= 0.35  L_cons=0.000  L_tot=  1.97  diag=+0.991  mix=[cap:105/ref:125/nl:90]  β=0.050  α_t=0.054  (4170s)
step  4720  L_grcl=  1.87  L_cov= 0.32  L_cons=0.000  L_tot=  1.96  diag=+0.991  mix=[cap:97/ref:114/nl:109]  β=0.050  α_t=0.054  (4187s)
step  4740  L_grcl=  1.86  L_cov= 0.35  L_cons=0.000  L_tot=  1.96  diag=+0.992  mix=[cap:105/ref:98/nl:117]  β=0.050  α_t=0.054  (4204s)
step  4760  L_grcl=  1.89  L_cov= 0.35  L_cons=0.000  L_tot=  2.00  diag=+0.992  mix=[cap:108/ref:114/nl:98]  β=0.050  α_t=0.054  (4221s)
step  4780  L_grcl=  1.82  L_cov= 0.32  L_cons=0.000  L_tot=  1.92  diag=+0.991  mix=[cap:102/ref:118/nl:100]  β=0.050  α_t=0.054  (4239s)
step  4800  L_grcl=  1.79  L_cov= 0.32  L_cons=0.000  L_tot=  1.88  diag=+0.991  mix=[cap:101/ref:111/nl:108]  β=0.050  α_t=0.054  (4256s)
step  4820  L_grcl=  1.78  L_cov= 0.33  L_cons=0.000  L_tot=  1.88  diag=+0.990  mix=[cap:121/ref:97/nl:102]  β=0.051  α_t=0.054  (4273s)
step  4840  L_grcl=  1.89  L_cov= 0.32  L_cons=0.000  L_tot=  1.99  diag=+0.990  mix=[cap:102/ref:109/nl:109]  β=0.051  α_t=0.054  (4291s)
step  4860  L_grcl=  1.87  L_cov= 0.33  L_cons=0.000  L_tot=  1.97  diag=+0.991  mix=[cap:99/ref:121/nl:100]  β=0.051  α_t=0.054  (4309s)
step  4880  L_grcl=  1.86  L_cov= 0.33  L_cons=0.000  L_tot=  1.96  diag=+0.991  mix=[cap:109/ref:108/nl:103]  β=0.051  α_t=0.054  (4327s)
step  4900  L_grcl=  1.85  L_cov= 0.33  L_cons=0.000  L_tot=  1.95  diag=+0.992  mix=[cap:114/ref:114/nl:92]  β=0.051  α_t=0.054  (4345s)
step  4920  L_grcl=  1.86  L_cov= 0.34  L_cons=0.000  L_tot=  1.96  diag=+0.991  mix=[cap:114/ref:108/nl:98]  β=0.051  α_t=0.054  (4362s)
step  4940  L_grcl=  1.79  L_cov= 0.32  L_cons=0.000  L_tot=  1.88  diag=+0.991  mix=[cap:114/ref:104/nl:102]  β=0.051  α_t=0.054  (4379s)
step  4960  L_grcl=  1.88  L_cov= 0.33  L_cons=0.000  L_tot=  1.98  diag=+0.991  mix=[cap:116/ref:114/nl:90]  β=0.051  α_t=0.054  (4396s)
step  4980  L_grcl=  1.82  L_cov= 0.33  L_cons=0.000  L_tot=  1.92  diag=+0.991  mix=[cap:106/ref:96/nl:118]  β=0.051  α_t=0.054  (4414s)
step  5000  L_grcl=  1.85  L_cov= 0.32  L_cons=0.000  L_tot=  1.95  diag=+0.991  mix=[cap:102/ref:117/nl:101]  β=0.051  α_t=0.054  (4431s)

  [eval @ step 5000] held-out test-A...
    cap-fig cos: +0.9954  (Δ +0.8807)
    R@1/5/10: 16.5% / 59.0% / 83.0%  (Δ +16.5 / +59.0 / +83.0)
    [ckpt saved @ step 5000 R@10=83.0%]

step  5020  L_grcl=  1.82  L_cov= 0.32  L_cons=0.000  L_tot=  1.92  diag=+0.990  mix=[cap:117/ref:95/nl:108]  β=0.051  α_t=0.054  (4470s)
step  5040  L_grcl=  1.90  L_cov= 0.34  L_cons=0.000  L_tot=  2.00  diag=+0.990  mix=[cap:78/ref:118/nl:124]  β=0.051  α_t=0.054  (4487s)
step  5060  L_grcl=  1.79  L_cov= 0.34  L_cons=0.000  L_tot=  1.89  diag=+0.991  mix=[cap:115/ref:100/nl:105]  β=0.051  α_t=0.054  (4504s)
step  5080  L_grcl=  1.84  L_cov= 0.33  L_cons=0.000  L_tot=  1.94  diag=+0.990  mix=[cap:88/ref:125/nl:107]  β=0.051  α_t=0.054  (4521s)
step  5100  L_grcl=  1.78  L_cov= 0.32  L_cons=0.000  L_tot=  1.87  diag=+0.990  mix=[cap:105/ref:106/nl:109]  β=0.051  α_t=0.054  (4538s)
step  5120  L_grcl=  1.86  L_cov= 0.33  L_cons=0.000  L_tot=  1.96  diag=+0.990  mix=[cap:104/ref:113/nl:103]  β=0.051  α_t=0.054  (4555s)
step  5140  L_grcl=  1.77  L_cov= 0.32  L_cons=0.000  L_tot=  1.87  diag=+0.991  mix=[cap:125/ref:105/nl:90]  β=0.051  α_t=0.054  (4573s)
step  5160  L_grcl=  1.80  L_cov= 0.32  L_cons=0.000  L_tot=  1.89  diag=+0.990  mix=[cap:111/ref:102/nl:107]  β=0.051  α_t=0.054  (4590s)
step  5180  L_grcl=  1.85  L_cov= 0.32  L_cons=0.000  L_tot=  1.95  diag=+0.989  mix=[cap:101/ref:116/nl:103]  β=0.051  α_t=0.054  (4607s)
step  5200  L_grcl=  1.84  L_cov= 0.32  L_cons=0.000  L_tot=  1.94  diag=+0.992  mix=[cap:114/ref:110/nl:96]  β=0.051  α_t=0.054  (4625s)
step  5220  L_grcl=  1.85  L_cov= 0.32  L_cons=0.000  L_tot=  1.94  diag=+0.991  mix=[cap:104/ref:110/nl:106]  β=0.051  α_t=0.054  (4642s)
step  5240  L_grcl=  1.81  L_cov= 0.32  L_cons=0.000  L_tot=  1.90  diag=+0.991  mix=[cap:112/ref:118/nl:90]  β=0.051  α_t=0.054  (4659s)
step  5260  L_grcl=  1.81  L_cov= 0.33  L_cons=0.000  L_tot=  1.91  diag=+0.991  mix=[cap:109/ref:120/nl:91]  β=0.051  α_t=0.054  (4676s)
step  5280  L_grcl=  1.84  L_cov= 0.32  L_cons=0.000  L_tot=  1.94  diag=+0.989  mix=[cap:107/ref:103/nl:110]  β=0.051  α_t=0.054  (4693s)
step  5300  L_grcl=  1.80  L_cov= 0.32  L_cons=0.000  L_tot=  1.89  diag=+0.989  mix=[cap:124/ref:86/nl:110]  β=0.051  α_t=0.054  (4710s)
step  5320  L_grcl=  1.83  L_cov= 0.33  L_cons=0.000  L_tot=  1.92  diag=+0.992  mix=[cap:107/ref:118/nl:95]  β=0.051  α_t=0.054  (4728s)
step  5340  L_grcl=  1.79  L_cov= 0.34  L_cons=0.000  L_tot=  1.89  diag=+0.990  mix=[cap:117/ref:95/nl:108]  β=0.051  α_t=0.054  (4746s)
step  5360  L_grcl=  1.79  L_cov= 0.31  L_cons=0.000  L_tot=  1.88  diag=+0.989  mix=[cap:124/ref:102/nl:94]  β=0.051  α_t=0.054  (4763s)
step  5380  L_grcl=  1.75  L_cov= 0.31  L_cons=0.000  L_tot=  1.85  diag=+0.991  mix=[cap:127/ref:109/nl:84]  β=0.051  α_t=0.054  (4780s)
step  5400  L_grcl=  1.82  L_cov= 0.33  L_cons=0.000  L_tot=  1.92  diag=+0.990  mix=[cap:99/ref:113/nl:108]  β=0.051  α_t=0.054  (4797s)
step  5420  L_grcl=  1.80  L_cov= 0.32  L_cons=0.000  L_tot=  1.90  diag=+0.989  mix=[cap:102/ref:90/nl:128]  β=0.051  α_t=0.054  (4814s)
step  5440  L_grcl=  1.84  L_cov= 0.31  L_cons=0.000  L_tot=  1.93  diag=+0.988  mix=[cap:93/ref:117/nl:110]  β=0.051  α_t=0.054  (4831s)
step  5460  L_grcl=  1.80  L_cov= 0.33  L_cons=0.000  L_tot=  1.89  diag=+0.989  mix=[cap:106/ref:115/nl:99]  β=0.051  α_t=0.054  (4848s)
step  5480  L_grcl=  1.76  L_cov= 0.32  L_cons=0.000  L_tot=  1.85  diag=+0.990  mix=[cap:106/ref:99/nl:115]  β=0.051  α_t=0.054  (4865s)
step  5500  L_grcl=  1.81  L_cov= 0.31  L_cons=0.000  L_tot=  1.90  diag=+0.991  mix=[cap:125/ref:112/nl:83]  β=0.051  α_t=0.054  (4882s)

  [eval @ step 5500] held-out test-A...
    cap-fig cos: +0.9945  (Δ +0.8798)
    R@1/5/10: 19.5% / 60.5% / 83.5%  (Δ +19.5 / +60.5 / +83.5)
    [ckpt saved @ step 5500 R@10=83.5%]

step  5520  L_grcl=  1.81  L_cov= 0.31  L_cons=0.000  L_tot=  1.90  diag=+0.990  mix=[cap:104/ref:109/nl:107]  β=0.051  α_t=0.054  (4920s)
step  5540  L_grcl=  1.84  L_cov= 0.34  L_cons=0.000  L_tot=  1.95  diag=+0.991  mix=[cap:100/ref:103/nl:117]  β=0.051  α_t=0.054  (4938s)
step  5560  L_grcl=  1.87  L_cov= 0.33  L_cons=0.000  L_tot=  1.97  diag=+0.991  mix=[cap:124/ref:102/nl:94]  β=0.051  α_t=0.054  (4955s)
step  5580  L_grcl=  1.79  L_cov= 0.31  L_cons=0.000  L_tot=  1.89  diag=+0.991  mix=[cap:104/ref:114/nl:102]  β=0.051  α_t=0.054  (4972s)
step  5600  L_grcl=  1.84  L_cov= 0.32  L_cons=0.000  L_tot=  1.93  diag=+0.990  mix=[cap:102/ref:115/nl:103]  β=0.051  α_t=0.055  (4989s)
step  5620  L_grcl=  1.79  L_cov= 0.31  L_cons=0.000  L_tot=  1.88  diag=+0.990  mix=[cap:88/ref:125/nl:107]  β=0.051  α_t=0.055  (5006s)
step  5640  L_grcl=  1.75  L_cov= 0.32  L_cons=0.000  L_tot=  1.84  diag=+0.990  mix=[cap:119/ref:103/nl:98]  β=0.051  α_t=0.055  (5023s)
step  5660  L_grcl=  1.79  L_cov= 0.30  L_cons=0.000  L_tot=  1.87  diag=+0.990  mix=[cap:105/ref:112/nl:103]  β=0.051  α_t=0.055  (5040s)
step  5680  L_grcl=  1.83  L_cov= 0.32  L_cons=0.000  L_tot=  1.92  diag=+0.990  mix=[cap:94/ref:123/nl:103]  β=0.051  α_t=0.055  (5057s)
step  5700  L_grcl=  1.77  L_cov= 0.31  L_cons=0.000  L_tot=  1.87  diag=+0.990  mix=[cap:112/ref:104/nl:104]  β=0.051  α_t=0.055  (5074s)
step  5720  L_grcl=  1.84  L_cov= 0.33  L_cons=0.000  L_tot=  1.94  diag=+0.989  mix=[cap:106/ref:108/nl:106]  β=0.051  α_t=0.055  (5091s)
step  5740  L_grcl=  1.79  L_cov= 0.31  L_cons=0.000  L_tot=  1.89  diag=+0.989  mix=[cap:111/ref:100/nl:109]  β=0.051  α_t=0.055  (5108s)
step  5760  L_grcl=  1.82  L_cov= 0.33  L_cons=0.000  L_tot=  1.92  diag=+0.989  mix=[cap:90/ref:113/nl:117]  β=0.051  α_t=0.055  (5125s)
step  5780  L_grcl=  1.81  L_cov= 0.30  L_cons=0.000  L_tot=  1.90  diag=+0.990  mix=[cap:109/ref:102/nl:109]  β=0.051  α_t=0.055  (5142s)
step  5800  L_grcl=  1.77  L_cov= 0.32  L_cons=0.000  L_tot=  1.87  diag=+0.989  mix=[cap:116/ref:98/nl:106]  β=0.051  α_t=0.055  (5159s)
step  5820  L_grcl=  1.78  L_cov= 0.32  L_cons=0.000  L_tot=  1.88  diag=+0.989  mix=[cap:101/ref:114/nl:105]  β=0.051  α_t=0.055  (5177s)
step  5840  L_grcl=  1.82  L_cov= 0.31  L_cons=0.000  L_tot=  1.92  diag=+0.989  mix=[cap:113/ref:101/nl:106]  β=0.051  α_t=0.055  (5194s)
step  5860  L_grcl=  1.82  L_cov= 0.33  L_cons=0.000  L_tot=  1.92  diag=+0.990  mix=[cap:103/ref:122/nl:95]  β=0.051  α_t=0.055  (5211s)
step  5880  L_grcl=  1.84  L_cov= 0.32  L_cons=0.000  L_tot=  1.93  diag=+0.990  mix=[cap:102/ref:119/nl:99]  β=0.051  α_t=0.055  (5229s)
step  5900  L_grcl=  1.83  L_cov= 0.33  L_cons=0.000  L_tot=  1.93  diag=+0.990  mix=[cap:101/ref:109/nl:110]  β=0.051  α_t=0.055  (5246s)
step  5920  L_grcl=  1.80  L_cov= 0.31  L_cons=0.000  L_tot=  1.89  diag=+0.991  mix=[cap:116/ref:112/nl:92]  β=0.052  α_t=0.055  (5263s)
step  5940  L_grcl=  1.79  L_cov= 0.32  L_cons=0.000  L_tot=  1.88  diag=+0.991  mix=[cap:109/ref:109/nl:102]  β=0.052  α_t=0.055  (5280s)
step  5960  L_grcl=  1.73  L_cov= 0.29  L_cons=0.000  L_tot=  1.82  diag=+0.989  mix=[cap:106/ref:107/nl:107]  β=0.052  α_t=0.055  (5297s)
step  5980  L_grcl=  1.81  L_cov= 0.32  L_cons=0.000  L_tot=  1.90  diag=+0.988  mix=[cap:105/ref:121/nl:94]  β=0.052  α_t=0.055  (5314s)
step  6000  L_grcl=  1.83  L_cov= 0.31  L_cons=0.000  L_tot=  1.93  diag=+0.989  mix=[cap:99/ref:111/nl:110]  β=0.052  α_t=0.055  (5331s)

  [eval @ step 6000] held-out test-A...
    cap-fig cos: +0.9947  (Δ +0.8800)
    R@1/5/10: 13.0% / 62.0% / 86.5%  (Δ +13.0 / +62.0 / +86.5)
    [ckpt saved @ step 6000 R@10=86.5%]

step  6020  L_grcl=  1.79  L_cov= 0.31  L_cons=0.000  L_tot=  1.88  diag=+0.991  mix=[cap:105/ref:115/nl:100]  β=0.052  α_t=0.055  (5370s)
step  6040  L_grcl=  1.79  L_cov= 0.31  L_cons=0.000  L_tot=  1.89  diag=+0.990  mix=[cap:94/ref:108/nl:118]  β=0.052  α_t=0.055  (5388s)
step  6060  L_grcl=  1.83  L_cov= 0.33  L_cons=0.000  L_tot=  1.93  diag=+0.992  mix=[cap:102/ref:117/nl:101]  β=0.052  α_t=0.055  (5405s)
step  6080  L_grcl=  1.78  L_cov= 0.32  L_cons=0.000  L_tot=  1.88  diag=+0.991  mix=[cap:116/ref:103/nl:101]  β=0.052  α_t=0.055  (5423s)
step  6100  L_grcl=  1.82  L_cov= 0.30  L_cons=0.000  L_tot=  1.92  diag=+0.990  mix=[cap:100/ref:115/nl:105]  β=0.052  α_t=0.055  (5440s)
step  6120  L_grcl=  1.83  L_cov= 0.32  L_cons=0.000  L_tot=  1.93  diag=+0.992  mix=[cap:107/ref:99/nl:114]  β=0.052  α_t=0.055  (5457s)
step  6140  L_grcl=  1.83  L_cov= 0.33  L_cons=0.000  L_tot=  1.93  diag=+0.991  mix=[cap:100/ref:109/nl:111]  β=0.052  α_t=0.055  (5475s)
step  6160  L_grcl=  1.87  L_cov= 0.34  L_cons=0.000  L_tot=  1.97  diag=+0.990  mix=[cap:100/ref:113/nl:107]  β=0.052  α_t=0.055  (5492s)
step  6180  L_grcl=  1.79  L_cov= 0.31  L_cons=0.000  L_tot=  1.89  diag=+0.989  mix=[cap:104/ref:114/nl:102]  β=0.052  α_t=0.055  (5510s)
step  6200  L_grcl=  1.83  L_cov= 0.32  L_cons=0.000  L_tot=  1.92  diag=+0.989  mix=[cap:97/ref:119/nl:104]  β=0.052  α_t=0.055  (5527s)
step  6220  L_grcl=  1.82  L_cov= 0.31  L_cons=0.000  L_tot=  1.92  diag=+0.990  mix=[cap:117/ref:112/nl:91]  β=0.052  α_t=0.055  (5544s)
step  6240  L_grcl=  1.79  L_cov= 0.32  L_cons=0.000  L_tot=  1.89  diag=+0.990  mix=[cap:105/ref:107/nl:108]  β=0.052  α_t=0.055  (5561s)
step  6260  L_grcl=  1.80  L_cov= 0.31  L_cons=0.000  L_tot=  1.89  diag=+0.989  mix=[cap:108/ref:115/nl:97]  β=0.052  α_t=0.055  (5578s)
step  6280  L_grcl=  1.86  L_cov= 0.32  L_cons=0.000  L_tot=  1.96  diag=+0.990  mix=[cap:114/ref:110/nl:96]  β=0.052  α_t=0.055  (5595s)
step  6300  L_grcl=  1.84  L_cov= 0.34  L_cons=0.000  L_tot=  1.94  diag=+0.990  mix=[cap:99/ref:109/nl:112]  β=0.052  α_t=0.055  (5613s)
step  6320  L_grcl=  1.80  L_cov= 0.31  L_cons=0.000  L_tot=  1.89  diag=+0.990  mix=[cap:127/ref:97/nl:96]  β=0.052  α_t=0.055  (5630s)
step  6340  L_grcl=  1.81  L_cov= 0.32  L_cons=0.000  L_tot=  1.91  diag=+0.991  mix=[cap:110/ref:117/nl:93]  β=0.052  α_t=0.055  (5647s)
step  6360  L_grcl=  1.81  L_cov= 0.32  L_cons=0.000  L_tot=  1.91  diag=+0.990  mix=[cap:111/ref:105/nl:104]  β=0.052  α_t=0.055  (5664s)
step  6380  L_grcl=  1.82  L_cov= 0.32  L_cons=0.000  L_tot=  1.92  diag=+0.991  mix=[cap:101/ref:112/nl:107]  β=0.052  α_t=0.055  (5681s)
step  6400  L_grcl=  1.80  L_cov= 0.32  L_cons=0.000  L_tot=  1.90  diag=+0.990  mix=[cap:103/ref:107/nl:110]  β=0.052  α_t=0.055  (5698s)
step  6420  L_grcl=  1.77  L_cov= 0.31  L_cons=0.000  L_tot=  1.86  diag=+0.989  mix=[cap:97/ref:111/nl:112]  β=0.052  α_t=0.055  (5715s)
step  6440  L_grcl=  1.78  L_cov= 0.32  L_cons=0.000  L_tot=  1.87  diag=+0.989  mix=[cap:102/ref:118/nl:100]  β=0.052  α_t=0.055  (5732s)
step  6460  L_grcl=  1.83  L_cov= 0.32  L_cons=0.000  L_tot=  1.93  diag=+0.989  mix=[cap:103/ref:117/nl:100]  β=0.052  α_t=0.055  (5749s)
step  6480  L_grcl=  1.81  L_cov= 0.32  L_cons=0.000  L_tot=  1.90  diag=+0.990  mix=[cap:109/ref:112/nl:99]  β=0.052  α_t=0.055  (5767s)
step  6500  L_grcl=  1.77  L_cov= 0.31  L_cons=0.000  L_tot=  1.86  diag=+0.989  mix=[cap:91/ref:124/nl:105]  β=0.052  α_t=0.055  (5784s)

  [eval @ step 6500] held-out test-A...
    cap-fig cos: +0.9941  (Δ +0.8794)
    R@1/5/10: 15.0% / 56.0% / 82.0%  (Δ +15.0 / +56.0 / +82.0)

step  6520  L_grcl=  1.72  L_cov= 0.30  L_cons=0.000  L_tot=  1.81  diag=+0.988  mix=[cap:98/ref:118/nl:104]  β=0.052  α_t=0.055  (5813s)
step  6540  L_grcl=  1.78  L_cov= 0.32  L_cons=0.000  L_tot=  1.87  diag=+0.990  mix=[cap:109/ref:111/nl:100]  β=0.052  α_t=0.055  (5830s)
step  6560  L_grcl=  1.76  L_cov= 0.30  L_cons=0.000  L_tot=  1.85  diag=+0.990  mix=[cap:115/ref:114/nl:91]  β=0.052  α_t=0.055  (5847s)
step  6580  L_grcl=  1.78  L_cov= 0.31  L_cons=0.000  L_tot=  1.88  diag=+0.990  mix=[cap:98/ref:115/nl:107]  β=0.052  α_t=0.056  (5864s)
step  6600  L_grcl=  1.78  L_cov= 0.31  L_cons=0.000  L_tot=  1.87  diag=+0.989  mix=[cap:112/ref:111/nl:97]  β=0.052  α_t=0.056  (5882s)
step  6620  L_grcl=  1.83  L_cov= 0.30  L_cons=0.000  L_tot=  1.93  diag=+0.990  mix=[cap:99/ref:107/nl:114]  β=0.052  α_t=0.056  (5900s)
step  6640  L_grcl=  1.80  L_cov= 0.32  L_cons=0.000  L_tot=  1.90  diag=+0.989  mix=[cap:103/ref:114/nl:103]  β=0.052  α_t=0.056  (5917s)
step  6660  L_grcl=  1.82  L_cov= 0.33  L_cons=0.000  L_tot=  1.92  diag=+0.990  mix=[cap:101/ref:107/nl:112]  β=0.052  α_t=0.056  (5934s)
step  6680  L_grcl=  1.80  L_cov= 0.32  L_cons=0.000  L_tot=  1.89  diag=+0.990  mix=[cap:88/ref:113/nl:119]  β=0.052  α_t=0.056  (5951s)
step  6700  L_grcl=  1.78  L_cov= 0.31  L_cons=0.000  L_tot=  1.87  diag=+0.988  mix=[cap:99/ref:114/nl:107]  β=0.052  α_t=0.056  (5968s)
step  6720  L_grcl=  1.76  L_cov= 0.30  L_cons=0.000  L_tot=  1.85  diag=+0.989  mix=[cap:101/ref:114/nl:105]  β=0.052  α_t=0.056  (5985s)
step  6740  L_grcl=  1.80  L_cov= 0.31  L_cons=0.000  L_tot=  1.89  diag=+0.988  mix=[cap:94/ref:112/nl:114]  β=0.052  α_t=0.056  (6003s)
step  6760  L_grcl=  1.79  L_cov= 0.32  L_cons=0.000  L_tot=  1.89  diag=+0.989  mix=[cap:110/ref:111/nl:99]  β=0.052  α_t=0.056  (6020s)
step  6780  L_grcl=  1.81  L_cov= 0.32  L_cons=0.000  L_tot=  1.90  diag=+0.990  mix=[cap:102/ref:120/nl:98]  β=0.052  α_t=0.056  (6037s)
step  6800  L_grcl=  1.77  L_cov= 0.32  L_cons=0.000  L_tot=  1.87  diag=+0.989  mix=[cap:110/ref:105/nl:105]  β=0.052  α_t=0.056  (6054s)
step  6820  L_grcl=  1.85  L_cov= 0.32  L_cons=0.000  L_tot=  1.95  diag=+0.988  mix=[cap:99/ref:109/nl:112]  β=0.052  α_t=0.056  (6071s)
step  6840  L_grcl=  1.79  L_cov= 0.31  L_cons=0.000  L_tot=  1.88  diag=+0.989  mix=[cap:109/ref:109/nl:102]  β=0.052  α_t=0.056  (6088s)
step  6860  L_grcl=  1.79  L_cov= 0.31  L_cons=0.000  L_tot=  1.88  diag=+0.987  mix=[cap:91/ref:114/nl:115]  β=0.052  α_t=0.056  (6106s)
step  6880  L_grcl=  1.77  L_cov= 0.30  L_cons=0.000  L_tot=  1.86  diag=+0.990  mix=[cap:111/ref:113/nl:96]  β=0.052  α_t=0.056  (6122s)
step  6900  L_grcl=  1.79  L_cov= 0.32  L_cons=0.000  L_tot=  1.89  diag=+0.990  mix=[cap:102/ref:99/nl:119]  β=0.052  α_t=0.056  (6140s)
step  6920  L_grcl=  1.78  L_cov= 0.31  L_cons=0.000  L_tot=  1.87  diag=+0.989  mix=[cap:119/ref:94/nl:107]  β=0.052  α_t=0.056  (6157s)
step  6940  L_grcl=  1.80  L_cov= 0.31  L_cons=0.000  L_tot=  1.89  diag=+0.990  mix=[cap:109/ref:119/nl:92]  β=0.052  α_t=0.056  (6174s)
step  6960  L_grcl=  1.75  L_cov= 0.30  L_cons=0.000  L_tot=  1.84  diag=+0.990  mix=[cap:116/ref:103/nl:101]  β=0.053  α_t=0.056  (6191s)
step  6980  L_grcl=  1.78  L_cov= 0.31  L_cons=0.000  L_tot=  1.87  diag=+0.990  mix=[cap:102/ref:111/nl:107]  β=0.053  α_t=0.056  (6209s)
step  7000  L_grcl=  1.79  L_cov= 0.31  L_cons=0.000  L_tot=  1.88  diag=+0.989  mix=[cap:110/ref:100/nl:110]  β=0.053  α_t=0.056  (6225s)

  [eval @ step 7000] held-out test-A...
    cap-fig cos: +0.9949  (Δ +0.8802)
    R@1/5/10: 19.0% / 66.5% / 87.0%  (Δ +19.0 / +66.5 / +87.0)
    [ckpt saved @ step 7000 R@10=87.0%]

step  7020  L_grcl=  1.79  L_cov= 0.32  L_cons=0.000  L_tot=  1.88  diag=+0.990  mix=[cap:98/ref:110/nl:112]  β=0.053  α_t=0.056  (6264s)
step  7040  L_grcl=  1.74  L_cov= 0.30  L_cons=0.000  L_tot=  1.83  diag=+0.990  mix=[cap:111/ref:103/nl:106]  β=0.053  α_t=0.056  (6281s)
step  7060  L_grcl=  1.90  L_cov= 0.30  L_cons=0.000  L_tot=  1.99  diag=+0.988  mix=[cap:96/ref:112/nl:112]  β=0.053  α_t=0.056  (6298s)
step  7080  L_grcl=  1.79  L_cov= 0.32  L_cons=0.000  L_tot=  1.89  diag=+0.991  mix=[cap:108/ref:110/nl:102]  β=0.053  α_t=0.056  (6315s)
step  7100  L_grcl=  1.79  L_cov= 0.31  L_cons=0.000  L_tot=  1.88  diag=+0.988  mix=[cap:97/ref:103/nl:120]  β=0.053  α_t=0.056  (6332s)
step  7120  L_grcl=  1.77  L_cov= 0.31  L_cons=0.000  L_tot=  1.86  diag=+0.990  mix=[cap:100/ref:119/nl:101]  β=0.053  α_t=0.056  (6349s)
step  7140  L_grcl=  1.80  L_cov= 0.31  L_cons=0.000  L_tot=  1.90  diag=+0.988  mix=[cap:111/ref:100/nl:109]  β=0.053  α_t=0.056  (6367s)
step  7160  L_grcl=  1.79  L_cov= 0.30  L_cons=0.000  L_tot=  1.88  diag=+0.989  mix=[cap:108/ref:118/nl:94]  β=0.053  α_t=0.056  (6384s)
step  7180  L_grcl=  1.74  L_cov= 0.30  L_cons=0.000  L_tot=  1.83  diag=+0.990  mix=[cap:115/ref:104/nl:101]  β=0.053  α_t=0.056  (6401s)
step  7200  L_grcl=  1.78  L_cov= 0.31  L_cons=0.000  L_tot=  1.87  diag=+0.989  mix=[cap:105/ref:106/nl:109]  β=0.053  α_t=0.056  (6418s)
step  7220  L_grcl=  1.81  L_cov= 0.32  L_cons=0.000  L_tot=  1.91  diag=+0.990  mix=[cap:116/ref:100/nl:104]  β=0.053  α_t=0.056  (6435s)
step  7240  L_grcl=  1.75  L_cov= 0.31  L_cons=0.000  L_tot=  1.85  diag=+0.989  mix=[cap:114/ref:106/nl:100]  β=0.053  α_t=0.056  (6453s)
step  7260  L_grcl=  1.78  L_cov= 0.31  L_cons=0.000  L_tot=  1.87  diag=+0.989  mix=[cap:101/ref:101/nl:118]  β=0.053  α_t=0.056  (6470s)
step  7280  L_grcl=  1.71  L_cov= 0.31  L_cons=0.000  L_tot=  1.80  diag=+0.989  mix=[cap:117/ref:94/nl:109]  β=0.053  α_t=0.056  (6487s)
step  7300  L_grcl=  1.79  L_cov= 0.32  L_cons=0.000  L_tot=  1.89  diag=+0.989  mix=[cap:107/ref:120/nl:93]  β=0.053  α_t=0.056  (6505s)
step  7320  L_grcl=  1.81  L_cov= 0.31  L_cons=0.000  L_tot=  1.90  diag=+0.991  mix=[cap:106/ref:103/nl:111]  β=0.053  α_t=0.056  (6522s)
step  7340  L_grcl=  1.76  L_cov= 0.30  L_cons=0.000  L_tot=  1.85  diag=+0.989  mix=[cap:109/ref:110/nl:101]  β=0.053  α_t=0.056  (6539s)
step  7360  L_grcl=  1.78  L_cov= 0.31  L_cons=0.000  L_tot=  1.88  diag=+0.990  mix=[cap:104/ref:115/nl:101]  β=0.053  α_t=0.056  (6556s)
step  7380  L_grcl=  1.80  L_cov= 0.31  L_cons=0.000  L_tot=  1.90  diag=+0.989  mix=[cap:106/ref:104/nl:110]  β=0.053  α_t=0.056  (6573s)
step  7400  L_grcl=  1.79  L_cov= 0.32  L_cons=0.000  L_tot=  1.89  diag=+0.990  mix=[cap:99/ref:97/nl:124]  β=0.053  α_t=0.056  (6592s)
step  7420  L_grcl=  1.81  L_cov= 0.31  L_cons=0.000  L_tot=  1.90  diag=+0.988  mix=[cap:89/ref:114/nl:117]  β=0.053  α_t=0.056  (6609s)
step  7440  L_grcl=  1.75  L_cov= 0.30  L_cons=0.000  L_tot=  1.85  diag=+0.989  mix=[cap:116/ref:103/nl:101]  β=0.053  α_t=0.056  (6626s)
step  7460  L_grcl=  1.82  L_cov= 0.31  L_cons=0.000  L_tot=  1.92  diag=+0.990  mix=[cap:100/ref:108/nl:112]  β=0.053  α_t=0.056  (6643s)
step  7480  L_grcl=  1.72  L_cov= 0.30  L_cons=0.000  L_tot=  1.81  diag=+0.989  mix=[cap:110/ref:117/nl:93]  β=0.053  α_t=0.056  (6661s)
step  7500  L_grcl=  1.74  L_cov= 0.30  L_cons=0.000  L_tot=  1.83  diag=+0.987  mix=[cap:115/ref:111/nl:94]  β=0.053  α_t=0.056  (6677s)

  [eval @ step 7500] held-out test-A...
    cap-fig cos: +0.9939  (Δ +0.8792)
    R@1/5/10: 16.0% / 60.0% / 84.0%  (Δ +16.0 / +60.0 / +84.0)

step  7520  L_grcl=  1.76  L_cov= 0.30  L_cons=0.000  L_tot=  1.84  diag=+0.989  mix=[cap:113/ref:102/nl:105]  β=0.053  α_t=0.057  (6707s)
step  7540  L_grcl=  1.80  L_cov= 0.32  L_cons=0.000  L_tot=  1.90  diag=+0.990  mix=[cap:120/ref:110/nl:90]  β=0.053  α_t=0.057  (6724s)
step  7560  L_grcl=  1.81  L_cov= 0.31  L_cons=0.000  L_tot=  1.90  diag=+0.988  mix=[cap:101/ref:115/nl:104]  β=0.053  α_t=0.057  (6742s)
step  7580  L_grcl=  1.77  L_cov= 0.32  L_cons=0.000  L_tot=  1.87  diag=+0.989  mix=[cap:114/ref:102/nl:104]  β=0.053  α_t=0.057  (6759s)
step  7600  L_grcl=  1.77  L_cov= 0.31  L_cons=0.000  L_tot=  1.87  diag=+0.988  mix=[cap:108/ref:103/nl:109]  β=0.053  α_t=0.057  (6776s)
step  7620  L_grcl=  1.75  L_cov= 0.30  L_cons=0.000  L_tot=  1.84  diag=+0.990  mix=[cap:117/ref:97/nl:106]  β=0.053  α_t=0.057  (6793s)
step  7640  L_grcl=  1.77  L_cov= 0.32  L_cons=0.000  L_tot=  1.87  diag=+0.990  mix=[cap:104/ref:107/nl:109]  β=0.053  α_t=0.057  (6810s)
step  7660  L_grcl=  1.77  L_cov= 0.31  L_cons=0.000  L_tot=  1.87  diag=+0.989  mix=[cap:107/ref:109/nl:104]  β=0.053  α_t=0.057  (6827s)
step  7680  L_grcl=  1.83  L_cov= 0.32  L_cons=0.000  L_tot=  1.92  diag=+0.989  mix=[cap:97/ref:106/nl:117]  β=0.053  α_t=0.057  (6845s)
step  7700  L_grcl=  1.79  L_cov= 0.30  L_cons=0.000  L_tot=  1.88  diag=+0.991  mix=[cap:122/ref:112/nl:86]  β=0.053  α_t=0.057  (6862s)
step  7720  L_grcl=  1.78  L_cov= 0.30  L_cons=0.000  L_tot=  1.87  diag=+0.989  mix=[cap:93/ref:101/nl:126]  β=0.053  α_t=0.057  (6879s)
step  7740  L_grcl=  1.81  L_cov= 0.31  L_cons=0.000  L_tot=  1.90  diag=+0.989  mix=[cap:99/ref:111/nl:110]  β=0.053  α_t=0.057  (6896s)
step  7760  L_grcl=  1.73  L_cov= 0.32  L_cons=0.000  L_tot=  1.83  diag=+0.989  mix=[cap:111/ref:103/nl:106]  β=0.053  α_t=0.057  (6914s)
step  7780  L_grcl=  1.75  L_cov= 0.31  L_cons=0.000  L_tot=  1.84  diag=+0.990  mix=[cap:130/ref:93/nl:97]  β=0.053  α_t=0.057  (6931s)
step  7800  L_grcl=  1.74  L_cov= 0.30  L_cons=0.000  L_tot=  1.83  diag=+0.989  mix=[cap:118/ref:113/nl:89]  β=0.053  α_t=0.057  (6949s)
step  7820  L_grcl=  1.80  L_cov= 0.32  L_cons=0.000  L_tot=  1.90  diag=+0.989  mix=[cap:100/ref:109/nl:111]  β=0.053  α_t=0.057  (6966s)
step  7840  L_grcl=  1.73  L_cov= 0.29  L_cons=0.000  L_tot=  1.82  diag=+0.990  mix=[cap:125/ref:97/nl:98]  β=0.053  α_t=0.057  (6983s)
step  7860  L_grcl=  1.77  L_cov= 0.30  L_cons=0.000  L_tot=  1.87  diag=+0.989  mix=[cap:108/ref:110/nl:102]  β=0.053  α_t=0.057  (7000s)
step  7880  L_grcl=  1.73  L_cov= 0.29  L_cons=0.000  L_tot=  1.82  diag=+0.989  mix=[cap:108/ref:105/nl:107]  β=0.053  α_t=0.057  (7017s)
step  7900  L_grcl=  1.78  L_cov= 0.31  L_cons=0.000  L_tot=  1.87  diag=+0.989  mix=[cap:109/ref:105/nl:106]  β=0.053  α_t=0.057  (7034s)
step  7920  L_grcl=  1.80  L_cov= 0.31  L_cons=0.000  L_tot=  1.89  diag=+0.989  mix=[cap:107/ref:119/nl:94]  β=0.053  α_t=0.057  (7052s)
step  7940  L_grcl=  1.75  L_cov= 0.30  L_cons=0.000  L_tot=  1.85  diag=+0.988  mix=[cap:103/ref:104/nl:113]  β=0.053  α_t=0.057  (7068s)
step  7960  L_grcl=  1.78  L_cov= 0.31  L_cons=0.000  L_tot=  1.87  diag=+0.988  mix=[cap:100/ref:116/nl:104]  β=0.054  α_t=0.057  (7086s)
step  7980  L_grcl=  1.77  L_cov= 0.31  L_cons=0.000  L_tot=  1.87  diag=+0.987  mix=[cap:102/ref:121/nl:97]  β=0.054  α_t=0.057  (7103s)
step  8000  L_grcl=  1.80  L_cov= 0.30  L_cons=0.000  L_tot=  1.89  diag=+0.988  mix=[cap:100/ref:113/nl:107]  β=0.054  α_t=0.057  (7120s)

  [eval @ step 8000] held-out test-A...
    cap-fig cos: +0.9947  (Δ +0.8800)
    R@1/5/10: 16.5% / 62.0% / 85.0%  (Δ +16.5 / +62.0 / +85.0)


[final] test-A:
  cap-fig cos: +0.9947  (init +0.1147, Δ +0.8800)
  R@1/5/10: 16.5% / 62.0% / 85.0%
  init R@1/5/10: 0.0% / 0.0% / 0.0%

saved → /home/work/dl/dl_project/eval/results/experiments/m_shuffled_role/train.json
[main1:101674:0:101674] Caught signal 11 (Segmentation fault: address not mapped to object at address 0x7f7db03adec0)
==== backtrace (tid: 101674) ====
 0  /opt/hpcx/ucx/lib/libucs.so.0(ucs_handle_error+0x2e4) [0x7f7da8396774]
 1  /opt/hpcx/ucx/lib/libucs.so.0(+0x3796a) [0x7f7da839696a]
 2  /opt/hpcx/ucx/lib/libucs.so.0(+0x37ba8) [0x7f7da8396ba8]
 3  /usr/lib/x86_64-linux-gnu/libc.so.6(+0x45330) [0x7f7db0633330]
 4  /usr/lib/x86_64-linux-gnu/libnvidia-ml.so.575.51.03(+0x336c1) [0x7f7da9c336c1]
 5  /usr/lib/x86_64-linux-gnu/libnvidia-ml.so.575.51.03(nvmlShutdown+0xe) [0x7f7da9c1cfae]
 6  /opt/kernel/libcudahook.ubuntu18.04.x86_64.so(+0xc3caf) [0x7f7db08c3caf]
 7  /opt/kernel/libcudahook.ubuntu18.04.x86_64.so(+0xc3d48) [0x7f7db08c3d48]
 8  /opt/kernel/libcudahook.ubuntu18.04.x86_64.so(+0xc3a2d) [0x7f7db08c3a2d]
 9  /lib64/ld-linux-x86-64.so.2(+0x10f2) [0x7f7db13300f2]
10  /lib64/ld-linux-x86-64.so.2(+0x5578) [0x7f7db1334578]
11  /usr/lib/x86_64-linux-gnu/libc.so.6(+0x47a76) [0x7f7db0635a76]
12  /usr/lib/x86_64-linux-gnu/libc.so.6(+0x47bbe) [0x7f7db0635bbe]
13  /usr/lib/x86_64-linux-gnu/libc.so.6(+0x2a1d1) [0x7f7db06181d1]
14  /usr/lib/x86_64-linux-gnu/libc.so.6(__libc_start_main+0x8b) [0x7f7db061828b]
15  /usr/bin/python(_start+0x25) [0x657ce5]
=================================
  training exited with code -11 but train.json + ckpt look complete — treating as success
  training done in 122.4 min

--- Evaluation ---
$ /usr/bin/python -m pipeline.eval_full --out /home/work/dl/dl_project/eval/results/experiments/m_shuffled_role/eval.json --device cuda --ckpt ckpt/m_shuffled_role.pt --lora_rank 8 --lora_alpha 16 --hf_id google/siglip2-base-patch16-224 --gpe_facets type,role,depth,pos --datasets spiqa_testA sciegqa mmdocir
device: cuda
[ElementTokenEncoder] loading google/siglip2-base-patch16-224
Using a slow image processor as `use_fast` is unset and a slow processor was saved with this model. `use_fast=True` will be the default behavior in v4.52, even if the model was saved with a slow processor. This will result in minor differences in outputs. You'll still be able to use a slow processor with `use_fast=False`.
[ElementTokenEncoder] LoRA r=8 α=16 targets=['q_proj', 'k_proj', 'v_proj', 'out_proj'] applied (d_text=768, d_vision=768, cls=False)
trainable params: 1,191,936 || all params: 376,379,906 || trainable%: 0.3167
[eval_full] loaded checkpoint: ckpt/m_shuffled_role.pt

[eval] SPIQA test-A
  graph: 118 docs, elements: 9039, queries: 666
  [5/118 docs, 26/666 queries] 2s
  [10/118 docs, 59/666 queries] 5s
  [15/118 docs, 82/666 queries] 7s
  [20/118 docs, 105/666 queries] 9s
  [25/118 docs, 132/666 queries] 11s
  [30/118 docs, 161/666 queries] 13s
  [35/118 docs, 181/666 queries] 15s
  [40/118 docs, 217/666 queries] 18s
  [45/118 docs, 242/666 queries] 20s
  [50/118 docs, 269/666 queries] 22s
  [55/118 docs, 285/666 queries] 24s
  [60/118 docs, 313/666 queries] 26s
  [65/118 docs, 352/666 queries] 29s
  [70/118 docs, 396/666 queries] 33s
  [75/118 docs, 445/666 queries] 37s
  [80/118 docs, 481/666 queries] 39s
  [85/118 docs, 514/666 queries] 42s
  [90/118 docs, 535/666 queries] 44s
  [95/118 docs, 560/666 queries] 46s
  [100/118 docs, 590/666 queries] 48s
  [105/118 docs, 616/666 queries] 51s
  [110/118 docs, 640/666 queries] 53s
  [115/118 docs, 663/666 queries] 54s
  done in 55s

[eval] SciEGQA
  graph: 80 docs, elements: 29412, queries: 1623
  [5/80 docs, 108/1623 queries] 10s
  [10/80 docs, 218/1623 queries] 25s
  [15/80 docs, 325/1623 queries] 37s
  [20/80 docs, 427/1623 queries] 59s
  [25/80 docs, 532/1623 queries] 72s
  [30/80 docs, 630/1623 queries] 88s
  [35/80 docs, 733/1623 queries] 104s
  [40/80 docs, 818/1623 queries] 112s
  [45/80 docs, 927/1623 queries] 125s
  [50/80 docs, 1031/1623 queries] 136s
  [55/80 docs, 1102/1623 queries] 146s
  [60/80 docs, 1207/1623 queries] 157s
  [65/80 docs, 1314/1623 queries] 175s
  [70/80 docs, 1423/1623 queries] 193s
  [75/80 docs, 1513/1623 queries] 203s
  [80/80 docs, 1623/1623 queries] 218s
  done in 218s

[eval] MMDocIR
  graph: 75 docs, elements: 15032, queries: 389
  [5/75 docs, 31/389 queries] 5s
  [10/75 docs, 58/389 queries] 8s
  [15/75 docs, 87/389 queries] 14s
  [20/75 docs, 116/389 queries] 17s
  [25/75 docs, 137/389 queries] 20s
  [30/75 docs, 162/389 queries] 22s
  [35/75 docs, 187/389 queries] 24s
  [40/75 docs, 212/389 queries] 26s
  [45/75 docs, 243/389 queries] 28s
  [50/75 docs, 267/389 queries] 30s
  [55/75 docs, 288/389 queries] 32s
  [60/75 docs, 306/389 queries] 33s
  [65/75 docs, 332/389 queries] 35s
  [70/75 docs, 364/389 queries] 38s
  [75/75 docs, 389/389 queries] 40s
  done in 40s

saved → /home/work/dl/dl_project/eval/results/experiments/m_shuffled_role/eval.json

=== Summary ===

SPIQA test-A:
  [no_prop] mrr=0.3872  recall@10=0.8634  hit@10=0.8634  coverage@10=0.8634  perfect@10=0.8634
  [uniform_a01_T2] mrr=0.2822  recall@10=0.7132  hit@10=0.7132  coverage@10=0.7132  perfect@10=0.7132
  [uniform_a03_T1] mrr=0.2878  recall@10=0.7523  hit@10=0.7523  coverage@10=0.7523  perfect@10=0.7523
  [uniform_a03_T2] mrr=0.2790  recall@10=0.6667  hit@10=0.6667  coverage@10=0.6667  perfect@10=0.6667
  [uniform_a03_T3] mrr=0.2868  recall@10=0.6697  hit@10=0.6697  coverage@10=0.6697  perfect@10=0.6697
  [uniform_a05_T2] mrr=0.2845  recall@10=0.6517  hit@10=0.6517  coverage@10=0.6517  perfect@10=0.6517
  [wbase_a03_T2] mrr=0.3022  recall@10=0.7072  hit@10=0.7072  coverage@10=0.7072  perfect@10=0.7072
  [wbase_role_a03_T2] mrr=0.3022  recall@10=0.7072  hit@10=0.7072  coverage@10=0.7072  perfect@10=0.7072
  [wbase_vis_a03_T2] mrr=0.3032  recall@10=0.7072  hit@10=0.7072  coverage@10=0.7072  perfect@10=0.7072
  [wfull_a03_T2] mrr=0.3032  recall@10=0.7072  hit@10=0.7072  coverage@10=0.7072  perfect@10=0.7072
  [wfull_a01_T2] mrr=0.3063  recall@10=0.7477  hit@10=0.7477  coverage@10=0.7477  perfect@10=0.7477
  [wfull_a05_T2] mrr=0.3139  recall@10=0.6742  hit@10=0.6742  coverage@10=0.6742  perfect@10=0.6742
  [wfull_a07_T2] mrr=0.2868  recall@10=0.6517  hit@10=0.6517  coverage@10=0.6517  perfect@10=0.6517
  [wfull_a03_T1] mrr=0.3168  recall@10=0.7883  hit@10=0.7883  coverage@10=0.7883  perfect@10=0.7883
  [wfull_a03_T3] mrr=0.3108  recall@10=0.6892  hit@10=0.6892  coverage@10=0.6892  perfect@10=0.6892
  [ppr_a015] mrr=0.2864  recall@10=0.6321  hit@10=0.6321  coverage@10=0.6321  perfect@10=0.6321
  [ppr_a030] mrr=0.3005  recall@10=0.6562  hit@10=0.6562  coverage@10=0.6562  perfect@10=0.6562
  [ppr_a050] mrr=0.3182  recall@10=0.6877  hit@10=0.6877  coverage@10=0.6877  perfect@10=0.6877
  [ppr_a070] mrr=0.3137  recall@10=0.7162  hit@10=0.7162  coverage@10=0.7162  perfect@10=0.7162
  [ppr_a085] mrr=0.3072  recall@10=0.7417  hit@10=0.7417  coverage@10=0.7417  perfect@10=0.7417
  [ppr_unif_a030] mrr=0.2962  recall@10=0.6471  hit@10=0.6471  coverage@10=0.6471  perfect@10=0.6471
  [ppr_unif_a050] mrr=0.2982  recall@10=0.6802  hit@10=0.6802  coverage@10=0.6802  perfect@10=0.6802
  [prop_a03_T2] mrr=0.3032  recall@10=0.7072  hit@10=0.7072  coverage@10=0.7072  perfect@10=0.7072
  [prop_a01_T2] mrr=0.3063  recall@10=0.7477  hit@10=0.7477  coverage@10=0.7477  perfect@10=0.7477
  [prop_a05_T2] mrr=0.3139  recall@10=0.6742  hit@10=0.6742  coverage@10=0.6742  perfect@10=0.6742
  [prop_a07_T2] mrr=0.2868  recall@10=0.6517  hit@10=0.6517  coverage@10=0.6517  perfect@10=0.6517
  [prop_a03_T1] mrr=0.3168  recall@10=0.7883  hit@10=0.7883  coverage@10=0.7883  perfect@10=0.7883
  [prop_a03_T3] mrr=0.3108  recall@10=0.6892  hit@10=0.6892  coverage@10=0.6892  perfect@10=0.6892

SciEGQA:
  [no_prop] mrr=0.0356  recall@10=0.0092  hit@10=0.0672  coverage@10=0.0092  perfect@10=0.0086  cross_page_hit=0.2690
  [uniform_a01_T2] mrr=0.0348  recall@10=0.0128  hit@10=0.0628  coverage@10=0.0128  perfect@10=0.0105  cross_page_hit=0.1519
  [uniform_a03_T1] mrr=0.0339  recall@10=0.0130  hit@10=0.0665  coverage@10=0.0130  perfect@10=0.0105  cross_page_hit=0.1551
  [uniform_a03_T2] mrr=0.0350  recall@10=0.0128  hit@10=0.0616  coverage@10=0.0128  perfect@10=0.0105  cross_page_hit=0.1487
  [uniform_a03_T3] mrr=0.0349  recall@10=0.0125  hit@10=0.0598  coverage@10=0.0125  perfect@10=0.0105  cross_page_hit=0.1487
  [uniform_a05_T2] mrr=0.0350  recall@10=0.0130  hit@10=0.0610  coverage@10=0.0130  perfect@10=0.0105  cross_page_hit=0.1424
  [wbase_a03_T2] mrr=0.0365  recall@10=0.0131  hit@10=0.0616  coverage@10=0.0131  perfect@10=0.0105  cross_page_hit=0.1487
  [wbase_role_a03_T2] mrr=0.0365  recall@10=0.0131  hit@10=0.0616  coverage@10=0.0131  perfect@10=0.0105  cross_page_hit=0.1487
  [wbase_vis_a03_T2] mrr=0.0365  recall@10=0.0131  hit@10=0.0616  coverage@10=0.0131  perfect@10=0.0105  cross_page_hit=0.1487
  [wfull_a03_T2] mrr=0.0365  recall@10=0.0131  hit@10=0.0616  coverage@10=0.0131  perfect@10=0.0105  cross_page_hit=0.1487
  [wfull_a01_T2] mrr=0.0360  recall@10=0.0131  hit@10=0.0628  coverage@10=0.0131  perfect@10=0.0105  cross_page_hit=0.1519
  [wfull_a05_T2] mrr=0.0360  recall@10=0.0135  hit@10=0.0616  coverage@10=0.0135  perfect@10=0.0105  cross_page_hit=0.1424
  [wfull_a07_T2] mrr=0.0364  recall@10=0.0130  hit@10=0.0622  coverage@10=0.0130  perfect@10=0.0105  cross_page_hit=0.1519
  [wfull_a03_T1] mrr=0.0354  recall@10=0.0131  hit@10=0.0665  coverage@10=0.0131  perfect@10=0.0105  cross_page_hit=0.1551
  [wfull_a03_T3] mrr=0.0361  recall@10=0.0132  hit@10=0.0610  coverage@10=0.0132  perfect@10=0.0105  cross_page_hit=0.1487
  [ppr_a015] mrr=0.0362  recall@10=0.0138  hit@10=0.0604  coverage@10=0.0138  perfect@10=0.0105  cross_page_hit=0.1456
  [ppr_a030] mrr=0.0361  recall@10=0.0134  hit@10=0.0604  coverage@10=0.0134  perfect@10=0.0105  cross_page_hit=0.1487
  [ppr_a050] mrr=0.0350  recall@10=0.0133  hit@10=0.0604  coverage@10=0.0133  perfect@10=0.0105  cross_page_hit=0.1487
  [ppr_a070] mrr=0.0354  recall@10=0.0133  hit@10=0.0622  coverage@10=0.0133  perfect@10=0.0105  cross_page_hit=0.1519
  [ppr_a085] mrr=0.0357  recall@10=0.0133  hit@10=0.0635  coverage@10=0.0133  perfect@10=0.0105  cross_page_hit=0.1582
  [ppr_unif_a030] mrr=0.0348  recall@10=0.0127  hit@10=0.0591  coverage@10=0.0127  perfect@10=0.0105  cross_page_hit=0.1487
  [ppr_unif_a050] mrr=0.0345  recall@10=0.0126  hit@10=0.0591  coverage@10=0.0126  perfect@10=0.0105  cross_page_hit=0.1487
  [prop_a03_T2] mrr=0.0365  recall@10=0.0131  hit@10=0.0616  coverage@10=0.0131  perfect@10=0.0105  cross_page_hit=0.1487
  [prop_a01_T2] mrr=0.0360  recall@10=0.0131  hit@10=0.0628  coverage@10=0.0131  perfect@10=0.0105  cross_page_hit=0.1519
  [prop_a05_T2] mrr=0.0360  recall@10=0.0135  hit@10=0.0616  coverage@10=0.0135  perfect@10=0.0105  cross_page_hit=0.1424
  [prop_a07_T2] mrr=0.0364  recall@10=0.0130  hit@10=0.0622  coverage@10=0.0130  perfect@10=0.0105  cross_page_hit=0.1519
  [prop_a03_T1] mrr=0.0354  recall@10=0.0131  hit@10=0.0665  coverage@10=0.0131  perfect@10=0.0105  cross_page_hit=0.1551
  [prop_a03_T3] mrr=0.0361  recall@10=0.0132  hit@10=0.0610  coverage@10=0.0132  perfect@10=0.0105  cross_page_hit=0.1487

MMDocIR:
  [no_prop] mrr=0.0284  recall@10=0.0237  hit@10=0.0411  coverage@10=0.0237  perfect@10=0.0257  cross_page_hit=0.2034
  [uniform_a01_T2] mrr=0.0283  recall@10=0.0395  hit@10=0.0566  coverage@10=0.0395  perfect@10=0.0386  cross_page_hit=0.0508
  [uniform_a03_T1] mrr=0.0280  recall@10=0.0356  hit@10=0.0514  coverage@10=0.0356  perfect@10=0.0360  cross_page_hit=0.0508
  [uniform_a03_T2] mrr=0.0292  recall@10=0.0395  hit@10=0.0566  coverage@10=0.0395  perfect@10=0.0386  cross_page_hit=0.0508
  [uniform_a03_T3] mrr=0.0293  recall@10=0.0395  hit@10=0.0566  coverage@10=0.0395  perfect@10=0.0386  cross_page_hit=0.0508
  [uniform_a05_T2] mrr=0.0294  recall@10=0.0395  hit@10=0.0566  coverage@10=0.0395  perfect@10=0.0386  cross_page_hit=0.0508
  [wbase_a03_T2] mrr=0.0292  recall@10=0.0395  hit@10=0.0566  coverage@10=0.0395  perfect@10=0.0386  cross_page_hit=0.0508
  [wbase_role_a03_T2] mrr=0.0292  recall@10=0.0395  hit@10=0.0566  coverage@10=0.0395  perfect@10=0.0386  cross_page_hit=0.0508
  [wbase_vis_a03_T2] mrr=0.0292  recall@10=0.0395  hit@10=0.0566  coverage@10=0.0395  perfect@10=0.0386  cross_page_hit=0.0508
  [wfull_a03_T2] mrr=0.0292  recall@10=0.0395  hit@10=0.0566  coverage@10=0.0395  perfect@10=0.0386  cross_page_hit=0.0508
  [wfull_a01_T2] mrr=0.0283  recall@10=0.0395  hit@10=0.0566  coverage@10=0.0395  perfect@10=0.0386  cross_page_hit=0.0508
  [wfull_a05_T2] mrr=0.0294  recall@10=0.0395  hit@10=0.0566  coverage@10=0.0395  perfect@10=0.0386  cross_page_hit=0.0508
  [wfull_a07_T2] mrr=0.0294  recall@10=0.0433  hit@10=0.0591  coverage@10=0.0433  perfect@10=0.0437  cross_page_hit=0.0508
  [wfull_a03_T1] mrr=0.0280  recall@10=0.0356  hit@10=0.0514  coverage@10=0.0356  perfect@10=0.0360  cross_page_hit=0.0508
  [wfull_a03_T3] mrr=0.0293  recall@10=0.0395  hit@10=0.0566  coverage@10=0.0395  perfect@10=0.0386  cross_page_hit=0.0508
  [ppr_a015] mrr=0.0288  recall@10=0.0407  hit@10=0.0566  coverage@10=0.0407  perfect@10=0.0411  cross_page_hit=0.0508
  [ppr_a030] mrr=0.0289  recall@10=0.0395  hit@10=0.0566  coverage@10=0.0395  perfect@10=0.0386  cross_page_hit=0.0508
  [ppr_a050] mrr=0.0277  recall@10=0.0395  hit@10=0.0566  coverage@10=0.0395  perfect@10=0.0386  cross_page_hit=0.0508
  [ppr_a070] mrr=0.0276  recall@10=0.0395  hit@10=0.0566  coverage@10=0.0395  perfect@10=0.0386  cross_page_hit=0.0508
  [ppr_a085] mrr=0.0279  recall@10=0.0395  hit@10=0.0566  coverage@10=0.0395  perfect@10=0.0386  cross_page_hit=0.0508
  [ppr_unif_a030] mrr=0.0289  recall@10=0.0395  hit@10=0.0566  coverage@10=0.0395  perfect@10=0.0386  cross_page_hit=0.0508
  [ppr_unif_a050] mrr=0.0277  recall@10=0.0395  hit@10=0.0566  coverage@10=0.0395  perfect@10=0.0386  cross_page_hit=0.0508
  [prop_a03_T2] mrr=0.0292  recall@10=0.0395  hit@10=0.0566  coverage@10=0.0395  perfect@10=0.0386  cross_page_hit=0.0508
  [prop_a01_T2] mrr=0.0283  recall@10=0.0395  hit@10=0.0566  coverage@10=0.0395  perfect@10=0.0386  cross_page_hit=0.0508
  [prop_a05_T2] mrr=0.0294  recall@10=0.0395  hit@10=0.0566  coverage@10=0.0395  perfect@10=0.0386  cross_page_hit=0.0508
  [prop_a07_T2] mrr=0.0294  recall@10=0.0433  hit@10=0.0591  coverage@10=0.0433  perfect@10=0.0437  cross_page_hit=0.0508
  [prop_a03_T1] mrr=0.0280  recall@10=0.0356  hit@10=0.0514  coverage@10=0.0356  perfect@10=0.0360  cross_page_hit=0.0508
  [prop_a03_T3] mrr=0.0293  recall@10=0.0395  hit@10=0.0566  coverage@10=0.0395  perfect@10=0.0386  cross_page_hit=0.0508
[main1:107517:0:107517] Caught signal 11 (Segmentation fault: address not mapped to object at address 0x7fb10a9adec0)
==== backtrace (tid: 107517) ====
 0  /opt/hpcx/ucx/lib/libucs.so.0(ucs_handle_error+0x2e4) [0x7fb0f8d06774]
 1  /opt/hpcx/ucx/lib/libucs.so.0(+0x3796a) [0x7fb0f8d0696a]
 2  /opt/hpcx/ucx/lib/libucs.so.0(+0x37ba8) [0x7fb0f8d06ba8]
 3  /usr/lib/x86_64-linux-gnu/libc.so.6(+0x45330) [0x7fb10ac33330]
 4  /usr/lib/x86_64-linux-gnu/libnvidia-ml.so.575.51.03(+0x336c1) [0x7fb1042336c1]
 5  /usr/lib/x86_64-linux-gnu/libnvidia-ml.so.575.51.03(nvmlShutdown+0xe) [0x7fb10421cfae]
 6  /opt/kernel/libcudahook.ubuntu18.04.x86_64.so(+0xc3caf) [0x7fb10aec3caf]
 7  /opt/kernel/libcudahook.ubuntu18.04.x86_64.so(+0xc3d48) [0x7fb10aec3d48]
 8  /opt/kernel/libcudahook.ubuntu18.04.x86_64.so(+0xc3a2d) [0x7fb10aec3a2d]
 9  /lib64/ld-linux-x86-64.so.2(+0x10f2) [0x7fb10b9ad0f2]
10  /lib64/ld-linux-x86-64.so.2(+0x5578) [0x7fb10b9b1578]
11  /usr/lib/x86_64-linux-gnu/libc.so.6(+0x47a76) [0x7fb10ac35a76]
12  /usr/lib/x86_64-linux-gnu/libc.so.6(+0x47bbe) [0x7fb10ac35bbe]
13  /usr/lib/x86_64-linux-gnu/libc.so.6(+0x2a1d1) [0x7fb10ac181d1]
14  /usr/lib/x86_64-linux-gnu/libc.so.6(__libc_start_main+0x8b) [0x7fb10ac1828b]
15  /usr/bin/python(_start+0x25) [0x657ce5]
=================================
  eval exited with code -11 but eval.json looks complete — treating as success
  eval done in 5.5 min

=== Experiment m complete → /home/work/dl/dl_project/eval/results/experiments/m_shuffled_role/summary.json ===
