=== Experiment row o: no_query_pe_dropout ===
  description: (h) without query-side PE dropout — train/inference mismatch test
  output dir:  /home/work/dl/dl_project/eval/results/experiments/o_no_query_pe_dropout
  checkpoint:  ckpt/o_no_query_pe_dropout.pt

--- Training ---
$ /usr/bin/python -m pipeline.trainer --config o --out /home/work/dl/dl_project/eval/results/experiments/o_no_query_pe_dropout/train.json --save_ckpt ckpt/o_no_query_pe_dropout.pt
device: cuda
args: {'config': 'o', 'train_sample': 0, 'steps': 8000, 'batch': 16, 'pool': 12, 'lr': 3e-05, 'lora_rank': 8, 'tau': 0.07, 'lambda_cov': 0.3, 'lambda_cons': 0.5, 'use_gpe': 1, 'loss_type': 'grcl', 'infonce_threshold': 0.5, 'anchor_kind': 'mixed', 'warmup_steps': 200, 'weight_decay': 0.01, 'eval_every': 500, 'eval_cf_pairs': 200, 'eval_recall_n': 200, 'seed': 42, 'out': '/home/work/dl/dl_project/eval/results/experiments/o_no_query_pe_dropout/train.json', 'save_ckpt': 'ckpt/o_no_query_pe_dropout.pt', 'gamma': 0.5, 'gpe_facets': 'type,role,depth,pos', 'lora_alpha': 16, 'hf_id': 'google/siglip2-base-patch16-224', 'edge_types_only': None, 'query_pe_dropout': 0.0, 'section_role_mode': 'normal', 'tokens_per_visual': 0}

[1/3] loading SPIQA test-A (held-out eval)...
  loading element_graph_v2.json
    118 papers kept
  loading elements_v2.jsonl
    9,039 element records kept
  loading SPIQA_testA.json
    666 QA pairs kept
    caption_of: 1,115  refer_to: 1,191  (skipped 0 due to missing image)

[2/3] loading SPIQA train (sample N=0)...
  loading element_graph_v2.json
    25,459 papers kept
  loading elements_v2.jsonl
    1,873,124 element records kept
  loading SPIQA_train.json
    262,524 QA pairs kept
    caption_of: 262,524  refer_to: 231,101  (skipped 0 due to missing image)

[3/3] building encoder...
[ElementTokenEncoder] loading google/siglip2-base-patch16-224
Using a slow image processor as `use_fast` is unset and a slow processor was saved with this model. `use_fast=True` will be the default behavior in v4.52, even if the model was saved with a slow processor. This will result in minor differences in outputs. You'll still be able to use a slow processor with `use_fast=False`.
[ElementTokenEncoder] LoRA r=8 α=16 targets=['q_proj', 'k_proj', 'v_proj', 'out_proj'] applied (d_text=768, d_vision=768, cls=False)
trainable params: 1,191,936 || all params: 376,379,906 || trainable%: 0.3167

[eval 0] held-out test-A baseline...
  caption-figure cos: +0.1147
  Recall@1/5/10 (n=200): 0.0% / 0.0% / 0.0%
/home/work/dl/dl_project/pipeline/graph_pe.py:112: UserWarning: Converting a tensor with requires_grad=True to a scalar may lead to unexpected behavior.
Consider using tensor.detach() first. (Triggered internally at /opt/pytorch/pytorch/aten/src/ATen/native/Scalar.cpp:22.)
  "type": torch.sigmoid(self.raw_alpha_type).item(),
step    20  L_grcl=191.78  L_cov=55.49  L_cons=-0.000  L_tot=208.43  diag=+0.116  mix=[cap:104/ref:110/nl:106]  β=0.047  α_t=0.047  (17s)
step    40  L_grcl=189.55  L_cov=55.07  L_cons=-0.000  L_tot=206.07  diag=+0.136  mix=[cap:120/ref:109/nl:91]  β=0.047  α_t=0.047  (34s)
step    60  L_grcl=171.78  L_cov=50.22  L_cons=0.000  L_tot=186.85  diag=+0.177  mix=[cap:85/ref:117/nl:118]  β=0.047  α_t=0.047  (51s)
step    80  L_grcl=166.25  L_cov=45.31  L_cons=-0.000  L_tot=179.84  diag=+0.242  mix=[cap:105/ref:113/nl:102]  β=0.047  α_t=0.047  (68s)
step   100  L_grcl=142.18  L_cov=39.61  L_cons=-0.000  L_tot=154.06  diag=+0.346  mix=[cap:108/ref:109/nl:103]  β=0.047  α_t=0.047  (84s)
step   120  L_grcl=123.76  L_cov=30.79  L_cons=0.000  L_tot=132.99  diag=+0.469  mix=[cap:117/ref:113/nl:90]  β=0.047  α_t=0.047  (101s)
step   140  L_grcl= 86.56  L_cov=19.77  L_cons=-0.000  L_tot= 92.49  diag=+0.575  mix=[cap:99/ref:118/nl:103]  β=0.047  α_t=0.047  (117s)
step   160  L_grcl= 62.99  L_cov=11.48  L_cons=-0.000  L_tot= 66.43  diag=+0.654  mix=[cap:106/ref:117/nl:97]  β=0.047  α_t=0.047  (133s)
step   180  L_grcl= 46.16  L_cov= 5.96  L_cons=-0.000  L_tot= 47.95  diag=+0.694  mix=[cap:107/ref:99/nl:114]  β=0.047  α_t=0.047  (150s)
step   200  L_grcl= 33.41  L_cov= 3.13  L_cons=0.000  L_tot= 34.35  diag=+0.754  mix=[cap:112/ref:109/nl:99]  β=0.047  α_t=0.047  (166s)
step   220  L_grcl= 21.74  L_cov= 0.88  L_cons=-0.000  L_tot= 22.00  diag=+0.810  mix=[cap:129/ref:113/nl:78]  β=0.047  α_t=0.047  (182s)
step   240  L_grcl= 13.40  L_cov= 0.21  L_cons=-0.000  L_tot= 13.46  diag=+0.854  mix=[cap:124/ref:109/nl:87]  β=0.047  α_t=0.047  (199s)
step   260  L_grcl=  9.78  L_cov= 0.15  L_cons=-0.000  L_tot=  9.83  diag=+0.894  mix=[cap:106/ref:114/nl:100]  β=0.047  α_t=0.047  (215s)
step   280  L_grcl=  7.52  L_cov= 0.15  L_cons=-0.000  L_tot=  7.56  diag=+0.924  mix=[cap:96/ref:129/nl:95]  β=0.047  α_t=0.047  (231s)
step   300  L_grcl=  4.69  L_cov= 0.21  L_cons=0.000  L_tot=  4.76  diag=+0.943  mix=[cap:116/ref:99/nl:105]  β=0.047  α_t=0.047  (248s)
step   320  L_grcl=  3.91  L_cov= 0.24  L_cons=-0.000  L_tot=  3.98  diag=+0.961  mix=[cap:88/ref:126/nl:106]  β=0.047  α_t=0.047  (264s)
step   340  L_grcl=  3.05  L_cov= 0.31  L_cons=0.000  L_tot=  3.15  diag=+0.972  mix=[cap:120/ref:105/nl:95]  β=0.047  α_t=0.047  (281s)
step   360  L_grcl=  2.71  L_cov= 0.34  L_cons=0.000  L_tot=  2.82  diag=+0.981  mix=[cap:88/ref:120/nl:112]  β=0.047  α_t=0.047  (297s)
step   380  L_grcl=  2.38  L_cov= 0.36  L_cons=-0.000  L_tot=  2.49  diag=+0.986  mix=[cap:92/ref:113/nl:115]  β=0.047  α_t=0.047  (314s)
step   400  L_grcl=  2.52  L_cov= 0.35  L_cons=0.000  L_tot=  2.63  diag=+0.988  mix=[cap:108/ref:127/nl:85]  β=0.047  α_t=0.048  (330s)
step   420  L_grcl=  2.23  L_cov= 0.35  L_cons=0.000  L_tot=  2.33  diag=+0.991  mix=[cap:115/ref:111/nl:94]  β=0.047  α_t=0.048  (346s)
step   440  L_grcl=  2.15  L_cov= 0.35  L_cons=0.000  L_tot=  2.26  diag=+0.992  mix=[cap:113/ref:108/nl:99]  β=0.047  α_t=0.048  (363s)
step   460  L_grcl=  2.16  L_cov= 0.38  L_cons=0.000  L_tot=  2.27  diag=+0.993  mix=[cap:109/ref:104/nl:107]  β=0.047  α_t=0.048  (378s)
step   480  L_grcl=  2.12  L_cov= 0.40  L_cons=-0.000  L_tot=  2.24  diag=+0.993  mix=[cap:93/ref:121/nl:106]  β=0.047  α_t=0.048  (395s)
step   500  L_grcl=  2.06  L_cov= 0.38  L_cons=0.000  L_tot=  2.18  diag=+0.994  mix=[cap:131/ref:97/nl:92]  β=0.047  α_t=0.048  (412s)

  [eval @ step 500] held-out test-A...
    cap-fig cos: +0.9947  (Δ +0.8799)
    R@1/5/10: 9.0% / 36.0% / 66.5%  (Δ +9.0 / +36.0 / +66.5)
    [ckpt saved @ step 500 R@10=66.5%]

step   520  L_grcl=  2.07  L_cov= 0.39  L_cons=0.000  L_tot=  2.19  diag=+0.994  mix=[cap:105/ref:103/nl:112]  β=0.047  α_t=0.048  (445s)
step   540  L_grcl=  2.11  L_cov= 0.37  L_cons=0.000  L_tot=  2.23  diag=+0.994  mix=[cap:103/ref:125/nl:92]  β=0.047  α_t=0.048  (462s)
step   560  L_grcl=  2.10  L_cov= 0.40  L_cons=-0.000  L_tot=  2.22  diag=+0.995  mix=[cap:102/ref:121/nl:97]  β=0.047  α_t=0.048  (479s)
step   580  L_grcl=  2.03  L_cov= 0.38  L_cons=0.000  L_tot=  2.15  diag=+0.995  mix=[cap:111/ref:111/nl:98]  β=0.047  α_t=0.048  (495s)
step   600  L_grcl=  2.09  L_cov= 0.40  L_cons=0.000  L_tot=  2.21  diag=+0.995  mix=[cap:98/ref:120/nl:102]  β=0.047  α_t=0.048  (512s)
step   620  L_grcl=  2.01  L_cov= 0.39  L_cons=-0.000  L_tot=  2.13  diag=+0.995  mix=[cap:108/ref:114/nl:98]  β=0.047  α_t=0.048  (529s)
step   640  L_grcl=  2.02  L_cov= 0.40  L_cons=-0.000  L_tot=  2.14  diag=+0.995  mix=[cap:108/ref:106/nl:106]  β=0.047  α_t=0.048  (545s)
step   660  L_grcl=  2.05  L_cov= 0.38  L_cons=-0.000  L_tot=  2.16  diag=+0.995  mix=[cap:100/ref:115/nl:105]  β=0.047  α_t=0.048  (562s)
step   680  L_grcl=  2.06  L_cov= 0.39  L_cons=0.000  L_tot=  2.17  diag=+0.995  mix=[cap:99/ref:113/nl:108]  β=0.047  α_t=0.048  (578s)
step   700  L_grcl=  2.10  L_cov= 0.40  L_cons=0.000  L_tot=  2.22  diag=+0.995  mix=[cap:94/ref:116/nl:110]  β=0.047  α_t=0.048  (594s)
step   720  L_grcl=  2.06  L_cov= 0.41  L_cons=0.000  L_tot=  2.18  diag=+0.995  mix=[cap:100/ref:116/nl:104]  β=0.047  α_t=0.048  (611s)
step   740  L_grcl=  2.04  L_cov= 0.41  L_cons=0.000  L_tot=  2.16  diag=+0.995  mix=[cap:106/ref:104/nl:110]  β=0.047  α_t=0.048  (627s)
step   760  L_grcl=  2.07  L_cov= 0.41  L_cons=-0.000  L_tot=  2.19  diag=+0.995  mix=[cap:97/ref:102/nl:121]  β=0.047  α_t=0.048  (643s)
step   780  L_grcl=  2.05  L_cov= 0.41  L_cons=0.000  L_tot=  2.17  diag=+0.995  mix=[cap:93/ref:107/nl:120]  β=0.047  α_t=0.048  (660s)
step   800  L_grcl=  2.01  L_cov= 0.39  L_cons=-0.000  L_tot=  2.13  diag=+0.994  mix=[cap:98/ref:102/nl:120]  β=0.047  α_t=0.048  (676s)
step   820  L_grcl=  2.02  L_cov= 0.38  L_cons=0.000  L_tot=  2.14  diag=+0.995  mix=[cap:108/ref:107/nl:105]  β=0.047  α_t=0.048  (692s)
step   840  L_grcl=  2.03  L_cov= 0.38  L_cons=0.000  L_tot=  2.14  diag=+0.995  mix=[cap:106/ref:117/nl:97]  β=0.047  α_t=0.048  (709s)
step   860  L_grcl=  2.05  L_cov= 0.40  L_cons=0.000  L_tot=  2.17  diag=+0.995  mix=[cap:92/ref:117/nl:111]  β=0.047  α_t=0.049  (725s)
step   880  L_grcl=  2.02  L_cov= 0.39  L_cons=0.000  L_tot=  2.13  diag=+0.995  mix=[cap:99/ref:112/nl:109]  β=0.047  α_t=0.049  (744s)
step   900  L_grcl=  2.05  L_cov= 0.39  L_cons=0.000  L_tot=  2.17  diag=+0.995  mix=[cap:108/ref:106/nl:106]  β=0.048  α_t=0.049  (760s)
step   920  L_grcl=  2.00  L_cov= 0.39  L_cons=0.000  L_tot=  2.11  diag=+0.996  mix=[cap:91/ref:123/nl:106]  β=0.048  α_t=0.049  (777s)
step   940  L_grcl=  2.01  L_cov= 0.40  L_cons=0.000  L_tot=  2.13  diag=+0.995  mix=[cap:104/ref:108/nl:108]  β=0.048  α_t=0.049  (793s)
step   960  L_grcl=  1.97  L_cov= 0.38  L_cons=-0.000  L_tot=  2.09  diag=+0.995  mix=[cap:101/ref:101/nl:118]  β=0.048  α_t=0.049  (809s)
step   980  L_grcl=  2.02  L_cov= 0.39  L_cons=0.000  L_tot=  2.14  diag=+0.995  mix=[cap:85/ref:117/nl:118]  β=0.048  α_t=0.049  (826s)
step  1000  L_grcl=  1.93  L_cov= 0.38  L_cons=-0.000  L_tot=  2.05  diag=+0.995  mix=[cap:118/ref:118/nl:84]  β=0.048  α_t=0.049  (842s)

  [eval @ step 1000] held-out test-A...
    cap-fig cos: +0.9955  (Δ +0.8807)
    R@1/5/10: 7.5% / 42.5% / 75.0%  (Δ +7.5 / +42.5 / +75.0)
    [ckpt saved @ step 1000 R@10=75.0%]

step  1020  L_grcl=  2.06  L_cov= 0.39  L_cons=-0.000  L_tot=  2.18  diag=+0.995  mix=[cap:119/ref:113/nl:88]  β=0.048  α_t=0.049  (875s)
step  1040  L_grcl=  1.96  L_cov= 0.39  L_cons=0.000  L_tot=  2.08  diag=+0.995  mix=[cap:106/ref:107/nl:107]  β=0.048  α_t=0.049  (892s)
step  1060  L_grcl=  2.06  L_cov= 0.38  L_cons=0.000  L_tot=  2.18  diag=+0.995  mix=[cap:107/ref:110/nl:103]  β=0.048  α_t=0.049  (909s)
step  1080  L_grcl=  1.96  L_cov= 0.37  L_cons=0.000  L_tot=  2.07  diag=+0.995  mix=[cap:112/ref:112/nl:96]  β=0.048  α_t=0.049  (926s)
step  1100  L_grcl=  2.04  L_cov= 0.39  L_cons=-0.000  L_tot=  2.16  diag=+0.995  mix=[cap:105/ref:116/nl:99]  β=0.048  α_t=0.049  (942s)
step  1120  L_grcl=  2.01  L_cov= 0.40  L_cons=0.000  L_tot=  2.13  diag=+0.995  mix=[cap:121/ref:89/nl:110]  β=0.048  α_t=0.049  (959s)
step  1140  L_grcl=  2.04  L_cov= 0.40  L_cons=0.000  L_tot=  2.16  diag=+0.995  mix=[cap:111/ref:98/nl:111]  β=0.048  α_t=0.049  (975s)
step  1160  L_grcl=  1.93  L_cov= 0.39  L_cons=0.000  L_tot=  2.04  diag=+0.995  mix=[cap:121/ref:95/nl:104]  β=0.048  α_t=0.049  (992s)
step  1180  L_grcl=  1.95  L_cov= 0.37  L_cons=0.000  L_tot=  2.06  diag=+0.994  mix=[cap:121/ref:113/nl:86]  β=0.048  α_t=0.049  (1008s)
step  1200  L_grcl=  1.96  L_cov= 0.37  L_cons=-0.000  L_tot=  2.07  diag=+0.994  mix=[cap:112/ref:99/nl:109]  β=0.048  α_t=0.049  (1025s)
step  1220  L_grcl=  1.95  L_cov= 0.37  L_cons=0.000  L_tot=  2.06  diag=+0.995  mix=[cap:105/ref:109/nl:106]  β=0.048  α_t=0.049  (1041s)
step  1240  L_grcl=  2.00  L_cov= 0.38  L_cons=-0.000  L_tot=  2.12  diag=+0.995  mix=[cap:111/ref:102/nl:107]  β=0.048  α_t=0.049  (1057s)
step  1260  L_grcl=  2.09  L_cov= 0.37  L_cons=0.000  L_tot=  2.20  diag=+0.995  mix=[cap:104/ref:121/nl:95]  β=0.048  α_t=0.049  (1073s)
step  1280  L_grcl=  1.98  L_cov= 0.40  L_cons=0.000  L_tot=  2.10  diag=+0.995  mix=[cap:110/ref:105/nl:105]  β=0.048  α_t=0.049  (1090s)
step  1300  L_grcl=  2.01  L_cov= 0.38  L_cons=0.000  L_tot=  2.12  diag=+0.995  mix=[cap:107/ref:132/nl:81]  β=0.048  α_t=0.049  (1107s)
step  1320  L_grcl=  1.97  L_cov= 0.39  L_cons=0.000  L_tot=  2.09  diag=+0.995  mix=[cap:104/ref:125/nl:91]  β=0.048  α_t=0.049  (1123s)
step  1340  L_grcl=  1.99  L_cov= 0.38  L_cons=0.000  L_tot=  2.11  diag=+0.995  mix=[cap:110/ref:103/nl:107]  β=0.048  α_t=0.049  (1140s)
step  1360  L_grcl=  2.03  L_cov= 0.41  L_cons=0.000  L_tot=  2.15  diag=+0.995  mix=[cap:90/ref:108/nl:122]  β=0.048  α_t=0.049  (1156s)
step  1380  L_grcl=  1.97  L_cov= 0.40  L_cons=0.000  L_tot=  2.09  diag=+0.995  mix=[cap:111/ref:104/nl:105]  β=0.048  α_t=0.049  (1173s)
step  1400  L_grcl=  1.97  L_cov= 0.38  L_cons=0.000  L_tot=  2.08  diag=+0.995  mix=[cap:110/ref:99/nl:111]  β=0.048  α_t=0.050  (1190s)
step  1420  L_grcl=  1.96  L_cov= 0.37  L_cons=0.000  L_tot=  2.07  diag=+0.995  mix=[cap:106/ref:120/nl:94]  β=0.048  α_t=0.050  (1206s)
step  1440  L_grcl=  1.99  L_cov= 0.38  L_cons=-0.000  L_tot=  2.10  diag=+0.995  mix=[cap:102/ref:107/nl:111]  β=0.048  α_t=0.050  (1223s)
step  1460  L_grcl=  2.01  L_cov= 0.39  L_cons=0.000  L_tot=  2.12  diag=+0.995  mix=[cap:99/ref:114/nl:107]  β=0.048  α_t=0.050  (1239s)
step  1480  L_grcl=  1.95  L_cov= 0.40  L_cons=0.000  L_tot=  2.07  diag=+0.995  mix=[cap:104/ref:88/nl:128]  β=0.048  α_t=0.050  (1256s)
step  1500  L_grcl=  1.95  L_cov= 0.36  L_cons=0.000  L_tot=  2.06  diag=+0.994  mix=[cap:97/ref:108/nl:115]  β=0.048  α_t=0.050  (1272s)

  [eval @ step 1500] held-out test-A...
    cap-fig cos: +0.9954  (Δ +0.8806)
    R@1/5/10: 11.0% / 43.0% / 74.0%  (Δ +11.0 / +43.0 / +74.0)

step  1520  L_grcl=  2.03  L_cov= 0.39  L_cons=-0.000  L_tot=  2.15  diag=+0.995  mix=[cap:101/ref:112/nl:107]  β=0.048  α_t=0.050  (1300s)
step  1540  L_grcl=  1.94  L_cov= 0.39  L_cons=0.000  L_tot=  2.06  diag=+0.995  mix=[cap:108/ref:108/nl:104]  β=0.048  α_t=0.050  (1316s)
step  1560  L_grcl=  1.96  L_cov= 0.38  L_cons=0.000  L_tot=  2.07  diag=+0.994  mix=[cap:102/ref:104/nl:114]  β=0.048  α_t=0.050  (1333s)
step  1580  L_grcl=  2.02  L_cov= 0.39  L_cons=0.000  L_tot=  2.14  diag=+0.995  mix=[cap:78/ref:129/nl:113]  β=0.048  α_t=0.050  (1350s)
step  1600  L_grcl=  1.94  L_cov= 0.39  L_cons=0.000  L_tot=  2.06  diag=+0.995  mix=[cap:113/ref:109/nl:98]  β=0.048  α_t=0.050  (1367s)
step  1620  L_grcl=  2.00  L_cov= 0.38  L_cons=0.000  L_tot=  2.11  diag=+0.995  mix=[cap:95/ref:110/nl:115]  β=0.048  α_t=0.050  (1384s)
step  1640  L_grcl=  1.94  L_cov= 0.38  L_cons=0.000  L_tot=  2.05  diag=+0.995  mix=[cap:105/ref:103/nl:112]  β=0.048  α_t=0.050  (1400s)
step  1660  L_grcl=  1.98  L_cov= 0.40  L_cons=0.000  L_tot=  2.10  diag=+0.995  mix=[cap:99/ref:102/nl:119]  β=0.048  α_t=0.050  (1417s)
step  1680  L_grcl=  1.96  L_cov= 0.38  L_cons=0.000  L_tot=  2.07  diag=+0.995  mix=[cap:115/ref:98/nl:107]  β=0.048  α_t=0.050  (1433s)
step  1700  L_grcl=  1.97  L_cov= 0.38  L_cons=0.000  L_tot=  2.08  diag=+0.995  mix=[cap:94/ref:118/nl:108]  β=0.048  α_t=0.050  (1450s)
step  1720  L_grcl=  2.02  L_cov= 0.39  L_cons=0.000  L_tot=  2.13  diag=+0.995  mix=[cap:102/ref:105/nl:113]  β=0.048  α_t=0.050  (1467s)
step  1740  L_grcl=  1.95  L_cov= 0.38  L_cons=0.000  L_tot=  2.07  diag=+0.995  mix=[cap:108/ref:111/nl:101]  β=0.048  α_t=0.050  (1483s)
step  1760  L_grcl=  2.02  L_cov= 0.38  L_cons=0.000  L_tot=  2.14  diag=+0.995  mix=[cap:114/ref:98/nl:108]  β=0.048  α_t=0.050  (1500s)
step  1780  L_grcl=  1.97  L_cov= 0.37  L_cons=-0.000  L_tot=  2.09  diag=+0.995  mix=[cap:115/ref:92/nl:113]  β=0.048  α_t=0.050  (1516s)
step  1800  L_grcl=  1.90  L_cov= 0.37  L_cons=0.000  L_tot=  2.01  diag=+0.995  mix=[cap:115/ref:97/nl:108]  β=0.048  α_t=0.050  (1533s)
step  1820  L_grcl=  1.96  L_cov= 0.37  L_cons=0.000  L_tot=  2.07  diag=+0.995  mix=[cap:116/ref:109/nl:95]  β=0.048  α_t=0.050  (1549s)
step  1840  L_grcl=  2.00  L_cov= 0.37  L_cons=0.000  L_tot=  2.11  diag=+0.994  mix=[cap:90/ref:115/nl:115]  β=0.048  α_t=0.050  (1566s)
step  1860  L_grcl=  2.01  L_cov= 0.39  L_cons=0.000  L_tot=  2.13  diag=+0.995  mix=[cap:97/ref:120/nl:103]  β=0.048  α_t=0.050  (1582s)
step  1880  L_grcl=  1.91  L_cov= 0.37  L_cons=0.000  L_tot=  2.02  diag=+0.995  mix=[cap:108/ref:116/nl:96]  β=0.048  α_t=0.050  (1599s)
step  1900  L_grcl=  1.95  L_cov= 0.37  L_cons=0.000  L_tot=  2.06  diag=+0.994  mix=[cap:106/ref:111/nl:103]  β=0.048  α_t=0.050  (1615s)
step  1920  L_grcl=  1.98  L_cov= 0.36  L_cons=-0.000  L_tot=  2.08  diag=+0.994  mix=[cap:94/ref:115/nl:111]  β=0.049  α_t=0.050  (1632s)
step  1940  L_grcl=  1.97  L_cov= 0.38  L_cons=0.000  L_tot=  2.08  diag=+0.995  mix=[cap:117/ref:98/nl:105]  β=0.049  α_t=0.050  (1649s)
step  1960  L_grcl=  1.97  L_cov= 0.37  L_cons=0.000  L_tot=  2.08  diag=+0.994  mix=[cap:99/ref:112/nl:109]  β=0.049  α_t=0.050  (1665s)
step  1980  L_grcl=  1.99  L_cov= 0.38  L_cons=-0.000  L_tot=  2.10  diag=+0.995  mix=[cap:104/ref:98/nl:118]  β=0.049  α_t=0.050  (1681s)
step  2000  L_grcl=  1.92  L_cov= 0.38  L_cons=0.000  L_tot=  2.03  diag=+0.994  mix=[cap:107/ref:95/nl:118]  β=0.049  α_t=0.050  (1698s)

  [eval @ step 2000] held-out test-A...
    cap-fig cos: +0.9953  (Δ +0.8806)
    R@1/5/10: 9.0% / 43.0% / 75.5%  (Δ +9.0 / +43.0 / +75.5)
    [ckpt saved @ step 2000 R@10=75.5%]

step  2020  L_grcl=  1.92  L_cov= 0.36  L_cons=0.000  L_tot=  2.03  diag=+0.994  mix=[cap:120/ref:91/nl:109]  β=0.049  α_t=0.050  (1731s)
step  2040  L_grcl=  1.97  L_cov= 0.37  L_cons=0.000  L_tot=  2.08  diag=+0.994  mix=[cap:104/ref:117/nl:99]  β=0.049  α_t=0.050  (1747s)
step  2060  L_grcl=  1.91  L_cov= 0.35  L_cons=-0.000  L_tot=  2.01  diag=+0.995  mix=[cap:112/ref:110/nl:98]  β=0.049  α_t=0.051  (1763s)
step  2080  L_grcl=  1.95  L_cov= 0.38  L_cons=0.000  L_tot=  2.07  diag=+0.994  mix=[cap:112/ref:99/nl:109]  β=0.049  α_t=0.051  (1779s)
step  2100  L_grcl=  1.96  L_cov= 0.37  L_cons=0.000  L_tot=  2.08  diag=+0.994  mix=[cap:109/ref:108/nl:103]  β=0.049  α_t=0.051  (1797s)
step  2120  L_grcl=  1.93  L_cov= 0.35  L_cons=0.000  L_tot=  2.03  diag=+0.994  mix=[cap:119/ref:115/nl:86]  β=0.049  α_t=0.051  (1813s)
step  2140  L_grcl=  1.96  L_cov= 0.37  L_cons=0.000  L_tot=  2.07  diag=+0.994  mix=[cap:102/ref:111/nl:107]  β=0.049  α_t=0.051  (1830s)
step  2160  L_grcl=  1.98  L_cov= 0.38  L_cons=0.000  L_tot=  2.09  diag=+0.994  mix=[cap:96/ref:111/nl:113]  β=0.049  α_t=0.051  (1846s)
step  2180  L_grcl=  1.95  L_cov= 0.38  L_cons=-0.000  L_tot=  2.06  diag=+0.995  mix=[cap:96/ref:114/nl:110]  β=0.049  α_t=0.051  (1862s)
step  2200  L_grcl=  1.97  L_cov= 0.37  L_cons=0.000  L_tot=  2.08  diag=+0.994  mix=[cap:92/ref:116/nl:112]  β=0.049  α_t=0.051  (1879s)
step  2220  L_grcl=  1.94  L_cov= 0.37  L_cons=0.000  L_tot=  2.05  diag=+0.995  mix=[cap:97/ref:110/nl:113]  β=0.049  α_t=0.051  (1895s)
step  2240  L_grcl=  2.00  L_cov= 0.39  L_cons=0.000  L_tot=  2.12  diag=+0.995  mix=[cap:95/ref:116/nl:109]  β=0.049  α_t=0.051  (1912s)
step  2260  L_grcl=  2.00  L_cov= 0.39  L_cons=0.000  L_tot=  2.12  diag=+0.995  mix=[cap:111/ref:94/nl:115]  β=0.049  α_t=0.051  (1928s)
step  2280  L_grcl=  1.96  L_cov= 0.37  L_cons=-0.000  L_tot=  2.07  diag=+0.995  mix=[cap:93/ref:119/nl:108]  β=0.049  α_t=0.051  (1945s)
step  2300  L_grcl=  1.89  L_cov= 0.37  L_cons=0.000  L_tot=  2.00  diag=+0.994  mix=[cap:117/ref:102/nl:101]  β=0.049  α_t=0.051  (1961s)
step  2320  L_grcl=  1.95  L_cov= 0.35  L_cons=-0.000  L_tot=  2.06  diag=+0.994  mix=[cap:113/ref:100/nl:107]  β=0.049  α_t=0.051  (1977s)
step  2340  L_grcl=  1.95  L_cov= 0.37  L_cons=0.000  L_tot=  2.06  diag=+0.994  mix=[cap:100/ref:105/nl:115]  β=0.049  α_t=0.051  (1994s)
step  2360  L_grcl=  1.93  L_cov= 0.37  L_cons=0.000  L_tot=  2.04  diag=+0.994  mix=[cap:108/ref:111/nl:101]  β=0.049  α_t=0.051  (2010s)
step  2380  L_grcl=  1.97  L_cov= 0.37  L_cons=0.000  L_tot=  2.08  diag=+0.995  mix=[cap:100/ref:110/nl:110]  β=0.049  α_t=0.051  (2026s)
step  2400  L_grcl=  1.94  L_cov= 0.38  L_cons=0.000  L_tot=  2.06  diag=+0.994  mix=[cap:103/ref:100/nl:117]  β=0.049  α_t=0.051  (2043s)
step  2420  L_grcl=  1.87  L_cov= 0.36  L_cons=0.000  L_tot=  1.97  diag=+0.994  mix=[cap:131/ref:95/nl:94]  β=0.049  α_t=0.051  (2059s)
step  2440  L_grcl=  1.98  L_cov= 0.36  L_cons=0.000  L_tot=  2.09  diag=+0.994  mix=[cap:112/ref:106/nl:102]  β=0.049  α_t=0.051  (2075s)
step  2460  L_grcl=  2.00  L_cov= 0.38  L_cons=-0.000  L_tot=  2.11  diag=+0.995  mix=[cap:97/ref:114/nl:109]  β=0.049  α_t=0.051  (2091s)
step  2480  L_grcl=  1.94  L_cov= 0.37  L_cons=0.000  L_tot=  2.05  diag=+0.995  mix=[cap:119/ref:101/nl:100]  β=0.049  α_t=0.051  (2108s)
step  2500  L_grcl=  1.93  L_cov= 0.36  L_cons=0.000  L_tot=  2.04  diag=+0.994  mix=[cap:103/ref:115/nl:102]  β=0.049  α_t=0.051  (2125s)

  [eval @ step 2500] held-out test-A...
    cap-fig cos: +0.9952  (Δ +0.8805)
    R@1/5/10: 9.0% / 48.0% / 79.0%  (Δ +9.0 / +48.0 / +79.0)
    [ckpt saved @ step 2500 R@10=79.0%]

step  2520  L_grcl=  1.96  L_cov= 0.37  L_cons=0.000  L_tot=  2.07  diag=+0.995  mix=[cap:115/ref:108/nl:97]  β=0.049  α_t=0.051  (2158s)
step  2540  L_grcl=  1.97  L_cov= 0.38  L_cons=-0.000  L_tot=  2.08  diag=+0.995  mix=[cap:97/ref:114/nl:109]  β=0.049  α_t=0.051  (2175s)
step  2560  L_grcl=  1.91  L_cov= 0.36  L_cons=-0.000  L_tot=  2.02  diag=+0.994  mix=[cap:109/ref:93/nl:118]  β=0.049  α_t=0.051  (2192s)
step  2580  L_grcl=  1.89  L_cov= 0.36  L_cons=-0.000  L_tot=  2.00  diag=+0.994  mix=[cap:108/ref:104/nl:108]  β=0.049  α_t=0.051  (2208s)
step  2600  L_grcl=  1.91  L_cov= 0.36  L_cons=0.000  L_tot=  2.02  diag=+0.994  mix=[cap:102/ref:121/nl:97]  β=0.049  α_t=0.051  (2223s)
step  2620  L_grcl=  1.90  L_cov= 0.37  L_cons=-0.000  L_tot=  2.01  diag=+0.994  mix=[cap:102/ref:101/nl:117]  β=0.049  α_t=0.051  (2240s)
step  2640  L_grcl=  1.93  L_cov= 0.36  L_cons=0.000  L_tot=  2.04  diag=+0.994  mix=[cap:106/ref:104/nl:110]  β=0.049  α_t=0.051  (2257s)
step  2660  L_grcl=  1.92  L_cov= 0.36  L_cons=-0.000  L_tot=  2.03  diag=+0.994  mix=[cap:105/ref:95/nl:120]  β=0.049  α_t=0.051  (2273s)
step  2680  L_grcl=  1.96  L_cov= 0.37  L_cons=0.000  L_tot=  2.07  diag=+0.994  mix=[cap:116/ref:100/nl:104]  β=0.049  α_t=0.051  (2290s)
step  2700  L_grcl=  1.89  L_cov= 0.35  L_cons=0.000  L_tot=  1.99  diag=+0.994  mix=[cap:103/ref:114/nl:103]  β=0.049  α_t=0.051  (2306s)
step  2720  L_grcl=  1.94  L_cov= 0.37  L_cons=-0.000  L_tot=  2.05  diag=+0.994  mix=[cap:101/ref:96/nl:123]  β=0.049  α_t=0.051  (2322s)
step  2740  L_grcl=  1.85  L_cov= 0.36  L_cons=0.000  L_tot=  1.96  diag=+0.994  mix=[cap:112/ref:95/nl:113]  β=0.050  α_t=0.051  (2338s)
step  2760  L_grcl=  2.00  L_cov= 0.35  L_cons=0.000  L_tot=  2.10  diag=+0.994  mix=[cap:99/ref:129/nl:92]  β=0.050  α_t=0.051  (2355s)
step  2780  L_grcl=  1.92  L_cov= 0.36  L_cons=0.000  L_tot=  2.02  diag=+0.994  mix=[cap:106/ref:112/nl:102]  β=0.050  α_t=0.051  (2371s)
step  2800  L_grcl=  1.90  L_cov= 0.37  L_cons=0.000  L_tot=  2.01  diag=+0.994  mix=[cap:108/ref:114/nl:98]  β=0.050  α_t=0.051  (2388s)
step  2820  L_grcl=  1.92  L_cov= 0.35  L_cons=0.000  L_tot=  2.03  diag=+0.994  mix=[cap:116/ref:97/nl:107]  β=0.050  α_t=0.052  (2404s)
step  2840  L_grcl=  1.92  L_cov= 0.37  L_cons=0.000  L_tot=  2.03  diag=+0.994  mix=[cap:101/ref:103/nl:116]  β=0.050  α_t=0.052  (2420s)
step  2860  L_grcl=  1.98  L_cov= 0.37  L_cons=0.000  L_tot=  2.09  diag=+0.995  mix=[cap:112/ref:102/nl:106]  β=0.050  α_t=0.052  (2437s)
step  2880  L_grcl=  1.92  L_cov= 0.36  L_cons=0.000  L_tot=  2.03  diag=+0.995  mix=[cap:113/ref:117/nl:90]  β=0.050  α_t=0.052  (2453s)
step  2900  L_grcl=  1.96  L_cov= 0.36  L_cons=0.000  L_tot=  2.07  diag=+0.994  mix=[cap:106/ref:110/nl:104]  β=0.050  α_t=0.052  (2470s)
step  2920  L_grcl=  1.86  L_cov= 0.35  L_cons=0.000  L_tot=  1.97  diag=+0.994  mix=[cap:119/ref:102/nl:99]  β=0.050  α_t=0.052  (2486s)
step  2940  L_grcl=  1.85  L_cov= 0.34  L_cons=0.000  L_tot=  1.96  diag=+0.993  mix=[cap:106/ref:98/nl:116]  β=0.050  α_t=0.052  (2502s)
step  2960  L_grcl=  2.02  L_cov= 0.35  L_cons=0.000  L_tot=  2.13  diag=+0.994  mix=[cap:110/ref:106/nl:104]  β=0.050  α_t=0.052  (2518s)
step  2980  L_grcl=  1.90  L_cov= 0.36  L_cons=-0.000  L_tot=  2.01  diag=+0.995  mix=[cap:111/ref:109/nl:100]  β=0.050  α_t=0.052  (2534s)
step  3000  L_grcl=  1.87  L_cov= 0.35  L_cons=0.000  L_tot=  1.98  diag=+0.993  mix=[cap:111/ref:110/nl:99]  β=0.050  α_t=0.052  (2551s)

  [eval @ step 3000] held-out test-A...
    cap-fig cos: +0.9946  (Δ +0.8799)
    R@1/5/10: 11.5% / 42.5% / 70.5%  (Δ +11.5 / +42.5 / +70.5)

step  3020  L_grcl=  1.95  L_cov= 0.36  L_cons=0.000  L_tot=  2.05  diag=+0.993  mix=[cap:96/ref:109/nl:115]  β=0.050  α_t=0.052  (2579s)
step  3040  L_grcl=  1.89  L_cov= 0.38  L_cons=0.000  L_tot=  2.01  diag=+0.993  mix=[cap:104/ref:104/nl:112]  β=0.050  α_t=0.052  (2596s)
step  3060  L_grcl=  1.93  L_cov= 0.34  L_cons=0.000  L_tot=  2.04  diag=+0.993  mix=[cap:101/ref:121/nl:98]  β=0.050  α_t=0.052  (2612s)
step  3080  L_grcl=  1.95  L_cov= 0.36  L_cons=0.000  L_tot=  2.06  diag=+0.994  mix=[cap:96/ref:116/nl:108]  β=0.050  α_t=0.052  (2629s)
step  3100  L_grcl=  1.93  L_cov= 0.35  L_cons=0.000  L_tot=  2.04  diag=+0.994  mix=[cap:106/ref:108/nl:106]  β=0.050  α_t=0.052  (2645s)
step  3120  L_grcl=  1.92  L_cov= 0.35  L_cons=0.000  L_tot=  2.03  diag=+0.994  mix=[cap:106/ref:119/nl:95]  β=0.050  α_t=0.052  (2661s)
step  3140  L_grcl=  1.90  L_cov= 0.37  L_cons=-0.000  L_tot=  2.01  diag=+0.994  mix=[cap:115/ref:108/nl:97]  β=0.050  α_t=0.052  (2678s)
step  3160  L_grcl=  1.86  L_cov= 0.35  L_cons=0.000  L_tot=  1.97  diag=+0.993  mix=[cap:110/ref:105/nl:105]  β=0.050  α_t=0.052  (2694s)
step  3180  L_grcl=  1.93  L_cov= 0.35  L_cons=0.000  L_tot=  2.03  diag=+0.992  mix=[cap:92/ref:113/nl:115]  β=0.050  α_t=0.052  (2711s)
step  3200  L_grcl=  1.88  L_cov= 0.34  L_cons=0.000  L_tot=  1.99  diag=+0.992  mix=[cap:102/ref:118/nl:100]  β=0.050  α_t=0.052  (2727s)
step  3220  L_grcl=  1.87  L_cov= 0.34  L_cons=0.000  L_tot=  1.97  diag=+0.993  mix=[cap:111/ref:108/nl:101]  β=0.050  α_t=0.052  (2743s)
step  3240  L_grcl=  1.91  L_cov= 0.34  L_cons=0.000  L_tot=  2.01  diag=+0.993  mix=[cap:109/ref:100/nl:111]  β=0.050  α_t=0.052  (2760s)
step  3260  L_grcl=  1.92  L_cov= 0.35  L_cons=0.000  L_tot=  2.02  diag=+0.994  mix=[cap:115/ref:114/nl:91]  β=0.050  α_t=0.052  (2776s)
step  3280  L_grcl=  1.95  L_cov= 0.36  L_cons=0.000  L_tot=  2.06  diag=+0.994  mix=[cap:97/ref:115/nl:108]  β=0.050  α_t=0.052  (2793s)
step  3300  L_grcl=  1.93  L_cov= 0.37  L_cons=0.000  L_tot=  2.04  diag=+0.993  mix=[cap:98/ref:110/nl:112]  β=0.050  α_t=0.052  (2810s)
step  3320  L_grcl=  1.91  L_cov= 0.35  L_cons=0.000  L_tot=  2.02  diag=+0.994  mix=[cap:108/ref:116/nl:96]  β=0.050  α_t=0.052  (2826s)
step  3340  L_grcl=  1.92  L_cov= 0.35  L_cons=0.000  L_tot=  2.03  diag=+0.993  mix=[cap:102/ref:105/nl:113]  β=0.050  α_t=0.052  (2843s)
step  3360  L_grcl=  1.94  L_cov= 0.37  L_cons=0.000  L_tot=  2.05  diag=+0.994  mix=[cap:101/ref:115/nl:104]  β=0.050  α_t=0.052  (2859s)
step  3380  L_grcl=  1.89  L_cov= 0.34  L_cons=0.000  L_tot=  1.99  diag=+0.993  mix=[cap:113/ref:109/nl:98]  β=0.050  α_t=0.052  (2875s)
step  3400  L_grcl=  1.94  L_cov= 0.35  L_cons=-0.000  L_tot=  2.05  diag=+0.993  mix=[cap:107/ref:126/nl:87]  β=0.050  α_t=0.052  (2892s)
step  3420  L_grcl=  1.93  L_cov= 0.38  L_cons=0.000  L_tot=  2.04  diag=+0.993  mix=[cap:103/ref:107/nl:110]  β=0.050  α_t=0.052  (2908s)
step  3440  L_grcl=  1.88  L_cov= 0.36  L_cons=0.000  L_tot=  1.99  diag=+0.993  mix=[cap:99/ref:104/nl:117]  β=0.050  α_t=0.052  (2924s)
step  3460  L_grcl=  1.85  L_cov= 0.34  L_cons=0.000  L_tot=  1.95  diag=+0.993  mix=[cap:106/ref:116/nl:98]  β=0.051  α_t=0.052  (2941s)
step  3480  L_grcl=  1.89  L_cov= 0.35  L_cons=-0.000  L_tot=  1.99  diag=+0.992  mix=[cap:105/ref:110/nl:105]  β=0.051  α_t=0.052  (2957s)
step  3500  L_grcl=  1.90  L_cov= 0.34  L_cons=0.000  L_tot=  2.00  diag=+0.992  mix=[cap:106/ref:113/nl:101]  β=0.051  α_t=0.052  (2974s)

  [eval @ step 3500] held-out test-A...
    cap-fig cos: +0.9942  (Δ +0.8795)
    R@1/5/10: 7.5% / 51.0% / 78.5%  (Δ +7.5 / +51.0 / +78.5)

step  3520  L_grcl=  1.93  L_cov= 0.35  L_cons=-0.000  L_tot=  2.03  diag=+0.992  mix=[cap:98/ref:122/nl:100]  β=0.051  α_t=0.052  (3002s)
step  3540  L_grcl=  1.93  L_cov= 0.35  L_cons=0.000  L_tot=  2.03  diag=+0.993  mix=[cap:100/ref:117/nl:103]  β=0.051  α_t=0.052  (3019s)
step  3560  L_grcl=  1.92  L_cov= 0.35  L_cons=0.000  L_tot=  2.02  diag=+0.993  mix=[cap:107/ref:113/nl:100]  β=0.051  α_t=0.052  (3035s)
step  3580  L_grcl=  1.89  L_cov= 0.35  L_cons=0.000  L_tot=  1.99  diag=+0.993  mix=[cap:111/ref:91/nl:118]  β=0.051  α_t=0.052  (3052s)
step  3600  L_grcl=  1.86  L_cov= 0.35  L_cons=0.000  L_tot=  1.96  diag=+0.992  mix=[cap:104/ref:102/nl:114]  β=0.051  α_t=0.052  (3068s)
step  3620  L_grcl=  1.91  L_cov= 0.34  L_cons=0.000  L_tot=  2.01  diag=+0.992  mix=[cap:114/ref:96/nl:110]  β=0.051  α_t=0.052  (3084s)
step  3640  L_grcl=  1.94  L_cov= 0.35  L_cons=0.000  L_tot=  2.04  diag=+0.992  mix=[cap:87/ref:112/nl:121]  β=0.051  α_t=0.052  (3100s)
step  3660  L_grcl=  1.89  L_cov= 0.35  L_cons=0.000  L_tot=  2.00  diag=+0.992  mix=[cap:111/ref:101/nl:108]  β=0.051  α_t=0.052  (3117s)
step  3680  L_grcl=  1.87  L_cov= 0.35  L_cons=0.000  L_tot=  1.98  diag=+0.993  mix=[cap:114/ref:105/nl:101]  β=0.051  α_t=0.053  (3134s)
step  3700  L_grcl=  1.92  L_cov= 0.35  L_cons=-0.000  L_tot=  2.03  diag=+0.993  mix=[cap:90/ref:134/nl:96]  β=0.051  α_t=0.053  (3150s)
step  3720  L_grcl=  1.90  L_cov= 0.36  L_cons=0.000  L_tot=  2.01  diag=+0.992  mix=[cap:112/ref:97/nl:111]  β=0.051  α_t=0.053  (3167s)
step  3740  L_grcl=  1.84  L_cov= 0.34  L_cons=0.000  L_tot=  1.94  diag=+0.992  mix=[cap:107/ref:97/nl:116]  β=0.051  α_t=0.053  (3183s)
step  3760  L_grcl=  1.92  L_cov= 0.33  L_cons=0.000  L_tot=  2.02  diag=+0.992  mix=[cap:110/ref:108/nl:102]  β=0.051  α_t=0.053  (3200s)
step  3780  L_grcl=  1.88  L_cov= 0.35  L_cons=0.000  L_tot=  1.98  diag=+0.992  mix=[cap:101/ref:114/nl:105]  β=0.051  α_t=0.053  (3216s)
step  3800  L_grcl=  1.90  L_cov= 0.35  L_cons=0.000  L_tot=  2.00  diag=+0.992  mix=[cap:95/ref:112/nl:113]  β=0.051  α_t=0.053  (3233s)
step  3820  L_grcl=  1.87  L_cov= 0.33  L_cons=-0.000  L_tot=  1.97  diag=+0.992  mix=[cap:107/ref:109/nl:104]  β=0.051  α_t=0.053  (3249s)
step  3840  L_grcl=  1.85  L_cov= 0.34  L_cons=0.000  L_tot=  1.95  diag=+0.993  mix=[cap:113/ref:108/nl:99]  β=0.051  α_t=0.053  (3266s)
step  3860  L_grcl=  1.95  L_cov= 0.34  L_cons=0.000  L_tot=  2.05  diag=+0.992  mix=[cap:107/ref:121/nl:92]  β=0.051  α_t=0.053  (3282s)
step  3880  L_grcl=  1.91  L_cov= 0.36  L_cons=-0.000  L_tot=  2.02  diag=+0.993  mix=[cap:100/ref:120/nl:100]  β=0.051  α_t=0.053  (3299s)
step  3900  L_grcl=  1.86  L_cov= 0.34  L_cons=0.000  L_tot=  1.96  diag=+0.993  mix=[cap:117/ref:104/nl:99]  β=0.051  α_t=0.053  (3316s)
step  3920  L_grcl=  1.84  L_cov= 0.33  L_cons=0.000  L_tot=  1.94  diag=+0.992  mix=[cap:113/ref:104/nl:103]  β=0.051  α_t=0.053  (3332s)
step  3940  L_grcl=  1.84  L_cov= 0.33  L_cons=0.000  L_tot=  1.94  diag=+0.992  mix=[cap:107/ref:116/nl:97]  β=0.051  α_t=0.053  (3348s)
step  3960  L_grcl=  1.84  L_cov= 0.34  L_cons=0.000  L_tot=  1.94  diag=+0.992  mix=[cap:103/ref:112/nl:105]  β=0.051  α_t=0.053  (3365s)
step  3980  L_grcl=  1.88  L_cov= 0.34  L_cons=0.000  L_tot=  1.98  diag=+0.992  mix=[cap:117/ref:112/nl:91]  β=0.051  α_t=0.053  (3381s)
step  4000  L_grcl=  1.88  L_cov= 0.35  L_cons=0.000  L_tot=  1.98  diag=+0.992  mix=[cap:104/ref:100/nl:116]  β=0.051  α_t=0.053  (3397s)

  [eval @ step 4000] held-out test-A...
    cap-fig cos: +0.9951  (Δ +0.8803)
    R@1/5/10: 13.5% / 59.5% / 81.5%  (Δ +13.5 / +59.5 / +81.5)
    [ckpt saved @ step 4000 R@10=81.5%]

step  4020  L_grcl=  1.87  L_cov= 0.35  L_cons=0.000  L_tot=  1.97  diag=+0.992  mix=[cap:109/ref:103/nl:108]  β=0.051  α_t=0.053  (3431s)
step  4040  L_grcl=  1.90  L_cov= 0.35  L_cons=0.000  L_tot=  2.00  diag=+0.992  mix=[cap:108/ref:111/nl:101]  β=0.051  α_t=0.053  (3448s)
step  4060  L_grcl=  1.82  L_cov= 0.34  L_cons=0.000  L_tot=  1.93  diag=+0.992  mix=[cap:113/ref:97/nl:110]  β=0.051  α_t=0.053  (3464s)
step  4080  L_grcl=  1.87  L_cov= 0.34  L_cons=0.000  L_tot=  1.97  diag=+0.990  mix=[cap:102/ref:106/nl:112]  β=0.051  α_t=0.053  (3480s)
step  4100  L_grcl=  1.90  L_cov= 0.33  L_cons=0.000  L_tot=  2.00  diag=+0.993  mix=[cap:100/ref:120/nl:100]  β=0.051  α_t=0.053  (3499s)
step  4120  L_grcl=  1.89  L_cov= 0.35  L_cons=-0.000  L_tot=  2.00  diag=+0.993  mix=[cap:104/ref:101/nl:115]  β=0.051  α_t=0.053  (3516s)
step  4140  L_grcl=  1.91  L_cov= 0.35  L_cons=0.000  L_tot=  2.01  diag=+0.993  mix=[cap:97/ref:117/nl:106]  β=0.051  α_t=0.053  (3532s)
step  4160  L_grcl=  1.88  L_cov= 0.34  L_cons=0.000  L_tot=  1.98  diag=+0.993  mix=[cap:109/ref:109/nl:102]  β=0.052  α_t=0.053  (3549s)
step  4180  L_grcl=  1.87  L_cov= 0.36  L_cons=0.000  L_tot=  1.98  diag=+0.992  mix=[cap:109/ref:109/nl:102]  β=0.052  α_t=0.053  (3567s)
step  4200  L_grcl=  1.82  L_cov= 0.35  L_cons=0.000  L_tot=  1.92  diag=+0.991  mix=[cap:105/ref:111/nl:104]  β=0.052  α_t=0.053  (3584s)
step  4220  L_grcl=  1.92  L_cov= 0.35  L_cons=0.000  L_tot=  2.03  diag=+0.992  mix=[cap:94/ref:122/nl:104]  β=0.052  α_t=0.053  (3600s)
step  4240  L_grcl=  1.88  L_cov= 0.35  L_cons=0.000  L_tot=  1.98  diag=+0.992  mix=[cap:99/ref:108/nl:113]  β=0.052  α_t=0.053  (3617s)
step  4260  L_grcl=  1.86  L_cov= 0.33  L_cons=0.000  L_tot=  1.96  diag=+0.991  mix=[cap:116/ref:99/nl:105]  β=0.052  α_t=0.053  (3634s)
step  4280  L_grcl=  1.83  L_cov= 0.35  L_cons=-0.000  L_tot=  1.94  diag=+0.991  mix=[cap:114/ref:84/nl:122]  β=0.052  α_t=0.053  (3651s)
step  4300  L_grcl=  1.87  L_cov= 0.34  L_cons=0.000  L_tot=  1.97  diag=+0.992  mix=[cap:100/ref:105/nl:115]  β=0.052  α_t=0.053  (3668s)
step  4320  L_grcl=  1.87  L_cov= 0.33  L_cons=0.000  L_tot=  1.97  diag=+0.991  mix=[cap:96/ref:116/nl:108]  β=0.052  α_t=0.053  (3684s)
step  4340  L_grcl=  1.83  L_cov= 0.35  L_cons=0.000  L_tot=  1.94  diag=+0.992  mix=[cap:114/ref:99/nl:107]  β=0.052  α_t=0.053  (3701s)
step  4360  L_grcl=  1.89  L_cov= 0.34  L_cons=0.000  L_tot=  1.99  diag=+0.991  mix=[cap:92/ref:116/nl:112]  β=0.052  α_t=0.053  (3718s)
step  4380  L_grcl=  1.85  L_cov= 0.35  L_cons=0.000  L_tot=  1.95  diag=+0.991  mix=[cap:102/ref:92/nl:126]  β=0.052  α_t=0.053  (3734s)
step  4400  L_grcl=  1.80  L_cov= 0.32  L_cons=0.000  L_tot=  1.89  diag=+0.992  mix=[cap:115/ref:106/nl:99]  β=0.052  α_t=0.053  (3751s)
step  4420  L_grcl=  1.85  L_cov= 0.32  L_cons=0.000  L_tot=  1.95  diag=+0.991  mix=[cap:97/ref:114/nl:109]  β=0.052  α_t=0.053  (3767s)
step  4440  L_grcl=  1.90  L_cov= 0.34  L_cons=0.000  L_tot=  2.00  diag=+0.991  mix=[cap:117/ref:95/nl:108]  β=0.052  α_t=0.053  (3784s)
step  4460  L_grcl=  1.85  L_cov= 0.34  L_cons=-0.000  L_tot=  1.95  diag=+0.991  mix=[cap:80/ref:124/nl:116]  β=0.052  α_t=0.053  (3800s)
step  4480  L_grcl=  1.87  L_cov= 0.34  L_cons=0.000  L_tot=  1.98  diag=+0.991  mix=[cap:97/ref:113/nl:110]  β=0.052  α_t=0.053  (3817s)
step  4500  L_grcl=  1.79  L_cov= 0.32  L_cons=0.000  L_tot=  1.89  diag=+0.992  mix=[cap:119/ref:104/nl:97]  β=0.052  α_t=0.053  (3833s)

  [eval @ step 4500] held-out test-A...
    cap-fig cos: +0.9947  (Δ +0.8800)
    R@1/5/10: 9.0% / 48.0% / 72.5%  (Δ +9.0 / +48.0 / +72.5)

step  4520  L_grcl=  1.87  L_cov= 0.34  L_cons=0.000  L_tot=  1.97  diag=+0.992  mix=[cap:107/ref:114/nl:99]  β=0.052  α_t=0.053  (3862s)
step  4540  L_grcl=  1.82  L_cov= 0.33  L_cons=-0.000  L_tot=  1.92  diag=+0.991  mix=[cap:103/ref:109/nl:108]  β=0.052  α_t=0.053  (3878s)
step  4560  L_grcl=  1.85  L_cov= 0.33  L_cons=0.000  L_tot=  1.95  diag=+0.990  mix=[cap:96/ref:109/nl:115]  β=0.052  α_t=0.053  (3895s)
step  4580  L_grcl=  1.83  L_cov= 0.32  L_cons=0.000  L_tot=  1.93  diag=+0.991  mix=[cap:110/ref:100/nl:110]  β=0.052  α_t=0.053  (3911s)
step  4600  L_grcl=  1.87  L_cov= 0.33  L_cons=0.000  L_tot=  1.97  diag=+0.990  mix=[cap:117/ref:100/nl:103]  β=0.052  α_t=0.053  (3927s)
step  4620  L_grcl=  1.85  L_cov= 0.34  L_cons=-0.000  L_tot=  1.95  diag=+0.991  mix=[cap:111/ref:114/nl:95]  β=0.052  α_t=0.054  (3944s)
step  4640  L_grcl=  1.80  L_cov= 0.32  L_cons=0.000  L_tot=  1.90  diag=+0.991  mix=[cap:117/ref:105/nl:98]  β=0.052  α_t=0.054  (3961s)
step  4660  L_grcl=  1.87  L_cov= 0.33  L_cons=-0.000  L_tot=  1.97  diag=+0.992  mix=[cap:93/ref:121/nl:106]  β=0.052  α_t=0.054  (3977s)
step  4680  L_grcl=  1.85  L_cov= 0.33  L_cons=0.000  L_tot=  1.95  diag=+0.991  mix=[cap:121/ref:101/nl:98]  β=0.052  α_t=0.054  (3994s)
step  4700  L_grcl=  1.87  L_cov= 0.35  L_cons=0.000  L_tot=  1.97  diag=+0.991  mix=[cap:105/ref:125/nl:90]  β=0.052  α_t=0.054  (4011s)
step  4720  L_grcl=  1.87  L_cov= 0.32  L_cons=-0.000  L_tot=  1.96  diag=+0.991  mix=[cap:97/ref:114/nl:109]  β=0.052  α_t=0.054  (4028s)
step  4740  L_grcl=  1.85  L_cov= 0.35  L_cons=0.000  L_tot=  1.96  diag=+0.992  mix=[cap:105/ref:98/nl:117]  β=0.052  α_t=0.054  (4044s)
step  4760  L_grcl=  1.89  L_cov= 0.35  L_cons=0.000  L_tot=  1.99  diag=+0.991  mix=[cap:108/ref:114/nl:98]  β=0.052  α_t=0.054  (4060s)
step  4780  L_grcl=  1.82  L_cov= 0.32  L_cons=0.000  L_tot=  1.92  diag=+0.990  mix=[cap:102/ref:118/nl:100]  β=0.052  α_t=0.054  (4077s)
step  4800  L_grcl=  1.78  L_cov= 0.32  L_cons=0.000  L_tot=  1.88  diag=+0.991  mix=[cap:101/ref:111/nl:108]  β=0.052  α_t=0.054  (4093s)
step  4820  L_grcl=  1.77  L_cov= 0.33  L_cons=0.000  L_tot=  1.87  diag=+0.990  mix=[cap:121/ref:97/nl:102]  β=0.053  α_t=0.054  (4110s)
step  4840  L_grcl=  1.89  L_cov= 0.32  L_cons=0.000  L_tot=  1.99  diag=+0.990  mix=[cap:102/ref:109/nl:109]  β=0.053  α_t=0.054  (4127s)
step  4860  L_grcl=  1.87  L_cov= 0.33  L_cons=0.000  L_tot=  1.97  diag=+0.991  mix=[cap:99/ref:121/nl:100]  β=0.053  α_t=0.054  (4144s)
step  4880  L_grcl=  1.86  L_cov= 0.33  L_cons=0.000  L_tot=  1.96  diag=+0.991  mix=[cap:109/ref:108/nl:103]  β=0.053  α_t=0.054  (4162s)
step  4900  L_grcl=  1.85  L_cov= 0.33  L_cons=0.000  L_tot=  1.95  diag=+0.992  mix=[cap:114/ref:114/nl:92]  β=0.053  α_t=0.054  (4178s)
step  4920  L_grcl=  1.85  L_cov= 0.34  L_cons=0.000  L_tot=  1.96  diag=+0.991  mix=[cap:114/ref:108/nl:98]  β=0.053  α_t=0.054  (4195s)
step  4940  L_grcl=  1.79  L_cov= 0.32  L_cons=0.000  L_tot=  1.88  diag=+0.991  mix=[cap:114/ref:104/nl:102]  β=0.053  α_t=0.054  (4212s)
step  4960  L_grcl=  1.88  L_cov= 0.33  L_cons=-0.000  L_tot=  1.97  diag=+0.991  mix=[cap:116/ref:114/nl:90]  β=0.053  α_t=0.054  (4228s)
step  4980  L_grcl=  1.83  L_cov= 0.33  L_cons=0.000  L_tot=  1.93  diag=+0.991  mix=[cap:106/ref:96/nl:118]  β=0.053  α_t=0.054  (4245s)
step  5000  L_grcl=  1.85  L_cov= 0.32  L_cons=0.000  L_tot=  1.95  diag=+0.990  mix=[cap:102/ref:117/nl:101]  β=0.053  α_t=0.054  (4261s)

  [eval @ step 5000] held-out test-A...
    cap-fig cos: +0.9954  (Δ +0.8807)
    R@1/5/10: 15.0% / 60.0% / 81.0%  (Δ +15.0 / +60.0 / +81.0)

step  5020  L_grcl=  1.82  L_cov= 0.32  L_cons=0.000  L_tot=  1.92  diag=+0.989  mix=[cap:117/ref:95/nl:108]  β=0.053  α_t=0.054  (4290s)
step  5040  L_grcl=  1.90  L_cov= 0.34  L_cons=0.000  L_tot=  2.00  diag=+0.990  mix=[cap:78/ref:118/nl:124]  β=0.053  α_t=0.054  (4306s)
step  5060  L_grcl=  1.79  L_cov= 0.34  L_cons=0.000  L_tot=  1.89  diag=+0.991  mix=[cap:115/ref:100/nl:105]  β=0.053  α_t=0.054  (4323s)
step  5080  L_grcl=  1.84  L_cov= 0.33  L_cons=0.000  L_tot=  1.94  diag=+0.989  mix=[cap:88/ref:125/nl:107]  β=0.053  α_t=0.054  (4340s)
step  5100  L_grcl=  1.78  L_cov= 0.32  L_cons=0.000  L_tot=  1.87  diag=+0.990  mix=[cap:105/ref:106/nl:109]  β=0.053  α_t=0.054  (4356s)
step  5120  L_grcl=  1.86  L_cov= 0.33  L_cons=0.000  L_tot=  1.96  diag=+0.990  mix=[cap:104/ref:113/nl:103]  β=0.053  α_t=0.054  (4373s)
step  5140  L_grcl=  1.77  L_cov= 0.31  L_cons=-0.000  L_tot=  1.87  diag=+0.991  mix=[cap:125/ref:105/nl:90]  β=0.053  α_t=0.054  (4389s)
step  5160  L_grcl=  1.80  L_cov= 0.32  L_cons=0.000  L_tot=  1.89  diag=+0.990  mix=[cap:111/ref:102/nl:107]  β=0.053  α_t=0.054  (4406s)
step  5180  L_grcl=  1.84  L_cov= 0.32  L_cons=0.000  L_tot=  1.94  diag=+0.990  mix=[cap:101/ref:116/nl:103]  β=0.053  α_t=0.054  (4423s)
step  5200  L_grcl=  1.84  L_cov= 0.32  L_cons=0.000  L_tot=  1.93  diag=+0.992  mix=[cap:114/ref:110/nl:96]  β=0.053  α_t=0.054  (4439s)
step  5220  L_grcl=  1.85  L_cov= 0.33  L_cons=0.000  L_tot=  1.95  diag=+0.991  mix=[cap:104/ref:110/nl:106]  β=0.053  α_t=0.054  (4456s)
step  5240  L_grcl=  1.81  L_cov= 0.32  L_cons=-0.000  L_tot=  1.90  diag=+0.991  mix=[cap:112/ref:118/nl:90]  β=0.053  α_t=0.054  (4473s)
step  5260  L_grcl=  1.81  L_cov= 0.33  L_cons=0.000  L_tot=  1.91  diag=+0.992  mix=[cap:109/ref:120/nl:91]  β=0.053  α_t=0.054  (4489s)
step  5280  L_grcl=  1.84  L_cov= 0.32  L_cons=0.000  L_tot=  1.93  diag=+0.989  mix=[cap:107/ref:103/nl:110]  β=0.053  α_t=0.054  (4506s)
step  5300  L_grcl=  1.80  L_cov= 0.32  L_cons=0.000  L_tot=  1.89  diag=+0.989  mix=[cap:124/ref:86/nl:110]  β=0.053  α_t=0.054  (4522s)
step  5320  L_grcl=  1.82  L_cov= 0.33  L_cons=0.000  L_tot=  1.92  diag=+0.992  mix=[cap:107/ref:118/nl:95]  β=0.053  α_t=0.054  (4539s)
step  5340  L_grcl=  1.79  L_cov= 0.34  L_cons=0.000  L_tot=  1.89  diag=+0.990  mix=[cap:117/ref:95/nl:108]  β=0.053  α_t=0.054  (4557s)
step  5360  L_grcl=  1.78  L_cov= 0.31  L_cons=0.000  L_tot=  1.88  diag=+0.990  mix=[cap:124/ref:102/nl:94]  β=0.053  α_t=0.054  (4573s)
step  5380  L_grcl=  1.76  L_cov= 0.31  L_cons=-0.000  L_tot=  1.85  diag=+0.992  mix=[cap:127/ref:109/nl:84]  β=0.053  α_t=0.054  (4590s)
step  5400  L_grcl=  1.82  L_cov= 0.33  L_cons=-0.000  L_tot=  1.92  diag=+0.991  mix=[cap:99/ref:113/nl:108]  β=0.053  α_t=0.054  (4606s)
step  5420  L_grcl=  1.80  L_cov= 0.32  L_cons=0.000  L_tot=  1.90  diag=+0.990  mix=[cap:102/ref:90/nl:128]  β=0.053  α_t=0.054  (4623s)
step  5440  L_grcl=  1.84  L_cov= 0.31  L_cons=0.000  L_tot=  1.93  diag=+0.989  mix=[cap:93/ref:117/nl:110]  β=0.053  α_t=0.054  (4639s)
step  5460  L_grcl=  1.80  L_cov= 0.33  L_cons=-0.000  L_tot=  1.90  diag=+0.990  mix=[cap:106/ref:115/nl:99]  β=0.054  α_t=0.054  (4656s)
step  5480  L_grcl=  1.76  L_cov= 0.32  L_cons=0.000  L_tot=  1.86  diag=+0.990  mix=[cap:106/ref:99/nl:115]  β=0.054  α_t=0.054  (4672s)
step  5500  L_grcl=  1.81  L_cov= 0.32  L_cons=-0.000  L_tot=  1.90  diag=+0.992  mix=[cap:125/ref:112/nl:83]  β=0.054  α_t=0.054  (4689s)

  [eval @ step 5500] held-out test-A...
    cap-fig cos: +0.9950  (Δ +0.8803)
    R@1/5/10: 18.0% / 58.5% / 82.5%  (Δ +18.0 / +58.5 / +82.5)
    [ckpt saved @ step 5500 R@10=82.5%]

step  5520  L_grcl=  1.81  L_cov= 0.32  L_cons=-0.000  L_tot=  1.91  diag=+0.990  mix=[cap:104/ref:109/nl:107]  β=0.054  α_t=0.054  (4722s)
step  5540  L_grcl=  1.84  L_cov= 0.34  L_cons=0.000  L_tot=  1.94  diag=+0.991  mix=[cap:100/ref:103/nl:117]  β=0.054  α_t=0.054  (4739s)
step  5560  L_grcl=  1.87  L_cov= 0.33  L_cons=0.000  L_tot=  1.97  diag=+0.991  mix=[cap:124/ref:102/nl:94]  β=0.054  α_t=0.054  (4756s)
step  5580  L_grcl=  1.79  L_cov= 0.31  L_cons=0.000  L_tot=  1.89  diag=+0.991  mix=[cap:104/ref:114/nl:102]  β=0.054  α_t=0.055  (4772s)
step  5600  L_grcl=  1.84  L_cov= 0.31  L_cons=-0.000  L_tot=  1.93  diag=+0.990  mix=[cap:102/ref:115/nl:103]  β=0.054  α_t=0.055  (4789s)
step  5620  L_grcl=  1.79  L_cov= 0.31  L_cons=-0.000  L_tot=  1.88  diag=+0.990  mix=[cap:88/ref:125/nl:107]  β=0.054  α_t=0.055  (4806s)
step  5640  L_grcl=  1.75  L_cov= 0.32  L_cons=-0.000  L_tot=  1.84  diag=+0.990  mix=[cap:119/ref:103/nl:98]  β=0.054  α_t=0.055  (4822s)
step  5660  L_grcl=  1.79  L_cov= 0.30  L_cons=-0.000  L_tot=  1.87  diag=+0.990  mix=[cap:105/ref:112/nl:103]  β=0.054  α_t=0.055  (4838s)
step  5680  L_grcl=  1.82  L_cov= 0.33  L_cons=0.000  L_tot=  1.92  diag=+0.990  mix=[cap:94/ref:123/nl:103]  β=0.054  α_t=0.055  (4854s)
step  5700  L_grcl=  1.77  L_cov= 0.31  L_cons=0.000  L_tot=  1.87  diag=+0.990  mix=[cap:112/ref:104/nl:104]  β=0.054  α_t=0.055  (4871s)
step  5720  L_grcl=  1.85  L_cov= 0.33  L_cons=0.000  L_tot=  1.95  diag=+0.989  mix=[cap:106/ref:108/nl:106]  β=0.054  α_t=0.055  (4887s)
step  5740  L_grcl=  1.79  L_cov= 0.31  L_cons=0.000  L_tot=  1.89  diag=+0.988  mix=[cap:111/ref:100/nl:109]  β=0.054  α_t=0.055  (4904s)
step  5760  L_grcl=  1.82  L_cov= 0.33  L_cons=0.000  L_tot=  1.92  diag=+0.989  mix=[cap:90/ref:113/nl:117]  β=0.054  α_t=0.055  (4921s)
step  5780  L_grcl=  1.81  L_cov= 0.30  L_cons=0.000  L_tot=  1.90  diag=+0.990  mix=[cap:109/ref:102/nl:109]  β=0.054  α_t=0.055  (4938s)
step  5800  L_grcl=  1.77  L_cov= 0.32  L_cons=0.000  L_tot=  1.86  diag=+0.990  mix=[cap:116/ref:98/nl:106]  β=0.054  α_t=0.055  (4955s)
step  5820  L_grcl=  1.78  L_cov= 0.32  L_cons=0.000  L_tot=  1.88  diag=+0.989  mix=[cap:101/ref:114/nl:105]  β=0.054  α_t=0.055  (4972s)
step  5840  L_grcl=  1.82  L_cov= 0.31  L_cons=0.000  L_tot=  1.92  diag=+0.989  mix=[cap:113/ref:101/nl:106]  β=0.054  α_t=0.055  (4988s)
step  5860  L_grcl=  1.82  L_cov= 0.33  L_cons=0.000  L_tot=  1.91  diag=+0.990  mix=[cap:103/ref:122/nl:95]  β=0.054  α_t=0.055  (5005s)
step  5880  L_grcl=  1.83  L_cov= 0.32  L_cons=0.000  L_tot=  1.92  diag=+0.990  mix=[cap:102/ref:119/nl:99]  β=0.054  α_t=0.055  (5022s)
step  5900  L_grcl=  1.83  L_cov= 0.33  L_cons=0.000  L_tot=  1.93  diag=+0.990  mix=[cap:101/ref:109/nl:110]  β=0.054  α_t=0.055  (5038s)
step  5920  L_grcl=  1.81  L_cov= 0.31  L_cons=0.000  L_tot=  1.90  diag=+0.991  mix=[cap:116/ref:112/nl:92]  β=0.054  α_t=0.055  (5054s)
step  5940  L_grcl=  1.79  L_cov= 0.32  L_cons=0.000  L_tot=  1.88  diag=+0.991  mix=[cap:109/ref:109/nl:102]  β=0.054  α_t=0.055  (5071s)
step  5960  L_grcl=  1.73  L_cov= 0.29  L_cons=0.000  L_tot=  1.82  diag=+0.989  mix=[cap:106/ref:107/nl:107]  β=0.054  α_t=0.055  (5088s)
step  5980  L_grcl=  1.81  L_cov= 0.32  L_cons=0.000  L_tot=  1.91  diag=+0.989  mix=[cap:105/ref:121/nl:94]  β=0.054  α_t=0.055  (5104s)
step  6000  L_grcl=  1.83  L_cov= 0.31  L_cons=0.000  L_tot=  1.92  diag=+0.990  mix=[cap:99/ref:111/nl:110]  β=0.054  α_t=0.055  (5121s)

  [eval @ step 6000] held-out test-A...
    cap-fig cos: +0.9950  (Δ +0.8803)
    R@1/5/10: 13.5% / 63.5% / 87.0%  (Δ +13.5 / +63.5 / +87.0)
    [ckpt saved @ step 6000 R@10=87.0%]

step  6020  L_grcl=  1.79  L_cov= 0.31  L_cons=0.000  L_tot=  1.89  diag=+0.991  mix=[cap:105/ref:115/nl:100]  β=0.054  α_t=0.055  (5154s)
step  6040  L_grcl=  1.79  L_cov= 0.31  L_cons=0.000  L_tot=  1.89  diag=+0.990  mix=[cap:94/ref:108/nl:118]  β=0.054  α_t=0.055  (5171s)
step  6060  L_grcl=  1.83  L_cov= 0.33  L_cons=0.000  L_tot=  1.93  diag=+0.992  mix=[cap:102/ref:117/nl:101]  β=0.055  α_t=0.055  (5188s)
step  6080  L_grcl=  1.79  L_cov= 0.32  L_cons=0.000  L_tot=  1.88  diag=+0.991  mix=[cap:116/ref:103/nl:101]  β=0.055  α_t=0.055  (5205s)
step  6100  L_grcl=  1.82  L_cov= 0.30  L_cons=0.000  L_tot=  1.91  diag=+0.990  mix=[cap:100/ref:115/nl:105]  β=0.055  α_t=0.055  (5221s)
step  6120  L_grcl=  1.83  L_cov= 0.32  L_cons=-0.000  L_tot=  1.93  diag=+0.992  mix=[cap:107/ref:99/nl:114]  β=0.055  α_t=0.055  (5238s)
step  6140  L_grcl=  1.83  L_cov= 0.33  L_cons=0.000  L_tot=  1.93  diag=+0.991  mix=[cap:100/ref:109/nl:111]  β=0.055  α_t=0.055  (5255s)
step  6160  L_grcl=  1.86  L_cov= 0.34  L_cons=0.000  L_tot=  1.96  diag=+0.990  mix=[cap:100/ref:113/nl:107]  β=0.055  α_t=0.055  (5271s)
step  6180  L_grcl=  1.80  L_cov= 0.31  L_cons=0.000  L_tot=  1.89  diag=+0.989  mix=[cap:104/ref:114/nl:102]  β=0.055  α_t=0.055  (5288s)
step  6200  L_grcl=  1.83  L_cov= 0.33  L_cons=0.000  L_tot=  1.93  diag=+0.989  mix=[cap:97/ref:119/nl:104]  β=0.055  α_t=0.055  (5305s)
step  6220  L_grcl=  1.82  L_cov= 0.31  L_cons=0.000  L_tot=  1.92  diag=+0.990  mix=[cap:117/ref:112/nl:91]  β=0.055  α_t=0.055  (5322s)
step  6240  L_grcl=  1.80  L_cov= 0.32  L_cons=0.000  L_tot=  1.89  diag=+0.990  mix=[cap:105/ref:107/nl:108]  β=0.055  α_t=0.055  (5338s)
step  6260  L_grcl=  1.80  L_cov= 0.31  L_cons=0.000  L_tot=  1.90  diag=+0.990  mix=[cap:108/ref:115/nl:97]  β=0.055  α_t=0.055  (5356s)
step  6280  L_grcl=  1.85  L_cov= 0.33  L_cons=0.000  L_tot=  1.95  diag=+0.990  mix=[cap:114/ref:110/nl:96]  β=0.055  α_t=0.055  (5372s)
step  6300  L_grcl=  1.84  L_cov= 0.34  L_cons=-0.000  L_tot=  1.95  diag=+0.990  mix=[cap:99/ref:109/nl:112]  β=0.055  α_t=0.055  (5389s)
step  6320  L_grcl=  1.80  L_cov= 0.31  L_cons=0.000  L_tot=  1.89  diag=+0.990  mix=[cap:127/ref:97/nl:96]  β=0.055  α_t=0.055  (5406s)
step  6340  L_grcl=  1.81  L_cov= 0.32  L_cons=0.000  L_tot=  1.91  diag=+0.991  mix=[cap:110/ref:117/nl:93]  β=0.055  α_t=0.055  (5422s)
step  6360  L_grcl=  1.81  L_cov= 0.32  L_cons=0.000  L_tot=  1.91  diag=+0.990  mix=[cap:111/ref:105/nl:104]  β=0.055  α_t=0.055  (5439s)
step  6380  L_grcl=  1.82  L_cov= 0.32  L_cons=0.000  L_tot=  1.92  diag=+0.991  mix=[cap:101/ref:112/nl:107]  β=0.055  α_t=0.055  (5455s)
step  6400  L_grcl=  1.80  L_cov= 0.31  L_cons=0.000  L_tot=  1.89  diag=+0.990  mix=[cap:103/ref:107/nl:110]  β=0.055  α_t=0.055  (5472s)
step  6420  L_grcl=  1.77  L_cov= 0.31  L_cons=0.000  L_tot=  1.86  diag=+0.989  mix=[cap:97/ref:111/nl:112]  β=0.055  α_t=0.055  (5489s)
step  6440  L_grcl=  1.77  L_cov= 0.32  L_cons=0.000  L_tot=  1.86  diag=+0.989  mix=[cap:102/ref:118/nl:100]  β=0.055  α_t=0.055  (5505s)
step  6460  L_grcl=  1.83  L_cov= 0.32  L_cons=0.000  L_tot=  1.93  diag=+0.989  mix=[cap:103/ref:117/nl:100]  β=0.055  α_t=0.055  (5522s)
step  6480  L_grcl=  1.80  L_cov= 0.32  L_cons=0.000  L_tot=  1.90  diag=+0.990  mix=[cap:109/ref:112/nl:99]  β=0.055  α_t=0.055  (5539s)
step  6500  L_grcl=  1.77  L_cov= 0.31  L_cons=-0.000  L_tot=  1.86  diag=+0.989  mix=[cap:91/ref:124/nl:105]  β=0.055  α_t=0.055  (5556s)

  [eval @ step 6500] held-out test-A...
    cap-fig cos: +0.9946  (Δ +0.8799)
    R@1/5/10: 12.0% / 56.0% / 83.5%  (Δ +12.0 / +56.0 / +83.5)

step  6520  L_grcl=  1.72  L_cov= 0.30  L_cons=0.000  L_tot=  1.81  diag=+0.988  mix=[cap:98/ref:118/nl:104]  β=0.055  α_t=0.055  (5584s)
step  6540  L_grcl=  1.78  L_cov= 0.32  L_cons=0.000  L_tot=  1.87  diag=+0.990  mix=[cap:109/ref:111/nl:100]  β=0.055  α_t=0.056  (5600s)
step  6560  L_grcl=  1.76  L_cov= 0.30  L_cons=0.000  L_tot=  1.85  diag=+0.989  mix=[cap:115/ref:114/nl:91]  β=0.055  α_t=0.056  (5617s)
step  6580  L_grcl=  1.78  L_cov= 0.31  L_cons=0.000  L_tot=  1.87  diag=+0.989  mix=[cap:98/ref:115/nl:107]  β=0.055  α_t=0.056  (5634s)
step  6600  L_grcl=  1.77  L_cov= 0.31  L_cons=0.000  L_tot=  1.87  diag=+0.989  mix=[cap:112/ref:111/nl:97]  β=0.055  α_t=0.056  (5650s)
step  6620  L_grcl=  1.84  L_cov= 0.31  L_cons=0.000  L_tot=  1.93  diag=+0.990  mix=[cap:99/ref:107/nl:114]  β=0.055  α_t=0.056  (5667s)
step  6640  L_grcl=  1.80  L_cov= 0.33  L_cons=0.000  L_tot=  1.89  diag=+0.989  mix=[cap:103/ref:114/nl:103]  β=0.055  α_t=0.056  (5683s)
step  6660  L_grcl=  1.83  L_cov= 0.32  L_cons=0.000  L_tot=  1.92  diag=+0.990  mix=[cap:101/ref:107/nl:112]  β=0.056  α_t=0.056  (5700s)
step  6680  L_grcl=  1.80  L_cov= 0.32  L_cons=0.000  L_tot=  1.89  diag=+0.990  mix=[cap:88/ref:113/nl:119]  β=0.056  α_t=0.056  (5717s)
step  6700  L_grcl=  1.78  L_cov= 0.31  L_cons=0.000  L_tot=  1.87  diag=+0.988  mix=[cap:99/ref:114/nl:107]  β=0.056  α_t=0.056  (5733s)
step  6720  L_grcl=  1.75  L_cov= 0.30  L_cons=-0.000  L_tot=  1.84  diag=+0.989  mix=[cap:101/ref:114/nl:105]  β=0.056  α_t=0.056  (5750s)
step  6740  L_grcl=  1.80  L_cov= 0.31  L_cons=-0.000  L_tot=  1.89  diag=+0.987  mix=[cap:94/ref:112/nl:114]  β=0.056  α_t=0.056  (5766s)
step  6760  L_grcl=  1.80  L_cov= 0.32  L_cons=0.000  L_tot=  1.90  diag=+0.989  mix=[cap:110/ref:111/nl:99]  β=0.056  α_t=0.056  (5783s)
step  6780  L_grcl=  1.81  L_cov= 0.32  L_cons=-0.000  L_tot=  1.91  diag=+0.990  mix=[cap:102/ref:120/nl:98]  β=0.056  α_t=0.056  (5800s)
step  6800  L_grcl=  1.77  L_cov= 0.32  L_cons=0.000  L_tot=  1.86  diag=+0.989  mix=[cap:110/ref:105/nl:105]  β=0.056  α_t=0.056  (5816s)
step  6820  L_grcl=  1.85  L_cov= 0.32  L_cons=-0.000  L_tot=  1.95  diag=+0.988  mix=[cap:99/ref:109/nl:112]  β=0.056  α_t=0.056  (5833s)
step  6840  L_grcl=  1.79  L_cov= 0.31  L_cons=0.000  L_tot=  1.88  diag=+0.990  mix=[cap:109/ref:109/nl:102]  β=0.056  α_t=0.056  (5849s)
step  6860  L_grcl=  1.79  L_cov= 0.31  L_cons=0.000  L_tot=  1.88  diag=+0.987  mix=[cap:91/ref:114/nl:115]  β=0.056  α_t=0.056  (5866s)
step  6880  L_grcl=  1.77  L_cov= 0.30  L_cons=0.000  L_tot=  1.86  diag=+0.990  mix=[cap:111/ref:113/nl:96]  β=0.056  α_t=0.056  (5882s)
step  6900  L_grcl=  1.79  L_cov= 0.32  L_cons=0.000  L_tot=  1.89  diag=+0.989  mix=[cap:102/ref:99/nl:119]  β=0.056  α_t=0.056  (5899s)
step  6920  L_grcl=  1.78  L_cov= 0.31  L_cons=0.000  L_tot=  1.88  diag=+0.989  mix=[cap:119/ref:94/nl:107]  β=0.056  α_t=0.056  (5916s)
step  6940  L_grcl=  1.80  L_cov= 0.31  L_cons=-0.000  L_tot=  1.89  diag=+0.989  mix=[cap:109/ref:119/nl:92]  β=0.056  α_t=0.056  (5932s)
step  6960  L_grcl=  1.75  L_cov= 0.30  L_cons=0.000  L_tot=  1.84  diag=+0.990  mix=[cap:116/ref:103/nl:101]  β=0.056  α_t=0.056  (5949s)
step  6980  L_grcl=  1.78  L_cov= 0.31  L_cons=0.000  L_tot=  1.87  diag=+0.989  mix=[cap:102/ref:111/nl:107]  β=0.056  α_t=0.056  (5966s)
step  7000  L_grcl=  1.78  L_cov= 0.31  L_cons=0.000  L_tot=  1.87  diag=+0.989  mix=[cap:110/ref:100/nl:110]  β=0.056  α_t=0.056  (5982s)

  [eval @ step 7000] held-out test-A...
    cap-fig cos: +0.9948  (Δ +0.8801)
    R@1/5/10: 16.0% / 69.0% / 87.5%  (Δ +16.0 / +69.0 / +87.5)
    [ckpt saved @ step 7000 R@10=87.5%]

step  7020  L_grcl=  1.78  L_cov= 0.32  L_cons=0.000  L_tot=  1.88  diag=+0.990  mix=[cap:98/ref:110/nl:112]  β=0.056  α_t=0.056  (6015s)
step  7040  L_grcl=  1.74  L_cov= 0.30  L_cons=0.000  L_tot=  1.83  diag=+0.990  mix=[cap:111/ref:103/nl:106]  β=0.056  α_t=0.056  (6031s)
step  7060  L_grcl=  1.89  L_cov= 0.30  L_cons=0.000  L_tot=  1.99  diag=+0.988  mix=[cap:96/ref:112/nl:112]  β=0.056  α_t=0.056  (6048s)
step  7080  L_grcl=  1.79  L_cov= 0.32  L_cons=0.000  L_tot=  1.88  diag=+0.991  mix=[cap:108/ref:110/nl:102]  β=0.056  α_t=0.056  (6065s)
step  7100  L_grcl=  1.79  L_cov= 0.31  L_cons=0.000  L_tot=  1.88  diag=+0.988  mix=[cap:97/ref:103/nl:120]  β=0.056  α_t=0.056  (6081s)
step  7120  L_grcl=  1.76  L_cov= 0.31  L_cons=-0.000  L_tot=  1.85  diag=+0.990  mix=[cap:100/ref:119/nl:101]  β=0.056  α_t=0.056  (6098s)
step  7140  L_grcl=  1.80  L_cov= 0.31  L_cons=-0.000  L_tot=  1.89  diag=+0.988  mix=[cap:111/ref:100/nl:109]  β=0.056  α_t=0.056  (6114s)
step  7160  L_grcl=  1.79  L_cov= 0.31  L_cons=0.000  L_tot=  1.88  diag=+0.989  mix=[cap:108/ref:118/nl:94]  β=0.056  α_t=0.056  (6131s)
step  7180  L_grcl=  1.74  L_cov= 0.31  L_cons=0.000  L_tot=  1.83  diag=+0.990  mix=[cap:115/ref:104/nl:101]  β=0.056  α_t=0.056  (6147s)
step  7200  L_grcl=  1.78  L_cov= 0.30  L_cons=0.000  L_tot=  1.87  diag=+0.989  mix=[cap:105/ref:106/nl:109]  β=0.056  α_t=0.056  (6163s)
step  7220  L_grcl=  1.81  L_cov= 0.32  L_cons=0.000  L_tot=  1.90  diag=+0.989  mix=[cap:116/ref:100/nl:104]  β=0.056  α_t=0.056  (6180s)
step  7240  L_grcl=  1.76  L_cov= 0.31  L_cons=0.000  L_tot=  1.85  diag=+0.989  mix=[cap:114/ref:106/nl:100]  β=0.056  α_t=0.056  (6196s)
step  7260  L_grcl=  1.77  L_cov= 0.31  L_cons=0.000  L_tot=  1.87  diag=+0.989  mix=[cap:101/ref:101/nl:118]  β=0.056  α_t=0.056  (6213s)
step  7280  L_grcl=  1.71  L_cov= 0.31  L_cons=0.000  L_tot=  1.80  diag=+0.988  mix=[cap:117/ref:94/nl:109]  β=0.057  α_t=0.056  (6229s)
step  7300  L_grcl=  1.80  L_cov= 0.32  L_cons=0.000  L_tot=  1.90  diag=+0.988  mix=[cap:107/ref:120/nl:93]  β=0.057  α_t=0.056  (6246s)
step  7320  L_grcl=  1.81  L_cov= 0.31  L_cons=0.000  L_tot=  1.90  diag=+0.991  mix=[cap:106/ref:103/nl:111]  β=0.057  α_t=0.056  (6263s)
step  7340  L_grcl=  1.77  L_cov= 0.30  L_cons=0.000  L_tot=  1.85  diag=+0.988  mix=[cap:109/ref:110/nl:101]  β=0.057  α_t=0.056  (6279s)
step  7360  L_grcl=  1.79  L_cov= 0.31  L_cons=0.000  L_tot=  1.88  diag=+0.990  mix=[cap:104/ref:115/nl:101]  β=0.057  α_t=0.056  (6295s)
step  7380  L_grcl=  1.80  L_cov= 0.32  L_cons=0.000  L_tot=  1.90  diag=+0.990  mix=[cap:106/ref:104/nl:110]  β=0.057  α_t=0.056  (6312s)
step  7400  L_grcl=  1.79  L_cov= 0.32  L_cons=0.000  L_tot=  1.89  diag=+0.990  mix=[cap:99/ref:97/nl:124]  β=0.057  α_t=0.056  (6330s)
step  7420  L_grcl=  1.81  L_cov= 0.31  L_cons=0.000  L_tot=  1.90  diag=+0.988  mix=[cap:89/ref:114/nl:117]  β=0.057  α_t=0.056  (6347s)
step  7440  L_grcl=  1.76  L_cov= 0.30  L_cons=-0.000  L_tot=  1.85  diag=+0.989  mix=[cap:116/ref:103/nl:101]  β=0.057  α_t=0.056  (6363s)
step  7460  L_grcl=  1.82  L_cov= 0.31  L_cons=0.000  L_tot=  1.92  diag=+0.990  mix=[cap:100/ref:108/nl:112]  β=0.057  α_t=0.056  (6379s)
step  7480  L_grcl=  1.72  L_cov= 0.30  L_cons=0.000  L_tot=  1.81  diag=+0.989  mix=[cap:110/ref:117/nl:93]  β=0.057  α_t=0.056  (6396s)
step  7500  L_grcl=  1.74  L_cov= 0.30  L_cons=0.000  L_tot=  1.83  diag=+0.987  mix=[cap:115/ref:111/nl:94]  β=0.057  α_t=0.057  (6412s)

  [eval @ step 7500] held-out test-A...
    cap-fig cos: +0.9944  (Δ +0.8797)
    R@1/5/10: 15.0% / 58.0% / 81.0%  (Δ +15.0 / +58.0 / +81.0)

step  7520  L_grcl=  1.76  L_cov= 0.29  L_cons=0.000  L_tot=  1.84  diag=+0.990  mix=[cap:113/ref:102/nl:105]  β=0.057  α_t=0.057  (6441s)
step  7540  L_grcl=  1.80  L_cov= 0.32  L_cons=0.000  L_tot=  1.90  diag=+0.990  mix=[cap:120/ref:110/nl:90]  β=0.057  α_t=0.057  (6458s)
step  7560  L_grcl=  1.81  L_cov= 0.31  L_cons=0.000  L_tot=  1.90  diag=+0.988  mix=[cap:101/ref:115/nl:104]  β=0.057  α_t=0.057  (6474s)
step  7580  L_grcl=  1.78  L_cov= 0.32  L_cons=0.000  L_tot=  1.88  diag=+0.989  mix=[cap:114/ref:102/nl:104]  β=0.057  α_t=0.057  (6491s)
step  7600  L_grcl=  1.77  L_cov= 0.31  L_cons=0.000  L_tot=  1.87  diag=+0.988  mix=[cap:108/ref:103/nl:109]  β=0.057  α_t=0.057  (6508s)
step  7620  L_grcl=  1.75  L_cov= 0.30  L_cons=-0.000  L_tot=  1.84  diag=+0.990  mix=[cap:117/ref:97/nl:106]  β=0.057  α_t=0.057  (6524s)
step  7640  L_grcl=  1.77  L_cov= 0.31  L_cons=0.000  L_tot=  1.86  diag=+0.989  mix=[cap:104/ref:107/nl:109]  β=0.057  α_t=0.057  (6540s)
step  7660  L_grcl=  1.78  L_cov= 0.31  L_cons=0.000  L_tot=  1.87  diag=+0.989  mix=[cap:107/ref:109/nl:104]  β=0.057  α_t=0.057  (6557s)
step  7680  L_grcl=  1.83  L_cov= 0.32  L_cons=0.000  L_tot=  1.93  diag=+0.989  mix=[cap:97/ref:106/nl:117]  β=0.057  α_t=0.057  (6574s)
step  7700  L_grcl=  1.79  L_cov= 0.31  L_cons=0.000  L_tot=  1.88  diag=+0.991  mix=[cap:122/ref:112/nl:86]  β=0.057  α_t=0.057  (6591s)
step  7720  L_grcl=  1.78  L_cov= 0.30  L_cons=-0.000  L_tot=  1.87  diag=+0.989  mix=[cap:93/ref:101/nl:126]  β=0.057  α_t=0.057  (6607s)
step  7740  L_grcl=  1.81  L_cov= 0.31  L_cons=0.000  L_tot=  1.90  diag=+0.988  mix=[cap:99/ref:111/nl:110]  β=0.057  α_t=0.057  (6623s)
step  7760  L_grcl=  1.73  L_cov= 0.32  L_cons=0.000  L_tot=  1.82  diag=+0.989  mix=[cap:111/ref:103/nl:106]  β=0.057  α_t=0.057  (6640s)
step  7780  L_grcl=  1.75  L_cov= 0.31  L_cons=0.000  L_tot=  1.84  diag=+0.990  mix=[cap:130/ref:93/nl:97]  β=0.057  α_t=0.057  (6657s)
step  7800  L_grcl=  1.74  L_cov= 0.30  L_cons=0.000  L_tot=  1.83  diag=+0.989  mix=[cap:118/ref:113/nl:89]  β=0.057  α_t=0.057  (6674s)
step  7820  L_grcl=  1.80  L_cov= 0.32  L_cons=0.000  L_tot=  1.90  diag=+0.989  mix=[cap:100/ref:109/nl:111]  β=0.057  α_t=0.057  (6690s)
step  7840  L_grcl=  1.73  L_cov= 0.29  L_cons=-0.000  L_tot=  1.82  diag=+0.990  mix=[cap:125/ref:97/nl:98]  β=0.057  α_t=0.057  (6706s)
step  7860  L_grcl=  1.78  L_cov= 0.31  L_cons=0.000  L_tot=  1.87  diag=+0.989  mix=[cap:108/ref:110/nl:102]  β=0.058  α_t=0.057  (6723s)
step  7880  L_grcl=  1.72  L_cov= 0.29  L_cons=0.000  L_tot=  1.81  diag=+0.989  mix=[cap:108/ref:105/nl:107]  β=0.058  α_t=0.057  (6739s)
step  7900  L_grcl=  1.77  L_cov= 0.31  L_cons=0.000  L_tot=  1.86  diag=+0.990  mix=[cap:109/ref:105/nl:106]  β=0.058  α_t=0.057  (6756s)
step  7920  L_grcl=  1.79  L_cov= 0.31  L_cons=-0.000  L_tot=  1.89  diag=+0.990  mix=[cap:107/ref:119/nl:94]  β=0.058  α_t=0.057  (6772s)
step  7940  L_grcl=  1.75  L_cov= 0.30  L_cons=-0.000  L_tot=  1.84  diag=+0.988  mix=[cap:103/ref:104/nl:113]  β=0.058  α_t=0.057  (6788s)
step  7960  L_grcl=  1.78  L_cov= 0.31  L_cons=-0.000  L_tot=  1.88  diag=+0.988  mix=[cap:100/ref:116/nl:104]  β=0.058  α_t=0.057  (6805s)
step  7980  L_grcl=  1.78  L_cov= 0.32  L_cons=-0.000  L_tot=  1.87  diag=+0.988  mix=[cap:102/ref:121/nl:97]  β=0.058  α_t=0.057  (6821s)
step  8000  L_grcl=  1.79  L_cov= 0.30  L_cons=0.000  L_tot=  1.88  diag=+0.987  mix=[cap:100/ref:113/nl:107]  β=0.058  α_t=0.057  (6838s)

  [eval @ step 8000] held-out test-A...
    cap-fig cos: +0.9941  (Δ +0.8794)
    R@1/5/10: 16.5% / 57.5% / 83.0%  (Δ +16.5 / +57.5 / +83.0)


[final] test-A:
  cap-fig cos: +0.9941  (init +0.1147, Δ +0.8794)
  R@1/5/10: 16.5% / 57.5% / 83.0%
  init R@1/5/10: 0.0% / 0.0% / 0.0%

saved → /home/work/dl/dl_project/eval/results/experiments/o_no_query_pe_dropout/train.json
[main1:107611:0:107611] Caught signal 11 (Segmentation fault: address not mapped to object at address 0x7f1412badec0)
==== backtrace (tid: 107611) ====
 0  /opt/hpcx/ucx/lib/libucs.so.0(ucs_handle_error+0x2e4) [0x7f139c307774]
 1  /opt/hpcx/ucx/lib/libucs.so.0(+0x3796a) [0x7f139c30796a]
 2  /opt/hpcx/ucx/lib/libucs.so.0(+0x37ba8) [0x7f139c307ba8]
 3  /usr/lib/x86_64-linux-gnu/libc.so.6(+0x45330) [0x7f1412e33330]
 4  /usr/lib/x86_64-linux-gnu/libnvidia-ml.so.575.51.03(+0x336c1) [0x7f140c4336c1]
 5  /usr/lib/x86_64-linux-gnu/libnvidia-ml.so.575.51.03(nvmlShutdown+0xe) [0x7f140c41cfae]
 6  /opt/kernel/libcudahook.ubuntu18.04.x86_64.so(+0xc3caf) [0x7f14130c3caf]
 7  /opt/kernel/libcudahook.ubuntu18.04.x86_64.so(+0xc3d48) [0x7f14130c3d48]
 8  /opt/kernel/libcudahook.ubuntu18.04.x86_64.so(+0xc3a2d) [0x7f14130c3a2d]
 9  /lib64/ld-linux-x86-64.so.2(+0x10f2) [0x7f1413c480f2]
10  /lib64/ld-linux-x86-64.so.2(+0x5578) [0x7f1413c4c578]
11  /usr/lib/x86_64-linux-gnu/libc.so.6(+0x47a76) [0x7f1412e35a76]
12  /usr/lib/x86_64-linux-gnu/libc.so.6(+0x47bbe) [0x7f1412e35bbe]
13  /usr/lib/x86_64-linux-gnu/libc.so.6(+0x2a1d1) [0x7f1412e181d1]
14  /usr/lib/x86_64-linux-gnu/libc.so.6(__libc_start_main+0x8b) [0x7f1412e1828b]
15  /usr/bin/python(_start+0x25) [0x657ce5]
=================================
  training exited with code -11 but train.json + ckpt look complete — treating as success
  training done in 117.5 min

--- Evaluation ---
$ /usr/bin/python -m pipeline.eval_full --out /home/work/dl/dl_project/eval/results/experiments/o_no_query_pe_dropout/eval.json --device cuda --ckpt ckpt/o_no_query_pe_dropout.pt --lora_rank 8 --lora_alpha 16 --hf_id google/siglip2-base-patch16-224 --gpe_facets type,role,depth,pos --datasets spiqa_testA sciegqa mmdocir
device: cuda
[ElementTokenEncoder] loading google/siglip2-base-patch16-224
Using a slow image processor as `use_fast` is unset and a slow processor was saved with this model. `use_fast=True` will be the default behavior in v4.52, even if the model was saved with a slow processor. This will result in minor differences in outputs. You'll still be able to use a slow processor with `use_fast=False`.
[ElementTokenEncoder] LoRA r=8 α=16 targets=['q_proj', 'k_proj', 'v_proj', 'out_proj'] applied (d_text=768, d_vision=768, cls=False)
trainable params: 1,191,936 || all params: 376,379,906 || trainable%: 0.3167
[eval_full] loaded checkpoint: ckpt/o_no_query_pe_dropout.pt

[eval] SPIQA test-A
  graph: 118 docs, elements: 9039, queries: 666
  [5/118 docs, 26/666 queries] 2s
  [10/118 docs, 59/666 queries] 5s
  [15/118 docs, 82/666 queries] 7s
  [20/118 docs, 105/666 queries] 9s
  [25/118 docs, 132/666 queries] 11s
  [30/118 docs, 161/666 queries] 13s
  [35/118 docs, 181/666 queries] 15s
  [40/118 docs, 217/666 queries] 18s
  [45/118 docs, 242/666 queries] 20s
  [50/118 docs, 269/666 queries] 22s
  [55/118 docs, 285/666 queries] 24s
  [60/118 docs, 313/666 queries] 26s
  [65/118 docs, 352/666 queries] 29s
  [70/118 docs, 396/666 queries] 33s
  [75/118 docs, 445/666 queries] 36s
  [80/118 docs, 481/666 queries] 39s
  [85/118 docs, 514/666 queries] 42s
  [90/118 docs, 535/666 queries] 43s
  [95/118 docs, 560/666 queries] 45s
  [100/118 docs, 590/666 queries] 48s
  [105/118 docs, 616/666 queries] 50s
  [110/118 docs, 640/666 queries] 52s
  [115/118 docs, 663/666 queries] 54s
  done in 54s

[eval] SciEGQA
  graph: 80 docs, elements: 29412, queries: 1623
  [5/80 docs, 108/1623 queries] 11s
  [10/80 docs, 218/1623 queries] 25s
  [15/80 docs, 325/1623 queries] 37s
  [20/80 docs, 427/1623 queries] 60s
  [25/80 docs, 532/1623 queries] 72s
  [30/80 docs, 630/1623 queries] 89s
  [35/80 docs, 733/1623 queries] 105s
  [40/80 docs, 818/1623 queries] 113s
  [45/80 docs, 927/1623 queries] 125s
  [50/80 docs, 1031/1623 queries] 137s
  [55/80 docs, 1102/1623 queries] 147s
  [60/80 docs, 1207/1623 queries] 158s
  [65/80 docs, 1314/1623 queries] 176s
  [70/80 docs, 1423/1623 queries] 194s
  [75/80 docs, 1513/1623 queries] 204s
  [80/80 docs, 1623/1623 queries] 220s
  done in 220s

[eval] MMDocIR
  graph: 75 docs, elements: 15032, queries: 389
  [5/75 docs, 31/389 queries] 5s
  [10/75 docs, 58/389 queries] 8s
  [15/75 docs, 87/389 queries] 14s
  [20/75 docs, 116/389 queries] 17s
  [25/75 docs, 137/389 queries] 20s
  [30/75 docs, 162/389 queries] 22s
  [35/75 docs, 187/389 queries] 24s
  [40/75 docs, 212/389 queries] 26s
  [45/75 docs, 243/389 queries] 28s
  [50/75 docs, 267/389 queries] 30s
  [55/75 docs, 288/389 queries] 31s
  [60/75 docs, 306/389 queries] 33s
  [65/75 docs, 332/389 queries] 35s
  [70/75 docs, 364/389 queries] 38s
  [75/75 docs, 389/389 queries] 40s
  done in 40s

saved → /home/work/dl/dl_project/eval/results/experiments/o_no_query_pe_dropout/eval.json

=== Summary ===

SPIQA test-A:
  [no_prop] mrr=0.3795  recall@10=0.8709  hit@10=0.8709  coverage@10=0.8709  perfect@10=0.8709
  [uniform_a01_T2] mrr=0.2833  recall@10=0.7072  hit@10=0.7072  coverage@10=0.7072  perfect@10=0.7072
  [uniform_a03_T1] mrr=0.2899  recall@10=0.7447  hit@10=0.7447  coverage@10=0.7447  perfect@10=0.7447
  [uniform_a03_T2] mrr=0.2791  recall@10=0.6667  hit@10=0.6667  coverage@10=0.6667  perfect@10=0.6667
  [uniform_a03_T3] mrr=0.2861  recall@10=0.6667  hit@10=0.6667  coverage@10=0.6667  perfect@10=0.6667
  [uniform_a05_T2] mrr=0.2831  recall@10=0.6607  hit@10=0.6607  coverage@10=0.6607  perfect@10=0.6607
  [wbase_a03_T2] mrr=0.3025  recall@10=0.7042  hit@10=0.7042  coverage@10=0.7042  perfect@10=0.7042
  [wbase_role_a03_T2] mrr=0.3025  recall@10=0.7042  hit@10=0.7042  coverage@10=0.7042  perfect@10=0.7042
  [wbase_vis_a03_T2] mrr=0.3033  recall@10=0.7042  hit@10=0.7042  coverage@10=0.7042  perfect@10=0.7042
  [wfull_a03_T2] mrr=0.3033  recall@10=0.7042  hit@10=0.7042  coverage@10=0.7042  perfect@10=0.7042
  [wfull_a01_T2] mrr=0.3093  recall@10=0.7432  hit@10=0.7432  coverage@10=0.7432  perfect@10=0.7432
  [wfull_a05_T2] mrr=0.3079  recall@10=0.6817  hit@10=0.6817  coverage@10=0.6817  perfect@10=0.6817
  [wfull_a07_T2] mrr=0.2825  recall@10=0.6562  hit@10=0.6562  coverage@10=0.6562  perfect@10=0.6562
  [wfull_a03_T1] mrr=0.3205  recall@10=0.7898  hit@10=0.7898  coverage@10=0.7898  perfect@10=0.7898
  [wfull_a03_T3] mrr=0.3048  recall@10=0.6892  hit@10=0.6892  coverage@10=0.6892  perfect@10=0.6892
  [ppr_a015] mrr=0.2806  recall@10=0.6366  hit@10=0.6366  coverage@10=0.6366  perfect@10=0.6366
  [ppr_a030] mrr=0.2955  recall@10=0.6622  hit@10=0.6622  coverage@10=0.6622  perfect@10=0.6622
  [ppr_a050] mrr=0.3167  recall@10=0.6877  hit@10=0.6877  coverage@10=0.6877  perfect@10=0.6877
  [ppr_a070] mrr=0.3101  recall@10=0.7177  hit@10=0.7177  coverage@10=0.7177  perfect@10=0.7177
  [ppr_a085] mrr=0.3091  recall@10=0.7342  hit@10=0.7342  coverage@10=0.7342  perfect@10=0.7342
  [ppr_unif_a030] mrr=0.2946  recall@10=0.6517  hit@10=0.6517  coverage@10=0.6517  perfect@10=0.6517
  [ppr_unif_a050] mrr=0.2978  recall@10=0.6787  hit@10=0.6787  coverage@10=0.6787  perfect@10=0.6787
  [prop_a03_T2] mrr=0.3033  recall@10=0.7042  hit@10=0.7042  coverage@10=0.7042  perfect@10=0.7042
  [prop_a01_T2] mrr=0.3093  recall@10=0.7432  hit@10=0.7432  coverage@10=0.7432  perfect@10=0.7432
  [prop_a05_T2] mrr=0.3079  recall@10=0.6817  hit@10=0.6817  coverage@10=0.6817  perfect@10=0.6817
  [prop_a07_T2] mrr=0.2825  recall@10=0.6562  hit@10=0.6562  coverage@10=0.6562  perfect@10=0.6562
  [prop_a03_T1] mrr=0.3205  recall@10=0.7898  hit@10=0.7898  coverage@10=0.7898  perfect@10=0.7898
  [prop_a03_T3] mrr=0.3048  recall@10=0.6892  hit@10=0.6892  coverage@10=0.6892  perfect@10=0.6892

SciEGQA:
  [no_prop] mrr=0.0338  recall@10=0.0104  hit@10=0.0752  coverage@10=0.0104  perfect@10=0.0086  cross_page_hit=0.2658
  [uniform_a01_T2] mrr=0.0344  recall@10=0.0137  hit@10=0.0672  coverage@10=0.0137  perfect@10=0.0111  cross_page_hit=0.1867
  [uniform_a03_T1] mrr=0.0338  recall@10=0.0141  hit@10=0.0696  coverage@10=0.0141  perfect@10=0.0111  cross_page_hit=0.1899
  [uniform_a03_T2] mrr=0.0348  recall@10=0.0138  hit@10=0.0641  coverage@10=0.0138  perfect@10=0.0111  cross_page_hit=0.1835
  [uniform_a03_T3] mrr=0.0348  recall@10=0.0144  hit@10=0.0653  coverage@10=0.0144  perfect@10=0.0117  cross_page_hit=0.1804
  [uniform_a05_T2] mrr=0.0348  recall@10=0.0148  hit@10=0.0653  coverage@10=0.0148  perfect@10=0.0117  cross_page_hit=0.1804
  [wbase_a03_T2] mrr=0.0362  recall@10=0.0143  hit@10=0.0647  coverage@10=0.0143  perfect@10=0.0111  cross_page_hit=0.1835
  [wbase_role_a03_T2] mrr=0.0362  recall@10=0.0143  hit@10=0.0647  coverage@10=0.0143  perfect@10=0.0111  cross_page_hit=0.1835
  [wbase_vis_a03_T2] mrr=0.0362  recall@10=0.0143  hit@10=0.0647  coverage@10=0.0143  perfect@10=0.0111  cross_page_hit=0.1835
  [wfull_a03_T2] mrr=0.0362  recall@10=0.0143  hit@10=0.0647  coverage@10=0.0143  perfect@10=0.0111  cross_page_hit=0.1835
  [wfull_a01_T2] mrr=0.0351  recall@10=0.0141  hit@10=0.0678  coverage@10=0.0141  perfect@10=0.0111  cross_page_hit=0.1899
  [wfull_a05_T2] mrr=0.0359  recall@10=0.0148  hit@10=0.0659  coverage@10=0.0148  perfect@10=0.0111  cross_page_hit=0.1804
  [wfull_a07_T2] mrr=0.0368  recall@10=0.0145  hit@10=0.0653  coverage@10=0.0145  perfect@10=0.0111  cross_page_hit=0.1867
  [wfull_a03_T1] mrr=0.0347  recall@10=0.0144  hit@10=0.0702  coverage@10=0.0144  perfect@10=0.0111  cross_page_hit=0.1899
  [wfull_a03_T3] mrr=0.0360  recall@10=0.0147  hit@10=0.0665  coverage@10=0.0147  perfect@10=0.0111  cross_page_hit=0.1835
  [ppr_a015] mrr=0.0363  recall@10=0.0153  hit@10=0.0653  coverage@10=0.0153  perfect@10=0.0111  cross_page_hit=0.1835
  [ppr_a030] mrr=0.0363  recall@10=0.0149  hit@10=0.0647  coverage@10=0.0149  perfect@10=0.0111  cross_page_hit=0.1804
  [ppr_a050] mrr=0.0353  recall@10=0.0149  hit@10=0.0659  coverage@10=0.0149  perfect@10=0.0111  cross_page_hit=0.1835
  [ppr_a070] mrr=0.0353  recall@10=0.0141  hit@10=0.0653  coverage@10=0.0141  perfect@10=0.0111  cross_page_hit=0.1899
  [ppr_a085] mrr=0.0351  recall@10=0.0145  hit@10=0.0678  coverage@10=0.0145  perfect@10=0.0111  cross_page_hit=0.1835
  [ppr_unif_a030] mrr=0.0350  recall@10=0.0147  hit@10=0.0635  coverage@10=0.0147  perfect@10=0.0117  cross_page_hit=0.1772
  [ppr_unif_a050] mrr=0.0348  recall@10=0.0147  hit@10=0.0647  coverage@10=0.0147  perfect@10=0.0117  cross_page_hit=0.1835
  [prop_a03_T2] mrr=0.0362  recall@10=0.0143  hit@10=0.0647  coverage@10=0.0143  perfect@10=0.0111  cross_page_hit=0.1835
  [prop_a01_T2] mrr=0.0351  recall@10=0.0141  hit@10=0.0678  coverage@10=0.0141  perfect@10=0.0111  cross_page_hit=0.1899
  [prop_a05_T2] mrr=0.0359  recall@10=0.0148  hit@10=0.0659  coverage@10=0.0148  perfect@10=0.0111  cross_page_hit=0.1804
  [prop_a07_T2] mrr=0.0368  recall@10=0.0145  hit@10=0.0653  coverage@10=0.0145  perfect@10=0.0111  cross_page_hit=0.1867
  [prop_a03_T1] mrr=0.0347  recall@10=0.0144  hit@10=0.0702  coverage@10=0.0144  perfect@10=0.0111  cross_page_hit=0.1899
  [prop_a03_T3] mrr=0.0360  recall@10=0.0147  hit@10=0.0665  coverage@10=0.0147  perfect@10=0.0111  cross_page_hit=0.1835

MMDocIR:
  [no_prop] mrr=0.0286  recall@10=0.0250  hit@10=0.0437  coverage@10=0.0250  perfect@10=0.0257  cross_page_hit=0.2034
  [uniform_a01_T2] mrr=0.0276  recall@10=0.0369  hit@10=0.0540  coverage@10=0.0369  perfect@10=0.0360  cross_page_hit=0.0508
  [uniform_a03_T1] mrr=0.0280  recall@10=0.0356  hit@10=0.0514  coverage@10=0.0356  perfect@10=0.0360  cross_page_hit=0.0508
  [uniform_a03_T2] mrr=0.0290  recall@10=0.0369  hit@10=0.0540  coverage@10=0.0369  perfect@10=0.0360  cross_page_hit=0.0508
  [uniform_a03_T3] mrr=0.0289  recall@10=0.0369  hit@10=0.0540  coverage@10=0.0369  perfect@10=0.0360  cross_page_hit=0.0508
  [uniform_a05_T2] mrr=0.0293  recall@10=0.0369  hit@10=0.0540  coverage@10=0.0369  perfect@10=0.0360  cross_page_hit=0.0508
  [wbase_a03_T2] mrr=0.0290  recall@10=0.0369  hit@10=0.0540  coverage@10=0.0369  perfect@10=0.0360  cross_page_hit=0.0508
  [wbase_role_a03_T2] mrr=0.0290  recall@10=0.0369  hit@10=0.0540  coverage@10=0.0369  perfect@10=0.0360  cross_page_hit=0.0508
  [wbase_vis_a03_T2] mrr=0.0290  recall@10=0.0369  hit@10=0.0540  coverage@10=0.0369  perfect@10=0.0360  cross_page_hit=0.0508
  [wfull_a03_T2] mrr=0.0290  recall@10=0.0369  hit@10=0.0540  coverage@10=0.0369  perfect@10=0.0360  cross_page_hit=0.0508
  [wfull_a01_T2] mrr=0.0276  recall@10=0.0369  hit@10=0.0540  coverage@10=0.0369  perfect@10=0.0360  cross_page_hit=0.0508
  [wfull_a05_T2] mrr=0.0293  recall@10=0.0369  hit@10=0.0540  coverage@10=0.0369  perfect@10=0.0360  cross_page_hit=0.0508
  [wfull_a07_T2] mrr=0.0292  recall@10=0.0407  hit@10=0.0566  coverage@10=0.0407  perfect@10=0.0411  cross_page_hit=0.0508
  [wfull_a03_T1] mrr=0.0280  recall@10=0.0356  hit@10=0.0514  coverage@10=0.0356  perfect@10=0.0360  cross_page_hit=0.0508
  [wfull_a03_T3] mrr=0.0289  recall@10=0.0369  hit@10=0.0540  coverage@10=0.0369  perfect@10=0.0360  cross_page_hit=0.0508
  [ppr_a015] mrr=0.0285  recall@10=0.0382  hit@10=0.0540  coverage@10=0.0382  perfect@10=0.0386  cross_page_hit=0.0508
  [ppr_a030] mrr=0.0286  recall@10=0.0369  hit@10=0.0540  coverage@10=0.0369  perfect@10=0.0360  cross_page_hit=0.0508
  [ppr_a050] mrr=0.0274  recall@10=0.0356  hit@10=0.0514  coverage@10=0.0356  perfect@10=0.0360  cross_page_hit=0.0508
  [ppr_a070] mrr=0.0273  recall@10=0.0356  hit@10=0.0514  coverage@10=0.0356  perfect@10=0.0360  cross_page_hit=0.0508
  [ppr_a085] mrr=0.0275  recall@10=0.0369  hit@10=0.0540  coverage@10=0.0369  perfect@10=0.0360  cross_page_hit=0.0508
  [ppr_unif_a030] mrr=0.0286  recall@10=0.0369  hit@10=0.0540  coverage@10=0.0369  perfect@10=0.0360  cross_page_hit=0.0508
  [ppr_unif_a050] mrr=0.0274  recall@10=0.0356  hit@10=0.0514  coverage@10=0.0356  perfect@10=0.0360  cross_page_hit=0.0508
  [prop_a03_T2] mrr=0.0290  recall@10=0.0369  hit@10=0.0540  coverage@10=0.0369  perfect@10=0.0360  cross_page_hit=0.0508
  [prop_a01_T2] mrr=0.0276  recall@10=0.0369  hit@10=0.0540  coverage@10=0.0369  perfect@10=0.0360  cross_page_hit=0.0508
  [prop_a05_T2] mrr=0.0293  recall@10=0.0369  hit@10=0.0540  coverage@10=0.0369  perfect@10=0.0360  cross_page_hit=0.0508
  [prop_a07_T2] mrr=0.0292  recall@10=0.0407  hit@10=0.0566  coverage@10=0.0407  perfect@10=0.0411  cross_page_hit=0.0508
  [prop_a03_T1] mrr=0.0280  recall@10=0.0356  hit@10=0.0514  coverage@10=0.0356  perfect@10=0.0360  cross_page_hit=0.0508
  [prop_a03_T3] mrr=0.0289  recall@10=0.0369  hit@10=0.0540  coverage@10=0.0369  perfect@10=0.0360  cross_page_hit=0.0508
[main1:124845:0:124845] Caught signal 11 (Segmentation fault: address not mapped to object at address 0x7fbaeb5adec0)
==== backtrace (tid: 124845) ====
 0  /opt/hpcx/ucx/lib/libucs.so.0(ucs_handle_error+0x2e4) [0x7fbad9906774]
 1  /opt/hpcx/ucx/lib/libucs.so.0(+0x3796a) [0x7fbad990696a]
 2  /opt/hpcx/ucx/lib/libucs.so.0(+0x37ba8) [0x7fbad9906ba8]
 3  /usr/lib/x86_64-linux-gnu/libc.so.6(+0x45330) [0x7fbaeb833330]
 4  /usr/lib/x86_64-linux-gnu/libnvidia-ml.so.575.51.03(+0x336c1) [0x7fbae4e336c1]
 5  /usr/lib/x86_64-linux-gnu/libnvidia-ml.so.575.51.03(nvmlShutdown+0xe) [0x7fbae4e1cfae]
 6  /opt/kernel/libcudahook.ubuntu18.04.x86_64.so(+0xc3caf) [0x7fbaebac3caf]
 7  /opt/kernel/libcudahook.ubuntu18.04.x86_64.so(+0xc3d48) [0x7fbaebac3d48]
 8  /opt/kernel/libcudahook.ubuntu18.04.x86_64.so(+0xc3a2d) [0x7fbaebac3a2d]
 9  /lib64/ld-linux-x86-64.so.2(+0x10f2) [0x7fbaec5820f2]
10  /lib64/ld-linux-x86-64.so.2(+0x5578) [0x7fbaec586578]
11  /usr/lib/x86_64-linux-gnu/libc.so.6(+0x47a76) [0x7fbaeb835a76]
12  /usr/lib/x86_64-linux-gnu/libc.so.6(+0x47bbe) [0x7fbaeb835bbe]
13  /usr/lib/x86_64-linux-gnu/libc.so.6(+0x2a1d1) [0x7fbaeb8181d1]
14  /usr/lib/x86_64-linux-gnu/libc.so.6(__libc_start_main+0x8b) [0x7fbaeb81828b]
15  /usr/bin/python(_start+0x25) [0x657ce5]
=================================
  eval exited with code -11 but eval.json looks complete — treating as success
  eval done in 6.4 min

=== Experiment o complete → /home/work/dl/dl_project/eval/results/experiments/o_no_query_pe_dropout/summary.json ===
