=== Experiment row f: grcl_gpe ===
  description: LoRA + GRCL + GPE (no L_cov, no L_cons)
  output dir:  /home/work/dl/dl_project/eval/results/stat/f_grcl_gpe
  checkpoint:  ckpt/f_grcl_gpe.pt

(skipping training for f)

--- Evaluation ---
$ /usr/bin/python -m pipeline.eval_full --out /home/work/dl/dl_project/eval/results/stat/f_grcl_gpe/eval.json --device cuda --ckpt ckpt/f_grcl_gpe.pt --lora_rank 8 --lora_alpha 16 --hf_id google/siglip2-base-patch16-224 --gpe_facets type,role,depth,pos --dump_per_query --datasets spiqa_testA sciegqa mmdocir
device: cuda
[ElementTokenEncoder] loading google/siglip2-base-patch16-224
Using a slow image processor as `use_fast` is unset and a slow processor was saved with this model. `use_fast=True` will be the default behavior in v4.52, even if the model was saved with a slow processor. This will result in minor differences in outputs. You'll still be able to use a slow processor with `use_fast=False`.
[ElementTokenEncoder] LoRA r=8 α=16 targets=['q_proj', 'k_proj', 'v_proj', 'out_proj'] applied (d_text=768, d_vision=768, cls=False)
trainable params: 1,191,936 || all params: 376,379,906 || trainable%: 0.3167
[eval_full] loaded checkpoint: ckpt/f_grcl_gpe.pt

[eval] SPIQA test-A
  graph: 118 docs, elements: 9039, queries: 666
  [5/118 docs, 26/666 queries] 2s
  [10/118 docs, 59/666 queries] 5s
  [15/118 docs, 82/666 queries] 7s
  [20/118 docs, 105/666 queries] 9s
  [25/118 docs, 132/666 queries] 11s
  [30/118 docs, 161/666 queries] 13s
  [35/118 docs, 181/666 queries] 15s
  [40/118 docs, 217/666 queries] 18s
  [45/118 docs, 242/666 queries] 20s
  [50/118 docs, 269/666 queries] 22s
  [55/118 docs, 285/666 queries] 23s
  [60/118 docs, 313/666 queries] 26s
  [65/118 docs, 352/666 queries] 29s
  [70/118 docs, 396/666 queries] 32s
  [75/118 docs, 445/666 queries] 36s
  [80/118 docs, 481/666 queries] 39s
  [85/118 docs, 514/666 queries] 41s
  [90/118 docs, 535/666 queries] 43s
  [95/118 docs, 560/666 queries] 45s
  [100/118 docs, 590/666 queries] 48s
  [105/118 docs, 616/666 queries] 50s
  [110/118 docs, 640/666 queries] 52s
  [115/118 docs, 663/666 queries] 54s
  done in 54s

[eval] SciEGQA
  graph: 80 docs, elements: 29412, queries: 1623
  [5/80 docs, 108/1623 queries] 11s
  [10/80 docs, 218/1623 queries] 26s
  [15/80 docs, 325/1623 queries] 37s
  [20/80 docs, 427/1623 queries] 60s
  [25/80 docs, 532/1623 queries] 72s
  [30/80 docs, 630/1623 queries] 89s
  [35/80 docs, 733/1623 queries] 105s
  [40/80 docs, 818/1623 queries] 113s
  [45/80 docs, 927/1623 queries] 126s
  [50/80 docs, 1031/1623 queries] 137s
  [55/80 docs, 1102/1623 queries] 148s
  [60/80 docs, 1207/1623 queries] 158s
  [65/80 docs, 1314/1623 queries] 177s
  [70/80 docs, 1423/1623 queries] 194s
  [75/80 docs, 1513/1623 queries] 204s
  [80/80 docs, 1623/1623 queries] 220s
  done in 220s

[eval] MMDocIR
  graph: 75 docs, elements: 15032, queries: 389
  [5/75 docs, 31/389 queries] 5s
  [10/75 docs, 58/389 queries] 8s
  [15/75 docs, 87/389 queries] 14s
  [20/75 docs, 116/389 queries] 17s
  [25/75 docs, 137/389 queries] 19s
  [30/75 docs, 162/389 queries] 21s
  [35/75 docs, 187/389 queries] 24s
  [40/75 docs, 212/389 queries] 26s
  [45/75 docs, 243/389 queries] 28s
  [50/75 docs, 267/389 queries] 30s
  [55/75 docs, 288/389 queries] 31s
  [60/75 docs, 306/389 queries] 33s
  [65/75 docs, 332/389 queries] 35s
  [70/75 docs, 364/389 queries] 37s
  [75/75 docs, 389/389 queries] 39s
  done in 39s

saved → /home/work/dl/dl_project/eval/results/stat/f_grcl_gpe/eval.json
saved per-query → /home/work/dl/dl_project/eval/results/stat/f_grcl_gpe/eval.perquery.json

=== Summary ===

SPIQA test-A:
  [no_prop] mrr=0.3521  recall@10=0.8514  hit@10=0.8514  coverage@10=0.8514  perfect@10=0.8514
  [uniform_a01_T2] mrr=0.2749  recall@10=0.6862  hit@10=0.6862  coverage@10=0.6862  perfect@10=0.6862
  [uniform_a03_T1] mrr=0.2806  recall@10=0.7282  hit@10=0.7282  coverage@10=0.7282  perfect@10=0.7282
  [uniform_a03_T2] mrr=0.2741  recall@10=0.6607  hit@10=0.6607  coverage@10=0.6607  perfect@10=0.6607
  [uniform_a03_T3] mrr=0.2844  recall@10=0.6652  hit@10=0.6652  coverage@10=0.6652  perfect@10=0.6652
  [uniform_a05_T2] mrr=0.2799  recall@10=0.6547  hit@10=0.6547  coverage@10=0.6547  perfect@10=0.6547
  [wbase_a03_T2] mrr=0.2978  recall@10=0.7087  hit@10=0.7087  coverage@10=0.7087  perfect@10=0.7087
  [wbase_role_a03_T2] mrr=0.2978  recall@10=0.7087  hit@10=0.7087  coverage@10=0.7087  perfect@10=0.7087
  [wbase_vis_a03_T2] mrr=0.2977  recall@10=0.7087  hit@10=0.7087  coverage@10=0.7087  perfect@10=0.7087
  [wfull_a03_T2] mrr=0.2977  recall@10=0.7087  hit@10=0.7087  coverage@10=0.7087  perfect@10=0.7087
  [wfull_a01_T2] mrr=0.3030  recall@10=0.7357  hit@10=0.7357  coverage@10=0.7357  perfect@10=0.7357
  [wfull_a05_T2] mrr=0.3089  recall@10=0.6922  hit@10=0.6922  coverage@10=0.6922  perfect@10=0.6922
  [wfull_a07_T2] mrr=0.2847  recall@10=0.6607  hit@10=0.6607  coverage@10=0.6607  perfect@10=0.6607
  [wfull_a03_T1] mrr=0.3135  recall@10=0.7838  hit@10=0.7838  coverage@10=0.7838  perfect@10=0.7838
  [wfull_a03_T3] mrr=0.3052  recall@10=0.6952  hit@10=0.6952  coverage@10=0.6952  perfect@10=0.6952
  [ppr_a015] mrr=0.2871  recall@10=0.6381  hit@10=0.6381  coverage@10=0.6381  perfect@10=0.6381
  [ppr_a030] mrr=0.2990  recall@10=0.6592  hit@10=0.6592  coverage@10=0.6592  perfect@10=0.6592
  [ppr_a050] mrr=0.3154  recall@10=0.6937  hit@10=0.6937  coverage@10=0.6937  perfect@10=0.6937
  [ppr_a070] mrr=0.3043  recall@10=0.7222  hit@10=0.7222  coverage@10=0.7222  perfect@10=0.7222
  [ppr_a085] mrr=0.3014  recall@10=0.7327  hit@10=0.7327  coverage@10=0.7327  perfect@10=0.7327
  [ppr_unif_a030] mrr=0.2952  recall@10=0.6532  hit@10=0.6532  coverage@10=0.6532  perfect@10=0.6532
  [ppr_unif_a050] mrr=0.2925  recall@10=0.6757  hit@10=0.6757  coverage@10=0.6757  perfect@10=0.6757
  [prop_a03_T2] mrr=0.2977  recall@10=0.7087  hit@10=0.7087  coverage@10=0.7087  perfect@10=0.7087
  [prop_a01_T2] mrr=0.3030  recall@10=0.7357  hit@10=0.7357  coverage@10=0.7357  perfect@10=0.7357
  [prop_a05_T2] mrr=0.3089  recall@10=0.6922  hit@10=0.6922  coverage@10=0.6922  perfect@10=0.6922
  [prop_a07_T2] mrr=0.2847  recall@10=0.6607  hit@10=0.6607  coverage@10=0.6607  perfect@10=0.6607
  [prop_a03_T1] mrr=0.3135  recall@10=0.7838  hit@10=0.7838  coverage@10=0.7838  perfect@10=0.7838
  [prop_a03_T3] mrr=0.3052  recall@10=0.6952  hit@10=0.6952  coverage@10=0.6952  perfect@10=0.6952

SciEGQA:
  [no_prop] mrr=0.0327  recall@10=0.0114  hit@10=0.0715  coverage@10=0.0114  perfect@10=0.0105  cross_page_hit=0.2373
  [uniform_a01_T2] mrr=0.0364  recall@10=0.0143  hit@10=0.0696  coverage@10=0.0143  perfect@10=0.0111  cross_page_hit=0.1614
  [uniform_a03_T1] mrr=0.0354  recall@10=0.0143  hit@10=0.0721  coverage@10=0.0143  perfect@10=0.0111  cross_page_hit=0.1614
  [uniform_a03_T2] mrr=0.0369  recall@10=0.0138  hit@10=0.0665  coverage@10=0.0138  perfect@10=0.0111  cross_page_hit=0.1551
  [uniform_a03_T3] mrr=0.0369  recall@10=0.0138  hit@10=0.0659  coverage@10=0.0138  perfect@10=0.0111  cross_page_hit=0.1519
  [uniform_a05_T2] mrr=0.0373  recall@10=0.0138  hit@10=0.0659  coverage@10=0.0138  perfect@10=0.0111  cross_page_hit=0.1519
  [wbase_a03_T2] mrr=0.0377  recall@10=0.0144  hit@10=0.0678  coverage@10=0.0144  perfect@10=0.0111  cross_page_hit=0.1551
  [wbase_role_a03_T2] mrr=0.0377  recall@10=0.0144  hit@10=0.0678  coverage@10=0.0144  perfect@10=0.0111  cross_page_hit=0.1551
  [wbase_vis_a03_T2] mrr=0.0377  recall@10=0.0144  hit@10=0.0678  coverage@10=0.0144  perfect@10=0.0111  cross_page_hit=0.1551
  [wfull_a03_T2] mrr=0.0377  recall@10=0.0144  hit@10=0.0678  coverage@10=0.0144  perfect@10=0.0111  cross_page_hit=0.1551
  [wfull_a01_T2] mrr=0.0367  recall@10=0.0144  hit@10=0.0702  coverage@10=0.0144  perfect@10=0.0111  cross_page_hit=0.1614
  [wfull_a05_T2] mrr=0.0384  recall@10=0.0144  hit@10=0.0672  coverage@10=0.0144  perfect@10=0.0111  cross_page_hit=0.1519
  [wfull_a07_T2] mrr=0.0391  recall@10=0.0144  hit@10=0.0678  coverage@10=0.0144  perfect@10=0.0111  cross_page_hit=0.1582
  [wfull_a03_T1] mrr=0.0365  recall@10=0.0143  hit@10=0.0721  coverage@10=0.0143  perfect@10=0.0111  cross_page_hit=0.1646
  [wfull_a03_T3] mrr=0.0378  recall@10=0.0145  hit@10=0.0672  coverage@10=0.0145  perfect@10=0.0111  cross_page_hit=0.1519
  [ppr_a015] mrr=0.0388  recall@10=0.0151  hit@10=0.0672  coverage@10=0.0151  perfect@10=0.0111  cross_page_hit=0.1551
  [ppr_a030] mrr=0.0387  recall@10=0.0152  hit@10=0.0684  coverage@10=0.0152  perfect@10=0.0111  cross_page_hit=0.1582
  [ppr_a050] mrr=0.0371  recall@10=0.0150  hit@10=0.0690  coverage@10=0.0150  perfect@10=0.0111  cross_page_hit=0.1646
  [ppr_a070] mrr=0.0371  recall@10=0.0147  hit@10=0.0702  coverage@10=0.0147  perfect@10=0.0111  cross_page_hit=0.1646
  [ppr_a085] mrr=0.0366  recall@10=0.0143  hit@10=0.0702  coverage@10=0.0143  perfect@10=0.0111  cross_page_hit=0.1646
  [ppr_unif_a030] mrr=0.0370  recall@10=0.0146  hit@10=0.0672  coverage@10=0.0146  perfect@10=0.0111  cross_page_hit=0.1582
  [ppr_unif_a050] mrr=0.0363  recall@10=0.0144  hit@10=0.0678  coverage@10=0.0144  perfect@10=0.0111  cross_page_hit=0.1646
  [prop_a03_T2] mrr=0.0377  recall@10=0.0144  hit@10=0.0678  coverage@10=0.0144  perfect@10=0.0111  cross_page_hit=0.1551
  [prop_a01_T2] mrr=0.0367  recall@10=0.0144  hit@10=0.0702  coverage@10=0.0144  perfect@10=0.0111  cross_page_hit=0.1614
  [prop_a05_T2] mrr=0.0384  recall@10=0.0144  hit@10=0.0672  coverage@10=0.0144  perfect@10=0.0111  cross_page_hit=0.1519
  [prop_a07_T2] mrr=0.0391  recall@10=0.0144  hit@10=0.0678  coverage@10=0.0144  perfect@10=0.0111  cross_page_hit=0.1582
  [prop_a03_T1] mrr=0.0365  recall@10=0.0143  hit@10=0.0721  coverage@10=0.0143  perfect@10=0.0111  cross_page_hit=0.1646
  [prop_a03_T3] mrr=0.0378  recall@10=0.0145  hit@10=0.0672  coverage@10=0.0145  perfect@10=0.0111  cross_page_hit=0.1519

MMDocIR:
  [no_prop] mrr=0.0258  recall@10=0.0225  hit@10=0.0360  coverage@10=0.0225  perfect@10=0.0257  cross_page_hit=0.1356
  [uniform_a01_T2] mrr=0.0275  recall@10=0.0332  hit@10=0.0488  coverage@10=0.0332  perfect@10=0.0334  cross_page_hit=0.0339
  [uniform_a03_T1] mrr=0.0277  recall@10=0.0320  hit@10=0.0463  coverage@10=0.0320  perfect@10=0.0334  cross_page_hit=0.0508
  [uniform_a03_T2] mrr=0.0282  recall@10=0.0345  hit@10=0.0488  coverage@10=0.0345  perfect@10=0.0360  cross_page_hit=0.0339
  [uniform_a03_T3] mrr=0.0280  recall@10=0.0345  hit@10=0.0488  coverage@10=0.0345  perfect@10=0.0360  cross_page_hit=0.0339
  [uniform_a05_T2] mrr=0.0279  recall@10=0.0345  hit@10=0.0488  coverage@10=0.0345  perfect@10=0.0360  cross_page_hit=0.0339
  [wbase_a03_T2] mrr=0.0282  recall@10=0.0345  hit@10=0.0488  coverage@10=0.0345  perfect@10=0.0360  cross_page_hit=0.0339
  [wbase_role_a03_T2] mrr=0.0282  recall@10=0.0345  hit@10=0.0488  coverage@10=0.0345  perfect@10=0.0360  cross_page_hit=0.0339
  [wbase_vis_a03_T2] mrr=0.0282  recall@10=0.0345  hit@10=0.0488  coverage@10=0.0345  perfect@10=0.0360  cross_page_hit=0.0339
  [wfull_a03_T2] mrr=0.0282  recall@10=0.0345  hit@10=0.0488  coverage@10=0.0345  perfect@10=0.0360  cross_page_hit=0.0339
  [wfull_a01_T2] mrr=0.0275  recall@10=0.0332  hit@10=0.0488  coverage@10=0.0332  perfect@10=0.0334  cross_page_hit=0.0339
  [wfull_a05_T2] mrr=0.0279  recall@10=0.0345  hit@10=0.0488  coverage@10=0.0345  perfect@10=0.0360  cross_page_hit=0.0339
  [wfull_a07_T2] mrr=0.0287  recall@10=0.0358  hit@10=0.0488  coverage@10=0.0358  perfect@10=0.0386  cross_page_hit=0.0339
  [wfull_a03_T1] mrr=0.0277  recall@10=0.0320  hit@10=0.0463  coverage@10=0.0320  perfect@10=0.0334  cross_page_hit=0.0508
  [wfull_a03_T3] mrr=0.0280  recall@10=0.0345  hit@10=0.0488  coverage@10=0.0345  perfect@10=0.0360  cross_page_hit=0.0339
  [ppr_a015] mrr=0.0288  recall@10=0.0358  hit@10=0.0488  coverage@10=0.0358  perfect@10=0.0386  cross_page_hit=0.0339
  [ppr_a030] mrr=0.0281  recall@10=0.0345  hit@10=0.0488  coverage@10=0.0345  perfect@10=0.0360  cross_page_hit=0.0339
  [ppr_a050] mrr=0.0275  recall@10=0.0345  hit@10=0.0488  coverage@10=0.0345  perfect@10=0.0360  cross_page_hit=0.0339
  [ppr_a070] mrr=0.0274  recall@10=0.0345  hit@10=0.0488  coverage@10=0.0345  perfect@10=0.0360  cross_page_hit=0.0339
  [ppr_a085] mrr=0.0273  recall@10=0.0332  hit@10=0.0488  coverage@10=0.0332  perfect@10=0.0334  cross_page_hit=0.0339
  [ppr_unif_a030] mrr=0.0281  recall@10=0.0345  hit@10=0.0488  coverage@10=0.0345  perfect@10=0.0360  cross_page_hit=0.0339
  [ppr_unif_a050] mrr=0.0275  recall@10=0.0345  hit@10=0.0488  coverage@10=0.0345  perfect@10=0.0360  cross_page_hit=0.0339
  [prop_a03_T2] mrr=0.0282  recall@10=0.0345  hit@10=0.0488  coverage@10=0.0345  perfect@10=0.0360  cross_page_hit=0.0339
  [prop_a01_T2] mrr=0.0275  recall@10=0.0332  hit@10=0.0488  coverage@10=0.0332  perfect@10=0.0334  cross_page_hit=0.0339
  [prop_a05_T2] mrr=0.0279  recall@10=0.0345  hit@10=0.0488  coverage@10=0.0345  perfect@10=0.0360  cross_page_hit=0.0339
  [prop_a07_T2] mrr=0.0287  recall@10=0.0358  hit@10=0.0488  coverage@10=0.0358  perfect@10=0.0386  cross_page_hit=0.0339
  [prop_a03_T1] mrr=0.0277  recall@10=0.0320  hit@10=0.0463  coverage@10=0.0320  perfect@10=0.0334  cross_page_hit=0.0508
  [prop_a03_T3] mrr=0.0280  recall@10=0.0345  hit@10=0.0488  coverage@10=0.0345  perfect@10=0.0360  cross_page_hit=0.0339
[main1:178251:0:178251] Caught signal 11 (Segmentation fault: address not mapped to object at address 0x7fa8215adec0)
==== backtrace (tid: 178251) ====
 0  /opt/hpcx/ucx/lib/libucs.so.0(ucs_handle_error+0x2e4) [0x7fa80f906774]
 1  /opt/hpcx/ucx/lib/libucs.so.0(+0x3796a) [0x7fa80f90696a]
 2  /opt/hpcx/ucx/lib/libucs.so.0(+0x37ba8) [0x7fa80f906ba8]
 3  /usr/lib/x86_64-linux-gnu/libc.so.6(+0x45330) [0x7fa821833330]
 4  /usr/lib/x86_64-linux-gnu/libnvidia-ml.so.575.51.03(+0x336c1) [0x7fa81ae336c1]
 5  /usr/lib/x86_64-linux-gnu/libnvidia-ml.so.575.51.03(nvmlShutdown+0xe) [0x7fa81ae1cfae]
 6  /opt/kernel/libcudahook.ubuntu18.04.x86_64.so(+0xc3caf) [0x7fa821ac3caf]
 7  /opt/kernel/libcudahook.ubuntu18.04.x86_64.so(+0xc3d48) [0x7fa821ac3d48]
 8  /opt/kernel/libcudahook.ubuntu18.04.x86_64.so(+0xc3a2d) [0x7fa821ac3a2d]
 9  /lib64/ld-linux-x86-64.so.2(+0x10f2) [0x7fa82256c0f2]
10  /lib64/ld-linux-x86-64.so.2(+0x5578) [0x7fa822570578]
11  /usr/lib/x86_64-linux-gnu/libc.so.6(+0x47a76) [0x7fa821835a76]
12  /usr/lib/x86_64-linux-gnu/libc.so.6(+0x47bbe) [0x7fa821835bbe]
13  /usr/lib/x86_64-linux-gnu/libc.so.6(+0x2a1d1) [0x7fa8218181d1]
14  /usr/lib/x86_64-linux-gnu/libc.so.6(__libc_start_main+0x8b) [0x7fa82181828b]
15  /usr/bin/python(_start+0x25) [0x657ce5]
=================================
  eval exited with code -11 but eval.json looks complete — treating as success
  eval done in 5.5 min

=== Experiment f complete → /home/work/dl/dl_project/eval/results/stat/f_grcl_gpe/summary.json ===
