=== Experiment row tau_005: tau_005 ===
  description: (h) with τ=0.05 (sharper softmax)
  output dir:  /home/work/dl/dl_project/eval/results/experiments/tau_005_tau_005
  checkpoint:  ckpt/tau_005_tau_005.pt

--- Training ---
$ /usr/bin/python -m pipeline.trainer --config tau_005 --out /home/work/dl/dl_project/eval/results/experiments/tau_005_tau_005/train.json --save_ckpt ckpt/tau_005_tau_005.pt
device: cuda
args: {'config': 'tau_005', 'train_sample': 0, 'steps': 8000, 'batch': 16, 'pool': 12, 'lr': 3e-05, 'lora_rank': 8, 'tau': 0.05, 'lambda_cov': 0.3, 'lambda_cons': 0.5, 'use_gpe': 1, 'loss_type': 'grcl', 'infonce_threshold': 0.5, 'anchor_kind': 'mixed', 'warmup_steps': 200, 'weight_decay': 0.01, 'eval_every': 500, 'eval_cf_pairs': 200, 'eval_recall_n': 200, 'seed': 42, 'out': '/home/work/dl/dl_project/eval/results/experiments/tau_005_tau_005/train.json', 'save_ckpt': 'ckpt/tau_005_tau_005.pt', 'gamma': 0.5, 'gpe_facets': 'type,role,depth,pos', 'lora_alpha': 16, 'hf_id': 'google/siglip2-base-patch16-224', 'edge_types_only': None, 'query_pe_dropout': 0.5, 'section_role_mode': 'normal', 'tokens_per_visual': 0}

[1/3] loading SPIQA test-A (held-out eval)...
  loading element_graph_v2.json
    118 papers kept
  loading elements_v2.jsonl
    9,039 element records kept
  loading SPIQA_testA.json
    666 QA pairs kept
    caption_of: 1,115  refer_to: 1,191  (skipped 0 due to missing image)

[2/3] loading SPIQA train (sample N=0)...
  loading element_graph_v2.json
    25,459 papers kept
  loading elements_v2.jsonl
    1,873,124 element records kept
  loading SPIQA_train.json
    262,524 QA pairs kept
    caption_of: 262,524  refer_to: 231,101  (skipped 0 due to missing image)

[3/3] building encoder...
[ElementTokenEncoder] loading google/siglip2-base-patch16-224
Using a slow image processor as `use_fast` is unset and a slow processor was saved with this model. `use_fast=True` will be the default behavior in v4.52, even if the model was saved with a slow processor. This will result in minor differences in outputs. You'll still be able to use a slow processor with `use_fast=False`.
[ElementTokenEncoder] LoRA r=8 α=16 targets=['q_proj', 'k_proj', 'v_proj', 'out_proj'] applied (d_text=768, d_vision=768, cls=False)
trainable params: 1,191,936 || all params: 376,379,906 || trainable%: 0.3167

[eval 0] held-out test-A baseline...
  caption-figure cos: +0.1147
  Recall@1/5/10 (n=200): 0.0% / 0.0% / 0.0%
/home/work/dl/dl_project/pipeline/graph_pe.py:112: UserWarning: Converting a tensor with requires_grad=True to a scalar may lead to unexpected behavior.
Consider using tensor.detach() first. (Triggered internally at /opt/pytorch/pytorch/aten/src/ATen/native/Scalar.cpp:22.)
  "type": torch.sigmoid(self.raw_alpha_type).item(),
step    20  L_grcl=268.46  L_cov=55.49  L_cons=0.000  L_tot=285.11  diag=+0.116  mix=[cap:104/ref:110/nl:106]  β=0.047  α_t=0.047  (17s)
step    40  L_grcl=265.32  L_cov=55.10  L_cons=0.000  L_tot=281.85  diag=+0.136  mix=[cap:120/ref:109/nl:91]  β=0.047  α_t=0.047  (35s)
step    60  L_grcl=240.49  L_cov=50.30  L_cons=0.000  L_tot=255.58  diag=+0.177  mix=[cap:85/ref:117/nl:118]  β=0.047  α_t=0.047  (53s)
step    80  L_grcl=233.06  L_cov=45.53  L_cons=0.000  L_tot=246.72  diag=+0.241  mix=[cap:105/ref:113/nl:102]  β=0.047  α_t=0.047  (70s)
step   100  L_grcl=199.86  L_cov=40.00  L_cons=0.000  L_tot=211.86  diag=+0.344  mix=[cap:108/ref:109/nl:103]  β=0.047  α_t=0.047  (87s)
step   120  L_grcl=174.56  L_cov=31.30  L_cons=0.000  L_tot=183.95  diag=+0.467  mix=[cap:117/ref:113/nl:90]  β=0.047  α_t=0.047  (104s)
step   140  L_grcl=122.61  L_cov=20.24  L_cons=0.000  L_tot=128.69  diag=+0.572  mix=[cap:99/ref:118/nl:103]  β=0.047  α_t=0.047  (121s)
step   160  L_grcl= 89.26  L_cov=11.82  L_cons=0.001  L_tot= 92.80  diag=+0.653  mix=[cap:106/ref:117/nl:97]  β=0.047  α_t=0.047  (138s)
step   180  L_grcl= 65.94  L_cov= 6.31  L_cons=0.001  L_tot= 67.84  diag=+0.693  mix=[cap:107/ref:99/nl:114]  β=0.047  α_t=0.047  (155s)
step   200  L_grcl= 48.28  L_cov= 3.48  L_cons=0.001  L_tot= 49.32  diag=+0.753  mix=[cap:112/ref:109/nl:99]  β=0.047  α_t=0.047  (172s)
step   220  L_grcl= 31.36  L_cov= 1.00  L_cons=0.001  L_tot= 31.66  diag=+0.809  mix=[cap:129/ref:113/nl:78]  β=0.047  α_t=0.047  (189s)
step   240  L_grcl= 18.73  L_cov= 0.21  L_cons=0.002  L_tot= 18.79  diag=+0.855  mix=[cap:124/ref:109/nl:87]  β=0.047  α_t=0.047  (206s)
step   260  L_grcl= 13.50  L_cov= 0.16  L_cons=0.001  L_tot= 13.55  diag=+0.896  mix=[cap:106/ref:114/nl:100]  β=0.047  α_t=0.047  (223s)
step   280  L_grcl= 10.23  L_cov= 0.14  L_cons=0.001  L_tot= 10.27  diag=+0.926  mix=[cap:96/ref:129/nl:95]  β=0.047  α_t=0.047  (239s)
step   300  L_grcl=  6.22  L_cov= 0.21  L_cons=0.000  L_tot=  6.28  diag=+0.944  mix=[cap:116/ref:99/nl:105]  β=0.047  α_t=0.047  (257s)
step   320  L_grcl=  5.07  L_cov= 0.25  L_cons=0.001  L_tot=  5.14  diag=+0.961  mix=[cap:88/ref:126/nl:106]  β=0.047  α_t=0.047  (273s)
step   340  L_grcl=  3.71  L_cov= 0.34  L_cons=0.000  L_tot=  3.81  diag=+0.972  mix=[cap:120/ref:105/nl:95]  β=0.047  α_t=0.047  (291s)
step   360  L_grcl=  3.17  L_cov= 0.38  L_cons=0.000  L_tot=  3.29  diag=+0.981  mix=[cap:88/ref:120/nl:112]  β=0.047  α_t=0.047  (308s)
step   380  L_grcl=  2.64  L_cov= 0.40  L_cons=0.000  L_tot=  2.77  diag=+0.986  mix=[cap:92/ref:113/nl:115]  β=0.047  α_t=0.047  (325s)
step   400  L_grcl=  2.82  L_cov= 0.39  L_cons=0.000  L_tot=  2.94  diag=+0.988  mix=[cap:108/ref:127/nl:85]  β=0.047  α_t=0.048  (342s)
step   420  L_grcl=  2.41  L_cov= 0.40  L_cons=0.000  L_tot=  2.53  diag=+0.992  mix=[cap:115/ref:111/nl:94]  β=0.047  α_t=0.048  (359s)
step   440  L_grcl=  2.26  L_cov= 0.41  L_cons=0.000  L_tot=  2.38  diag=+0.993  mix=[cap:113/ref:108/nl:99]  β=0.047  α_t=0.048  (376s)
step   460  L_grcl=  2.24  L_cov= 0.44  L_cons=0.000  L_tot=  2.37  diag=+0.994  mix=[cap:109/ref:104/nl:107]  β=0.047  α_t=0.048  (392s)
step   480  L_grcl=  2.18  L_cov= 0.46  L_cons=0.000  L_tot=  2.32  diag=+0.994  mix=[cap:93/ref:121/nl:106]  β=0.047  α_t=0.048  (409s)
step   500  L_grcl=  2.12  L_cov= 0.44  L_cons=0.000  L_tot=  2.25  diag=+0.995  mix=[cap:131/ref:97/nl:92]  β=0.047  α_t=0.048  (427s)

  [eval @ step 500] held-out test-A...
    cap-fig cos: +0.9956  (Δ +0.8809)
    R@1/5/10: 6.5% / 34.5% / 66.5%  (Δ +6.5 / +34.5 / +66.5)
    [ckpt saved @ step 500 R@10=66.5%]

step   520  L_grcl=  2.11  L_cov= 0.45  L_cons=0.000  L_tot=  2.25  diag=+0.995  mix=[cap:105/ref:103/nl:112]  β=0.047  α_t=0.048  (465s)
step   540  L_grcl=  2.15  L_cov= 0.44  L_cons=0.000  L_tot=  2.29  diag=+0.995  mix=[cap:103/ref:125/nl:92]  β=0.047  α_t=0.048  (482s)
step   560  L_grcl=  2.13  L_cov= 0.46  L_cons=0.000  L_tot=  2.27  diag=+0.996  mix=[cap:102/ref:121/nl:97]  β=0.047  α_t=0.048  (499s)
step   580  L_grcl=  2.06  L_cov= 0.45  L_cons=0.000  L_tot=  2.19  diag=+0.996  mix=[cap:111/ref:111/nl:98]  β=0.047  α_t=0.048  (516s)
step   600  L_grcl=  2.11  L_cov= 0.47  L_cons=0.000  L_tot=  2.25  diag=+0.996  mix=[cap:98/ref:120/nl:102]  β=0.047  α_t=0.048  (533s)
step   620  L_grcl=  2.02  L_cov= 0.46  L_cons=0.000  L_tot=  2.16  diag=+0.996  mix=[cap:108/ref:114/nl:98]  β=0.047  α_t=0.048  (551s)
step   640  L_grcl=  2.03  L_cov= 0.47  L_cons=0.000  L_tot=  2.17  diag=+0.996  mix=[cap:108/ref:106/nl:106]  β=0.047  α_t=0.048  (568s)
step   660  L_grcl=  2.05  L_cov= 0.45  L_cons=0.000  L_tot=  2.19  diag=+0.996  mix=[cap:100/ref:115/nl:105]  β=0.047  α_t=0.048  (585s)
step   680  L_grcl=  2.07  L_cov= 0.46  L_cons=0.000  L_tot=  2.21  diag=+0.996  mix=[cap:99/ref:113/nl:108]  β=0.047  α_t=0.048  (602s)
step   700  L_grcl=  2.12  L_cov= 0.47  L_cons=0.000  L_tot=  2.26  diag=+0.996  mix=[cap:94/ref:116/nl:110]  β=0.047  α_t=0.048  (619s)
step   720  L_grcl=  2.07  L_cov= 0.48  L_cons=0.000  L_tot=  2.21  diag=+0.997  mix=[cap:100/ref:116/nl:104]  β=0.047  α_t=0.048  (636s)
step   740  L_grcl=  2.05  L_cov= 0.48  L_cons=0.000  L_tot=  2.19  diag=+0.997  mix=[cap:106/ref:104/nl:110]  β=0.047  α_t=0.048  (652s)
step   760  L_grcl=  2.08  L_cov= 0.47  L_cons=0.000  L_tot=  2.23  diag=+0.997  mix=[cap:97/ref:102/nl:121]  β=0.047  α_t=0.048  (669s)
step   780  L_grcl=  2.06  L_cov= 0.48  L_cons=0.000  L_tot=  2.20  diag=+0.996  mix=[cap:93/ref:107/nl:120]  β=0.047  α_t=0.048  (687s)
step   800  L_grcl=  2.01  L_cov= 0.46  L_cons=0.000  L_tot=  2.15  diag=+0.996  mix=[cap:98/ref:102/nl:120]  β=0.047  α_t=0.048  (703s)
step   820  L_grcl=  2.03  L_cov= 0.45  L_cons=0.000  L_tot=  2.17  diag=+0.996  mix=[cap:108/ref:107/nl:105]  β=0.047  α_t=0.048  (720s)
step   840  L_grcl=  2.03  L_cov= 0.46  L_cons=0.000  L_tot=  2.17  diag=+0.996  mix=[cap:106/ref:117/nl:97]  β=0.047  α_t=0.048  (738s)
step   860  L_grcl=  2.06  L_cov= 0.47  L_cons=0.000  L_tot=  2.20  diag=+0.996  mix=[cap:92/ref:117/nl:111]  β=0.047  α_t=0.048  (755s)
step   880  L_grcl=  2.02  L_cov= 0.46  L_cons=0.000  L_tot=  2.16  diag=+0.997  mix=[cap:99/ref:112/nl:109]  β=0.047  α_t=0.049  (774s)
step   900  L_grcl=  2.06  L_cov= 0.46  L_cons=0.000  L_tot=  2.20  diag=+0.997  mix=[cap:108/ref:106/nl:106]  β=0.047  α_t=0.049  (791s)
step   920  L_grcl=  2.00  L_cov= 0.46  L_cons=0.000  L_tot=  2.14  diag=+0.997  mix=[cap:91/ref:123/nl:106]  β=0.047  α_t=0.049  (808s)
step   940  L_grcl=  2.02  L_cov= 0.47  L_cons=0.000  L_tot=  2.16  diag=+0.996  mix=[cap:104/ref:108/nl:108]  β=0.047  α_t=0.049  (825s)
step   960  L_grcl=  1.98  L_cov= 0.45  L_cons=0.000  L_tot=  2.12  diag=+0.997  mix=[cap:101/ref:101/nl:118]  β=0.048  α_t=0.049  (842s)
step   980  L_grcl=  2.02  L_cov= 0.46  L_cons=0.000  L_tot=  2.16  diag=+0.997  mix=[cap:85/ref:117/nl:118]  β=0.048  α_t=0.049  (859s)
step  1000  L_grcl=  1.94  L_cov= 0.45  L_cons=0.000  L_tot=  2.08  diag=+0.997  mix=[cap:118/ref:118/nl:84]  β=0.048  α_t=0.049  (876s)

  [eval @ step 1000] held-out test-A...
    cap-fig cos: +0.9968  (Δ +0.8821)
    R@1/5/10: 7.5% / 44.0% / 77.0%  (Δ +7.5 / +44.0 / +77.0)
    [ckpt saved @ step 1000 R@10=77.0%]

step  1020  L_grcl=  2.07  L_cov= 0.46  L_cons=0.000  L_tot=  2.21  diag=+0.996  mix=[cap:119/ref:113/nl:88]  β=0.048  α_t=0.049  (915s)
step  1040  L_grcl=  1.97  L_cov= 0.46  L_cons=0.000  L_tot=  2.11  diag=+0.997  mix=[cap:106/ref:107/nl:107]  β=0.048  α_t=0.049  (932s)
step  1060  L_grcl=  2.07  L_cov= 0.45  L_cons=0.000  L_tot=  2.20  diag=+0.996  mix=[cap:107/ref:110/nl:103]  β=0.048  α_t=0.049  (949s)
step  1080  L_grcl=  1.97  L_cov= 0.45  L_cons=0.000  L_tot=  2.10  diag=+0.997  mix=[cap:112/ref:112/nl:96]  β=0.048  α_t=0.049  (966s)
step  1100  L_grcl=  2.05  L_cov= 0.46  L_cons=0.000  L_tot=  2.19  diag=+0.997  mix=[cap:105/ref:116/nl:99]  β=0.048  α_t=0.049  (983s)
step  1120  L_grcl=  2.02  L_cov= 0.47  L_cons=0.000  L_tot=  2.16  diag=+0.997  mix=[cap:121/ref:89/nl:110]  β=0.048  α_t=0.049  (1001s)
step  1140  L_grcl=  2.05  L_cov= 0.47  L_cons=0.000  L_tot=  2.19  diag=+0.997  mix=[cap:111/ref:98/nl:111]  β=0.048  α_t=0.049  (1017s)
step  1160  L_grcl=  1.93  L_cov= 0.46  L_cons=0.000  L_tot=  2.07  diag=+0.996  mix=[cap:121/ref:95/nl:104]  β=0.048  α_t=0.049  (1034s)
step  1180  L_grcl=  1.95  L_cov= 0.45  L_cons=0.000  L_tot=  2.09  diag=+0.996  mix=[cap:121/ref:113/nl:86]  β=0.048  α_t=0.049  (1052s)
step  1200  L_grcl=  1.96  L_cov= 0.45  L_cons=0.000  L_tot=  2.10  diag=+0.996  mix=[cap:112/ref:99/nl:109]  β=0.048  α_t=0.049  (1068s)
step  1220  L_grcl=  1.95  L_cov= 0.45  L_cons=0.000  L_tot=  2.08  diag=+0.996  mix=[cap:105/ref:109/nl:106]  β=0.048  α_t=0.049  (1085s)
step  1240  L_grcl=  2.01  L_cov= 0.46  L_cons=0.000  L_tot=  2.15  diag=+0.996  mix=[cap:111/ref:102/nl:107]  β=0.048  α_t=0.049  (1102s)
step  1260  L_grcl=  2.09  L_cov= 0.44  L_cons=0.000  L_tot=  2.23  diag=+0.997  mix=[cap:104/ref:121/nl:95]  β=0.048  α_t=0.049  (1119s)
step  1280  L_grcl=  1.98  L_cov= 0.47  L_cons=0.000  L_tot=  2.12  diag=+0.997  mix=[cap:110/ref:105/nl:105]  β=0.048  α_t=0.049  (1136s)
step  1300  L_grcl=  2.02  L_cov= 0.45  L_cons=0.000  L_tot=  2.15  diag=+0.996  mix=[cap:107/ref:132/nl:81]  β=0.048  α_t=0.049  (1153s)
step  1320  L_grcl=  1.99  L_cov= 0.47  L_cons=0.000  L_tot=  2.13  diag=+0.997  mix=[cap:104/ref:125/nl:91]  β=0.048  α_t=0.049  (1171s)
step  1340  L_grcl=  2.00  L_cov= 0.45  L_cons=0.000  L_tot=  2.13  diag=+0.997  mix=[cap:110/ref:103/nl:107]  β=0.048  α_t=0.049  (1188s)
step  1360  L_grcl=  2.03  L_cov= 0.48  L_cons=0.000  L_tot=  2.17  diag=+0.997  mix=[cap:90/ref:108/nl:122]  β=0.048  α_t=0.049  (1205s)
step  1380  L_grcl=  1.98  L_cov= 0.47  L_cons=0.000  L_tot=  2.12  diag=+0.996  mix=[cap:111/ref:104/nl:105]  β=0.048  α_t=0.049  (1222s)
step  1400  L_grcl=  1.97  L_cov= 0.46  L_cons=0.000  L_tot=  2.11  diag=+0.996  mix=[cap:110/ref:99/nl:111]  β=0.048  α_t=0.049  (1239s)
step  1420  L_grcl=  1.96  L_cov= 0.44  L_cons=0.000  L_tot=  2.09  diag=+0.996  mix=[cap:106/ref:120/nl:94]  β=0.048  α_t=0.050  (1257s)
step  1440  L_grcl=  1.99  L_cov= 0.45  L_cons=0.000  L_tot=  2.12  diag=+0.996  mix=[cap:102/ref:107/nl:111]  β=0.048  α_t=0.050  (1274s)
step  1460  L_grcl=  2.01  L_cov= 0.46  L_cons=0.000  L_tot=  2.15  diag=+0.997  mix=[cap:99/ref:114/nl:107]  β=0.048  α_t=0.050  (1291s)
step  1480  L_grcl=  1.95  L_cov= 0.47  L_cons=0.000  L_tot=  2.09  diag=+0.996  mix=[cap:104/ref:88/nl:128]  β=0.048  α_t=0.050  (1308s)
step  1500  L_grcl=  1.95  L_cov= 0.44  L_cons=0.000  L_tot=  2.08  diag=+0.996  mix=[cap:97/ref:108/nl:115]  β=0.048  α_t=0.050  (1324s)

  [eval @ step 1500] held-out test-A...
    cap-fig cos: +0.9966  (Δ +0.8819)
    R@1/5/10: 9.5% / 48.5% / 74.5%  (Δ +9.5 / +48.5 / +74.5)

step  1520  L_grcl=  2.04  L_cov= 0.46  L_cons=0.000  L_tot=  2.18  diag=+0.996  mix=[cap:101/ref:112/nl:107]  β=0.048  α_t=0.050  (1357s)
step  1540  L_grcl=  1.93  L_cov= 0.46  L_cons=0.000  L_tot=  2.07  diag=+0.996  mix=[cap:108/ref:108/nl:104]  β=0.048  α_t=0.050  (1373s)
step  1560  L_grcl=  1.96  L_cov= 0.45  L_cons=0.000  L_tot=  2.09  diag=+0.996  mix=[cap:102/ref:104/nl:114]  β=0.048  α_t=0.050  (1390s)
step  1580  L_grcl=  2.03  L_cov= 0.46  L_cons=0.000  L_tot=  2.17  diag=+0.996  mix=[cap:78/ref:129/nl:113]  β=0.048  α_t=0.050  (1408s)
step  1600  L_grcl=  1.95  L_cov= 0.46  L_cons=0.000  L_tot=  2.08  diag=+0.997  mix=[cap:113/ref:109/nl:98]  β=0.048  α_t=0.050  (1425s)
step  1620  L_grcl=  2.00  L_cov= 0.45  L_cons=0.000  L_tot=  2.14  diag=+0.996  mix=[cap:95/ref:110/nl:115]  β=0.048  α_t=0.050  (1442s)
step  1640  L_grcl=  1.94  L_cov= 0.46  L_cons=0.000  L_tot=  2.08  diag=+0.996  mix=[cap:105/ref:103/nl:112]  β=0.048  α_t=0.050  (1459s)
step  1660  L_grcl=  1.99  L_cov= 0.47  L_cons=0.000  L_tot=  2.13  diag=+0.996  mix=[cap:99/ref:102/nl:119]  β=0.048  α_t=0.050  (1476s)
step  1680  L_grcl=  1.96  L_cov= 0.46  L_cons=0.000  L_tot=  2.10  diag=+0.996  mix=[cap:115/ref:98/nl:107]  β=0.048  α_t=0.050  (1493s)
step  1700  L_grcl=  1.98  L_cov= 0.45  L_cons=0.000  L_tot=  2.11  diag=+0.996  mix=[cap:94/ref:118/nl:108]  β=0.048  α_t=0.050  (1510s)
step  1720  L_grcl=  2.02  L_cov= 0.46  L_cons=0.000  L_tot=  2.16  diag=+0.997  mix=[cap:102/ref:105/nl:113]  β=0.048  α_t=0.050  (1528s)
step  1740  L_grcl=  1.96  L_cov= 0.46  L_cons=0.000  L_tot=  2.09  diag=+0.996  mix=[cap:108/ref:111/nl:101]  β=0.048  α_t=0.050  (1544s)
step  1760  L_grcl=  2.02  L_cov= 0.45  L_cons=0.000  L_tot=  2.16  diag=+0.996  mix=[cap:114/ref:98/nl:108]  β=0.048  α_t=0.050  (1562s)
step  1780  L_grcl=  1.98  L_cov= 0.45  L_cons=0.000  L_tot=  2.11  diag=+0.996  mix=[cap:115/ref:92/nl:113]  β=0.048  α_t=0.050  (1579s)
step  1800  L_grcl=  1.90  L_cov= 0.44  L_cons=0.000  L_tot=  2.03  diag=+0.996  mix=[cap:115/ref:97/nl:108]  β=0.048  α_t=0.050  (1597s)
step  1820  L_grcl=  1.96  L_cov= 0.44  L_cons=0.000  L_tot=  2.10  diag=+0.996  mix=[cap:116/ref:109/nl:95]  β=0.048  α_t=0.050  (1614s)
step  1840  L_grcl=  2.00  L_cov= 0.45  L_cons=0.000  L_tot=  2.14  diag=+0.996  mix=[cap:90/ref:115/nl:115]  β=0.048  α_t=0.050  (1631s)
step  1860  L_grcl=  2.01  L_cov= 0.46  L_cons=0.000  L_tot=  2.15  diag=+0.996  mix=[cap:97/ref:120/nl:103]  β=0.048  α_t=0.050  (1647s)
step  1880  L_grcl=  1.92  L_cov= 0.44  L_cons=0.000  L_tot=  2.05  diag=+0.996  mix=[cap:108/ref:116/nl:96]  β=0.048  α_t=0.050  (1665s)
step  1900  L_grcl=  1.96  L_cov= 0.44  L_cons=0.000  L_tot=  2.09  diag=+0.996  mix=[cap:106/ref:111/nl:103]  β=0.048  α_t=0.050  (1682s)
step  1920  L_grcl=  1.98  L_cov= 0.44  L_cons=0.000  L_tot=  2.11  diag=+0.996  mix=[cap:94/ref:115/nl:111]  β=0.048  α_t=0.050  (1699s)
step  1940  L_grcl=  1.97  L_cov= 0.45  L_cons=0.000  L_tot=  2.11  diag=+0.996  mix=[cap:117/ref:98/nl:105]  β=0.048  α_t=0.050  (1716s)
step  1960  L_grcl=  1.97  L_cov= 0.45  L_cons=0.000  L_tot=  2.10  diag=+0.996  mix=[cap:99/ref:112/nl:109]  β=0.049  α_t=0.050  (1733s)
step  1980  L_grcl=  1.99  L_cov= 0.46  L_cons=0.000  L_tot=  2.12  diag=+0.996  mix=[cap:104/ref:98/nl:118]  β=0.049  α_t=0.050  (1750s)
step  2000  L_grcl=  1.93  L_cov= 0.45  L_cons=0.000  L_tot=  2.06  diag=+0.996  mix=[cap:107/ref:95/nl:118]  β=0.049  α_t=0.050  (1767s)

  [eval @ step 2000] held-out test-A...
    cap-fig cos: +0.9967  (Δ +0.8820)
    R@1/5/10: 9.0% / 48.0% / 75.5%  (Δ +9.0 / +48.0 / +75.5)

step  2020  L_grcl=  1.93  L_cov= 0.44  L_cons=0.000  L_tot=  2.06  diag=+0.996  mix=[cap:120/ref:91/nl:109]  β=0.049  α_t=0.050  (1796s)
step  2040  L_grcl=  1.97  L_cov= 0.45  L_cons=0.000  L_tot=  2.11  diag=+0.996  mix=[cap:104/ref:117/nl:99]  β=0.049  α_t=0.051  (1813s)
step  2060  L_grcl=  1.92  L_cov= 0.42  L_cons=0.000  L_tot=  2.04  diag=+0.996  mix=[cap:112/ref:110/nl:98]  β=0.049  α_t=0.051  (1830s)
step  2080  L_grcl=  1.96  L_cov= 0.46  L_cons=0.000  L_tot=  2.10  diag=+0.996  mix=[cap:112/ref:99/nl:109]  β=0.049  α_t=0.051  (1847s)
step  2100  L_grcl=  1.97  L_cov= 0.45  L_cons=0.000  L_tot=  2.10  diag=+0.996  mix=[cap:109/ref:108/nl:103]  β=0.049  α_t=0.051  (1864s)
step  2120  L_grcl=  1.93  L_cov= 0.43  L_cons=0.000  L_tot=  2.06  diag=+0.996  mix=[cap:119/ref:115/nl:86]  β=0.049  α_t=0.051  (1881s)
step  2140  L_grcl=  1.96  L_cov= 0.44  L_cons=0.000  L_tot=  2.10  diag=+0.996  mix=[cap:102/ref:111/nl:107]  β=0.049  α_t=0.051  (1898s)
step  2160  L_grcl=  1.98  L_cov= 0.45  L_cons=0.000  L_tot=  2.12  diag=+0.996  mix=[cap:96/ref:111/nl:113]  β=0.049  α_t=0.051  (1915s)
step  2180  L_grcl=  1.95  L_cov= 0.45  L_cons=0.000  L_tot=  2.09  diag=+0.996  mix=[cap:96/ref:114/nl:110]  β=0.049  α_t=0.051  (1932s)
step  2200  L_grcl=  1.98  L_cov= 0.45  L_cons=0.000  L_tot=  2.12  diag=+0.996  mix=[cap:92/ref:116/nl:112]  β=0.049  α_t=0.051  (1949s)
step  2220  L_grcl=  1.94  L_cov= 0.45  L_cons=0.000  L_tot=  2.07  diag=+0.996  mix=[cap:97/ref:110/nl:113]  β=0.049  α_t=0.051  (1966s)
step  2240  L_grcl=  2.01  L_cov= 0.46  L_cons=0.000  L_tot=  2.15  diag=+0.996  mix=[cap:95/ref:116/nl:109]  β=0.049  α_t=0.051  (1983s)
step  2260  L_grcl=  2.00  L_cov= 0.46  L_cons=0.000  L_tot=  2.14  diag=+0.997  mix=[cap:111/ref:94/nl:115]  β=0.049  α_t=0.051  (2000s)
step  2280  L_grcl=  1.96  L_cov= 0.45  L_cons=0.000  L_tot=  2.10  diag=+0.996  mix=[cap:93/ref:119/nl:108]  β=0.049  α_t=0.051  (2018s)
step  2300  L_grcl=  1.89  L_cov= 0.44  L_cons=0.000  L_tot=  2.02  diag=+0.996  mix=[cap:117/ref:102/nl:101]  β=0.049  α_t=0.051  (2035s)
step  2320  L_grcl=  1.96  L_cov= 0.43  L_cons=0.000  L_tot=  2.08  diag=+0.996  mix=[cap:113/ref:100/nl:107]  β=0.049  α_t=0.051  (2052s)
step  2340  L_grcl=  1.95  L_cov= 0.45  L_cons=0.000  L_tot=  2.08  diag=+0.996  mix=[cap:100/ref:105/nl:115]  β=0.049  α_t=0.051  (2068s)
step  2360  L_grcl=  1.94  L_cov= 0.45  L_cons=0.000  L_tot=  2.07  diag=+0.996  mix=[cap:108/ref:111/nl:101]  β=0.049  α_t=0.051  (2085s)
step  2380  L_grcl=  1.98  L_cov= 0.44  L_cons=0.000  L_tot=  2.11  diag=+0.996  mix=[cap:100/ref:110/nl:110]  β=0.049  α_t=0.051  (2102s)
step  2400  L_grcl=  1.95  L_cov= 0.45  L_cons=0.000  L_tot=  2.08  diag=+0.996  mix=[cap:103/ref:100/nl:117]  β=0.049  α_t=0.051  (2119s)
step  2420  L_grcl=  1.87  L_cov= 0.44  L_cons=0.000  L_tot=  2.00  diag=+0.996  mix=[cap:131/ref:95/nl:94]  β=0.049  α_t=0.051  (2136s)
step  2440  L_grcl=  1.98  L_cov= 0.44  L_cons=0.000  L_tot=  2.11  diag=+0.996  mix=[cap:112/ref:106/nl:102]  β=0.049  α_t=0.051  (2153s)
step  2460  L_grcl=  2.01  L_cov= 0.45  L_cons=0.000  L_tot=  2.14  diag=+0.996  mix=[cap:97/ref:114/nl:109]  β=0.049  α_t=0.051  (2170s)
step  2480  L_grcl=  1.94  L_cov= 0.44  L_cons=0.000  L_tot=  2.08  diag=+0.997  mix=[cap:119/ref:101/nl:100]  β=0.049  α_t=0.051  (2187s)
step  2500  L_grcl=  1.94  L_cov= 0.44  L_cons=0.000  L_tot=  2.07  diag=+0.996  mix=[cap:103/ref:115/nl:102]  β=0.049  α_t=0.051  (2204s)

  [eval @ step 2500] held-out test-A...
    cap-fig cos: +0.9968  (Δ +0.8820)
    R@1/5/10: 8.5% / 49.0% / 76.5%  (Δ +8.5 / +49.0 / +76.5)

step  2520  L_grcl=  1.97  L_cov= 0.45  L_cons=0.000  L_tot=  2.10  diag=+0.996  mix=[cap:115/ref:108/nl:97]  β=0.049  α_t=0.051  (2234s)
step  2540  L_grcl=  1.97  L_cov= 0.46  L_cons=0.000  L_tot=  2.11  diag=+0.996  mix=[cap:97/ref:114/nl:109]  β=0.049  α_t=0.051  (2252s)
step  2560  L_grcl=  1.92  L_cov= 0.44  L_cons=0.000  L_tot=  2.05  diag=+0.996  mix=[cap:109/ref:93/nl:118]  β=0.049  α_t=0.051  (2269s)
step  2580  L_grcl=  1.90  L_cov= 0.44  L_cons=0.000  L_tot=  2.03  diag=+0.996  mix=[cap:108/ref:104/nl:108]  β=0.049  α_t=0.051  (2285s)
step  2600  L_grcl=  1.91  L_cov= 0.43  L_cons=0.000  L_tot=  2.04  diag=+0.996  mix=[cap:102/ref:121/nl:97]  β=0.049  α_t=0.051  (2302s)
step  2620  L_grcl=  1.91  L_cov= 0.44  L_cons=0.000  L_tot=  2.04  diag=+0.996  mix=[cap:102/ref:101/nl:117]  β=0.049  α_t=0.051  (2318s)
step  2640  L_grcl=  1.94  L_cov= 0.44  L_cons=0.000  L_tot=  2.07  diag=+0.996  mix=[cap:106/ref:104/nl:110]  β=0.049  α_t=0.051  (2335s)
step  2660  L_grcl=  1.93  L_cov= 0.44  L_cons=0.000  L_tot=  2.06  diag=+0.996  mix=[cap:105/ref:95/nl:120]  β=0.049  α_t=0.051  (2352s)
step  2680  L_grcl=  1.97  L_cov= 0.44  L_cons=0.000  L_tot=  2.10  diag=+0.996  mix=[cap:116/ref:100/nl:104]  β=0.049  α_t=0.051  (2370s)
step  2700  L_grcl=  1.89  L_cov= 0.43  L_cons=0.000  L_tot=  2.02  diag=+0.996  mix=[cap:103/ref:114/nl:103]  β=0.049  α_t=0.051  (2386s)
step  2720  L_grcl=  1.94  L_cov= 0.44  L_cons=0.000  L_tot=  2.08  diag=+0.996  mix=[cap:101/ref:96/nl:123]  β=0.049  α_t=0.051  (2403s)
step  2740  L_grcl=  1.87  L_cov= 0.44  L_cons=0.000  L_tot=  2.00  diag=+0.996  mix=[cap:112/ref:95/nl:113]  β=0.049  α_t=0.051  (2420s)
step  2760  L_grcl=  2.00  L_cov= 0.43  L_cons=0.000  L_tot=  2.13  diag=+0.996  mix=[cap:99/ref:129/nl:92]  β=0.049  α_t=0.052  (2437s)
step  2780  L_grcl=  1.92  L_cov= 0.44  L_cons=0.000  L_tot=  2.06  diag=+0.996  mix=[cap:106/ref:112/nl:102]  β=0.049  α_t=0.052  (2454s)
step  2800  L_grcl=  1.91  L_cov= 0.44  L_cons=0.000  L_tot=  2.04  diag=+0.996  mix=[cap:108/ref:114/nl:98]  β=0.049  α_t=0.052  (2471s)
step  2820  L_grcl=  1.92  L_cov= 0.42  L_cons=0.000  L_tot=  2.05  diag=+0.996  mix=[cap:116/ref:97/nl:107]  β=0.050  α_t=0.052  (2488s)
step  2840  L_grcl=  1.93  L_cov= 0.44  L_cons=0.000  L_tot=  2.06  diag=+0.996  mix=[cap:101/ref:103/nl:116]  β=0.050  α_t=0.052  (2505s)
step  2860  L_grcl=  1.97  L_cov= 0.44  L_cons=0.000  L_tot=  2.10  diag=+0.996  mix=[cap:112/ref:102/nl:106]  β=0.050  α_t=0.052  (2522s)
step  2880  L_grcl=  1.93  L_cov= 0.44  L_cons=0.000  L_tot=  2.07  diag=+0.997  mix=[cap:113/ref:117/nl:90]  β=0.050  α_t=0.052  (2539s)
step  2900  L_grcl=  1.97  L_cov= 0.44  L_cons=0.000  L_tot=  2.10  diag=+0.996  mix=[cap:106/ref:110/nl:104]  β=0.050  α_t=0.052  (2556s)
step  2920  L_grcl=  1.87  L_cov= 0.43  L_cons=0.000  L_tot=  2.00  diag=+0.996  mix=[cap:119/ref:102/nl:99]  β=0.050  α_t=0.052  (2573s)
step  2940  L_grcl=  1.87  L_cov= 0.42  L_cons=0.000  L_tot=  1.99  diag=+0.995  mix=[cap:106/ref:98/nl:116]  β=0.050  α_t=0.052  (2589s)
step  2960  L_grcl=  2.02  L_cov= 0.43  L_cons=0.000  L_tot=  2.15  diag=+0.996  mix=[cap:110/ref:106/nl:104]  β=0.050  α_t=0.052  (2606s)
step  2980  L_grcl=  1.91  L_cov= 0.44  L_cons=0.000  L_tot=  2.04  diag=+0.996  mix=[cap:111/ref:109/nl:100]  β=0.050  α_t=0.052  (2624s)
step  3000  L_grcl=  1.88  L_cov= 0.43  L_cons=0.000  L_tot=  2.01  diag=+0.996  mix=[cap:111/ref:110/nl:99]  β=0.050  α_t=0.052  (2640s)

  [eval @ step 3000] held-out test-A...
    cap-fig cos: +0.9961  (Δ +0.8813)
    R@1/5/10: 9.5% / 38.5% / 68.0%  (Δ +9.5 / +38.5 / +68.0)

step  3020  L_grcl=  1.95  L_cov= 0.44  L_cons=0.000  L_tot=  2.08  diag=+0.995  mix=[cap:96/ref:109/nl:115]  β=0.050  α_t=0.052  (2669s)
step  3040  L_grcl=  1.90  L_cov= 0.45  L_cons=0.000  L_tot=  2.03  diag=+0.996  mix=[cap:104/ref:104/nl:112]  β=0.050  α_t=0.052  (2686s)
step  3060  L_grcl=  1.94  L_cov= 0.42  L_cons=0.000  L_tot=  2.07  diag=+0.995  mix=[cap:101/ref:121/nl:98]  β=0.050  α_t=0.052  (2703s)
step  3080  L_grcl=  1.95  L_cov= 0.44  L_cons=0.000  L_tot=  2.09  diag=+0.996  mix=[cap:96/ref:116/nl:108]  β=0.050  α_t=0.052  (2721s)
step  3100  L_grcl=  1.94  L_cov= 0.44  L_cons=0.000  L_tot=  2.07  diag=+0.996  mix=[cap:106/ref:108/nl:106]  β=0.050  α_t=0.052  (2738s)
step  3120  L_grcl=  1.93  L_cov= 0.43  L_cons=0.000  L_tot=  2.06  diag=+0.996  mix=[cap:106/ref:119/nl:95]  β=0.050  α_t=0.052  (2755s)
step  3140  L_grcl=  1.91  L_cov= 0.44  L_cons=0.000  L_tot=  2.05  diag=+0.996  mix=[cap:115/ref:108/nl:97]  β=0.050  α_t=0.052  (2772s)
step  3160  L_grcl=  1.88  L_cov= 0.43  L_cons=0.000  L_tot=  2.01  diag=+0.995  mix=[cap:110/ref:105/nl:105]  β=0.050  α_t=0.052  (2789s)
step  3180  L_grcl=  1.93  L_cov= 0.43  L_cons=0.000  L_tot=  2.06  diag=+0.995  mix=[cap:92/ref:113/nl:115]  β=0.050  α_t=0.052  (2806s)
step  3200  L_grcl=  1.90  L_cov= 0.42  L_cons=0.000  L_tot=  2.02  diag=+0.995  mix=[cap:102/ref:118/nl:100]  β=0.050  α_t=0.052  (2823s)
step  3220  L_grcl=  1.88  L_cov= 0.42  L_cons=0.000  L_tot=  2.00  diag=+0.996  mix=[cap:111/ref:108/nl:101]  β=0.050  α_t=0.052  (2840s)
step  3240  L_grcl=  1.92  L_cov= 0.43  L_cons=0.000  L_tot=  2.04  diag=+0.996  mix=[cap:109/ref:100/nl:111]  β=0.050  α_t=0.052  (2857s)
step  3260  L_grcl=  1.92  L_cov= 0.43  L_cons=0.000  L_tot=  2.05  diag=+0.996  mix=[cap:115/ref:114/nl:91]  β=0.050  α_t=0.052  (2874s)
step  3280  L_grcl=  1.96  L_cov= 0.44  L_cons=0.000  L_tot=  2.09  diag=+0.996  mix=[cap:97/ref:115/nl:108]  β=0.050  α_t=0.052  (2892s)
step  3300  L_grcl=  1.94  L_cov= 0.45  L_cons=0.000  L_tot=  2.07  diag=+0.996  mix=[cap:98/ref:110/nl:112]  β=0.050  α_t=0.052  (2909s)
step  3320  L_grcl=  1.92  L_cov= 0.43  L_cons=0.000  L_tot=  2.05  diag=+0.996  mix=[cap:108/ref:116/nl:96]  β=0.050  α_t=0.052  (2926s)
step  3340  L_grcl=  1.93  L_cov= 0.43  L_cons=0.000  L_tot=  2.05  diag=+0.995  mix=[cap:102/ref:105/nl:113]  β=0.050  α_t=0.052  (2943s)
step  3360  L_grcl=  1.95  L_cov= 0.44  L_cons=0.000  L_tot=  2.08  diag=+0.996  mix=[cap:101/ref:115/nl:104]  β=0.050  α_t=0.052  (2960s)
step  3380  L_grcl=  1.89  L_cov= 0.42  L_cons=0.000  L_tot=  2.02  diag=+0.996  mix=[cap:113/ref:109/nl:98]  β=0.050  α_t=0.052  (2977s)
step  3400  L_grcl=  1.96  L_cov= 0.43  L_cons=0.000  L_tot=  2.09  diag=+0.996  mix=[cap:107/ref:126/nl:87]  β=0.050  α_t=0.052  (2994s)
step  3420  L_grcl=  1.94  L_cov= 0.45  L_cons=0.000  L_tot=  2.08  diag=+0.996  mix=[cap:103/ref:107/nl:110]  β=0.050  α_t=0.052  (3011s)
step  3440  L_grcl=  1.90  L_cov= 0.44  L_cons=0.000  L_tot=  2.03  diag=+0.996  mix=[cap:99/ref:104/nl:117]  β=0.050  α_t=0.052  (3028s)
step  3460  L_grcl=  1.87  L_cov= 0.42  L_cons=0.000  L_tot=  1.99  diag=+0.996  mix=[cap:106/ref:116/nl:98]  β=0.050  α_t=0.052  (3045s)
step  3480  L_grcl=  1.90  L_cov= 0.43  L_cons=0.000  L_tot=  2.03  diag=+0.995  mix=[cap:105/ref:110/nl:105]  β=0.050  α_t=0.052  (3062s)
step  3500  L_grcl=  1.90  L_cov= 0.42  L_cons=0.000  L_tot=  2.02  diag=+0.995  mix=[cap:106/ref:113/nl:101]  β=0.050  α_t=0.052  (3080s)

  [eval @ step 3500] held-out test-A...
    cap-fig cos: +0.9958  (Δ +0.8811)
    R@1/5/10: 10.0% / 49.5% / 78.5%  (Δ +10.0 / +49.5 / +78.5)
    [ckpt saved @ step 3500 R@10=78.5%]

step  3520  L_grcl=  1.94  L_cov= 0.42  L_cons=0.000  L_tot=  2.07  diag=+0.995  mix=[cap:98/ref:122/nl:100]  β=0.051  α_t=0.052  (3118s)
step  3540  L_grcl=  1.95  L_cov= 0.43  L_cons=0.000  L_tot=  2.08  diag=+0.995  mix=[cap:100/ref:117/nl:103]  β=0.051  α_t=0.052  (3135s)
step  3560  L_grcl=  1.93  L_cov= 0.42  L_cons=0.000  L_tot=  2.06  diag=+0.995  mix=[cap:107/ref:113/nl:100]  β=0.051  α_t=0.052  (3152s)
step  3580  L_grcl=  1.91  L_cov= 0.43  L_cons=0.000  L_tot=  2.04  diag=+0.995  mix=[cap:111/ref:91/nl:118]  β=0.051  α_t=0.053  (3169s)
step  3600  L_grcl=  1.87  L_cov= 0.43  L_cons=0.000  L_tot=  2.00  diag=+0.995  mix=[cap:104/ref:102/nl:114]  β=0.051  α_t=0.053  (3185s)
step  3620  L_grcl=  1.93  L_cov= 0.42  L_cons=0.000  L_tot=  2.05  diag=+0.995  mix=[cap:114/ref:96/nl:110]  β=0.051  α_t=0.053  (3202s)
step  3640  L_grcl=  1.95  L_cov= 0.43  L_cons=0.000  L_tot=  2.08  diag=+0.995  mix=[cap:87/ref:112/nl:121]  β=0.051  α_t=0.053  (3219s)
step  3660  L_grcl=  1.91  L_cov= 0.43  L_cons=0.000  L_tot=  2.03  diag=+0.995  mix=[cap:111/ref:101/nl:108]  β=0.051  α_t=0.053  (3237s)
step  3680  L_grcl=  1.88  L_cov= 0.43  L_cons=0.000  L_tot=  2.01  diag=+0.995  mix=[cap:114/ref:105/nl:101]  β=0.051  α_t=0.053  (3253s)
step  3700  L_grcl=  1.94  L_cov= 0.43  L_cons=0.000  L_tot=  2.07  diag=+0.995  mix=[cap:90/ref:134/nl:96]  β=0.051  α_t=0.053  (3270s)
step  3720  L_grcl=  1.92  L_cov= 0.44  L_cons=0.000  L_tot=  2.05  diag=+0.995  mix=[cap:112/ref:97/nl:111]  β=0.051  α_t=0.053  (3287s)
step  3740  L_grcl=  1.85  L_cov= 0.42  L_cons=0.000  L_tot=  1.98  diag=+0.995  mix=[cap:107/ref:97/nl:116]  β=0.051  α_t=0.053  (3305s)
step  3760  L_grcl=  1.93  L_cov= 0.41  L_cons=0.000  L_tot=  2.05  diag=+0.995  mix=[cap:110/ref:108/nl:102]  β=0.051  α_t=0.053  (3322s)
step  3780  L_grcl=  1.89  L_cov= 0.43  L_cons=0.000  L_tot=  2.02  diag=+0.995  mix=[cap:101/ref:114/nl:105]  β=0.051  α_t=0.053  (3339s)
step  3800  L_grcl=  1.91  L_cov= 0.43  L_cons=0.000  L_tot=  2.04  diag=+0.995  mix=[cap:95/ref:112/nl:113]  β=0.051  α_t=0.053  (3356s)
step  3820  L_grcl=  1.88  L_cov= 0.41  L_cons=0.000  L_tot=  2.01  diag=+0.995  mix=[cap:107/ref:109/nl:104]  β=0.051  α_t=0.053  (3373s)
step  3840  L_grcl=  1.87  L_cov= 0.42  L_cons=0.000  L_tot=  2.00  diag=+0.995  mix=[cap:113/ref:108/nl:99]  β=0.051  α_t=0.053  (3390s)
step  3860  L_grcl=  1.96  L_cov= 0.42  L_cons=0.000  L_tot=  2.09  diag=+0.995  mix=[cap:107/ref:121/nl:92]  β=0.051  α_t=0.053  (3407s)
step  3880  L_grcl=  1.92  L_cov= 0.44  L_cons=0.000  L_tot=  2.05  diag=+0.995  mix=[cap:100/ref:120/nl:100]  β=0.051  α_t=0.053  (3425s)
step  3900  L_grcl=  1.87  L_cov= 0.42  L_cons=0.000  L_tot=  1.99  diag=+0.995  mix=[cap:117/ref:104/nl:99]  β=0.051  α_t=0.053  (3442s)
step  3920  L_grcl=  1.85  L_cov= 0.41  L_cons=0.000  L_tot=  1.98  diag=+0.994  mix=[cap:113/ref:104/nl:103]  β=0.051  α_t=0.053  (3459s)
step  3940  L_grcl=  1.85  L_cov= 0.42  L_cons=0.000  L_tot=  1.98  diag=+0.995  mix=[cap:107/ref:116/nl:97]  β=0.051  α_t=0.053  (3476s)
step  3960  L_grcl=  1.85  L_cov= 0.42  L_cons=0.000  L_tot=  1.98  diag=+0.995  mix=[cap:103/ref:112/nl:105]  β=0.051  α_t=0.053  (3493s)
step  3980  L_grcl=  1.90  L_cov= 0.42  L_cons=0.000  L_tot=  2.03  diag=+0.995  mix=[cap:117/ref:112/nl:91]  β=0.051  α_t=0.053  (3510s)
step  4000  L_grcl=  1.90  L_cov= 0.43  L_cons=0.000  L_tot=  2.03  diag=+0.995  mix=[cap:104/ref:100/nl:116]  β=0.051  α_t=0.053  (3527s)

  [eval @ step 4000] held-out test-A...
    cap-fig cos: +0.9965  (Δ +0.8818)
    R@1/5/10: 11.5% / 57.0% / 76.5%  (Δ +11.5 / +57.0 / +76.5)

step  4020  L_grcl=  1.88  L_cov= 0.43  L_cons=0.000  L_tot=  2.01  diag=+0.995  mix=[cap:109/ref:103/nl:108]  β=0.051  α_t=0.053  (3560s)
step  4040  L_grcl=  1.91  L_cov= 0.43  L_cons=0.000  L_tot=  2.03  diag=+0.995  mix=[cap:108/ref:111/nl:101]  β=0.051  α_t=0.053  (3581s)
step  4060  L_grcl=  1.84  L_cov= 0.42  L_cons=0.000  L_tot=  1.97  diag=+0.995  mix=[cap:113/ref:97/nl:110]  β=0.051  α_t=0.053  (3598s)
step  4080  L_grcl=  1.88  L_cov= 0.42  L_cons=0.000  L_tot=  2.00  diag=+0.994  mix=[cap:102/ref:106/nl:112]  β=0.051  α_t=0.053  (3615s)
step  4100  L_grcl=  1.92  L_cov= 0.41  L_cons=0.000  L_tot=  2.04  diag=+0.995  mix=[cap:100/ref:120/nl:100]  β=0.051  α_t=0.053  (3632s)
step  4120  L_grcl=  1.90  L_cov= 0.42  L_cons=0.000  L_tot=  2.03  diag=+0.996  mix=[cap:104/ref:101/nl:115]  β=0.051  α_t=0.053  (3650s)
step  4140  L_grcl=  1.91  L_cov= 0.43  L_cons=0.000  L_tot=  2.04  diag=+0.996  mix=[cap:97/ref:117/nl:106]  β=0.051  α_t=0.053  (3667s)
step  4160  L_grcl=  1.90  L_cov= 0.42  L_cons=0.000  L_tot=  2.02  diag=+0.996  mix=[cap:109/ref:109/nl:102]  β=0.051  α_t=0.053  (3685s)
step  4180  L_grcl=  1.89  L_cov= 0.44  L_cons=0.000  L_tot=  2.02  diag=+0.995  mix=[cap:109/ref:109/nl:102]  β=0.051  α_t=0.053  (3702s)
step  4200  L_grcl=  1.82  L_cov= 0.42  L_cons=0.000  L_tot=  1.94  diag=+0.995  mix=[cap:105/ref:111/nl:104]  β=0.051  α_t=0.053  (3720s)
step  4220  L_grcl=  1.91  L_cov= 0.42  L_cons=0.000  L_tot=  2.03  diag=+0.995  mix=[cap:94/ref:122/nl:104]  β=0.052  α_t=0.053  (3737s)
step  4240  L_grcl=  1.89  L_cov= 0.43  L_cons=0.000  L_tot=  2.02  diag=+0.995  mix=[cap:99/ref:108/nl:113]  β=0.052  α_t=0.053  (3754s)
step  4260  L_grcl=  1.87  L_cov= 0.41  L_cons=0.000  L_tot=  2.00  diag=+0.994  mix=[cap:116/ref:99/nl:105]  β=0.052  α_t=0.053  (3772s)
step  4280  L_grcl=  1.85  L_cov= 0.43  L_cons=0.000  L_tot=  1.97  diag=+0.994  mix=[cap:114/ref:84/nl:122]  β=0.052  α_t=0.053  (3790s)
step  4300  L_grcl=  1.88  L_cov= 0.42  L_cons=0.000  L_tot=  2.00  diag=+0.995  mix=[cap:100/ref:105/nl:115]  β=0.052  α_t=0.053  (3807s)
step  4320  L_grcl=  1.87  L_cov= 0.41  L_cons=0.000  L_tot=  1.99  diag=+0.995  mix=[cap:96/ref:116/nl:108]  β=0.052  α_t=0.053  (3824s)
step  4340  L_grcl=  1.85  L_cov= 0.43  L_cons=0.000  L_tot=  1.97  diag=+0.995  mix=[cap:114/ref:99/nl:107]  β=0.052  α_t=0.053  (3842s)
step  4360  L_grcl=  1.90  L_cov= 0.42  L_cons=0.000  L_tot=  2.02  diag=+0.995  mix=[cap:92/ref:116/nl:112]  β=0.052  α_t=0.053  (3859s)
step  4380  L_grcl=  1.87  L_cov= 0.43  L_cons=0.000  L_tot=  2.00  diag=+0.994  mix=[cap:102/ref:92/nl:126]  β=0.052  α_t=0.053  (3876s)
step  4400  L_grcl=  1.81  L_cov= 0.40  L_cons=0.000  L_tot=  1.93  diag=+0.995  mix=[cap:115/ref:106/nl:99]  β=0.052  α_t=0.053  (3893s)
step  4420  L_grcl=  1.87  L_cov= 0.41  L_cons=0.000  L_tot=  1.99  diag=+0.994  mix=[cap:97/ref:114/nl:109]  β=0.052  α_t=0.053  (3910s)
step  4440  L_grcl=  1.91  L_cov= 0.42  L_cons=0.000  L_tot=  2.03  diag=+0.994  mix=[cap:117/ref:95/nl:108]  β=0.052  α_t=0.053  (3927s)
step  4460  L_grcl=  1.87  L_cov= 0.42  L_cons=0.000  L_tot=  1.99  diag=+0.994  mix=[cap:80/ref:124/nl:116]  β=0.052  α_t=0.053  (3944s)
step  4480  L_grcl=  1.89  L_cov= 0.42  L_cons=0.000  L_tot=  2.01  diag=+0.995  mix=[cap:97/ref:113/nl:110]  β=0.052  α_t=0.053  (3961s)
step  4500  L_grcl=  1.81  L_cov= 0.41  L_cons=0.000  L_tot=  1.93  diag=+0.995  mix=[cap:119/ref:104/nl:97]  β=0.052  α_t=0.053  (3979s)

  [eval @ step 4500] held-out test-A...
    cap-fig cos: +0.9959  (Δ +0.8812)
    R@1/5/10: 11.5% / 51.0% / 74.5%  (Δ +11.5 / +51.0 / +74.5)

step  4520  L_grcl=  1.87  L_cov= 0.42  L_cons=0.000  L_tot=  2.00  diag=+0.994  mix=[cap:107/ref:114/nl:99]  β=0.052  α_t=0.054  (4008s)
step  4540  L_grcl=  1.83  L_cov= 0.41  L_cons=0.000  L_tot=  1.96  diag=+0.994  mix=[cap:103/ref:109/nl:108]  β=0.052  α_t=0.054  (4025s)
step  4560  L_grcl=  1.85  L_cov= 0.41  L_cons=0.000  L_tot=  1.97  diag=+0.994  mix=[cap:96/ref:109/nl:115]  β=0.052  α_t=0.054  (4042s)
step  4580  L_grcl=  1.85  L_cov= 0.41  L_cons=0.000  L_tot=  1.97  diag=+0.994  mix=[cap:110/ref:100/nl:110]  β=0.052  α_t=0.054  (4058s)
step  4600  L_grcl=  1.88  L_cov= 0.41  L_cons=0.000  L_tot=  2.01  diag=+0.994  mix=[cap:117/ref:100/nl:103]  β=0.052  α_t=0.054  (4076s)
step  4620  L_grcl=  1.85  L_cov= 0.42  L_cons=0.000  L_tot=  1.97  diag=+0.994  mix=[cap:111/ref:114/nl:95]  β=0.052  α_t=0.054  (4093s)
step  4640  L_grcl=  1.81  L_cov= 0.40  L_cons=0.000  L_tot=  1.93  diag=+0.995  mix=[cap:117/ref:105/nl:98]  β=0.052  α_t=0.054  (4110s)
step  4660  L_grcl=  1.89  L_cov= 0.41  L_cons=0.000  L_tot=  2.01  diag=+0.995  mix=[cap:93/ref:121/nl:106]  β=0.052  α_t=0.054  (4127s)
step  4680  L_grcl=  1.86  L_cov= 0.41  L_cons=0.000  L_tot=  1.99  diag=+0.994  mix=[cap:121/ref:101/nl:98]  β=0.052  α_t=0.054  (4145s)
step  4700  L_grcl=  1.88  L_cov= 0.42  L_cons=0.000  L_tot=  2.01  diag=+0.994  mix=[cap:105/ref:125/nl:90]  β=0.052  α_t=0.054  (4163s)
step  4720  L_grcl=  1.89  L_cov= 0.40  L_cons=0.000  L_tot=  2.01  diag=+0.995  mix=[cap:97/ref:114/nl:109]  β=0.052  α_t=0.054  (4180s)
step  4740  L_grcl=  1.86  L_cov= 0.43  L_cons=0.000  L_tot=  1.99  diag=+0.995  mix=[cap:105/ref:98/nl:117]  β=0.052  α_t=0.054  (4198s)
step  4760  L_grcl=  1.89  L_cov= 0.43  L_cons=0.000  L_tot=  2.02  diag=+0.995  mix=[cap:108/ref:114/nl:98]  β=0.052  α_t=0.054  (4215s)
step  4780  L_grcl=  1.83  L_cov= 0.41  L_cons=0.000  L_tot=  1.95  diag=+0.994  mix=[cap:102/ref:118/nl:100]  β=0.052  α_t=0.054  (4232s)
step  4800  L_grcl=  1.79  L_cov= 0.40  L_cons=0.000  L_tot=  1.91  diag=+0.994  mix=[cap:101/ref:111/nl:108]  β=0.052  α_t=0.054  (4249s)
step  4820  L_grcl=  1.78  L_cov= 0.41  L_cons=0.000  L_tot=  1.91  diag=+0.994  mix=[cap:121/ref:97/nl:102]  β=0.052  α_t=0.054  (4267s)
step  4840  L_grcl=  1.90  L_cov= 0.40  L_cons=0.000  L_tot=  2.02  diag=+0.994  mix=[cap:102/ref:109/nl:109]  β=0.052  α_t=0.054  (4284s)
step  4860  L_grcl=  1.89  L_cov= 0.42  L_cons=0.000  L_tot=  2.01  diag=+0.994  mix=[cap:99/ref:121/nl:100]  β=0.052  α_t=0.054  (4302s)
step  4880  L_grcl=  1.88  L_cov= 0.41  L_cons=0.000  L_tot=  2.00  diag=+0.995  mix=[cap:109/ref:108/nl:103]  β=0.052  α_t=0.054  (4320s)
step  4900  L_grcl=  1.87  L_cov= 0.41  L_cons=0.000  L_tot=  1.99  diag=+0.995  mix=[cap:114/ref:114/nl:92]  β=0.053  α_t=0.054  (4337s)
step  4920  L_grcl=  1.86  L_cov= 0.42  L_cons=0.000  L_tot=  1.99  diag=+0.995  mix=[cap:114/ref:108/nl:98]  β=0.053  α_t=0.054  (4355s)
step  4940  L_grcl=  1.79  L_cov= 0.40  L_cons=0.000  L_tot=  1.91  diag=+0.994  mix=[cap:114/ref:104/nl:102]  β=0.053  α_t=0.054  (4372s)
step  4960  L_grcl=  1.89  L_cov= 0.41  L_cons=0.000  L_tot=  2.01  diag=+0.995  mix=[cap:116/ref:114/nl:90]  β=0.053  α_t=0.054  (4389s)
step  4980  L_grcl=  1.83  L_cov= 0.41  L_cons=0.000  L_tot=  1.96  diag=+0.995  mix=[cap:106/ref:96/nl:118]  β=0.053  α_t=0.054  (4407s)
step  5000  L_grcl=  1.85  L_cov= 0.40  L_cons=0.000  L_tot=  1.97  diag=+0.994  mix=[cap:102/ref:117/nl:101]  β=0.053  α_t=0.054  (4424s)

  [eval @ step 5000] held-out test-A...
    cap-fig cos: +0.9968  (Δ +0.8821)
    R@1/5/10: 15.5% / 60.0% / 84.0%  (Δ +15.5 / +60.0 / +84.0)
    [ckpt saved @ step 5000 R@10=84.0%]

step  5020  L_grcl=  1.83  L_cov= 0.40  L_cons=0.000  L_tot=  1.95  diag=+0.994  mix=[cap:117/ref:95/nl:108]  β=0.053  α_t=0.054  (4462s)
step  5040  L_grcl=  1.91  L_cov= 0.42  L_cons=0.000  L_tot=  2.04  diag=+0.994  mix=[cap:78/ref:118/nl:124]  β=0.053  α_t=0.054  (4479s)
step  5060  L_grcl=  1.80  L_cov= 0.42  L_cons=0.000  L_tot=  1.92  diag=+0.995  mix=[cap:115/ref:100/nl:105]  β=0.053  α_t=0.054  (4496s)
step  5080  L_grcl=  1.85  L_cov= 0.42  L_cons=0.000  L_tot=  1.97  diag=+0.994  mix=[cap:88/ref:125/nl:107]  β=0.053  α_t=0.054  (4512s)
step  5100  L_grcl=  1.78  L_cov= 0.40  L_cons=0.000  L_tot=  1.90  diag=+0.994  mix=[cap:105/ref:106/nl:109]  β=0.053  α_t=0.054  (4529s)
step  5120  L_grcl=  1.87  L_cov= 0.42  L_cons=0.000  L_tot=  1.99  diag=+0.994  mix=[cap:104/ref:113/nl:103]  β=0.053  α_t=0.054  (4545s)
step  5140  L_grcl=  1.78  L_cov= 0.39  L_cons=0.000  L_tot=  1.90  diag=+0.994  mix=[cap:125/ref:105/nl:90]  β=0.053  α_t=0.054  (4562s)
step  5160  L_grcl=  1.81  L_cov= 0.40  L_cons=0.000  L_tot=  1.93  diag=+0.994  mix=[cap:111/ref:102/nl:107]  β=0.053  α_t=0.054  (4579s)
step  5180  L_grcl=  1.85  L_cov= 0.41  L_cons=0.000  L_tot=  1.97  diag=+0.994  mix=[cap:101/ref:116/nl:103]  β=0.053  α_t=0.054  (4596s)
step  5200  L_grcl=  1.85  L_cov= 0.41  L_cons=0.000  L_tot=  1.97  diag=+0.995  mix=[cap:114/ref:110/nl:96]  β=0.053  α_t=0.054  (4613s)
step  5220  L_grcl=  1.86  L_cov= 0.41  L_cons=0.000  L_tot=  1.98  diag=+0.995  mix=[cap:104/ref:110/nl:106]  β=0.053  α_t=0.054  (4630s)
step  5240  L_grcl=  1.81  L_cov= 0.40  L_cons=0.000  L_tot=  1.93  diag=+0.994  mix=[cap:112/ref:118/nl:90]  β=0.053  α_t=0.054  (4647s)
step  5260  L_grcl=  1.83  L_cov= 0.41  L_cons=0.000  L_tot=  1.95  diag=+0.995  mix=[cap:109/ref:120/nl:91]  β=0.053  α_t=0.054  (4664s)
step  5280  L_grcl=  1.84  L_cov= 0.40  L_cons=0.000  L_tot=  1.96  diag=+0.993  mix=[cap:107/ref:103/nl:110]  β=0.053  α_t=0.054  (4681s)
step  5300  L_grcl=  1.81  L_cov= 0.40  L_cons=0.000  L_tot=  1.93  diag=+0.993  mix=[cap:124/ref:86/nl:110]  β=0.053  α_t=0.054  (4698s)
step  5320  L_grcl=  1.84  L_cov= 0.41  L_cons=0.000  L_tot=  1.96  diag=+0.995  mix=[cap:107/ref:118/nl:95]  β=0.053  α_t=0.054  (4716s)
step  5340  L_grcl=  1.80  L_cov= 0.42  L_cons=0.000  L_tot=  1.93  diag=+0.994  mix=[cap:117/ref:95/nl:108]  β=0.053  α_t=0.054  (4734s)
step  5360  L_grcl=  1.79  L_cov= 0.39  L_cons=0.000  L_tot=  1.91  diag=+0.993  mix=[cap:124/ref:102/nl:94]  β=0.053  α_t=0.054  (4751s)
step  5380  L_grcl=  1.77  L_cov= 0.40  L_cons=0.000  L_tot=  1.89  diag=+0.995  mix=[cap:127/ref:109/nl:84]  β=0.053  α_t=0.054  (4768s)
step  5400  L_grcl=  1.83  L_cov= 0.41  L_cons=0.000  L_tot=  1.95  diag=+0.994  mix=[cap:99/ref:113/nl:108]  β=0.053  α_t=0.054  (4786s)
step  5420  L_grcl=  1.82  L_cov= 0.40  L_cons=0.000  L_tot=  1.94  diag=+0.994  mix=[cap:102/ref:90/nl:128]  β=0.053  α_t=0.054  (4802s)
step  5440  L_grcl=  1.85  L_cov= 0.40  L_cons=0.000  L_tot=  1.97  diag=+0.994  mix=[cap:93/ref:117/nl:110]  β=0.053  α_t=0.054  (4819s)
step  5460  L_grcl=  1.81  L_cov= 0.41  L_cons=0.000  L_tot=  1.93  diag=+0.994  mix=[cap:106/ref:115/nl:99]  β=0.053  α_t=0.054  (4837s)
step  5480  L_grcl=  1.77  L_cov= 0.40  L_cons=0.000  L_tot=  1.89  diag=+0.994  mix=[cap:106/ref:99/nl:115]  β=0.053  α_t=0.054  (4854s)
step  5500  L_grcl=  1.81  L_cov= 0.40  L_cons=0.000  L_tot=  1.93  diag=+0.995  mix=[cap:125/ref:112/nl:83]  β=0.053  α_t=0.055  (4871s)

  [eval @ step 5500] held-out test-A...
    cap-fig cos: +0.9967  (Δ +0.8820)
    R@1/5/10: 17.5% / 59.5% / 82.0%  (Δ +17.5 / +59.5 / +82.0)

step  5520  L_grcl=  1.81  L_cov= 0.40  L_cons=0.000  L_tot=  1.93  diag=+0.994  mix=[cap:104/ref:109/nl:107]  β=0.053  α_t=0.055  (4899s)
step  5540  L_grcl=  1.85  L_cov= 0.42  L_cons=0.000  L_tot=  1.98  diag=+0.995  mix=[cap:100/ref:103/nl:117]  β=0.054  α_t=0.055  (4917s)
step  5560  L_grcl=  1.87  L_cov= 0.41  L_cons=0.000  L_tot=  2.00  diag=+0.994  mix=[cap:124/ref:102/nl:94]  β=0.054  α_t=0.055  (4934s)
step  5580  L_grcl=  1.80  L_cov= 0.39  L_cons=0.000  L_tot=  1.92  diag=+0.994  mix=[cap:104/ref:114/nl:102]  β=0.054  α_t=0.055  (4951s)
step  5600  L_grcl=  1.85  L_cov= 0.40  L_cons=0.000  L_tot=  1.97  diag=+0.994  mix=[cap:102/ref:115/nl:103]  β=0.054  α_t=0.055  (4968s)
step  5620  L_grcl=  1.79  L_cov= 0.40  L_cons=0.000  L_tot=  1.91  diag=+0.994  mix=[cap:88/ref:125/nl:107]  β=0.054  α_t=0.055  (4985s)
step  5640  L_grcl=  1.76  L_cov= 0.40  L_cons=0.000  L_tot=  1.88  diag=+0.994  mix=[cap:119/ref:103/nl:98]  β=0.054  α_t=0.055  (5002s)
step  5660  L_grcl=  1.79  L_cov= 0.38  L_cons=0.000  L_tot=  1.91  diag=+0.994  mix=[cap:105/ref:112/nl:103]  β=0.054  α_t=0.055  (5019s)
step  5680  L_grcl=  1.83  L_cov= 0.40  L_cons=0.000  L_tot=  1.95  diag=+0.994  mix=[cap:94/ref:123/nl:103]  β=0.054  α_t=0.055  (5036s)
step  5700  L_grcl=  1.79  L_cov= 0.40  L_cons=0.000  L_tot=  1.91  diag=+0.994  mix=[cap:112/ref:104/nl:104]  β=0.054  α_t=0.055  (5053s)
step  5720  L_grcl=  1.85  L_cov= 0.41  L_cons=0.000  L_tot=  1.98  diag=+0.994  mix=[cap:106/ref:108/nl:106]  β=0.054  α_t=0.055  (5070s)
step  5740  L_grcl=  1.80  L_cov= 0.39  L_cons=0.000  L_tot=  1.92  diag=+0.993  mix=[cap:111/ref:100/nl:109]  β=0.054  α_t=0.055  (5087s)
step  5760  L_grcl=  1.82  L_cov= 0.41  L_cons=0.000  L_tot=  1.95  diag=+0.993  mix=[cap:90/ref:113/nl:117]  β=0.054  α_t=0.055  (5105s)
step  5780  L_grcl=  1.82  L_cov= 0.39  L_cons=0.000  L_tot=  1.94  diag=+0.994  mix=[cap:109/ref:102/nl:109]  β=0.054  α_t=0.055  (5122s)
step  5800  L_grcl=  1.78  L_cov= 0.40  L_cons=0.000  L_tot=  1.90  diag=+0.993  mix=[cap:116/ref:98/nl:106]  β=0.054  α_t=0.055  (5139s)
step  5820  L_grcl=  1.80  L_cov= 0.41  L_cons=0.000  L_tot=  1.92  diag=+0.993  mix=[cap:101/ref:114/nl:105]  β=0.054  α_t=0.055  (5157s)
step  5840  L_grcl=  1.83  L_cov= 0.40  L_cons=0.000  L_tot=  1.95  diag=+0.993  mix=[cap:113/ref:101/nl:106]  β=0.054  α_t=0.055  (5174s)
step  5860  L_grcl=  1.82  L_cov= 0.41  L_cons=0.000  L_tot=  1.94  diag=+0.994  mix=[cap:103/ref:122/nl:95]  β=0.054  α_t=0.055  (5191s)
step  5880  L_grcl=  1.84  L_cov= 0.40  L_cons=0.000  L_tot=  1.96  diag=+0.994  mix=[cap:102/ref:119/nl:99]  β=0.054  α_t=0.055  (5209s)
step  5900  L_grcl=  1.85  L_cov= 0.41  L_cons=0.000  L_tot=  1.97  diag=+0.994  mix=[cap:101/ref:109/nl:110]  β=0.054  α_t=0.055  (5226s)
step  5920  L_grcl=  1.81  L_cov= 0.40  L_cons=0.000  L_tot=  1.93  diag=+0.994  mix=[cap:116/ref:112/nl:92]  β=0.054  α_t=0.055  (5243s)
step  5940  L_grcl=  1.80  L_cov= 0.40  L_cons=0.000  L_tot=  1.92  diag=+0.994  mix=[cap:109/ref:109/nl:102]  β=0.054  α_t=0.055  (5260s)
step  5960  L_grcl=  1.74  L_cov= 0.38  L_cons=0.000  L_tot=  1.85  diag=+0.993  mix=[cap:106/ref:107/nl:107]  β=0.054  α_t=0.055  (5277s)
step  5980  L_grcl=  1.83  L_cov= 0.40  L_cons=0.000  L_tot=  1.95  diag=+0.993  mix=[cap:105/ref:121/nl:94]  β=0.054  α_t=0.055  (5295s)
step  6000  L_grcl=  1.84  L_cov= 0.40  L_cons=0.000  L_tot=  1.96  diag=+0.994  mix=[cap:99/ref:111/nl:110]  β=0.054  α_t=0.055  (5312s)

  [eval @ step 6000] held-out test-A...
    cap-fig cos: +0.9964  (Δ +0.8817)
    R@1/5/10: 11.5% / 63.0% / 82.0%  (Δ +11.5 / +63.0 / +82.0)

step  6020  L_grcl=  1.81  L_cov= 0.39  L_cons=0.000  L_tot=  1.92  diag=+0.995  mix=[cap:105/ref:115/nl:100]  β=0.054  α_t=0.055  (5344s)
step  6040  L_grcl=  1.81  L_cov= 0.40  L_cons=0.000  L_tot=  1.93  diag=+0.994  mix=[cap:94/ref:108/nl:118]  β=0.054  α_t=0.055  (5362s)
step  6060  L_grcl=  1.83  L_cov= 0.41  L_cons=0.000  L_tot=  1.96  diag=+0.995  mix=[cap:102/ref:117/nl:101]  β=0.054  α_t=0.055  (5379s)
step  6080  L_grcl=  1.79  L_cov= 0.40  L_cons=0.000  L_tot=  1.91  diag=+0.995  mix=[cap:116/ref:103/nl:101]  β=0.054  α_t=0.055  (5396s)
step  6100  L_grcl=  1.84  L_cov= 0.39  L_cons=0.000  L_tot=  1.95  diag=+0.994  mix=[cap:100/ref:115/nl:105]  β=0.054  α_t=0.055  (5414s)
step  6120  L_grcl=  1.83  L_cov= 0.40  L_cons=0.000  L_tot=  1.95  diag=+0.995  mix=[cap:107/ref:99/nl:114]  β=0.054  α_t=0.055  (5430s)
step  6140  L_grcl=  1.85  L_cov= 0.41  L_cons=0.000  L_tot=  1.97  diag=+0.994  mix=[cap:100/ref:109/nl:111]  β=0.054  α_t=0.055  (5448s)
step  6160  L_grcl=  1.87  L_cov= 0.42  L_cons=0.000  L_tot=  1.99  diag=+0.993  mix=[cap:100/ref:113/nl:107]  β=0.055  α_t=0.055  (5465s)
step  6180  L_grcl=  1.81  L_cov= 0.39  L_cons=0.000  L_tot=  1.93  diag=+0.993  mix=[cap:104/ref:114/nl:102]  β=0.055  α_t=0.055  (5483s)
step  6200  L_grcl=  1.84  L_cov= 0.41  L_cons=0.000  L_tot=  1.96  diag=+0.993  mix=[cap:97/ref:119/nl:104]  β=0.055  α_t=0.055  (5500s)
step  6220  L_grcl=  1.83  L_cov= 0.39  L_cons=0.000  L_tot=  1.95  diag=+0.994  mix=[cap:117/ref:112/nl:91]  β=0.055  α_t=0.055  (5517s)
step  6240  L_grcl=  1.81  L_cov= 0.41  L_cons=0.000  L_tot=  1.93  diag=+0.994  mix=[cap:105/ref:107/nl:108]  β=0.055  α_t=0.055  (5534s)
step  6260  L_grcl=  1.81  L_cov= 0.39  L_cons=0.000  L_tot=  1.93  diag=+0.994  mix=[cap:108/ref:115/nl:97]  β=0.055  α_t=0.055  (5552s)
step  6280  L_grcl=  1.86  L_cov= 0.41  L_cons=0.000  L_tot=  1.99  diag=+0.994  mix=[cap:114/ref:110/nl:96]  β=0.055  α_t=0.055  (5569s)
step  6300  L_grcl=  1.86  L_cov= 0.42  L_cons=0.000  L_tot=  1.98  diag=+0.994  mix=[cap:99/ref:109/nl:112]  β=0.055  α_t=0.055  (5586s)
step  6320  L_grcl=  1.81  L_cov= 0.39  L_cons=0.000  L_tot=  1.93  diag=+0.994  mix=[cap:127/ref:97/nl:96]  β=0.055  α_t=0.055  (5604s)
step  6340  L_grcl=  1.83  L_cov= 0.41  L_cons=0.000  L_tot=  1.95  diag=+0.995  mix=[cap:110/ref:117/nl:93]  β=0.055  α_t=0.055  (5621s)
step  6360  L_grcl=  1.82  L_cov= 0.40  L_cons=0.000  L_tot=  1.94  diag=+0.994  mix=[cap:111/ref:105/nl:104]  β=0.055  α_t=0.055  (5638s)
step  6380  L_grcl=  1.83  L_cov= 0.40  L_cons=0.000  L_tot=  1.95  diag=+0.994  mix=[cap:101/ref:112/nl:107]  β=0.055  α_t=0.055  (5655s)
step  6400  L_grcl=  1.80  L_cov= 0.40  L_cons=0.000  L_tot=  1.92  diag=+0.994  mix=[cap:103/ref:107/nl:110]  β=0.055  α_t=0.055  (5672s)
step  6420  L_grcl=  1.79  L_cov= 0.39  L_cons=0.000  L_tot=  1.91  diag=+0.993  mix=[cap:97/ref:111/nl:112]  β=0.055  α_t=0.055  (5690s)
step  6440  L_grcl=  1.78  L_cov= 0.40  L_cons=0.000  L_tot=  1.90  diag=+0.993  mix=[cap:102/ref:118/nl:100]  β=0.055  α_t=0.055  (5707s)
step  6460  L_grcl=  1.84  L_cov= 0.39  L_cons=0.000  L_tot=  1.96  diag=+0.993  mix=[cap:103/ref:117/nl:100]  β=0.055  α_t=0.056  (5724s)
step  6480  L_grcl=  1.81  L_cov= 0.40  L_cons=0.000  L_tot=  1.93  diag=+0.994  mix=[cap:109/ref:112/nl:99]  β=0.055  α_t=0.056  (5742s)
step  6500  L_grcl=  1.79  L_cov= 0.40  L_cons=0.000  L_tot=  1.90  diag=+0.993  mix=[cap:91/ref:124/nl:105]  β=0.055  α_t=0.056  (5759s)

  [eval @ step 6500] held-out test-A...
    cap-fig cos: +0.9965  (Δ +0.8818)
    R@1/5/10: 15.0% / 57.5% / 81.5%  (Δ +15.0 / +57.5 / +81.5)

step  6520  L_grcl=  1.73  L_cov= 0.39  L_cons=0.000  L_tot=  1.84  diag=+0.993  mix=[cap:98/ref:118/nl:104]  β=0.055  α_t=0.056  (5788s)
step  6540  L_grcl=  1.78  L_cov= 0.40  L_cons=0.000  L_tot=  1.90  diag=+0.994  mix=[cap:109/ref:111/nl:100]  β=0.055  α_t=0.056  (5805s)
step  6560  L_grcl=  1.76  L_cov= 0.38  L_cons=0.000  L_tot=  1.88  diag=+0.994  mix=[cap:115/ref:114/nl:91]  β=0.055  α_t=0.056  (5823s)
step  6580  L_grcl=  1.80  L_cov= 0.39  L_cons=0.000  L_tot=  1.91  diag=+0.994  mix=[cap:98/ref:115/nl:107]  β=0.055  α_t=0.056  (5840s)
step  6600  L_grcl=  1.78  L_cov= 0.40  L_cons=0.000  L_tot=  1.90  diag=+0.994  mix=[cap:112/ref:111/nl:97]  β=0.055  α_t=0.056  (5857s)
step  6620  L_grcl=  1.84  L_cov= 0.39  L_cons=0.000  L_tot=  1.96  diag=+0.994  mix=[cap:99/ref:107/nl:114]  β=0.055  α_t=0.056  (5874s)
step  6640  L_grcl=  1.81  L_cov= 0.41  L_cons=0.000  L_tot=  1.93  diag=+0.994  mix=[cap:103/ref:114/nl:103]  β=0.055  α_t=0.056  (5891s)
step  6660  L_grcl=  1.83  L_cov= 0.41  L_cons=0.000  L_tot=  1.95  diag=+0.994  mix=[cap:101/ref:107/nl:112]  β=0.055  α_t=0.056  (5909s)
step  6680  L_grcl=  1.81  L_cov= 0.40  L_cons=0.000  L_tot=  1.93  diag=+0.994  mix=[cap:88/ref:113/nl:119]  β=0.055  α_t=0.056  (5926s)
step  6700  L_grcl=  1.79  L_cov= 0.39  L_cons=0.000  L_tot=  1.91  diag=+0.993  mix=[cap:99/ref:114/nl:107]  β=0.055  α_t=0.056  (5943s)
step  6720  L_grcl=  1.76  L_cov= 0.39  L_cons=0.000  L_tot=  1.88  diag=+0.993  mix=[cap:101/ref:114/nl:105]  β=0.055  α_t=0.056  (5960s)
step  6740  L_grcl=  1.81  L_cov= 0.39  L_cons=0.000  L_tot=  1.92  diag=+0.993  mix=[cap:94/ref:112/nl:114]  β=0.055  α_t=0.056  (5978s)
step  6760  L_grcl=  1.82  L_cov= 0.40  L_cons=0.000  L_tot=  1.94  diag=+0.994  mix=[cap:110/ref:111/nl:99]  β=0.055  α_t=0.056  (5995s)
step  6780  L_grcl=  1.82  L_cov= 0.40  L_cons=0.000  L_tot=  1.94  diag=+0.994  mix=[cap:102/ref:120/nl:98]  β=0.056  α_t=0.056  (6012s)
step  6800  L_grcl=  1.78  L_cov= 0.40  L_cons=0.000  L_tot=  1.90  diag=+0.994  mix=[cap:110/ref:105/nl:105]  β=0.056  α_t=0.056  (6029s)
step  6820  L_grcl=  1.86  L_cov= 0.40  L_cons=0.000  L_tot=  1.98  diag=+0.993  mix=[cap:99/ref:109/nl:112]  β=0.056  α_t=0.056  (6046s)
step  6840  L_grcl=  1.80  L_cov= 0.40  L_cons=0.000  L_tot=  1.92  diag=+0.994  mix=[cap:109/ref:109/nl:102]  β=0.056  α_t=0.056  (6064s)
step  6860  L_grcl=  1.80  L_cov= 0.39  L_cons=0.000  L_tot=  1.91  diag=+0.992  mix=[cap:91/ref:114/nl:115]  β=0.056  α_t=0.056  (6081s)
step  6880  L_grcl=  1.78  L_cov= 0.39  L_cons=0.000  L_tot=  1.90  diag=+0.994  mix=[cap:111/ref:113/nl:96]  β=0.056  α_t=0.056  (6098s)
step  6900  L_grcl=  1.80  L_cov= 0.40  L_cons=0.000  L_tot=  1.92  diag=+0.994  mix=[cap:102/ref:99/nl:119]  β=0.056  α_t=0.056  (6115s)
step  6920  L_grcl=  1.79  L_cov= 0.38  L_cons=0.000  L_tot=  1.91  diag=+0.994  mix=[cap:119/ref:94/nl:107]  β=0.056  α_t=0.056  (6133s)
step  6940  L_grcl=  1.81  L_cov= 0.40  L_cons=0.000  L_tot=  1.93  diag=+0.994  mix=[cap:109/ref:119/nl:92]  β=0.056  α_t=0.056  (6150s)
step  6960  L_grcl=  1.76  L_cov= 0.38  L_cons=0.000  L_tot=  1.87  diag=+0.994  mix=[cap:116/ref:103/nl:101]  β=0.056  α_t=0.056  (6167s)
step  6980  L_grcl=  1.78  L_cov= 0.40  L_cons=0.000  L_tot=  1.90  diag=+0.994  mix=[cap:102/ref:111/nl:107]  β=0.056  α_t=0.056  (6184s)
step  7000  L_grcl=  1.79  L_cov= 0.40  L_cons=0.000  L_tot=  1.91  diag=+0.994  mix=[cap:110/ref:100/nl:110]  β=0.056  α_t=0.056  (6201s)

  [eval @ step 7000] held-out test-A...
    cap-fig cos: +0.9967  (Δ +0.8820)
    R@1/5/10: 20.0% / 64.5% / 86.0%  (Δ +20.0 / +64.5 / +86.0)
    [ckpt saved @ step 7000 R@10=86.0%]

step  7020  L_grcl=  1.80  L_cov= 0.40  L_cons=0.000  L_tot=  1.92  diag=+0.994  mix=[cap:98/ref:110/nl:112]  β=0.056  α_t=0.056  (6240s)
step  7040  L_grcl=  1.75  L_cov= 0.38  L_cons=0.000  L_tot=  1.86  diag=+0.994  mix=[cap:111/ref:103/nl:106]  β=0.056  α_t=0.056  (6256s)
step  7060  L_grcl=  1.90  L_cov= 0.38  L_cons=0.000  L_tot=  2.02  diag=+0.993  mix=[cap:96/ref:112/nl:112]  β=0.056  α_t=0.056  (6273s)
step  7080  L_grcl=  1.80  L_cov= 0.40  L_cons=0.000  L_tot=  1.92  diag=+0.995  mix=[cap:108/ref:110/nl:102]  β=0.056  α_t=0.056  (6289s)
step  7100  L_grcl=  1.79  L_cov= 0.39  L_cons=0.000  L_tot=  1.91  diag=+0.993  mix=[cap:97/ref:103/nl:120]  β=0.056  α_t=0.056  (6306s)
step  7120  L_grcl=  1.77  L_cov= 0.39  L_cons=0.000  L_tot=  1.89  diag=+0.994  mix=[cap:100/ref:119/nl:101]  β=0.056  α_t=0.056  (6323s)
step  7140  L_grcl=  1.81  L_cov= 0.39  L_cons=0.000  L_tot=  1.92  diag=+0.993  mix=[cap:111/ref:100/nl:109]  β=0.056  α_t=0.056  (6340s)
step  7160  L_grcl=  1.80  L_cov= 0.39  L_cons=0.000  L_tot=  1.91  diag=+0.994  mix=[cap:108/ref:118/nl:94]  β=0.056  α_t=0.056  (6357s)
step  7180  L_grcl=  1.75  L_cov= 0.39  L_cons=0.000  L_tot=  1.87  diag=+0.994  mix=[cap:115/ref:104/nl:101]  β=0.056  α_t=0.056  (6373s)
step  7200  L_grcl=  1.79  L_cov= 0.39  L_cons=0.000  L_tot=  1.90  diag=+0.993  mix=[cap:105/ref:106/nl:109]  β=0.056  α_t=0.056  (6390s)
step  7220  L_grcl=  1.82  L_cov= 0.40  L_cons=0.000  L_tot=  1.94  diag=+0.994  mix=[cap:116/ref:100/nl:104]  β=0.056  α_t=0.056  (6406s)
step  7240  L_grcl=  1.77  L_cov= 0.39  L_cons=0.000  L_tot=  1.88  diag=+0.993  mix=[cap:114/ref:106/nl:100]  β=0.056  α_t=0.056  (6423s)
step  7260  L_grcl=  1.80  L_cov= 0.39  L_cons=0.000  L_tot=  1.91  diag=+0.993  mix=[cap:101/ref:101/nl:118]  β=0.056  α_t=0.056  (6441s)
step  7280  L_grcl=  1.71  L_cov= 0.39  L_cons=0.000  L_tot=  1.83  diag=+0.993  mix=[cap:117/ref:94/nl:109]  β=0.056  α_t=0.056  (6458s)
step  7300  L_grcl=  1.81  L_cov= 0.40  L_cons=0.000  L_tot=  1.93  diag=+0.993  mix=[cap:107/ref:120/nl:93]  β=0.056  α_t=0.056  (6476s)
step  7320  L_grcl=  1.81  L_cov= 0.40  L_cons=0.000  L_tot=  1.93  diag=+0.995  mix=[cap:106/ref:103/nl:111]  β=0.056  α_t=0.056  (6495s)
step  7340  L_grcl=  1.77  L_cov= 0.38  L_cons=0.000  L_tot=  1.88  diag=+0.993  mix=[cap:109/ref:110/nl:101]  β=0.056  α_t=0.056  (6512s)
step  7360  L_grcl=  1.79  L_cov= 0.39  L_cons=0.000  L_tot=  1.91  diag=+0.994  mix=[cap:104/ref:115/nl:101]  β=0.056  α_t=0.056  (6528s)
step  7380  L_grcl=  1.80  L_cov= 0.40  L_cons=0.000  L_tot=  1.92  diag=+0.994  mix=[cap:106/ref:104/nl:110]  β=0.056  α_t=0.057  (6545s)
step  7400  L_grcl=  1.81  L_cov= 0.40  L_cons=0.000  L_tot=  1.93  diag=+0.993  mix=[cap:99/ref:97/nl:124]  β=0.057  α_t=0.057  (6562s)
step  7420  L_grcl=  1.82  L_cov= 0.39  L_cons=0.000  L_tot=  1.94  diag=+0.993  mix=[cap:89/ref:114/nl:117]  β=0.057  α_t=0.057  (6579s)
step  7440  L_grcl=  1.76  L_cov= 0.38  L_cons=0.000  L_tot=  1.88  diag=+0.993  mix=[cap:116/ref:103/nl:101]  β=0.057  α_t=0.057  (6596s)
step  7460  L_grcl=  1.83  L_cov= 0.40  L_cons=0.000  L_tot=  1.95  diag=+0.993  mix=[cap:100/ref:108/nl:112]  β=0.057  α_t=0.057  (6613s)
step  7480  L_grcl=  1.72  L_cov= 0.39  L_cons=0.000  L_tot=  1.84  diag=+0.993  mix=[cap:110/ref:117/nl:93]  β=0.057  α_t=0.057  (6631s)
step  7500  L_grcl=  1.76  L_cov= 0.38  L_cons=0.000  L_tot=  1.88  diag=+0.992  mix=[cap:115/ref:111/nl:94]  β=0.057  α_t=0.057  (6648s)

  [eval @ step 7500] held-out test-A...
    cap-fig cos: +0.9961  (Δ +0.8814)
    R@1/5/10: 13.0% / 54.5% / 79.0%  (Δ +13.0 / +54.5 / +79.0)

step  7520  L_grcl=  1.77  L_cov= 0.38  L_cons=0.000  L_tot=  1.89  diag=+0.994  mix=[cap:113/ref:102/nl:105]  β=0.057  α_t=0.057  (6677s)
step  7540  L_grcl=  1.82  L_cov= 0.40  L_cons=0.000  L_tot=  1.94  diag=+0.994  mix=[cap:120/ref:110/nl:90]  β=0.057  α_t=0.057  (6695s)
step  7560  L_grcl=  1.82  L_cov= 0.39  L_cons=0.000  L_tot=  1.93  diag=+0.993  mix=[cap:101/ref:115/nl:104]  β=0.057  α_t=0.057  (6712s)
step  7580  L_grcl=  1.79  L_cov= 0.40  L_cons=0.000  L_tot=  1.91  diag=+0.993  mix=[cap:114/ref:102/nl:104]  β=0.057  α_t=0.057  (6729s)
step  7600  L_grcl=  1.79  L_cov= 0.39  L_cons=0.000  L_tot=  1.91  diag=+0.993  mix=[cap:108/ref:103/nl:109]  β=0.057  α_t=0.057  (6747s)
step  7620  L_grcl=  1.76  L_cov= 0.39  L_cons=0.000  L_tot=  1.88  diag=+0.994  mix=[cap:117/ref:97/nl:106]  β=0.057  α_t=0.057  (6764s)
step  7640  L_grcl=  1.78  L_cov= 0.40  L_cons=0.000  L_tot=  1.90  diag=+0.993  mix=[cap:104/ref:107/nl:109]  β=0.057  α_t=0.057  (6781s)
step  7660  L_grcl=  1.78  L_cov= 0.39  L_cons=0.000  L_tot=  1.90  diag=+0.993  mix=[cap:107/ref:109/nl:104]  β=0.057  α_t=0.057  (6798s)
step  7680  L_grcl=  1.85  L_cov= 0.40  L_cons=0.000  L_tot=  1.97  diag=+0.994  mix=[cap:97/ref:106/nl:117]  β=0.057  α_t=0.057  (6816s)
step  7700  L_grcl=  1.80  L_cov= 0.39  L_cons=0.000  L_tot=  1.92  diag=+0.995  mix=[cap:122/ref:112/nl:86]  β=0.057  α_t=0.057  (6834s)
step  7720  L_grcl=  1.79  L_cov= 0.39  L_cons=0.000  L_tot=  1.91  diag=+0.993  mix=[cap:93/ref:101/nl:126]  β=0.057  α_t=0.057  (6851s)
step  7740  L_grcl=  1.82  L_cov= 0.39  L_cons=0.000  L_tot=  1.94  diag=+0.993  mix=[cap:99/ref:111/nl:110]  β=0.057  α_t=0.057  (6868s)
step  7760  L_grcl=  1.74  L_cov= 0.40  L_cons=0.000  L_tot=  1.86  diag=+0.993  mix=[cap:111/ref:103/nl:106]  β=0.057  α_t=0.057  (6885s)
step  7780  L_grcl=  1.77  L_cov= 0.39  L_cons=0.000  L_tot=  1.88  diag=+0.994  mix=[cap:130/ref:93/nl:97]  β=0.057  α_t=0.057  (6903s)
step  7800  L_grcl=  1.75  L_cov= 0.38  L_cons=0.000  L_tot=  1.87  diag=+0.993  mix=[cap:118/ref:113/nl:89]  β=0.057  α_t=0.057  (6920s)
step  7820  L_grcl=  1.82  L_cov= 0.40  L_cons=0.000  L_tot=  1.94  diag=+0.993  mix=[cap:100/ref:109/nl:111]  β=0.057  α_t=0.057  (6937s)
step  7840  L_grcl=  1.75  L_cov= 0.37  L_cons=0.000  L_tot=  1.86  diag=+0.994  mix=[cap:125/ref:97/nl:98]  β=0.057  α_t=0.057  (6955s)
step  7860  L_grcl=  1.79  L_cov= 0.39  L_cons=0.000  L_tot=  1.91  diag=+0.994  mix=[cap:108/ref:110/nl:102]  β=0.057  α_t=0.057  (6972s)
step  7880  L_grcl=  1.74  L_cov= 0.38  L_cons=0.000  L_tot=  1.85  diag=+0.994  mix=[cap:108/ref:105/nl:107]  β=0.057  α_t=0.057  (6989s)
step  7900  L_grcl=  1.78  L_cov= 0.40  L_cons=0.000  L_tot=  1.90  diag=+0.994  mix=[cap:109/ref:105/nl:106]  β=0.057  α_t=0.057  (7006s)
step  7920  L_grcl=  1.80  L_cov= 0.39  L_cons=0.000  L_tot=  1.92  diag=+0.994  mix=[cap:107/ref:119/nl:94]  β=0.057  α_t=0.057  (7024s)
step  7940  L_grcl=  1.76  L_cov= 0.38  L_cons=0.000  L_tot=  1.88  diag=+0.993  mix=[cap:103/ref:104/nl:113]  β=0.057  α_t=0.057  (7041s)
step  7960  L_grcl=  1.80  L_cov= 0.40  L_cons=0.000  L_tot=  1.92  diag=+0.993  mix=[cap:100/ref:116/nl:104]  β=0.058  α_t=0.057  (7058s)
step  7980  L_grcl=  1.78  L_cov= 0.40  L_cons=0.000  L_tot=  1.90  diag=+0.992  mix=[cap:102/ref:121/nl:97]  β=0.058  α_t=0.057  (7075s)
step  8000  L_grcl=  1.80  L_cov= 0.39  L_cons=0.000  L_tot=  1.92  diag=+0.993  mix=[cap:100/ref:113/nl:107]  β=0.058  α_t=0.057  (7093s)

  [eval @ step 8000] held-out test-A...
    cap-fig cos: +0.9965  (Δ +0.8818)
    R@1/5/10: 15.0% / 61.5% / 82.0%  (Δ +15.0 / +61.5 / +82.0)


[final] test-A:
  cap-fig cos: +0.9965  (init +0.1147, Δ +0.8818)
  R@1/5/10: 15.0% / 61.5% / 82.0%
  init R@1/5/10: 0.0% / 0.0% / 0.0%

saved → /home/work/dl/dl_project/eval/results/experiments/tau_005_tau_005/train.json
[main1:130806:0:130806] Caught signal 11 (Segmentation fault: address not mapped to object at address 0x7f922d3adec0)
==== backtrace (tid: 130806) ====
 0  /opt/hpcx/ucx/lib/libucs.so.0(ucs_handle_error+0x2e4) [0x7f91b6b07774]
 1  /opt/hpcx/ucx/lib/libucs.so.0(+0x3796a) [0x7f91b6b0796a]
 2  /opt/hpcx/ucx/lib/libucs.so.0(+0x37ba8) [0x7f91b6b07ba8]
 3  /usr/lib/x86_64-linux-gnu/libc.so.6(+0x45330) [0x7f922d633330]
 4  /usr/lib/x86_64-linux-gnu/libnvidia-ml.so.575.51.03(+0x336c1) [0x7f9226c336c1]
 5  /usr/lib/x86_64-linux-gnu/libnvidia-ml.so.575.51.03(nvmlShutdown+0xe) [0x7f9226c1cfae]
 6  /opt/kernel/libcudahook.ubuntu18.04.x86_64.so(+0xc3caf) [0x7f922d8c3caf]
 7  /opt/kernel/libcudahook.ubuntu18.04.x86_64.so(+0xc3d48) [0x7f922d8c3d48]
 8  /opt/kernel/libcudahook.ubuntu18.04.x86_64.so(+0xc3a2d) [0x7f922d8c3a2d]
 9  /lib64/ld-linux-x86-64.so.2(+0x10f2) [0x7f922e4720f2]
10  /lib64/ld-linux-x86-64.so.2(+0x5578) [0x7f922e476578]
11  /usr/lib/x86_64-linux-gnu/libc.so.6(+0x47a76) [0x7f922d635a76]
12  /usr/lib/x86_64-linux-gnu/libc.so.6(+0x47bbe) [0x7f922d635bbe]
13  /usr/lib/x86_64-linux-gnu/libc.so.6(+0x2a1d1) [0x7f922d6181d1]
14  /usr/lib/x86_64-linux-gnu/libc.so.6(__libc_start_main+0x8b) [0x7f922d61828b]
15  /usr/bin/python(_start+0x25) [0x657ce5]
=================================
  training exited with code -11 but train.json + ckpt look complete — treating as success
  training done in 121.8 min

--- Evaluation ---
$ /usr/bin/python -m pipeline.eval_full --out /home/work/dl/dl_project/eval/results/experiments/tau_005_tau_005/eval.json --device cuda --ckpt ckpt/tau_005_tau_005.pt --lora_rank 8 --lora_alpha 16 --hf_id google/siglip2-base-patch16-224 --gpe_facets type,role,depth,pos --datasets spiqa_testA sciegqa mmdocir
device: cuda
[ElementTokenEncoder] loading google/siglip2-base-patch16-224
Using a slow image processor as `use_fast` is unset and a slow processor was saved with this model. `use_fast=True` will be the default behavior in v4.52, even if the model was saved with a slow processor. This will result in minor differences in outputs. You'll still be able to use a slow processor with `use_fast=False`.
[ElementTokenEncoder] LoRA r=8 α=16 targets=['q_proj', 'k_proj', 'v_proj', 'out_proj'] applied (d_text=768, d_vision=768, cls=False)
trainable params: 1,191,936 || all params: 376,379,906 || trainable%: 0.3167
[eval_full] loaded checkpoint: ckpt/tau_005_tau_005.pt

[eval] SPIQA test-A
  graph: 118 docs, elements: 9039, queries: 666
  [5/118 docs, 26/666 queries] 2s
  [10/118 docs, 59/666 queries] 5s
  [15/118 docs, 82/666 queries] 7s
  [20/118 docs, 105/666 queries] 9s
  [25/118 docs, 132/666 queries] 11s
  [30/118 docs, 161/666 queries] 13s
  [35/118 docs, 181/666 queries] 15s
  [40/118 docs, 217/666 queries] 18s
  [45/118 docs, 242/666 queries] 20s
  [50/118 docs, 269/666 queries] 22s
  [55/118 docs, 285/666 queries] 24s
  [60/118 docs, 313/666 queries] 26s
  [65/118 docs, 352/666 queries] 29s
  [70/118 docs, 396/666 queries] 32s
  [75/118 docs, 445/666 queries] 36s
  [80/118 docs, 481/666 queries] 39s
  [85/118 docs, 514/666 queries] 42s
  [90/118 docs, 535/666 queries] 43s
  [95/118 docs, 560/666 queries] 45s
  [100/118 docs, 590/666 queries] 48s
  [105/118 docs, 616/666 queries] 50s
  [110/118 docs, 640/666 queries] 52s
  [115/118 docs, 663/666 queries] 54s
  done in 54s

[eval] SciEGQA
  graph: 80 docs, elements: 29412, queries: 1623
  [5/80 docs, 108/1623 queries] 11s
  [10/80 docs, 218/1623 queries] 26s
  [15/80 docs, 325/1623 queries] 38s
  [20/80 docs, 427/1623 queries] 61s
  [25/80 docs, 532/1623 queries] 74s
  [30/80 docs, 630/1623 queries] 91s
  [35/80 docs, 733/1623 queries] 107s
  [40/80 docs, 818/1623 queries] 115s
  [45/80 docs, 927/1623 queries] 129s
  [50/80 docs, 1031/1623 queries] 140s
  [55/80 docs, 1102/1623 queries] 151s
  [60/80 docs, 1207/1623 queries] 162s
  [65/80 docs, 1314/1623 queries] 181s
  [70/80 docs, 1423/1623 queries] 199s
  [75/80 docs, 1513/1623 queries] 209s
  [80/80 docs, 1623/1623 queries] 226s
  done in 226s

[eval] MMDocIR
  graph: 75 docs, elements: 15032, queries: 389
  [5/75 docs, 31/389 queries] 5s
  [10/75 docs, 58/389 queries] 8s
  [15/75 docs, 87/389 queries] 14s
  [20/75 docs, 116/389 queries] 17s
  [25/75 docs, 137/389 queries] 20s
  [30/75 docs, 162/389 queries] 22s
  [35/75 docs, 187/389 queries] 24s
  [40/75 docs, 212/389 queries] 26s
  [45/75 docs, 243/389 queries] 29s
  [50/75 docs, 267/389 queries] 31s
  [55/75 docs, 288/389 queries] 32s
  [60/75 docs, 306/389 queries] 34s
  [65/75 docs, 332/389 queries] 36s
  [70/75 docs, 364/389 queries] 39s
  [75/75 docs, 389/389 queries] 41s
  done in 41s

saved → /home/work/dl/dl_project/eval/results/experiments/tau_005_tau_005/eval.json

=== Summary ===

SPIQA test-A:
  [no_prop] mrr=0.3776  recall@10=0.8559  hit@10=0.8559  coverage@10=0.8559  perfect@10=0.8559
  [uniform_a01_T2] mrr=0.2706  recall@10=0.6877  hit@10=0.6877  coverage@10=0.6877  perfect@10=0.6877
  [uniform_a03_T1] mrr=0.2807  recall@10=0.7462  hit@10=0.7462  coverage@10=0.7462  perfect@10=0.7462
  [uniform_a03_T2] mrr=0.2700  recall@10=0.6637  hit@10=0.6637  coverage@10=0.6637  perfect@10=0.6637
  [uniform_a03_T3] mrr=0.2773  recall@10=0.6592  hit@10=0.6592  coverage@10=0.6592  perfect@10=0.6592
  [uniform_a05_T2] mrr=0.2779  recall@10=0.6502  hit@10=0.6502  coverage@10=0.6502  perfect@10=0.6502
  [wbase_a03_T2] mrr=0.2970  recall@10=0.7042  hit@10=0.7042  coverage@10=0.7042  perfect@10=0.7042
  [wbase_role_a03_T2] mrr=0.2970  recall@10=0.7042  hit@10=0.7042  coverage@10=0.7042  perfect@10=0.7042
  [wbase_vis_a03_T2] mrr=0.2968  recall@10=0.7042  hit@10=0.7042  coverage@10=0.7042  perfect@10=0.7042
  [wfull_a03_T2] mrr=0.2968  recall@10=0.7042  hit@10=0.7042  coverage@10=0.7042  perfect@10=0.7042
  [wfull_a01_T2] mrr=0.2967  recall@10=0.7267  hit@10=0.7267  coverage@10=0.7267  perfect@10=0.7267
  [wfull_a05_T2] mrr=0.3024  recall@10=0.6817  hit@10=0.6817  coverage@10=0.6817  perfect@10=0.6817
  [wfull_a07_T2] mrr=0.2846  recall@10=0.6532  hit@10=0.6532  coverage@10=0.6532  perfect@10=0.6532
  [wfull_a03_T1] mrr=0.3103  recall@10=0.7883  hit@10=0.7883  coverage@10=0.7883  perfect@10=0.7883
  [wfull_a03_T3] mrr=0.3014  recall@10=0.6877  hit@10=0.6877  coverage@10=0.6877  perfect@10=0.6877
  [ppr_a015] mrr=0.2776  recall@10=0.6351  hit@10=0.6351  coverage@10=0.6351  perfect@10=0.6351
  [ppr_a030] mrr=0.2927  recall@10=0.6577  hit@10=0.6577  coverage@10=0.6577  perfect@10=0.6577
  [ppr_a050] mrr=0.3102  recall@10=0.6892  hit@10=0.6892  coverage@10=0.6892  perfect@10=0.6892
  [ppr_a070] mrr=0.3012  recall@10=0.7147  hit@10=0.7147  coverage@10=0.7147  perfect@10=0.7147
  [ppr_a085] mrr=0.2982  recall@10=0.7252  hit@10=0.7252  coverage@10=0.7252  perfect@10=0.7252
  [ppr_unif_a030] mrr=0.2881  recall@10=0.6456  hit@10=0.6456  coverage@10=0.6456  perfect@10=0.6456
  [ppr_unif_a050] mrr=0.2911  recall@10=0.6742  hit@10=0.6742  coverage@10=0.6742  perfect@10=0.6742
  [prop_a03_T2] mrr=0.2968  recall@10=0.7042  hit@10=0.7042  coverage@10=0.7042  perfect@10=0.7042
  [prop_a01_T2] mrr=0.2967  recall@10=0.7267  hit@10=0.7267  coverage@10=0.7267  perfect@10=0.7267
  [prop_a05_T2] mrr=0.3024  recall@10=0.6817  hit@10=0.6817  coverage@10=0.6817  perfect@10=0.6817
  [prop_a07_T2] mrr=0.2846  recall@10=0.6532  hit@10=0.6532  coverage@10=0.6532  perfect@10=0.6532
  [prop_a03_T1] mrr=0.3103  recall@10=0.7883  hit@10=0.7883  coverage@10=0.7883  perfect@10=0.7883
  [prop_a03_T3] mrr=0.3014  recall@10=0.6877  hit@10=0.6877  coverage@10=0.6877  perfect@10=0.6877

SciEGQA:
  [no_prop] mrr=0.0334  recall@10=0.0104  hit@10=0.0733  coverage@10=0.0104  perfect@10=0.0099  cross_page_hit=0.2595
  [uniform_a01_T2] mrr=0.0337  recall@10=0.0130  hit@10=0.0653  coverage@10=0.0130  perfect@10=0.0111  cross_page_hit=0.1709
  [uniform_a03_T1] mrr=0.0334  recall@10=0.0134  hit@10=0.0684  coverage@10=0.0134  perfect@10=0.0111  cross_page_hit=0.1709
  [uniform_a03_T2] mrr=0.0339  recall@10=0.0131  hit@10=0.0641  coverage@10=0.0131  perfect@10=0.0111  cross_page_hit=0.1646
  [uniform_a03_T3] mrr=0.0337  recall@10=0.0137  hit@10=0.0641  coverage@10=0.0137  perfect@10=0.0111  cross_page_hit=0.1646
  [uniform_a05_T2] mrr=0.0337  recall@10=0.0134  hit@10=0.0647  coverage@10=0.0134  perfect@10=0.0111  cross_page_hit=0.1646
  [wbase_a03_T2] mrr=0.0347  recall@10=0.0137  hit@10=0.0647  coverage@10=0.0137  perfect@10=0.0111  cross_page_hit=0.1646
  [wbase_role_a03_T2] mrr=0.0347  recall@10=0.0137  hit@10=0.0647  coverage@10=0.0137  perfect@10=0.0111  cross_page_hit=0.1646
  [wbase_vis_a03_T2] mrr=0.0347  recall@10=0.0137  hit@10=0.0647  coverage@10=0.0137  perfect@10=0.0111  cross_page_hit=0.1646
  [wfull_a03_T2] mrr=0.0347  recall@10=0.0137  hit@10=0.0647  coverage@10=0.0137  perfect@10=0.0111  cross_page_hit=0.1646
  [wfull_a01_T2] mrr=0.0340  recall@10=0.0131  hit@10=0.0653  coverage@10=0.0131  perfect@10=0.0111  cross_page_hit=0.1709
  [wfull_a05_T2] mrr=0.0346  recall@10=0.0140  hit@10=0.0653  coverage@10=0.0140  perfect@10=0.0111  cross_page_hit=0.1646
  [wfull_a07_T2] mrr=0.0358  recall@10=0.0139  hit@10=0.0647  coverage@10=0.0139  perfect@10=0.0111  cross_page_hit=0.1677
  [wfull_a03_T1] mrr=0.0339  recall@10=0.0135  hit@10=0.0684  coverage@10=0.0135  perfect@10=0.0111  cross_page_hit=0.1709
  [wfull_a03_T3] mrr=0.0344  recall@10=0.0143  hit@10=0.0653  coverage@10=0.0143  perfect@10=0.0111  cross_page_hit=0.1614
  [ppr_a015] mrr=0.0350  recall@10=0.0145  hit@10=0.0641  coverage@10=0.0145  perfect@10=0.0111  cross_page_hit=0.1614
  [ppr_a030] mrr=0.0352  recall@10=0.0146  hit@10=0.0647  coverage@10=0.0146  perfect@10=0.0111  cross_page_hit=0.1582
  [ppr_a050] mrr=0.0341  recall@10=0.0144  hit@10=0.0653  coverage@10=0.0144  perfect@10=0.0111  cross_page_hit=0.1582
  [ppr_a070] mrr=0.0345  recall@10=0.0139  hit@10=0.0653  coverage@10=0.0139  perfect@10=0.0111  cross_page_hit=0.1677
  [ppr_a085] mrr=0.0339  recall@10=0.0131  hit@10=0.0653  coverage@10=0.0131  perfect@10=0.0111  cross_page_hit=0.1709
  [ppr_unif_a030] mrr=0.0336  recall@10=0.0140  hit@10=0.0635  coverage@10=0.0140  perfect@10=0.0111  cross_page_hit=0.1582
  [ppr_unif_a050] mrr=0.0333  recall@10=0.0139  hit@10=0.0641  coverage@10=0.0139  perfect@10=0.0111  cross_page_hit=0.1614
  [prop_a03_T2] mrr=0.0347  recall@10=0.0137  hit@10=0.0647  coverage@10=0.0137  perfect@10=0.0111  cross_page_hit=0.1646
  [prop_a01_T2] mrr=0.0340  recall@10=0.0131  hit@10=0.0653  coverage@10=0.0131  perfect@10=0.0111  cross_page_hit=0.1709
  [prop_a05_T2] mrr=0.0346  recall@10=0.0140  hit@10=0.0653  coverage@10=0.0140  perfect@10=0.0111  cross_page_hit=0.1646
  [prop_a07_T2] mrr=0.0358  recall@10=0.0139  hit@10=0.0647  coverage@10=0.0139  perfect@10=0.0111  cross_page_hit=0.1677
  [prop_a03_T1] mrr=0.0339  recall@10=0.0135  hit@10=0.0684  coverage@10=0.0135  perfect@10=0.0111  cross_page_hit=0.1709
  [prop_a03_T3] mrr=0.0344  recall@10=0.0143  hit@10=0.0653  coverage@10=0.0143  perfect@10=0.0111  cross_page_hit=0.1614

MMDocIR:
  [no_prop] mrr=0.0280  recall@10=0.0258  hit@10=0.0437  coverage@10=0.0258  perfect@10=0.0283  cross_page_hit=0.1356
  [uniform_a01_T2] mrr=0.0262  recall@10=0.0336  hit@10=0.0514  coverage@10=0.0336  perfect@10=0.0334  cross_page_hit=0.0508
  [uniform_a03_T1] mrr=0.0284  recall@10=0.0323  hit@10=0.0488  coverage@10=0.0323  perfect@10=0.0334  cross_page_hit=0.0508
  [uniform_a03_T2] mrr=0.0275  recall@10=0.0336  hit@10=0.0514  coverage@10=0.0336  perfect@10=0.0334  cross_page_hit=0.0508
  [uniform_a03_T3] mrr=0.0288  recall@10=0.0336  hit@10=0.0514  coverage@10=0.0336  perfect@10=0.0334  cross_page_hit=0.0508
  [uniform_a05_T2] mrr=0.0291  recall@10=0.0335  hit@10=0.0514  coverage@10=0.0335  perfect@10=0.0334  cross_page_hit=0.0508
  [wbase_a03_T2] mrr=0.0275  recall@10=0.0336  hit@10=0.0514  coverage@10=0.0336  perfect@10=0.0334  cross_page_hit=0.0508
  [wbase_role_a03_T2] mrr=0.0275  recall@10=0.0336  hit@10=0.0514  coverage@10=0.0336  perfect@10=0.0334  cross_page_hit=0.0508
  [wbase_vis_a03_T2] mrr=0.0275  recall@10=0.0336  hit@10=0.0514  coverage@10=0.0336  perfect@10=0.0334  cross_page_hit=0.0508
  [wfull_a03_T2] mrr=0.0275  recall@10=0.0336  hit@10=0.0514  coverage@10=0.0336  perfect@10=0.0334  cross_page_hit=0.0508
  [wfull_a01_T2] mrr=0.0262  recall@10=0.0336  hit@10=0.0514  coverage@10=0.0336  perfect@10=0.0334  cross_page_hit=0.0508
  [wfull_a05_T2] mrr=0.0291  recall@10=0.0335  hit@10=0.0514  coverage@10=0.0335  perfect@10=0.0334  cross_page_hit=0.0508
  [wfull_a07_T2] mrr=0.0272  recall@10=0.0349  hit@10=0.0514  coverage@10=0.0349  perfect@10=0.0360  cross_page_hit=0.0508
  [wfull_a03_T1] mrr=0.0284  recall@10=0.0323  hit@10=0.0488  coverage@10=0.0323  perfect@10=0.0334  cross_page_hit=0.0508
  [wfull_a03_T3] mrr=0.0288  recall@10=0.0336  hit@10=0.0514  coverage@10=0.0336  perfect@10=0.0334  cross_page_hit=0.0508
  [ppr_a015] mrr=0.0271  recall@10=0.0323  hit@10=0.0488  coverage@10=0.0323  perfect@10=0.0334  cross_page_hit=0.0508
  [ppr_a030] mrr=0.0272  recall@10=0.0336  hit@10=0.0514  coverage@10=0.0336  perfect@10=0.0334  cross_page_hit=0.0508
  [ppr_a050] mrr=0.0271  recall@10=0.0336  hit@10=0.0514  coverage@10=0.0336  perfect@10=0.0334  cross_page_hit=0.0508
  [ppr_a070] mrr=0.0268  recall@10=0.0336  hit@10=0.0514  coverage@10=0.0336  perfect@10=0.0334  cross_page_hit=0.0508
  [ppr_a085] mrr=0.0255  recall@10=0.0336  hit@10=0.0514  coverage@10=0.0336  perfect@10=0.0334  cross_page_hit=0.0508
  [ppr_unif_a030] mrr=0.0272  recall@10=0.0336  hit@10=0.0514  coverage@10=0.0336  perfect@10=0.0334  cross_page_hit=0.0508
  [ppr_unif_a050] mrr=0.0271  recall@10=0.0336  hit@10=0.0514  coverage@10=0.0336  perfect@10=0.0334  cross_page_hit=0.0508
  [prop_a03_T2] mrr=0.0275  recall@10=0.0336  hit@10=0.0514  coverage@10=0.0336  perfect@10=0.0334  cross_page_hit=0.0508
  [prop_a01_T2] mrr=0.0262  recall@10=0.0336  hit@10=0.0514  coverage@10=0.0336  perfect@10=0.0334  cross_page_hit=0.0508
  [prop_a05_T2] mrr=0.0291  recall@10=0.0335  hit@10=0.0514  coverage@10=0.0335  perfect@10=0.0334  cross_page_hit=0.0508
  [prop_a07_T2] mrr=0.0272  recall@10=0.0349  hit@10=0.0514  coverage@10=0.0349  perfect@10=0.0360  cross_page_hit=0.0508
  [prop_a03_T1] mrr=0.0284  recall@10=0.0323  hit@10=0.0488  coverage@10=0.0323  perfect@10=0.0334  cross_page_hit=0.0508
  [prop_a03_T3] mrr=0.0288  recall@10=0.0336  hit@10=0.0514  coverage@10=0.0336  perfect@10=0.0334  cross_page_hit=0.0508
[main1:131057:0:131057] Caught signal 11 (Segmentation fault: address not mapped to object at address 0x7f1edd7adec0)
==== backtrace (tid: 131057) ====
 0  /opt/hpcx/ucx/lib/libucs.so.0(ucs_handle_error+0x2e4) [0x7f1e66da5774]
 1  /opt/hpcx/ucx/lib/libucs.so.0(+0x3796a) [0x7f1e66da596a]
 2  /opt/hpcx/ucx/lib/libucs.so.0(+0x37ba8) [0x7f1e66da5ba8]
 3  /usr/lib/x86_64-linux-gnu/libc.so.6(+0x45330) [0x7f1edda33330]
 4  /usr/lib/x86_64-linux-gnu/libnvidia-ml.so.575.51.03(+0x336c1) [0x7f1ed70336c1]
 5  /usr/lib/x86_64-linux-gnu/libnvidia-ml.so.575.51.03(nvmlShutdown+0xe) [0x7f1ed701cfae]
 6  /opt/kernel/libcudahook.ubuntu18.04.x86_64.so(+0xc3caf) [0x7f1eddcc3caf]
 7  /opt/kernel/libcudahook.ubuntu18.04.x86_64.so(+0xc3d48) [0x7f1eddcc3d48]
 8  /opt/kernel/libcudahook.ubuntu18.04.x86_64.so(+0xc3a2d) [0x7f1eddcc3a2d]
 9  /lib64/ld-linux-x86-64.so.2(+0x10f2) [0x7f1ede7060f2]
10  /lib64/ld-linux-x86-64.so.2(+0x5578) [0x7f1ede70a578]
11  /usr/lib/x86_64-linux-gnu/libc.so.6(+0x47a76) [0x7f1edda35a76]
12  /usr/lib/x86_64-linux-gnu/libc.so.6(+0x47bbe) [0x7f1edda35bbe]
13  /usr/lib/x86_64-linux-gnu/libc.so.6(+0x2a1d1) [0x7f1edda181d1]
14  /usr/lib/x86_64-linux-gnu/libc.so.6(__libc_start_main+0x8b) [0x7f1edda1828b]
15  /usr/bin/python(_start+0x25) [0x657ce5]
=================================
  eval exited with code -11 but eval.json looks complete — treating as success
  eval done in 5.7 min

=== Experiment tau_005 complete → /home/work/dl/dl_project/eval/results/experiments/tau_005_tau_005/summary.json ===
